2026-08-25 00:01:08,125 INFO 
============================================================
2026-08-25 00:01:08,125 INFO SWEEP RUN: short_circuits  (PCA-8)
2026-08-25 00:01:08,125 INFO Params: {'label': 'short_circuits', 'LR_EVAL': 0.003, 'N_EPOCHS_EVAL': 60, 'INIT_POP': 10, 'MAX_EVO_STEPS': 10, 'MIN_LAYERS': 2, 'MAX_LAYERS': 5, 'W_CLASS': [0.1, 0.2, 0.3, 0.4]}
2026-08-25 00:01:08,125 INFO ============================================================
2026-08-25 00:01:08,125 INFO 
--- Linear classifier baseline (on 8 PCA features) ---
2026-08-25 00:01:08,142 INFO   val   | acc=0.5570 | bal_acc=0.4800 | min_recall=0.1875 | auc=0.7735
2026-08-25 00:01:08,142 INFO          per-class: ['0.775', '0.444', '0.187', '0.514']
2026-08-25 00:01:08,143 INFO   test  | acc=0.5615 | bal_acc=0.4779 | min_recall=0.2200 | auc=0.7486
2026-08-25 00:01:08,143 INFO          per-class: ['0.731', '0.276', '0.220', '0.684']
2026-08-25 00:01:08,144 INFO Linear baseline saved → experiments/pca8/sweep/short_circuits_001/linear_baseline.json
2026-08-25 00:01:08,144 INFO Subsampling search training set: 2140 → 2000
2026-08-25 00:01:08,147 INFO Evaluating initial population...
2026-08-25 00:01:08,147 INFO Config: LR=0.003  epochs=60  pop=10  steps=10  W_CLASS=[0.1, 0.2, 0.3, 0.4]
2026-08-25 00:01:08,147 INFO Encoding: single (RY per qubit), 8 PCA components → 8 qubits
2026-08-25 00:01:08,147 INFO Structure: variable length 2–5 layers  | P_CONV=0.6  | min conv=1  | min pool=0  | readout qubits=2
2026-08-25 00:01:08,154 INFO Initial population: 10 valid genotypes
2026-08-25 01:47:57,926 INFO   random     | C-C-C-C                | fitness=0.5570 | val_acc=0.5759 | bal_acc=0.5110 | min_recall=0.3125 | params=200
2026-08-25 01:47:57,928 INFO   random     | C-C                    | fitness=0.5696 | val_acc=0.5316 | bal_acc=0.4357 | min_recall=0.1562 | params=57
2026-08-25 01:47:57,930 INFO   random     | C-P-P-C                | fitness=0.5753 | val_acc=0.5443 | bal_acc=0.4755 | min_recall=0.2812 | params=52
2026-08-25 01:47:57,932 INFO   random     | C-C                    | fitness=0.8339 | val_acc=0.5253 | bal_acc=0.3945 | min_recall=0.0000 | params=72
2026-08-25 01:47:57,934 INFO   random     | C-C-C                  | fitness=0.6308 | val_acc=0.4810 | bal_acc=0.4102 | min_recall=0.2222 | params=45
2026-08-25 01:47:57,936 INFO   random     | C-P                    | fitness=0.7527 | val_acc=0.3038 | bal_acc=0.2891 | min_recall=0.0556 | params=12
2026-08-25 01:47:57,937 INFO   random     | C-C-C                  | fitness=0.8468 | val_acc=0.3038 | bal_acc=0.2728 | min_recall=0.0811 | params=57
2026-08-25 01:47:57,941 INFO   random     | C-C-C                  | fitness=0.6046 | val_acc=0.4810 | bal_acc=0.4042 | min_recall=0.1667 | params=46
2026-08-25 01:47:57,945 INFO   random     | C-P-P                  | fitness=0.6823 | val_acc=0.4304 | bal_acc=0.3531 | min_recall=0.1250 | params=16
2026-08-25 01:47:57,949 INFO   random     | C-P                    | fitness=0.6654 | val_acc=0.2595 | bal_acc=0.2713 | min_recall=0.1408 | params=36
2026-08-25 01:47:57,949 INFO 
=== Evo step 1/10 ===
2026-08-25 01:47:57,949 INFO Top-3: 27499300… fit=0.5570  |  92089713… fit=0.5696  |  16811664… fit=0.5753
2026-08-25 01:47:57,953 INFO Generated 9 valid novel children
2026-08-25 04:24:11,555 INFO   crossover  | C-C-C-C-C              | fitness=0.6099 | val_acc=0.5570 | bal_acc=0.4856 | min_recall=0.3243 | params=215
2026-08-25 04:24:11,557 INFO   crossover  | C-P-C                  | fitness=0.6224 | val_acc=0.5000 | bal_acc=0.4504 | min_recall=0.3437 | params=138
2026-08-25 04:24:11,559 INFO   crossover  | C-C-C-C-C              | fitness=0.5364 | val_acc=0.5886 | bal_acc=0.5274 | min_recall=0.1875 | params=242
2026-08-25 04:24:11,565 INFO   crossover  | C-C-P-P-C              | fitness=0.6031 | val_acc=0.5190 | bal_acc=0.4467 | min_recall=0.2500 | params=77
2026-08-25 04:24:11,567 INFO   crossover  | C-P-P-C-C              | fitness=0.5635 | val_acc=0.5823 | bal_acc=0.4995 | min_recall=0.1562 | params=58
2026-08-25 04:24:11,569 INFO   crossover  | C-P-C-C                | fitness=0.6110 | val_acc=0.5316 | bal_acc=0.4373 | min_recall=0.2222 | params=85
2026-08-25 04:24:11,571 INFO   mutate     | C-C-C-P                | fitness=0.6480 | val_acc=0.5633 | bal_acc=0.5001 | min_recall=0.0625 | params=176
2026-08-25 04:24:11,573 INFO   mutate     | C-C-C                  | fitness=0.6205 | val_acc=0.4747 | bal_acc=0.4185 | min_recall=0.1250 | params=66
2026-08-25 04:24:11,575 INFO   mutate     | C-C-P-C                | fitness=0.5570 | val_acc=0.5696 | bal_acc=0.5024 | min_recall=0.3750 | params=150
2026-08-25 04:24:11,575 INFO Best so far → val_acc=0.5886  bal_acc=0.5274  min_recall=0.1875  fitness=0.5364  params=242  id=12563160…
2026-08-25 04:24:11,575 INFO 
=== Evo step 2/10 ===
2026-08-25 04:24:11,575 INFO Top-3: 12563160… fit=0.5364  |  64150836… fit=0.5570  |  16811664… fit=0.5753
2026-08-25 04:24:11,576 INFO Generated 9 valid novel children
2026-08-25 07:25:14,980 INFO   crossover  | C-C-C-C-P              | fitness=0.5960 | val_acc=0.5759 | bal_acc=0.5060 | min_recall=0.1250 | params=276
2026-08-25 07:25:14,983 INFO   crossover  | C-C-C-C-C              | fitness=0.6145 | val_acc=0.5570 | bal_acc=0.4747 | min_recall=0.1250 | params=226
2026-08-25 07:25:14,985 INFO   crossover  | C-C-P-C-C              | fitness=0.6236 | val_acc=0.5380 | bal_acc=0.4630 | min_recall=0.1875 | params=156
2026-08-25 07:25:14,987 INFO   crossover  | C-C-P-C                | fitness=0.5716 | val_acc=0.5633 | bal_acc=0.4950 | min_recall=0.1250 | params=126
2026-08-25 07:25:14,993 INFO   crossover  | C-P-C-C                | fitness=0.5789 | val_acc=0.5696 | bal_acc=0.4882 | min_recall=0.1250 | params=112
2026-08-25 07:25:14,995 INFO   crossover  | C-P-P-C                | fitness=0.5598 | val_acc=0.5823 | bal_acc=0.5141 | min_recall=0.2812 | params=76
2026-08-25 07:25:14,998 INFO   mutate     | C-C-C-C-C              | fitness=0.5924 | val_acc=0.5823 | bal_acc=0.4876 | min_recall=0.2778 | params=200
2026-08-25 07:25:14,999 INFO   mutate     | C-C-C-P                | fitness=0.6479 | val_acc=0.5063 | bal_acc=0.4196 | min_recall=0.2500 | params=128
2026-08-25 07:25:15,002 INFO   mutate     | C-P-C-C                | fitness=0.7749 | val_acc=0.5823 | bal_acc=0.4573 | min_recall=0.0000 | params=99
2026-08-25 07:25:15,002 INFO Best so far → val_acc=0.5886  bal_acc=0.5274  min_recall=0.1875  fitness=0.5364  params=242  id=12563160…
2026-08-25 07:25:15,002 INFO 
=== Evo step 3/10 ===
2026-08-25 07:25:15,002 INFO Top-3: 12563160… fit=0.5364  |  64150836… fit=0.5570  |  25207940… fit=0.6480
2026-08-25 07:25:15,003 INFO Generated 9 valid novel children
2026-08-25 10:45:17,662 INFO   crossover  | C-C-P-C                | fitness=0.5894 | val_acc=0.5633 | bal_acc=0.4878 | min_recall=0.2187 | params=160
2026-08-25 10:45:17,666 INFO   crossover  | C-C-C-C-C              | fitness=0.5655 | val_acc=0.5886 | bal_acc=0.4995 | min_recall=0.2812 | params=206
2026-08-25 10:45:17,670 INFO   crossover  | C-C-C                  | fitness=0.7120 | val_acc=0.5316 | bal_acc=0.4148 | min_recall=0.0556 | params=92
2026-08-25 10:45:17,674 INFO   crossover  | C-C-P-C-C              | fitness=0.5795 | val_acc=0.5823 | bal_acc=0.5088 | min_recall=0.2187 | params=174
2026-08-25 10:45:17,678 INFO   crossover  | C-C-C-C-C              | fitness=0.6217 | val_acc=0.5316 | bal_acc=0.4649 | min_recall=0.1562 | params=320
2026-08-25 10:45:17,682 INFO   crossover  | C-C-C-C-C              | fitness=0.5955 | val_acc=0.5759 | bal_acc=0.4881 | min_recall=0.3333 | params=254
2026-08-25 10:45:17,688 INFO   mutate     | C-C-P-P                | fitness=0.5492 | val_acc=0.6013 | bal_acc=0.5179 | min_recall=0.3125 | params=174
2026-08-25 10:45:17,689 INFO   mutate     | C-C-P                  | fitness=0.5833 | val_acc=0.5633 | bal_acc=0.4950 | min_recall=0.2187 | params=126
2026-08-25 10:45:17,691 INFO   mutate     | C-C-C-C                | fitness=0.7366 | val_acc=0.5823 | bal_acc=0.5111 | min_recall=0.0000 | params=164
2026-08-25 10:45:17,691 INFO Best so far → val_acc=0.5886  bal_acc=0.5274  min_recall=0.1875  fitness=0.5364  params=242  id=12563160…
2026-08-25 10:45:17,691 INFO 
=== Evo step 4/10 ===
2026-08-25 10:45:17,691 INFO Top-3: 12563160… fit=0.5364  |  61401576… fit=0.5492  |  -8371911… fit=0.6823
2026-08-25 10:45:17,693 INFO Generated 9 valid novel children
2026-08-25 13:38:00,006 INFO   crossover  | C-C-C-P-P              | fitness=0.5951 | val_acc=0.5633 | bal_acc=0.4829 | min_recall=0.1875 | params=294
2026-08-25 13:38:00,008 INFO   crossover  | C-C-C-P-P              | fitness=0.6140 | val_acc=0.5380 | bal_acc=0.4858 | min_recall=0.2500 | params=220
2026-08-25 13:38:00,010 INFO   crossover  | C-C-C-C-C              | fitness=0.6139 | val_acc=0.5253 | bal_acc=0.4389 | min_recall=0.1250 | params=236
2026-08-25 13:38:00,012 INFO   crossover  | C-C-P-P-C              | fitness=0.5946 | val_acc=0.5506 | bal_acc=0.4887 | min_recall=0.1250 | params=118
2026-08-25 13:38:00,014 INFO   crossover  | C-P-P-C-C              | fitness=0.5659 | val_acc=0.5570 | bal_acc=0.4826 | min_recall=0.1875 | params=94
2026-08-25 13:38:00,016 INFO   crossover  | C-P-P-P-P              | fitness=0.6146 | val_acc=0.5380 | bal_acc=0.4451 | min_recall=0.2222 | params=60
2026-08-25 13:38:00,017 INFO   mutate     | C-C-C-C                | fitness=0.5534 | val_acc=0.5696 | bal_acc=0.5011 | min_recall=0.1250 | params=230
2026-08-25 13:38:00,023 INFO   mutate     | C-C-P-C-C              | fitness=0.5517 | val_acc=0.5823 | bal_acc=0.5021 | min_recall=0.1562 | params=206
2026-08-25 13:38:00,025 INFO   mutate     | C-P-P-C-C              | fitness=0.5842 | val_acc=0.5506 | bal_acc=0.4726 | min_recall=0.1875 | params=78
2026-08-25 13:38:00,025 INFO Best so far → val_acc=0.5886  bal_acc=0.5274  min_recall=0.1875  fitness=0.5364  params=242  id=12563160…
2026-08-25 13:38:00,026 INFO 
=== Evo step 5/10 ===
2026-08-25 13:38:00,026 INFO Top-3: 12563160… fit=0.5364  |  61401576… fit=0.5492  |  -5605810… fit=0.5517
2026-08-25 13:38:00,028 INFO Generated 9 valid novel children
2026-08-25 16:15:03,367 INFO   crossover  | C-C-C-C-P              | fitness=0.6410 | val_acc=0.5316 | bal_acc=0.4573 | min_recall=0.2187 | params=206
2026-08-25 16:15:03,369 INFO   crossover  | C-C-P-C-C              | fitness=0.6223 | val_acc=0.5127 | bal_acc=0.4268 | min_recall=0.2222 | params=127
2026-08-25 16:15:03,371 INFO   crossover  | C-C-P-C-C              | fitness=0.6036 | val_acc=0.5570 | bal_acc=0.4804 | min_recall=0.3125 | params=218
2026-08-25 16:15:03,373 INFO   crossover  | C-C-P-C-C              | fitness=0.5739 | val_acc=0.5696 | bal_acc=0.4957 | min_recall=0.1562 | params=215
2026-08-25 16:15:03,374 INFO   crossover  | C-P-C-C                | fitness=0.5421 | val_acc=0.5759 | bal_acc=0.4864 | min_recall=0.2187 | params=88
2026-08-25 16:15:03,376 INFO   crossover  | C-P-C-C-C              | fitness=0.6408 | val_acc=0.5380 | bal_acc=0.4315 | min_recall=0.1667 | params=121
2026-08-25 16:15:03,378 INFO   mutate     | C-C-C-C-C              | fitness=0.6170 | val_acc=0.5506 | bal_acc=0.4662 | min_recall=0.0937 | params=216
2026-08-25 16:15:03,380 INFO   mutate     | C-C-C                  | fitness=0.5772 | val_acc=0.5380 | bal_acc=0.4977 | min_recall=0.3125 | params=162
2026-08-25 16:15:03,386 INFO   mutate     | C-P-C-C                | fitness=0.6557 | val_acc=0.4620 | bal_acc=0.3746 | min_recall=0.1111 | params=82
2026-08-25 16:15:03,386 INFO Best so far → val_acc=0.5886  bal_acc=0.5274  min_recall=0.1875  fitness=0.5364  params=242  id=12563160…
2026-08-25 16:15:03,387 INFO Memory table saved.
2026-08-25 16:15:03,387 INFO 
=== Evo step 6/10 ===
2026-08-25 16:15:03,387 INFO Top-3: 12563160… fit=0.5364  |  -4533430… fit=0.5421  |  61401576… fit=0.5492
2026-08-25 16:15:03,389 INFO Generated 9 valid novel children
2026-08-25 19:03:24,319 INFO   crossover  | C-C-P-C-C              | fitness=0.5423 | val_acc=0.5886 | bal_acc=0.5089 | min_recall=0.1562 | params=218
2026-08-25 19:03:24,324 INFO   crossover  | C-C-C-C-C              | fitness=0.6979 | val_acc=0.5253 | bal_acc=0.4283 | min_recall=0.1562 | params=314
2026-08-25 19:03:24,328 INFO   crossover  | C-P-C-C-C              | fitness=0.5252 | val_acc=0.6203 | bal_acc=0.5136 | min_recall=0.2222 | params=130
2026-08-25 19:03:24,332 INFO   crossover  | C-P-C-C-P              | fitness=0.5904 | val_acc=0.5633 | bal_acc=0.4739 | min_recall=0.2778 | params=177
2026-08-25 19:03:24,336 INFO   crossover  | C-C-P-C-C              | fitness=0.5621 | val_acc=0.6013 | bal_acc=0.5230 | min_recall=0.2500 | params=305
2026-08-25 19:03:24,340 INFO   crossover  | C-C                    | fitness=0.6391 | val_acc=0.4494 | bal_acc=0.3986 | min_recall=0.2778 | params=90
2026-08-25 19:03:24,344 INFO   mutate     | C-C-C-C                | fitness=0.6287 | val_acc=0.5127 | bal_acc=0.4492 | min_recall=0.3125 | params=209
2026-08-25 19:03:24,348 INFO   mutate     | C-P-C-C-C              | fitness=0.5736 | val_acc=0.5696 | bal_acc=0.4793 | min_recall=0.1875 | params=103
2026-08-25 19:03:24,352 INFO   mutate     | C-C-P-C-C              | fitness=0.5829 | val_acc=0.5253 | bal_acc=0.4742 | min_recall=0.2500 | params=170
2026-08-25 19:03:24,352 INFO Best so far → val_acc=0.6203  bal_acc=0.5136  min_recall=0.2222  fitness=0.5252  params=130  id=-7347190…
2026-08-25 19:03:24,352 INFO 
=== Evo step 7/10 ===
2026-08-25 19:03:24,352 INFO Top-3: -7347190… fit=0.5252  |  12563160… fit=0.5364  |  -4533430… fit=0.5421
2026-08-25 19:03:24,354 INFO Generated 9 valid novel children
2026-08-25 21:47:28,285 INFO   crossover  | C-C-C-C-C              | fitness=0.6179 | val_acc=0.5506 | bal_acc=0.4579 | min_recall=0.1562 | params=226
2026-08-25 21:47:28,293 INFO   crossover  | C-P-C-C-C              | fitness=0.5663 | val_acc=0.5570 | bal_acc=0.4897 | min_recall=0.1875 | params=100
2026-08-25 21:47:28,295 INFO   crossover  | C-C-C-C-P              | fitness=0.6123 | val_acc=0.5506 | bal_acc=0.4640 | min_recall=0.1250 | params=196
2026-08-25 21:47:28,296 INFO   crossover  | C-C-C-C                | fitness=0.5966 | val_acc=0.5759 | bal_acc=0.4827 | min_recall=0.2812 | params=222
2026-08-25 21:47:28,299 INFO   crossover  | C-P-P-C-C              | fitness=0.6673 | val_acc=0.5063 | bal_acc=0.3986 | min_recall=0.1250 | params=78
2026-08-25 21:47:28,300 INFO   crossover  | C-P-C-C-C              | fitness=0.6366 | val_acc=0.4684 | bal_acc=0.4024 | min_recall=0.1667 | params=78
2026-08-25 21:47:28,302 INFO   mutate     | P-C-C-C                | fitness=0.6509 | val_acc=0.5190 | bal_acc=0.4306 | min_recall=0.2500 | params=98
2026-08-25 21:47:28,304 INFO   mutate     | C-C-P                  | fitness=0.6421 | val_acc=0.4620 | bal_acc=0.4250 | min_recall=0.3125 | params=164
2026-08-25 21:47:28,306 INFO   mutate     | C-P-C-C                | fitness=0.6176 | val_acc=0.5127 | bal_acc=0.4500 | min_recall=0.2187 | params=60
2026-08-25 21:47:28,306 INFO Best so far → val_acc=0.6203  bal_acc=0.5136  min_recall=0.2222  fitness=0.5252  params=130  id=-7347190…
2026-08-25 21:47:28,306 INFO 
=== Evo step 8/10 ===
2026-08-25 21:47:28,306 INFO Top-3: -7347190… fit=0.5252  |  12563160… fit=0.5364  |  -4142142… fit=0.7749
2026-08-25 21:47:28,308 INFO Generated 9 valid novel children
2026-08-26 02:23:23,875 INFO   crossover  | C-C                    | fitness=0.7203 | val_acc=0.5443 | bal_acc=0.4122 | min_recall=0.0556 | params=80
2026-08-26 02:23:23,879 INFO   crossover  | C-P-C-C                | fitness=0.6234 | val_acc=0.4557 | bal_acc=0.3965 | min_recall=0.1667 | params=58
2026-08-26 02:23:23,883 INFO   crossover  | C-C-C-C-C              | fitness=0.6012 | val_acc=0.5759 | bal_acc=0.4973 | min_recall=0.3889 | params=278
2026-08-26 02:23:23,891 INFO   crossover  | C-C-P-C-C              | fitness=0.6895 | val_acc=0.5190 | bal_acc=0.4260 | min_recall=0.0937 | params=212
2026-08-26 02:23:23,896 INFO   crossover  | C-P-C-P-C              | fitness=0.6298 | val_acc=0.5316 | bal_acc=0.4298 | min_recall=0.2222 | params=78
2026-08-26 02:23:23,897 INFO   crossover  | C-P-C-C-C              | fitness=0.6182 | val_acc=0.5570 | bal_acc=0.4471 | min_recall=0.2222 | params=108
2026-08-26 02:23:23,899 INFO   mutate     | C-P-C-P                | fitness=0.6329 | val_acc=0.4937 | bal_acc=0.4301 | min_recall=0.2500 | params=58
2026-08-26 02:23:23,901 INFO   mutate     | C-C-C-C-C              | fitness=0.5533 | val_acc=0.5823 | bal_acc=0.4810 | min_recall=0.1667 | params=242
2026-08-26 02:23:23,903 INFO   mutate     | C-P-C-C                | fitness=0.5876 | val_acc=0.5506 | bal_acc=0.4594 | min_recall=0.2187 | params=106
2026-08-26 02:23:23,903 INFO Best so far → val_acc=0.6203  bal_acc=0.5136  min_recall=0.2222  fitness=0.5252  params=130  id=-7347190…
2026-08-26 02:23:23,903 INFO 
=== Evo step 9/10 ===
2026-08-26 02:23:23,903 INFO Top-3: -7347190… fit=0.5252  |  12563160… fit=0.5364  |  -4533430… fit=0.5421
2026-08-26 02:23:23,905 INFO Generated 9 valid novel children
2026-08-26 07:05:26,053 INFO   crossover  | C-P-C                  | fitness=0.6044 | val_acc=0.5696 | bal_acc=0.4959 | min_recall=0.2187 | params=76
2026-08-26 07:05:26,055 INFO   crossover  | C-P-C-C-C              | fitness=0.5710 | val_acc=0.5759 | bal_acc=0.4974 | min_recall=0.3125 | params=124
2026-08-26 07:05:26,057 INFO   crossover  | C-C-C                  | fitness=0.6309 | val_acc=0.5380 | bal_acc=0.4405 | min_recall=0.2500 | params=138
2026-08-26 07:05:26,059 INFO   crossover  | C-C-C-C-C              | fitness=0.6601 | val_acc=0.5190 | bal_acc=0.4277 | min_recall=0.2778 | params=236
2026-08-26 07:05:26,060 INFO   crossover  | C-C-C-C                | fitness=0.6429 | val_acc=0.5380 | bal_acc=0.4219 | min_recall=0.1667 | params=150
2026-08-26 07:05:26,066 INFO   crossover  | C-C-P-C-C              | fitness=0.6517 | val_acc=0.5696 | bal_acc=0.4893 | min_recall=0.0625 | params=196
2026-08-26 07:05:26,068 INFO   mutate     | C-P-C-C-C              | fitness=0.6014 | val_acc=0.5380 | bal_acc=0.4566 | min_recall=0.2778 | params=134
2026-08-26 07:05:26,070 INFO   mutate     | C-C-C-C                | fitness=0.5909 | val_acc=0.5506 | bal_acc=0.4462 | min_recall=0.1667 | params=122
2026-08-26 07:05:26,072 INFO   mutate     | C-C-P-C-P              | fitness=0.6302 | val_acc=0.5443 | bal_acc=0.4625 | min_recall=0.2812 | params=194
2026-08-26 07:05:26,072 INFO Best so far → val_acc=0.6203  bal_acc=0.5136  min_recall=0.2222  fitness=0.5252  params=130  id=-7347190…
2026-08-26 07:05:26,072 INFO 
=== Evo step 10/10 ===
2026-08-26 07:05:26,072 INFO Top-3: -7347190… fit=0.5252  |  12563160… fit=0.5364  |  20703802… fit=0.6234
2026-08-26 07:05:26,076 INFO Generated 9 valid novel children
2026-08-26 12:40:24,185 INFO   crossover  | C-P-C-C-C              | fitness=0.5589 | val_acc=0.5823 | bal_acc=0.5099 | min_recall=0.1562 | params=100
2026-08-26 12:40:24,189 INFO   crossover  | C-C-C                  | fitness=0.5699 | val_acc=0.5696 | bal_acc=0.4772 | min_recall=0.1250 | params=128
2026-08-26 12:40:24,193 INFO   crossover  | C-C-C-C-C              | fitness=0.5508 | val_acc=0.5949 | bal_acc=0.5298 | min_recall=0.2500 | params=270
2026-08-26 12:40:24,197 INFO   crossover  | C-C-C-C                | fitness=0.5772 | val_acc=0.5696 | bal_acc=0.4914 | min_recall=0.1250 | params=180
2026-08-26 12:40:24,201 INFO   crossover  | C-C-C-C                | fitness=0.5701 | val_acc=0.5886 | bal_acc=0.5095 | min_recall=0.2500 | params=186
2026-08-26 12:40:24,206 INFO   crossover  | C-C-C-C-C              | fitness=0.6023 | val_acc=0.5823 | bal_acc=0.4958 | min_recall=0.3333 | params=272
2026-08-26 12:40:24,209 INFO   mutate     | C-P-C-C-C              | fitness=0.6016 | val_acc=0.5316 | bal_acc=0.4720 | min_recall=0.1562 | params=127
2026-08-26 12:40:24,218 INFO   mutate     | C-C-C-C-C              | fitness=0.5911 | val_acc=0.5759 | bal_acc=0.4564 | min_recall=0.1111 | params=238
2026-08-26 12:40:24,222 INFO   mutate     | C-C-P-C                | fitness=0.5803 | val_acc=0.5696 | bal_acc=0.4703 | min_recall=0.2222 | params=108
2026-08-26 12:40:24,222 INFO Best so far → val_acc=0.6203  bal_acc=0.5136  min_recall=0.2222  fitness=0.5252  params=130  id=-7347190…
2026-08-26 12:40:24,224 INFO Memory table saved.
2026-08-26 12:40:24,224 INFO 
=== SEARCH COMPLETE ===
2026-08-26 12:40:24,224 INFO Best val_acc  : 0.6203
2026-08-26 12:40:24,224 INFO Best bal_acc  : 0.5136  (mean per-class recall)
2026-08-26 12:40:24,224 INFO Min recall    : 0.2222  (worst class)
2026-08-26 12:40:24,224 INFO Best fitness  : 0.5252
2026-08-26 12:40:24,224 INFO Params        : 130
2026-08-26 12:40:24,224 INFO Layers        : 5  (4 conv + 1 pool)
2026-08-26 12:40:24,224 INFO Circuit structure:
2026-08-26 12:40:24,224 INFO   Structure: C-P-C-C-C  (5 layers = 4 conv + 1 pool)
2026-08-26 12:40:24,224 INFO   Layer 0 CONV  gate=U_15       stride=5 step=1 offset=0 boundary=periodic
2026-08-26 12:40:24,224 INFO   Layer 1 POOL  gate=pool_ansatz  pattern=*1*
2026-08-26 12:40:24,224 INFO   Layer 2 CONV  gate=U_SO4      stride=3 step=5 offset=1 boundary=periodic
2026-08-26 12:40:24,224 INFO   Layer 3 CONV  gate=U_13       stride=3 step=1 offset=0 boundary=periodic
2026-08-26 12:40:24,224 INFO   Layer 4 CONV  gate=U_13       stride=3 step=1 offset=0 boundary=periodic
2026-08-26 12:40:24,224 INFO   Qubits surviving: 7 → [0, 1, 2, 3, 5, 6, 7]  | readout wires = [0, 1]
2026-08-26 12:40:24,225 INFO 
============================================================
2026-08-26 12:40:24,225 INFO FINAL TRAINING — RetinaMNIST 4-class QCNN
2026-08-26 12:40:24,225 INFO ============================================================
2026-08-26 12:40:24,225 INFO   Structure: C-P-C-C-C  (5 layers = 4 conv + 1 pool)
2026-08-26 12:40:24,225 INFO   Layer 0 CONV  gate=U_15       stride=5 step=1 offset=0 boundary=periodic
2026-08-26 12:40:24,225 INFO   Layer 1 POOL  gate=pool_ansatz  pattern=*1*
2026-08-26 12:40:24,225 INFO   Layer 2 CONV  gate=U_SO4      stride=3 step=5 offset=1 boundary=periodic
2026-08-26 12:40:24,225 INFO   Layer 3 CONV  gate=U_13       stride=3 step=1 offset=0 boundary=periodic
2026-08-26 12:40:24,225 INFO   Layer 4 CONV  gate=U_13       stride=3 step=1 offset=0 boundary=periodic
2026-08-26 12:40:24,225 INFO   Qubits surviving: 7 → [0, 1, 2, 3, 5, 6, 7]  | readout wires = [0, 1]
2026-08-26 12:40:24,225 INFO Circuit: 5 layers (4 conv + 1 pool), 130 trainable parameters.
2026-08-26 12:43:01,167 INFO Epoch    1/200 | loss=1.3731 | val_acc=0.4684 | bal_acc=0.4309 | min_recall=0.094 | lr=0.005000
2026-08-26 13:44:58,553 INFO Epoch   20/200 | loss=1.2237 | val_acc=0.5570 | bal_acc=0.4606 | min_recall=0.278 | lr=0.005000
2026-08-26 14:44:06,494 INFO Epoch   40/200 | loss=1.2123 | val_acc=0.5316 | bal_acc=0.4756 | min_recall=0.031 | lr=0.005000
