2026-09-04 09:18:18,171 INFO 
============================================================
2026-09-04 09:18:18,171 INFO SWEEP RUN: baseline  (PCA-16)
2026-09-04 09:18:18,171 INFO Params: {'label': 'baseline', 'LR_EVAL': 0.003, 'N_EPOCHS_EVAL': 60, 'INIT_POP': 10, 'MAX_EVO_STEPS': 10, 'W_CLASS': [0.1, 0.2, 0.3, 0.4]}
2026-09-04 09:18:18,171 INFO ============================================================
2026-09-04 09:18:18,171 INFO 
--- Linear classifier baseline (on 16 PCA features) ---
2026-09-04 09:18:18,271 INFO   val   | acc=0.5696 | bal_acc=0.4957 | min_recall=0.2500 | auc=0.7838
2026-09-04 09:18:18,271 INFO          per-class: ['0.775', '0.444', '0.250', '0.514']
2026-09-04 09:18:18,274 INFO   test  | acc=0.5574 | bal_acc=0.4849 | min_recall=0.3103 | auc=0.7656
2026-09-04 09:18:18,274 INFO          per-class: ['0.713', '0.310', '0.320', '0.596']
2026-09-04 09:18:18,274 INFO Linear baseline saved → experiments/pca16/sweep/baseline_002/linear_baseline.json
2026-09-04 09:18:18,275 INFO Subsampling search training set: 2140 → 2000
2026-09-04 09:18:18,278 INFO Evaluating initial population...
2026-09-04 09:18:18,278 INFO Config: LR=0.003  epochs=60  pop=10  steps=10  W_CLASS=[0.1, 0.2, 0.3, 0.4]
2026-09-04 09:18:18,278 INFO Encoding: dense (RX + RY per qubit), 16 PCA components → 8 qubits
2026-09-04 09:18:18,278 INFO Structure: variable length 3–10 layers  | P_CONV=0.6  | min conv=1  | min pool=0  | readout qubits=2
2026-09-04 09:18:18,318 INFO Initial population: 10 valid genotypes
2026-09-04 10:52:27,301 INFO   random     | C-C-C-C-P-P-C-C-P-C    | fitness=0.6226 | val_acc=0.5380 | bal_acc=0.4509 | min_recall=0.1562 | params=153
2026-09-04 10:52:27,303 INFO   random     | C-C-P                  | fitness=0.7063 | val_acc=0.3608 | bal_acc=0.3186 | min_recall=0.2222 | params=42
2026-09-04 10:52:27,304 INFO   random     | C-C-C                  | fitness=0.6048 | val_acc=0.4873 | bal_acc=0.4423 | min_recall=0.2187 | params=85
2026-09-04 10:52:27,306 INFO   random     | C-P-P                  | fitness=0.6923 | val_acc=0.4114 | bal_acc=0.3304 | min_recall=0.1111 | params=40
2026-09-04 10:52:27,308 INFO   random     | C-C-P-C-P              | fitness=0.6312 | val_acc=0.5380 | bal_acc=0.4351 | min_recall=0.1875 | params=50
2026-09-04 10:52:27,310 INFO   random     | P-C-P                  | fitness=0.6563 | val_acc=0.3038 | bal_acc=0.3409 | min_recall=0.2187 | params=14
2026-09-04 10:52:27,312 INFO   random     | C-C-P-P                | fitness=0.6584 | val_acc=0.4557 | bal_acc=0.3753 | min_recall=0.1111 | params=52
2026-09-04 10:52:27,314 INFO   random     | C-C-C                  | fitness=0.6877 | val_acc=0.4684 | bal_acc=0.3806 | min_recall=0.2187 | params=194
2026-09-04 10:52:27,316 INFO   random     | P-C-C-C-C-P-C          | fitness=0.6631 | val_acc=0.4367 | bal_acc=0.3981 | min_recall=0.1250 | params=130
2026-09-04 10:52:27,321 INFO   random     | C-P-C-C-C-C            | fitness=0.6060 | val_acc=0.5443 | bal_acc=0.4640 | min_recall=0.3333 | params=98
2026-09-04 10:52:27,321 INFO 
=== Evo step 1/10 ===
2026-09-04 10:52:27,321 INFO Top-3: 57727273… fit=0.6048  |  -8956503… fit=0.6060  |  50368455… fit=0.6226
2026-09-04 10:52:27,333 INFO Generated 9 valid novel children
2026-09-04 12:29:49,689 INFO   crossover  | C-C-C-P-C-C-C-C        | fitness=0.6385 | val_acc=0.5506 | bal_acc=0.4407 | min_recall=0.1667 | params=173
2026-09-04 12:29:49,691 INFO   crossover  | C-C-C-C-P-C            | fitness=0.6699 | val_acc=0.4684 | bal_acc=0.3749 | min_recall=0.1111 | params=109
2026-09-04 12:29:49,693 INFO   crossover  | C-P-C-C-C-C-C          | fitness=0.6099 | val_acc=0.5633 | bal_acc=0.4528 | min_recall=0.2187 | params=114
2026-09-04 12:29:49,695 INFO   crossover  | C-P-C-C-C-C-C-C-P-P    | fitness=0.5900 | val_acc=0.5823 | bal_acc=0.5027 | min_recall=0.2500 | params=168
2026-09-04 12:29:49,697 INFO   crossover  | C-C-C-C-C              | fitness=0.6051 | val_acc=0.5506 | bal_acc=0.4722 | min_recall=0.1562 | params=119
2026-09-04 12:29:49,699 INFO   crossover  | C-C-C-C-P-P-C-C-C-C    | fitness=0.6509 | val_acc=0.5127 | bal_acc=0.4478 | min_recall=0.2500 | params=156
2026-09-04 12:29:49,706 INFO   mutate     | C-P-C-C                | fitness=0.6199 | val_acc=0.4873 | bal_acc=0.4338 | min_recall=0.1562 | params=57
2026-09-04 12:29:49,711 INFO   mutate     | C-P-C-C-C-C-P          | fitness=0.6263 | val_acc=0.5506 | bal_acc=0.4647 | min_recall=0.1250 | params=116
2026-09-04 12:29:49,715 INFO   mutate     | C-C-C-C-P-P-C-C-P-C    | fitness=0.6197 | val_acc=0.5570 | bal_acc=0.4792 | min_recall=0.3750 | params=162
2026-09-04 12:29:49,715 INFO Best so far → val_acc=0.5823  bal_acc=0.5027  min_recall=0.2500  fitness=0.5900  params=168  id=47371862…
2026-09-04 12:29:49,716 INFO 
=== Evo step 2/10 ===
2026-09-04 12:29:49,716 INFO Top-3: 47371862… fit=0.5900  |  57727273… fit=0.6048  |  31938204… fit=0.6099
2026-09-04 12:29:49,721 INFO Generated 9 valid novel children
2026-09-04 15:04:08,857 INFO   crossover  | C-P-C-C-C-C            | fitness=0.6780 | val_acc=0.5253 | bal_acc=0.4247 | min_recall=0.2432 | params=99
2026-09-04 15:04:08,859 INFO   crossover  | C-P-C-C-C              | fitness=0.6867 | val_acc=0.5127 | bal_acc=0.3963 | min_recall=0.1111 | params=166
2026-09-04 15:04:08,861 INFO   crossover  | C-C-C-C-C-C-C-P-P      | fitness=0.7528 | val_acc=0.5506 | bal_acc=0.4855 | min_recall=0.0312 | params=276
2026-09-04 15:04:08,863 INFO   crossover  | C-C-C                  | fitness=0.6269 | val_acc=0.5127 | bal_acc=0.4249 | min_recall=0.1667 | params=145
2026-09-04 15:04:08,864 INFO   crossover  | C-C-C-C-C-C-P-P        | fitness=0.7789 | val_acc=0.5823 | bal_acc=0.4975 | min_recall=0.0000 | params=295
2026-09-04 15:04:08,870 INFO   crossover  | C-C-C-C                | fitness=0.6585 | val_acc=0.4810 | bal_acc=0.3952 | min_recall=0.2222 | params=89
2026-09-04 15:04:08,872 INFO   mutate     | C-P-C-C-C-C-C-C-P-P    | fitness=0.5898 | val_acc=0.5633 | bal_acc=0.5022 | min_recall=0.1250 | params=186
2026-09-04 15:04:08,874 INFO   mutate     | C-C-C                  | fitness=0.6528 | val_acc=0.4557 | bal_acc=0.3996 | min_recall=0.2812 | params=81
2026-09-04 15:04:08,876 INFO   mutate     | C-C-C                  | fitness=0.7333 | val_acc=0.4937 | bal_acc=0.3998 | min_recall=0.0625 | params=133
2026-09-04 15:04:08,876 INFO Best so far → val_acc=0.5633  bal_acc=0.5022  min_recall=0.1250  fitness=0.5898  params=186  id=62675024…
2026-09-04 15:04:08,876 INFO 
=== Evo step 3/10 ===
2026-09-04 15:04:08,876 INFO Top-3: 62675024… fit=0.5898  |  47371862… fit=0.5900  |  -8451701… fit=0.6263
2026-09-04 15:04:08,881 INFO Generated 9 valid novel children
2026-09-04 16:51:05,790 INFO   crossover  | C-P-C-C-C-C-C-C-P-C    | fitness=0.6170 | val_acc=0.5633 | bal_acc=0.4806 | min_recall=0.3125 | params=176
2026-09-04 16:51:05,795 INFO   crossover  | C-P-C-C-P-C-C-C        | fitness=0.6733 | val_acc=0.5380 | bal_acc=0.4469 | min_recall=0.0937 | params=145
2026-09-04 16:51:05,799 INFO   crossover  | C-C-C-P-P              | fitness=0.6321 | val_acc=0.4557 | bal_acc=0.4104 | min_recall=0.3125 | params=102
2026-09-04 16:51:05,803 INFO   crossover  | C-P-C-C-C-C            | fitness=0.6116 | val_acc=0.5316 | bal_acc=0.4484 | min_recall=0.1875 | params=103
2026-09-04 16:51:05,812 INFO   crossover  | C-P-C-C-C-P-C-C-C-C    | fitness=0.6489 | val_acc=0.5380 | bal_acc=0.4547 | min_recall=0.2500 | params=188
2026-09-04 16:51:05,816 INFO   crossover  | C-P-C-C-C-C-C-P-P      | fitness=0.7092 | val_acc=0.5063 | bal_acc=0.3963 | min_recall=0.2222 | params=166
2026-09-04 16:51:05,821 INFO   mutate     | C-P-C-C-C-C-C-C-P-P    | fitness=0.6333 | val_acc=0.5380 | bal_acc=0.4537 | min_recall=0.1250 | params=179
2026-09-04 16:51:05,825 INFO   mutate     | C-P-C-C-C-C-C-C-P-P    | fitness=0.6011 | val_acc=0.5570 | bal_acc=0.4893 | min_recall=0.1562 | params=172
2026-09-04 16:51:05,830 INFO   mutate     | C-P-C-C-C              | fitness=0.6520 | val_acc=0.5000 | bal_acc=0.4037 | min_recall=0.0937 | params=88
2026-09-04 16:51:05,830 INFO Best so far → val_acc=0.5633  bal_acc=0.5022  min_recall=0.1250  fitness=0.5898  params=186  id=62675024…
2026-09-04 16:51:05,830 INFO 
=== Evo step 4/10 ===
2026-09-04 16:51:05,830 INFO Top-3: 62675024… fit=0.5898  |  47371862… fit=0.5900  |  68484850… fit=0.6011
2026-09-04 16:51:05,844 INFO Generated 9 valid novel children
2026-09-04 19:27:39,705 INFO   crossover  | C-P-C-C-C-C-C-C-P-P    | fitness=0.6435 | val_acc=0.5443 | bal_acc=0.4704 | min_recall=0.1875 | params=180
2026-09-04 19:27:39,714 INFO   crossover  | C-P-C-C-C-C-C-C-P-P    | fitness=0.5558 | val_acc=0.6013 | bal_acc=0.5198 | min_recall=0.1562 | params=190
2026-09-04 19:27:39,718 INFO   crossover  | C-P-C-C-C-C-C-C-C-P    | fitness=0.6325 | val_acc=0.5506 | bal_acc=0.5068 | min_recall=0.2187 | params=176
2026-09-04 19:27:39,723 INFO   crossover  | C-P-C-C-C-C-C-C-C-C    | fitness=0.6373 | val_acc=0.5570 | bal_acc=0.4699 | min_recall=0.3333 | params=220
2026-09-04 19:27:39,725 INFO   crossover  | C-P-C-C-C-C-C-C-C-C    | fitness=0.6534 | val_acc=0.5443 | bal_acc=0.4480 | min_recall=0.1562 | params=273
2026-09-04 19:27:39,727 INFO   crossover  | C-P-C-C-C-C-C-C-P-P    | fitness=0.6132 | val_acc=0.5570 | bal_acc=0.4740 | min_recall=0.2187 | params=166
2026-09-04 19:27:39,733 INFO   mutate     | C-P-C-C-C-C-C-C-P-P    | fitness=0.6112 | val_acc=0.5696 | bal_acc=0.5024 | min_recall=0.2187 | params=184
2026-09-04 19:27:39,736 INFO   mutate     | C-P-C-C-C-C-C-C-P      | fitness=0.6269 | val_acc=0.5506 | bal_acc=0.4690 | min_recall=0.1562 | params=156
2026-09-04 19:27:39,738 INFO   mutate     | C-P-C-C-C-C-C-C-P-C    | fitness=0.5547 | val_acc=0.5886 | bal_acc=0.5295 | min_recall=0.3437 | params=164
2026-09-04 19:27:39,738 INFO Best so far → val_acc=0.5886  bal_acc=0.5295  min_recall=0.3437  fitness=0.5547  params=164  id=-5930332…
2026-09-04 19:27:39,738 INFO 
=== Evo step 5/10 ===
2026-09-04 19:27:39,738 INFO Top-3: -5930332… fit=0.5547  |  -6078322… fit=0.5558  |  62675024… fit=0.5898
2026-09-04 19:27:39,749 INFO Generated 9 valid novel children
2026-09-04 22:07:21,825 INFO   crossover  | C-P-C-C-C-C-C-P-P      | fitness=0.5784 | val_acc=0.5886 | bal_acc=0.5112 | min_recall=0.1875 | params=122
2026-09-04 22:07:21,830 INFO   crossover  | C-C-C-C-C-C-C-P-P      | fitness=0.5354 | val_acc=0.6203 | bal_acc=0.5429 | min_recall=0.1250 | params=249
2026-09-04 22:07:21,831 INFO   crossover  | C-P-C-C-C-C-C-C-C-C    | fitness=0.6165 | val_acc=0.5823 | bal_acc=0.4717 | min_recall=0.1562 | params=267
2026-09-04 22:07:21,837 INFO   crossover  | C-P-C-C-C-C-C-C-P-C    | fitness=0.6258 | val_acc=0.5506 | bal_acc=0.4793 | min_recall=0.1562 | params=214
2026-09-04 22:07:21,839 INFO   crossover  | C-P-C-C-C-C-C-C-C-C    | fitness=0.5549 | val_acc=0.5823 | bal_acc=0.5220 | min_recall=0.3437 | params=238
2026-09-04 22:07:21,841 INFO   crossover  | C-P-C-C-C-P-P          | fitness=0.6320 | val_acc=0.4873 | bal_acc=0.4420 | min_recall=0.1875 | params=100
2026-09-04 22:07:21,843 INFO   mutate     | C-P-C-C-C-C-C-C-C      | fitness=0.6365 | val_acc=0.5506 | bal_acc=0.4610 | min_recall=0.3333 | params=158
2026-09-04 22:07:21,844 INFO   mutate     | C-P-C-C-C-C-C-C-P      | fitness=0.6386 | val_acc=0.5443 | bal_acc=0.4565 | min_recall=0.3125 | params=178
2026-09-04 22:07:21,849 INFO   mutate     | C-P-C-C-C-C-C-C-P      | fitness=0.6512 | val_acc=0.5443 | bal_acc=0.4590 | min_recall=0.1562 | params=192
2026-09-04 22:07:21,850 INFO Best so far → val_acc=0.6203  bal_acc=0.5429  min_recall=0.1250  fitness=0.5354  params=249  id=46119287…
2026-09-04 22:07:21,852 INFO Memory table saved.
2026-09-04 22:07:21,852 INFO 
=== Evo step 6/10 ===
2026-09-04 22:07:21,852 INFO Top-3: 46119287… fit=0.5354  |  -5930332… fit=0.5547  |  88013077… fit=0.6534
2026-09-04 22:07:21,860 INFO Generated 9 valid novel children
2026-09-05 01:43:08,357 INFO   crossover  | C-C-C-C-C-C-C-C-C-C    | fitness=0.6732 | val_acc=0.5316 | bal_acc=0.4370 | min_recall=0.2500 | params=382
2026-09-05 01:43:08,366 INFO   crossover  | C-C-C-C-C-C-C-P-P-P    | fitness=0.6458 | val_acc=0.5443 | bal_acc=0.4319 | min_recall=0.1667 | params=255
2026-09-05 01:43:08,371 INFO   crossover  | C-P-C-C-C-C-C-C-C-C    | fitness=0.6482 | val_acc=0.5380 | bal_acc=0.4476 | min_recall=0.2500 | params=176
2026-09-05 01:43:08,374 INFO   crossover  | C-P-C-C-C-C-C-C-C-C    | fitness=0.6952 | val_acc=0.5253 | bal_acc=0.4337 | min_recall=0.2187 | params=252
2026-09-05 01:43:08,379 INFO   crossover  | C-C-C-C-C-P-P          | fitness=0.5960 | val_acc=0.5823 | bal_acc=0.5016 | min_recall=0.2187 | params=293
2026-09-05 01:43:08,383 INFO   crossover  | C-P-C-C-C-C-C-C-P-C    | fitness=0.5729 | val_acc=0.5696 | bal_acc=0.5021 | min_recall=0.2500 | params=156
2026-09-05 01:43:08,387 INFO   mutate     | C-C-C-C-C-C-P          | fitness=0.6220 | val_acc=0.5316 | bal_acc=0.4284 | min_recall=0.1111 | params=185
2026-09-05 01:43:08,396 INFO   mutate     | C-P-C-C-C-C-C-C-P-C    | fitness=0.6909 | val_acc=0.5063 | bal_acc=0.4049 | min_recall=0.2222 | params=125
2026-09-05 01:43:08,400 INFO   mutate     | C-C-C-C-C-C-P-P        | fitness=0.6205 | val_acc=0.5506 | bal_acc=0.4683 | min_recall=0.1562 | params=285
2026-09-05 01:43:08,400 INFO Best so far → val_acc=0.6203  bal_acc=0.5429  min_recall=0.1250  fitness=0.5354  params=249  id=46119287…
2026-09-05 01:43:08,400 INFO 
=== Evo step 7/10 ===
2026-09-05 01:43:08,400 INFO Top-3: 46119287… fit=0.5354  |  -5930332… fit=0.5547  |  -9192057… fit=0.6780
2026-09-05 01:43:08,413 INFO Generated 9 valid novel children
2026-09-05 05:06:03,849 INFO   crossover  | C-C-C-C-P-C            | fitness=0.6906 | val_acc=0.4304 | bal_acc=0.3680 | min_recall=0.2222 | params=106
2026-09-05 05:06:03,853 INFO   crossover  | C-C-C-C-C-C-C-C-P-P    | fitness=0.6186 | val_acc=0.5633 | bal_acc=0.4807 | min_recall=0.2187 | params=312
2026-09-05 05:06:03,857 INFO   crossover  | C-P-C-C-C-C-C-C-C-P    | fitness=0.6073 | val_acc=0.5696 | bal_acc=0.4874 | min_recall=0.3125 | params=186
2026-09-05 05:06:03,861 INFO   crossover  | C-P-C-C-C-C-C-C-P-C    | fitness=0.6411 | val_acc=0.5506 | bal_acc=0.4478 | min_recall=0.2222 | params=162
2026-09-05 05:06:03,869 INFO   crossover  | C-P-C-C-C-C-C-C-C-C    | fitness=0.5772 | val_acc=0.5949 | bal_acc=0.4980 | min_recall=0.2778 | params=201
2026-09-05 05:06:03,873 INFO   crossover  | C-P-C-C-C-C-C-C-C      | fitness=0.6614 | val_acc=0.5253 | bal_acc=0.4476 | min_recall=0.2973 | params=165
2026-09-05 05:06:03,877 INFO   mutate     | C-C-C-C-P              | fitness=0.6277 | val_acc=0.4747 | bal_acc=0.4210 | min_recall=0.3125 | params=102
2026-09-05 05:06:03,881 INFO   mutate     | C-P-C-C-C-C-C-C-P-C    | fitness=0.5938 | val_acc=0.5696 | bal_acc=0.4632 | min_recall=0.1667 | params=124
2026-09-05 05:06:03,885 INFO   mutate     | C-P-C-C-C-C-C-C-P-P    | fitness=0.6758 | val_acc=0.5127 | bal_acc=0.4278 | min_recall=0.1562 | params=159
2026-09-05 05:06:03,885 INFO Best so far → val_acc=0.6203  bal_acc=0.5429  min_recall=0.1250  fitness=0.5354  params=249  id=46119287…
2026-09-05 05:06:03,885 INFO 
=== Evo step 8/10 ===
2026-09-05 05:06:03,885 INFO Top-3: 46119287… fit=0.5354  |  -5930332… fit=0.5547  |  14498276… fit=0.5549
2026-09-05 05:06:03,888 INFO Generated 9 valid novel children
2026-09-05 08:20:39,198 INFO   crossover  | C-C-C-C-C-C-P-C-C-C    | fitness=0.5895 | val_acc=0.5886 | bal_acc=0.4959 | min_recall=0.1562 | params=212
2026-09-05 08:20:39,204 INFO   crossover  | C-C-C-C-C-C-C-P-P-C    | fitness=0.6072 | val_acc=0.5696 | bal_acc=0.4953 | min_recall=0.1250 | params=267
2026-09-05 08:20:39,206 INFO   crossover  | C-P-C-C-C-C-C-C-P-C    | fitness=0.5874 | val_acc=0.5886 | bal_acc=0.4984 | min_recall=0.3333 | params=196
2026-09-05 08:20:39,208 INFO   crossover  | C-P-C                  | fitness=0.7389 | val_acc=0.3418 | bal_acc=0.2840 | min_recall=0.1111 | params=42
2026-09-05 08:20:39,210 INFO   crossover  | C-C-C-P                | fitness=0.6488 | val_acc=0.5190 | bal_acc=0.4288 | min_recall=0.2778 | params=145
2026-09-05 08:20:39,212 INFO   crossover  | C-C-P-C-C-C-C-C-C-P    | fitness=0.6406 | val_acc=0.5633 | bal_acc=0.4699 | min_recall=0.1875 | params=272
2026-09-05 08:20:39,214 INFO   mutate     | C-C-C-C-C-C-C-C-P-P    | fitness=0.6064 | val_acc=0.5759 | bal_acc=0.4931 | min_recall=0.2812 | params=285
2026-09-05 08:20:39,215 INFO   mutate     | C-P-C-C-C-C-C-C-C      | fitness=0.6830 | val_acc=0.5190 | bal_acc=0.4363 | min_recall=0.1875 | params=160
2026-09-05 08:20:39,218 INFO   mutate     | C-C-C-C                | fitness=0.5817 | val_acc=0.5380 | bal_acc=0.4545 | min_recall=0.1875 | params=139
2026-09-05 08:20:39,218 INFO Best so far → val_acc=0.6203  bal_acc=0.5429  min_recall=0.1250  fitness=0.5354  params=249  id=46119287…
2026-09-05 08:20:39,218 INFO 
=== Evo step 9/10 ===
2026-09-05 08:20:39,218 INFO Top-3: 46119287… fit=0.5354  |  -5930332… fit=0.5547  |  29178214… fit=0.6170
2026-09-05 08:20:39,223 INFO Generated 9 valid novel children
2026-09-05 11:57:24,640 INFO   crossover  | C-C-C-C-C-C-C-C-C-C    | fitness=0.6139 | val_acc=0.5696 | bal_acc=0.4842 | min_recall=0.2187 | params=283
2026-09-05 11:57:24,649 INFO   crossover  | C-C-P-C-C-C-C-C-P-P    | fitness=0.6551 | val_acc=0.5443 | bal_acc=0.4468 | min_recall=0.2187 | params=178
2026-09-05 11:57:24,653 INFO   crossover  | C-P-C-C-C-C-C-P-P      | fitness=0.6191 | val_acc=0.5570 | bal_acc=0.4810 | min_recall=0.3125 | params=118
2026-09-05 11:57:24,657 INFO   crossover  | C-P-C-C-C-C-C-C-C-P    | fitness=0.6197 | val_acc=0.5570 | bal_acc=0.4757 | min_recall=0.1562 | params=171
2026-09-05 11:57:24,660 INFO   crossover  | C-P-C-C-C-C-P-P        | fitness=0.6430 | val_acc=0.5506 | bal_acc=0.4696 | min_recall=0.1562 | params=154
2026-09-05 11:57:24,662 INFO   crossover  | C-P-C-C-C-P-C          | fitness=0.6318 | val_acc=0.5443 | bal_acc=0.4551 | min_recall=0.1562 | params=135
2026-09-05 11:57:24,664 INFO   mutate     | C-C-C-C-C-C-P-P        | fitness=0.6050 | val_acc=0.5506 | bal_acc=0.4776 | min_recall=0.1250 | params=245
2026-09-05 11:57:24,670 INFO   mutate     | C-P-C-C-C-C-C-C-P-C    | fitness=0.6218 | val_acc=0.5443 | bal_acc=0.4783 | min_recall=0.3437 | params=169
2026-09-05 11:57:24,672 INFO   mutate     | C-P-C-C-C-C-C-P-P      | fitness=0.6433 | val_acc=0.5443 | bal_acc=0.4736 | min_recall=0.2812 | params=158
2026-09-05 11:57:24,672 INFO Best so far → val_acc=0.6203  bal_acc=0.5429  min_recall=0.1250  fitness=0.5354  params=249  id=46119287…
2026-09-05 11:57:24,672 INFO 
=== Evo step 10/10 ===
2026-09-05 11:57:24,672 INFO Top-3: 46119287… fit=0.5354  |  -5930332… fit=0.5547  |  14498276… fit=0.5549
2026-09-05 11:57:24,676 INFO Generated 9 valid novel children
2026-09-05 16:15:04,201 INFO   crossover  | C-C-C-C-P-C            | fitness=0.6210 | val_acc=0.5316 | bal_acc=0.4595 | min_recall=0.1875 | params=104
2026-09-05 16:15:04,204 INFO   crossover  | C-C-C-C-C-C-C-P-P      | fitness=0.7016 | val_acc=0.5696 | bal_acc=0.4867 | min_recall=0.0625 | params=317
2026-09-05 16:15:04,205 INFO   crossover  | C-P-C-C-C-C-C-C-C-P    | fitness=0.6232 | val_acc=0.5633 | bal_acc=0.4803 | min_recall=0.1875 | params=201
2026-09-05 16:15:04,207 INFO   crossover  | C-P-C-C-C-C-C-C-P-C    | fitness=0.6843 | val_acc=0.5316 | bal_acc=0.4372 | min_recall=0.2187 | params=162
2026-09-05 16:15:04,213 INFO   crossover  | C-C-C-C-P-P            | fitness=0.5802 | val_acc=0.5759 | bal_acc=0.4963 | min_recall=0.2812 | params=214
2026-09-05 16:15:04,215 INFO   crossover  | C-C-C-C-C-P-C          | fitness=0.6147 | val_acc=0.5633 | bal_acc=0.4732 | min_recall=0.1875 | params=173
2026-09-05 16:15:04,219 INFO   mutate     | C-C-C-C-C-C-P-P        | fitness=0.6235 | val_acc=0.5253 | bal_acc=0.4574 | min_recall=0.2500 | params=219
2026-09-05 16:15:04,222 INFO   mutate     | C-P-C-C-C-C-C-P-C      | fitness=0.6742 | val_acc=0.5316 | bal_acc=0.4497 | min_recall=0.2703 | params=152
2026-09-05 16:15:04,227 INFO   mutate     | C-C-C-C-C-P            | fitness=0.6786 | val_acc=0.5253 | bal_acc=0.4431 | min_recall=0.0937 | params=287
2026-09-05 16:15:04,227 INFO Best so far → val_acc=0.6203  bal_acc=0.5429  min_recall=0.1250  fitness=0.5354  params=249  id=46119287…
2026-09-05 16:15:04,229 INFO Memory table saved.
2026-09-05 16:15:04,229 INFO 
=== SEARCH COMPLETE ===
2026-09-05 16:15:04,229 INFO Best val_acc  : 0.6203
2026-09-05 16:15:04,229 INFO Best bal_acc  : 0.5429  (mean per-class recall)
2026-09-05 16:15:04,229 INFO Min recall    : 0.1250  (worst class)
2026-09-05 16:15:04,229 INFO Best fitness  : 0.5354
2026-09-05 16:15:04,229 INFO Params        : 249
2026-09-05 16:15:04,229 INFO Layers        : 9  (7 conv + 2 pool)
2026-09-05 16:15:04,229 INFO Circuit structure:
2026-09-05 16:15:04,229 INFO   Structure: C-C-C-C-C-C-C-P-P  (9 layers = 7 conv + 2 pool)
2026-09-05 16:15:04,229 INFO   Layer 0 CONV  gate=U_SO4      stride=5 step=5 offset=1 boundary=periodic
2026-09-05 16:15:04,230 INFO   Layer 1 CONV  gate=U_TTN      stride=2 step=5 offset=0 boundary=open
2026-09-05 16:15:04,230 INFO   Layer 2 CONV  gate=U_SU4      stride=3 step=3 offset=0 boundary=open
2026-09-05 16:15:04,230 INFO   Layer 3 CONV  gate=U_5        stride=1 step=1 offset=3 boundary=periodic
2026-09-05 16:15:04,230 INFO   Layer 4 CONV  gate=U_gate     stride=6 step=1 offset=1 boundary=periodic
2026-09-05 16:15:04,230 INFO   Layer 5 CONV  gate=U_6        stride=3 step=1 offset=1 boundary=periodic
2026-09-05 16:15:04,230 INFO   Layer 6 CONV  gate=U_9        stride=3 step=5 offset=1 boundary=open
2026-09-05 16:15:04,230 INFO   Layer 7 POOL  gate=pool_U       pattern=1*
2026-09-05 16:15:04,230 INFO   Layer 8 POOL  gate=pool_U       pattern=1*1
2026-09-05 16:15:04,230 INFO   Qubits surviving: 5 → [2, 3, 4, 5, 6]  | readout wires = [2, 3]
2026-09-05 16:15:04,230 INFO 
============================================================
2026-09-05 16:15:04,230 INFO FINAL TRAINING — RetinaMNIST 4-class QCNN
2026-09-05 16:15:04,230 INFO ============================================================
2026-09-05 16:15:04,230 INFO   Structure: C-C-C-C-C-C-C-P-P  (9 layers = 7 conv + 2 pool)
2026-09-05 16:15:04,230 INFO   Layer 0 CONV  gate=U_SO4      stride=5 step=5 offset=1 boundary=periodic
2026-09-05 16:15:04,230 INFO   Layer 1 CONV  gate=U_TTN      stride=2 step=5 offset=0 boundary=open
2026-09-05 16:15:04,230 INFO   Layer 2 CONV  gate=U_SU4      stride=3 step=3 offset=0 boundary=open
2026-09-05 16:15:04,231 INFO   Layer 3 CONV  gate=U_5        stride=1 step=1 offset=3 boundary=periodic
2026-09-05 16:15:04,231 INFO   Layer 4 CONV  gate=U_gate     stride=6 step=1 offset=1 boundary=periodic
2026-09-05 16:15:04,231 INFO   Layer 5 CONV  gate=U_6        stride=3 step=1 offset=1 boundary=periodic
2026-09-05 16:15:04,231 INFO   Layer 6 CONV  gate=U_9        stride=3 step=5 offset=1 boundary=open
2026-09-05 16:15:04,231 INFO   Layer 7 POOL  gate=pool_U       pattern=1*
2026-09-05 16:15:04,231 INFO   Layer 8 POOL  gate=pool_U       pattern=1*1
2026-09-05 16:15:04,231 INFO   Qubits surviving: 5 → [2, 3, 4, 5, 6]  | readout wires = [2, 3]
2026-09-05 16:15:04,232 INFO Circuit: 9 layers (7 conv + 2 pool), 249 trainable parameters.
2026-09-05 16:17:30,537 INFO Epoch    1/200 | loss=1.3290 | val_acc=0.5696 | bal_acc=0.4847 | min_recall=0.156 | lr=0.005000
2026-09-05 17:03:27,274 INFO Epoch   20/200 | loss=1.2130 | val_acc=0.5506 | bal_acc=0.4848 | min_recall=0.125 | lr=0.005000
2026-09-05 17:53:59,019 INFO Epoch   40/200 | loss=1.2074 | val_acc=0.5823 | bal_acc=0.5152 | min_recall=0.219 | lr=0.005000
2026-09-05 18:56:28,634 INFO Epoch   60/200 | loss=1.2015 | val_acc=0.5506 | bal_acc=0.5023 | min_recall=0.125 | lr=0.002500
2026-09-05 19:47:59,928 INFO Epoch   80/200 | loss=1.2007 | val_acc=0.5823 | bal_acc=0.5038 | min_recall=0.187 | lr=0.002500
2026-09-05 20:36:35,432 INFO Epoch  100/200 | loss=1.1988 | val_acc=0.5886 | bal_acc=0.5178 | min_recall=0.094 | lr=0.001250
2026-09-05 21:19:48,418 INFO Epoch  120/200 | loss=1.1962 | val_acc=0.5759 | bal_acc=0.5021 | min_recall=0.125 | lr=0.001250
2026-09-05 22:15:46,499 INFO Epoch  140/200 | loss=1.1967 | val_acc=0.5886 | bal_acc=0.5106 | min_recall=0.187 | lr=0.001250
2026-09-05 23:12:50,741 INFO Epoch  160/200 | loss=1.1929 | val_acc=0.5823 | bal_acc=0.5088 | min_recall=0.125 | lr=0.000625
2026-09-06 00:01:12,671 INFO Epoch  180/200 | loss=1.1934 | val_acc=0.5949 | bal_acc=0.5245 | min_recall=0.187 | lr=0.000625
2026-09-06 00:46:28,791 INFO Epoch  200/200 | loss=1.1919 | val_acc=0.5886 | bal_acc=0.5156 | min_recall=0.125 | lr=0.000313
2026-09-06 00:46:28,791 INFO Training log saved → experiments/pca16/sweep/baseline_002/training_log.csv
2026-09-06 00:46:28,791 INFO Best val fitness: 0.4836
2026-09-06 00:46:28,791 INFO 
--- Test evaluation (best-val checkpoint) ---
2026-09-06 00:46:45,184 INFO Test accuracy    : 0.5287
Test bal. acc    : 0.4452  (mean per-class recall)
Per-class recall : ['0.7130', '0.2414', '0.3000', '0.5263']
Min recall       : 0.2414
Test ROC-AUC OvR : 0.7158
2026-09-06 00:46:45,187 INFO 
               precision    recall  f1-score   support

        No DR       0.82      0.71      0.76       108
    Mild NPDR       0.23      0.24      0.24        29
Moderate NPDR       0.29      0.30      0.29        50
   Severe+PDR       0.44      0.53      0.48        57

     accuracy                           0.53       244
    macro avg       0.45      0.45      0.44       244
 weighted avg       0.55      0.53      0.54       244

2026-09-06 00:46:45,526 INFO Plots saved.
2026-09-06 00:46:46,449 INFO Failed to extract font properties from /usr/share/fonts/truetype/noto/NotoColorEmoji.ttf: Can not load face (unknown file format; error code 0x2)
2026-09-06 00:46:47,638 INFO Circuit diagram saved.
2026-09-06 00:46:47,690 INFO 
Run 'baseline' complete → {'accuracy': 0.5286885245901639, 'bal_acc': 0.44516451561997233, 'per_class_recalls': [0.7129629628969479, 0.24137931026159334, 0.29999999994, 0.5263157893813482], 'roc_auc_ovr': 0.7157780358559629}
2026-09-06 00:46:47,690 INFO 
Sweep summary saved → experiments/pca16/sweep/sweep_summary_baseline.csv
