2026-09-07 07:15:17,604 INFO 
============================================================
2026-09-07 07:15:17,604 INFO SWEEP RUN: lr_high  (PCA-16)
2026-09-07 07:15:17,604 INFO Params: {'label': 'lr_high', 'LR_EVAL': 0.01, 'N_EPOCHS_EVAL': 60, 'INIT_POP': 10, 'MAX_EVO_STEPS': 10, 'W_CLASS': [0.08, 0.14, 0.125, 0.125, 0.28, 0.125, 0.125]}
2026-09-07 07:15:17,604 INFO ============================================================
2026-09-07 07:15:17,604 INFO 
--- Linear classifier baseline (on 16 PCA features) ---
2026-09-07 07:15:19,613 INFO   val   | acc=0.4529 | bal_acc=0.4023 | min_recall=0.1818 | auc=0.7940
2026-09-07 07:15:19,613 INFO          per-class: ['0.562', '0.510', '0.394', '0.182', '0.414', '0.467', '0.286']
2026-09-07 07:15:19,619 INFO   test  | acc=0.4380 | bal_acc=0.3478 | min_recall=0.2727 | auc=0.7673
2026-09-07 07:15:19,620 INFO          per-class: ['0.300', '0.385', '0.289', '0.278', '0.429', '0.482', '0.273']
2026-09-07 07:15:19,620 INFO Linear baseline saved → experiments/pca16/sweep/lr_high_001/linear_baseline.json
2026-09-07 07:15:19,620 INFO Subsampling search training set: 35196 → 2000
2026-09-07 07:15:19,620 INFO Evaluating initial population...
2026-09-07 07:15:19,621 INFO Config: LR=0.01  epochs=60  pop=10  steps=10  W_CLASS=[0.08, 0.14, 0.125, 0.125, 0.28, 0.125, 0.125]
2026-09-07 07:15:19,621 INFO Encoding: dense (RX + RY per qubit), 16 PCA components → 8 qubits
2026-09-07 07:15:19,621 INFO Structure: variable length 3–10 layers  | P_CONV=0.6  | min conv=1  | min pool=0  | readout qubits=3
2026-09-07 07:15:19,647 INFO Initial population: 10 valid genotypes
2026-09-07 07:18:37,179 INFO   random     | C-C-C-C-C-C-C-C-P      | fitness=0.7327 | val_acc=0.4629 | bal_acc=0.3451 | min_recall=0.0909 | params=174
2026-09-07 07:18:37,184 INFO   random     | C-C-C-C-C-C-P          | fitness=0.8914 | val_acc=0.4479 | bal_acc=0.3269 | min_recall=0.0000 | params=136
2026-09-07 07:18:37,188 INFO   random     | P-C-C-C                | fitness=0.9774 | val_acc=0.2505 | bal_acc=0.2512 | min_recall=0.0000 | params=94
2026-09-07 07:18:37,192 INFO   random     | C-P-C-C-C-C-C-P-C-C    | fitness=0.6837 | val_acc=0.3577 | bal_acc=0.3911 | min_recall=0.1892 | params=170
2026-09-07 07:18:37,196 INFO   random     | C-C-C-C-C-P-C          | fitness=0.9526 | val_acc=0.2405 | bal_acc=0.3004 | min_recall=0.0000 | params=112
2026-09-07 07:18:37,200 INFO   random     | C-C-C                  | fitness=1.0204 | val_acc=0.2916 | bal_acc=0.2172 | min_recall=0.0000 | params=61
2026-09-07 07:18:37,204 INFO   random     | P-C-C                  | fitness=0.9922 | val_acc=0.2325 | bal_acc=0.1985 | min_recall=0.0000 | params=32
2026-09-07 07:18:37,209 INFO   random     | C-C-C-C-C              | fitness=0.8076 | val_acc=0.1383 | bal_acc=0.2513 | min_recall=0.0642 | params=104
2026-09-07 07:18:37,216 INFO   random     | C-P-C-C-C-C-C          | fitness=0.9119 | val_acc=0.4269 | bal_acc=0.3205 | min_recall=0.0000 | params=133
2026-09-07 07:18:37,218 INFO   random     | C-C-C-C                | fitness=1.0009 | val_acc=0.3707 | bal_acc=0.2289 | min_recall=0.0000 | params=59
2026-09-07 07:18:37,218 INFO 
=== Evo step 1/10 ===
2026-09-07 07:18:37,218 INFO Top-3: -1795928… fit=0.6837  |  63820655… fit=0.7327  |  -6362544… fit=1.0204
2026-09-07 07:18:37,222 INFO Generated 9 valid novel children
2026-09-07 07:22:45,142 INFO   crossover  | C-P-C-C-C-C-C-P-C-C    | fitness=0.8403 | val_acc=0.4729 | bal_acc=0.3426 | min_recall=0.0312 | params=146
2026-09-07 07:22:45,144 INFO   crossover  | C-P-C-C-C-C-C-C-C-C    | fitness=0.8997 | val_acc=0.4579 | bal_acc=0.3548 | min_recall=0.0000 | params=177
2026-09-07 07:22:45,146 INFO   crossover  | C-C-C-C-C              | fitness=0.9120 | val_acc=0.3727 | bal_acc=0.3283 | min_recall=0.0000 | params=112
2026-09-07 07:22:45,148 INFO   crossover  | C-C-C-C                | fitness=1.0221 | val_acc=0.0561 | bal_acc=0.1730 | min_recall=0.0000 | params=77
2026-09-07 07:22:45,150 INFO   crossover  | C-C-C-C-C-C-C-C-C-C    | fitness=0.7052 | val_acc=0.4890 | bal_acc=0.3608 | min_recall=0.1429 | params=177
2026-09-07 07:22:45,152 INFO   crossover  | C-C-C-C-C-C-C-C-C-P    | fitness=0.6970 | val_acc=0.4900 | bal_acc=0.3850 | min_recall=0.0909 | params=214
2026-09-07 07:22:45,158 INFO   mutate     | C-P-C-C-C-C-C-P-C-C    | fitness=0.6904 | val_acc=0.3758 | bal_acc=0.3760 | min_recall=0.2523 | params=140
2026-09-07 07:22:45,160 INFO   mutate     | C-C-C                  | fitness=0.7886 | val_acc=0.3116 | bal_acc=0.2222 | min_recall=0.1009 | params=42
2026-09-07 07:22:45,162 INFO   mutate     | C-C-C-C                | fitness=0.9397 | val_acc=0.0982 | bal_acc=0.2505 | min_recall=0.0000 | params=84
2026-09-07 07:22:45,162 INFO Best so far → val_acc=0.3577  bal_acc=0.3911  min_recall=0.1892  fitness=0.6837  params=170  id=-1795928…
2026-09-07 07:22:45,163 INFO Memory table saved.
2026-09-07 07:22:45,163 INFO 
=== Evo step 2/10 ===
2026-09-07 07:22:45,163 INFO Top-3: -1795928… fit=0.6837  |  -1490299… fit=0.6904  |  -1241459… fit=1.0009
2026-09-07 07:22:45,167 INFO Generated 9 valid novel children
2026-09-07 07:26:37,669 INFO   crossover  | C-P-C-C-C-P-C-C-C-C    | fitness=0.6840 | val_acc=0.4669 | bal_acc=0.3753 | min_recall=0.0937 | params=155
2026-09-07 07:26:37,674 INFO   crossover  | C-C-C-C-C-C-C-C-P      | fitness=0.9353 | val_acc=0.4459 | bal_acc=0.2854 | min_recall=0.0270 | params=217
2026-09-07 07:26:37,677 INFO   crossover  | C-P-C-P-C-C            | fitness=0.9228 | val_acc=0.4489 | bal_acc=0.2986 | min_recall=0.0000 | params=100
2026-09-07 07:26:37,682 INFO   crossover  | C-P-C-P                | fitness=0.9473 | val_acc=0.2685 | bal_acc=0.2262 | min_recall=0.0000 | params=48
2026-09-07 07:26:37,686 INFO   crossover  | C-C-C-C-C-C-C-C-C-C    | fitness=0.6894 | val_acc=0.4679 | bal_acc=0.3854 | min_recall=0.2342 | params=214
2026-09-07 07:26:37,695 INFO   crossover  | C-C-C-C-C-C-C-C-P-C    | fitness=0.6980 | val_acc=0.4860 | bal_acc=0.3902 | min_recall=0.0909 | params=158
2026-09-07 07:26:37,699 INFO   mutate     | C-P-C-C-C-C-C-P-C-C    | fitness=0.9289 | val_acc=0.3798 | bal_acc=0.3453 | min_recall=0.0000 | params=172
2026-09-07 07:26:37,703 INFO   mutate     | C-P-C-C-C-C-C-P-C-C    | fitness=0.9243 | val_acc=0.4890 | bal_acc=0.3265 | min_recall=0.0000 | params=140
2026-09-07 07:26:37,707 INFO   mutate     | C-C-C-C-C-C-C-C-C-P    | fitness=0.7054 | val_acc=0.4699 | bal_acc=0.3646 | min_recall=0.0937 | params=148
2026-09-07 07:26:37,707 INFO Best so far → val_acc=0.3577  bal_acc=0.3911  min_recall=0.1892  fitness=0.6837  params=170  id=-1795928…
2026-09-07 07:26:37,708 INFO Memory table saved.
2026-09-07 07:26:37,708 INFO 
=== Evo step 3/10 ===
2026-09-07 07:26:37,708 INFO Top-3: -1795928… fit=0.6837  |  75730766… fit=0.6840  |  -5262517… fit=0.8914
2026-09-07 07:26:37,713 INFO Generated 9 valid novel children
2026-09-07 07:32:19,681 INFO   crossover  | C-P-C-C-C-C-C-P-C-C    | fitness=0.7090 | val_acc=0.3397 | bal_acc=0.3574 | min_recall=0.1622 | params=160
2026-09-07 07:32:19,684 INFO   crossover  | C-P-C-C-C-C-C-C        | fitness=0.9544 | val_acc=0.4850 | bal_acc=0.2994 | min_recall=0.0000 | params=152
2026-09-07 07:32:19,690 INFO   crossover  | C-P-C-C-C-P-C-C-C-P    | fitness=0.7297 | val_acc=0.4649 | bal_acc=0.3369 | min_recall=0.0909 | params=146
2026-09-07 07:32:19,692 INFO   crossover  | C-P-C-C-C-P-C-C-C-C    | fitness=0.8760 | val_acc=0.4429 | bal_acc=0.3418 | min_recall=0.0000 | params=185
2026-09-07 07:32:19,695 INFO   crossover  | C-C-C-C-C-C-C-C-P-C    | fitness=0.8898 | val_acc=0.5030 | bal_acc=0.3739 | min_recall=0.0000 | params=196
2026-09-07 07:32:19,697 INFO   crossover  | C-C-P-C-C-C-P-C-C-C    | fitness=0.8927 | val_acc=0.4739 | bal_acc=0.3656 | min_recall=0.0000 | params=132
2026-09-07 07:32:19,699 INFO   mutate     | C-P-C-C-C-C-C-C-C      | fitness=0.7366 | val_acc=0.5240 | bal_acc=0.3218 | min_recall=0.1171 | params=170
2026-09-07 07:32:19,701 INFO   mutate     | C-C-C-C-P-C-C-C-C      | fitness=0.9694 | val_acc=0.2114 | bal_acc=0.2782 | min_recall=0.0000 | params=116
2026-09-07 07:32:19,706 INFO   mutate     | C-C-C-C-C-C-C-C-C-C    | fitness=0.8965 | val_acc=0.4860 | bal_acc=0.3315 | min_recall=0.0000 | params=264
2026-09-07 07:32:19,707 INFO Best so far → val_acc=0.3577  bal_acc=0.3911  min_recall=0.1892  fitness=0.6837  params=170  id=-1795928…
2026-09-07 07:32:19,708 INFO Memory table saved.
2026-09-07 07:32:19,708 INFO 
=== Evo step 4/10 ===
2026-09-07 07:32:19,708 INFO Top-3: -1795928… fit=0.6837  |  75730766… fit=0.6840  |  -2193285… fit=0.7886
2026-09-07 07:32:19,713 INFO Generated 9 valid novel children
2026-09-07 07:36:13,235 INFO   crossover  | C-P-C-C-C-C-P-C-C-C    | fitness=0.7070 | val_acc=0.4689 | bal_acc=0.3681 | min_recall=0.0909 | params=134
2026-09-07 07:36:13,240 INFO   crossover  | C-P-C-C-C-C-C-P-C-C    | fitness=0.9464 | val_acc=0.4629 | bal_acc=0.3192 | min_recall=0.0000 | params=206
2026-09-07 07:36:13,243 INFO   crossover  | C-P-C-C-C-P-C-C-C-C    | fitness=0.6886 | val_acc=0.4439 | bal_acc=0.3467 | min_recall=0.1818 | params=137
2026-09-07 07:36:13,248 INFO   crossover  | C-P-C-C-C-P-C-C-P-C    | fitness=0.9311 | val_acc=0.4739 | bal_acc=0.3099 | min_recall=0.0000 | params=162
2026-09-07 07:36:13,251 INFO   crossover  | P-C-C                  | fitness=0.9495 | val_acc=0.3226 | bal_acc=0.2599 | min_recall=0.0000 | params=52
2026-09-07 07:36:13,256 INFO   crossover  | P-C-C-C-C              | fitness=0.9073 | val_acc=0.4749 | bal_acc=0.2640 | min_recall=0.0360 | params=99
2026-09-07 07:36:13,263 INFO   mutate     | C-P-C-C-C-C-C-P-C-C    | fitness=0.7269 | val_acc=0.4790 | bal_acc=0.3458 | min_recall=0.0909 | params=212
2026-09-07 07:36:13,265 INFO   mutate     | C-P-C-C-C-P-C-C-C-C    | fitness=0.7325 | val_acc=0.5130 | bal_acc=0.3337 | min_recall=0.0909 | params=125
2026-09-07 07:36:13,267 INFO   mutate     | P-C-C-C-C-C-C-C-C      | fitness=0.9667 | val_acc=0.4459 | bal_acc=0.2969 | min_recall=0.0000 | params=157
2026-09-07 07:36:13,267 INFO Best so far → val_acc=0.3577  bal_acc=0.3911  min_recall=0.1892  fitness=0.6837  params=170  id=-1795928…
2026-09-07 07:36:13,268 INFO Memory table saved.
2026-09-07 07:36:13,268 INFO 
=== Evo step 5/10 ===
2026-09-07 07:36:13,268 INFO Top-3: -1795928… fit=0.6837  |  75730766… fit=0.6840  |  -5942294… fit=0.6886
2026-09-07 07:36:13,273 INFO Generated 9 valid novel children
2026-09-07 07:40:14,122 INFO   crossover  | C-P-C-C-C-C-C-C-C      | fitness=0.6493 | val_acc=0.4920 | bal_acc=0.4247 | min_recall=0.1622 | params=140
2026-09-07 07:40:14,125 INFO   crossover  | C-P-C-C-C-C-C-C        | fitness=0.9522 | val_acc=0.5000 | bal_acc=0.3023 | min_recall=0.0000 | params=154
2026-09-07 07:40:14,126 INFO   crossover  | C-P-C-C-C-P-P-C-C-C    | fitness=0.9818 | val_acc=0.2826 | bal_acc=0.2727 | min_recall=0.0000 | params=120
2026-09-07 07:40:14,132 INFO   crossover  | C-P-C-C-C-P-C-C-C-C    | fitness=0.7171 | val_acc=0.4058 | bal_acc=0.3491 | min_recall=0.1171 | params=135
2026-09-07 07:40:14,134 INFO   crossover  | C-P-C-C-C-C-C-P-C-C    | fitness=0.7725 | val_acc=0.4369 | bal_acc=0.3254 | min_recall=0.0714 | params=140
2026-09-07 07:40:14,136 INFO   crossover  | C-C-C-C-P-C-C-C-C      | fitness=0.9060 | val_acc=0.4359 | bal_acc=0.3470 | min_recall=0.0000 | params=110
2026-09-07 07:40:14,138 INFO   mutate     | C-P-C-C-C-C-C-P-C-C    | fitness=0.7456 | val_acc=0.4589 | bal_acc=0.2933 | min_recall=0.0909 | params=146
2026-09-07 07:40:14,140 INFO   mutate     | C-P-C-C-C-P-C-C-C      | fitness=0.7847 | val_acc=0.3357 | bal_acc=0.2992 | min_recall=0.0714 | params=140
2026-09-07 07:40:14,142 INFO   mutate     | C-C-C-C-C              | fitness=0.9168 | val_acc=0.3717 | bal_acc=0.3076 | min_recall=0.0000 | params=102
2026-09-07 07:40:14,142 INFO Best so far → val_acc=0.4920  bal_acc=0.4247  min_recall=0.1622  fitness=0.6493  params=140  id=85762649…
2026-09-07 07:40:14,143 INFO Memory table saved.
2026-09-07 07:40:14,143 INFO 
=== Evo step 6/10 ===
2026-09-07 07:40:14,143 INFO Top-3: 85762649… fit=0.6493  |  -1795928… fit=0.6837  |  -3797846… fit=0.9353
2026-09-07 07:40:14,149 INFO Generated 9 valid novel children
2026-09-07 07:43:14,160 INFO   crossover  | C-P-C-C-P-C-C-C-C-C    | fitness=0.6977 | val_acc=0.4579 | bal_acc=0.3818 | min_recall=0.0909 | params=154
2026-09-07 07:43:14,166 INFO   crossover  | C-P-C-C-C-P-C-P-C-C    | fitness=0.7198 | val_acc=0.4850 | bal_acc=0.3505 | min_recall=0.1351 | params=127
2026-09-07 07:43:14,168 INFO   crossover  | C-P-C-C-C-C-C-P-C-C    | fitness=0.7837 | val_acc=0.4439 | bal_acc=0.3649 | min_recall=0.0721 | params=138
2026-09-07 07:43:14,170 INFO   crossover  | C-P-C-C-C-P-C-C        | fitness=0.6779 | val_acc=0.4729 | bal_acc=0.3832 | min_recall=0.2162 | params=140
2026-09-07 07:43:14,172 INFO   crossover  | C-P-C-P-C-C-C-C        | fitness=0.7164 | val_acc=0.3958 | bal_acc=0.3223 | min_recall=0.1562 | params=120
2026-09-07 07:43:14,174 INFO   crossover  | C-P-C-P-C-C-C-P-C-C    | fitness=0.9067 | val_acc=0.5130 | bal_acc=0.3222 | min_recall=0.0000 | params=128
2026-09-07 07:43:14,176 INFO   mutate     | C-P-C-C-C-C-C-C-C      | fitness=0.6812 | val_acc=0.4950 | bal_acc=0.3871 | min_recall=0.0909 | params=142
2026-09-07 07:43:14,182 INFO   mutate     | C-P-C-C-C-C-C-P-C-C    | fitness=0.6809 | val_acc=0.4589 | bal_acc=0.3676 | min_recall=0.2500 | params=170
2026-09-07 07:43:14,184 INFO   mutate     | C-C-P-C-P-C-C          | fitness=0.9773 | val_acc=0.4699 | bal_acc=0.2561 | min_recall=0.0000 | params=106
2026-09-07 07:43:14,184 INFO Best so far → val_acc=0.4920  bal_acc=0.4247  min_recall=0.1622  fitness=0.6493  params=140  id=85762649…
2026-09-07 07:43:14,185 INFO Memory table saved.
2026-09-07 07:43:14,186 INFO 
=== Evo step 7/10 ===
2026-09-07 07:43:14,186 INFO Top-3: 85762649… fit=0.6493  |  -1111548… fit=0.6779  |  -2182425… fit=0.6812
2026-09-07 07:43:14,191 INFO Generated 9 valid novel children
2026-09-07 07:47:17,027 INFO   crossover  | C-P-C-P-C-C            | fitness=0.6941 | val_acc=0.3858 | bal_acc=0.3880 | min_recall=0.0909 | params=118
2026-09-07 07:47:17,031 INFO   crossover  | C-P-C-C-C-C-C-C-C-C    | fitness=0.9278 | val_acc=0.4970 | bal_acc=0.3259 | min_recall=0.0000 | params=144
2026-09-07 07:47:17,035 INFO   crossover  | C-P-C-C-C-C-C-C-C-C    | fitness=0.7364 | val_acc=0.4439 | bal_acc=0.3453 | min_recall=0.0909 | params=176
2026-09-07 07:47:17,039 INFO   crossover  | C-P-C-C-C-P-C-P-C-C    | fitness=0.9480 | val_acc=0.4439 | bal_acc=0.3139 | min_recall=0.0000 | params=118
2026-09-07 07:47:17,041 INFO   crossover  | C-P-C-C-C-C-C          | fitness=0.7491 | val_acc=0.4078 | bal_acc=0.3191 | min_recall=0.0909 | params=110
2026-09-07 07:47:17,047 INFO   crossover  | C-P-C-C-C-C-C-C-C-P    | fitness=0.6888 | val_acc=0.4679 | bal_acc=0.3555 | min_recall=0.0909 | params=176
2026-09-07 07:47:17,049 INFO   mutate     | C-P-C-C-C-C-C-C-C      | fitness=0.6985 | val_acc=0.4880 | bal_acc=0.3765 | min_recall=0.0909 | params=158
2026-09-07 07:47:17,051 INFO   mutate     | C-P-C-C-C-P-C-C        | fitness=0.6886 | val_acc=0.4248 | bal_acc=0.3730 | min_recall=0.1441 | params=148
2026-09-07 07:47:17,053 INFO   mutate     | C-P-C-C-C-C-C-C-C      | fitness=0.8215 | val_acc=0.4920 | bal_acc=0.3584 | min_recall=0.0312 | params=134
2026-09-07 07:47:17,054 INFO Best so far → val_acc=0.4920  bal_acc=0.4247  min_recall=0.1622  fitness=0.6493  params=140  id=85762649…
2026-09-07 07:47:17,055 INFO Memory table saved.
2026-09-07 07:47:17,055 INFO 
=== Evo step 8/10 ===
2026-09-07 07:47:17,055 INFO Top-3: 85762649… fit=0.6493  |  -1111548… fit=0.6779  |  -1888562… fit=0.6809
2026-09-07 07:47:17,058 INFO Generated 9 valid novel children
2026-09-07 07:50:37,528 INFO   crossover  | C-P-C-C-C-C-C-C-C-P    | fitness=0.6943 | val_acc=0.4830 | bal_acc=0.3508 | min_recall=0.1765 | params=144
2026-09-07 07:50:37,530 INFO   crossover  | C-P-C-C-C              | fitness=0.7845 | val_acc=0.3677 | bal_acc=0.3280 | min_recall=0.0625 | params=118
2026-09-07 07:50:37,536 INFO   crossover  | C-P-C-C-C-P-C-C-C-P    | fitness=0.9501 | val_acc=0.5000 | bal_acc=0.3219 | min_recall=0.0000 | params=166
2026-09-07 07:50:37,538 INFO   crossover  | C-C-C-P-C-C            | fitness=0.9342 | val_acc=0.4749 | bal_acc=0.2626 | min_recall=0.0000 | params=130
2026-09-07 07:50:37,540 INFO   crossover  | C-P-C-C-C-C-C-C-P-C    | fitness=0.7230 | val_acc=0.4719 | bal_acc=0.3784 | min_recall=0.0811 | params=130
2026-09-07 07:50:37,542 INFO   crossover  | C-P-C-C-C-C-C-P-C-P    | fitness=0.7378 | val_acc=0.1984 | bal_acc=0.2990 | min_recall=0.1582 | params=116
2026-09-07 07:50:37,544 INFO   mutate     | C-P-C-C-C-C-C-C-C      | fitness=0.9019 | val_acc=0.4820 | bal_acc=0.3586 | min_recall=0.0000 | params=199
2026-09-07 07:50:37,546 INFO   mutate     | C-P-C-C-C-P-C          | fitness=0.7633 | val_acc=0.4148 | bal_acc=0.3318 | min_recall=0.0625 | params=106
2026-09-07 07:50:37,548 INFO   mutate     | C-P-C-P-C-P-P          | fitness=0.6582 | val_acc=0.2415 | bal_acc=0.3723 | min_recall=0.0937 | params=70
2026-09-07 07:50:37,548 INFO Best so far → val_acc=0.4920  bal_acc=0.4247  min_recall=0.1622  fitness=0.6493  params=140  id=85762649…
2026-09-07 07:50:37,550 INFO Memory table saved.
2026-09-07 07:50:37,550 INFO 
=== Evo step 9/10 ===
2026-09-07 07:50:37,550 INFO Top-3: 85762649… fit=0.6493  |  -3343789… fit=0.6582  |  -7031517… fit=0.9818
2026-09-07 07:50:37,554 INFO Generated 9 valid novel children
2026-09-07 07:54:08,827 INFO   crossover  | C-P-P                  | fitness=0.9697 | val_acc=0.0752 | bal_acc=0.1710 | min_recall=0.0392 | params=42
2026-09-07 07:54:08,836 INFO   crossover  | C-P-C-C-P              | fitness=0.7105 | val_acc=0.3788 | bal_acc=0.3402 | min_recall=0.1441 | params=86
2026-09-07 07:54:08,841 INFO   crossover  | C-P-C-C-C-C-C-C-C-C    | fitness=0.8857 | val_acc=0.4739 | bal_acc=0.3570 | min_recall=0.0000 | params=146
2026-09-07 07:54:08,845 INFO   crossover  | C-P-C-P-C-C-C-C-C-C    | fitness=0.7217 | val_acc=0.3206 | bal_acc=0.3388 | min_recall=0.0937 | params=137
2026-09-07 07:54:08,849 INFO   crossover  | C-C-C-C-C-C-P-C-C-C    | fitness=0.8335 | val_acc=0.3998 | bal_acc=0.3346 | min_recall=0.0312 | params=173
2026-09-07 07:54:08,853 INFO   crossover  | C-C-C-C-P-C-P-C-P-P    | fitness=0.8390 | val_acc=0.4749 | bal_acc=0.3418 | min_recall=0.0312 | params=146
2026-09-07 07:54:08,857 INFO   mutate     | C-P-C-C-C-C-P-C-C-C    | fitness=0.7603 | val_acc=0.4699 | bal_acc=0.3197 | min_recall=0.0909 | params=149
2026-09-07 07:54:08,867 INFO   mutate     | C-P-C-P-C-P            | fitness=0.8060 | val_acc=0.4248 | bal_acc=0.3378 | min_recall=0.0631 | params=64
2026-09-07 07:54:08,871 INFO   mutate     | C-C-C-C-C-C-P-C-C-C    | fitness=0.7323 | val_acc=0.4399 | bal_acc=0.3472 | min_recall=0.0909 | params=184
2026-09-07 07:54:08,871 INFO Best so far → val_acc=0.4920  bal_acc=0.4247  min_recall=0.1622  fitness=0.6493  params=140  id=85762649…
2026-09-07 07:54:08,873 INFO Memory table saved.
2026-09-07 07:54:08,873 INFO 
=== Evo step 10/10 ===
2026-09-07 07:54:08,874 INFO Top-3: 85762649… fit=0.6493  |  -3343789… fit=0.6582  |  -1111548… fit=0.6779
2026-09-07 07:54:08,881 INFO Generated 9 valid novel children
2026-09-07 07:57:29,837 INFO   crossover  | C-P-C-C-P-P            | fitness=0.7218 | val_acc=0.2244 | bal_acc=0.3136 | min_recall=0.1250 | params=98
2026-09-07 07:57:29,841 INFO   crossover  | C-C-C                  | fitness=0.9472 | val_acc=0.4248 | bal_acc=0.2636 | min_recall=0.0000 | params=86
2026-09-07 07:57:29,845 INFO   crossover  | C-P-C-C-C-C-C-C-C      | fitness=0.9027 | val_acc=0.4689 | bal_acc=0.3463 | min_recall=0.0000 | params=110
2026-09-07 07:57:29,849 INFO   crossover  | C-P-C-C                | fitness=0.9397 | val_acc=0.3076 | bal_acc=0.2385 | min_recall=0.0360 | params=52
2026-09-07 07:57:29,853 INFO   crossover  | C-P-C-C-C-P-C-C-C-C    | fitness=0.6479 | val_acc=0.3768 | bal_acc=0.4088 | min_recall=0.2727 | params=142
2026-09-07 07:57:29,857 INFO   crossover  | C-P-C-C-C-P-C-C-P-C    | fitness=0.9471 | val_acc=0.5251 | bal_acc=0.3144 | min_recall=0.0180 | params=150
2026-09-07 07:57:29,866 INFO   mutate     | C-P-C-C-C-C-C-C        | fitness=0.7203 | val_acc=0.5180 | bal_acc=0.3514 | min_recall=0.0909 | params=121
2026-09-07 07:57:29,870 INFO   mutate     | C-P-C-C-P-P            | fitness=0.7929 | val_acc=0.1353 | bal_acc=0.3058 | min_recall=0.0597 | params=68
2026-09-07 07:57:29,874 INFO   mutate     | C-P-C-C-C-P-C-C        | fitness=0.9064 | val_acc=0.4559 | bal_acc=0.3631 | min_recall=0.0000 | params=112
2026-09-07 07:57:29,874 INFO Best so far → val_acc=0.3768  bal_acc=0.4088  min_recall=0.2727  fitness=0.6479  params=142  id=-7924543…
2026-09-07 07:57:29,876 INFO Memory table saved.
2026-09-07 07:57:29,876 INFO 
=== SEARCH COMPLETE ===
2026-09-07 07:57:29,876 INFO Best val_acc  : 0.3768
2026-09-07 07:57:29,876 INFO Best bal_acc  : 0.4088  (mean per-class recall)
2026-09-07 07:57:29,876 INFO Min recall    : 0.2727  (worst class)
2026-09-07 07:57:29,876 INFO Best fitness  : 0.6479
2026-09-07 07:57:29,876 INFO Params        : 142
2026-09-07 07:57:29,876 INFO Layers        : 10  (8 conv + 2 pool)
2026-09-07 07:57:29,876 INFO Circuit structure:
2026-09-07 07:57:29,876 INFO   Structure: C-P-C-C-C-P-C-C-C-C  (10 layers = 8 conv + 2 pool)
2026-09-07 07:57:29,876 INFO   Layer 0 CONV  gate=U_5        stride=6 step=3 offset=0 boundary=periodic
2026-09-07 07:57:29,876 INFO   Layer 1 POOL  gate=pool_U       pattern=*1
2026-09-07 07:57:29,876 INFO   Layer 2 CONV  gate=U_13       stride=7 step=1 offset=0 boundary=open
2026-09-07 07:57:29,876 INFO   Layer 3 CONV  gate=U_TTN      stride=2 step=6 offset=0 boundary=periodic
2026-09-07 07:57:29,876 INFO   Layer 4 CONV  gate=U_gate     stride=1 step=5 offset=1 boundary=periodic
2026-09-07 07:57:29,876 INFO   Layer 5 POOL  gate=pool_U       pattern=010
2026-09-07 07:57:29,876 INFO   Layer 6 CONV  gate=U_15       stride=3 step=3 offset=1 boundary=open
2026-09-07 07:57:29,876 INFO   Layer 7 CONV  gate=U_SO4      stride=5 step=1 offset=0 boundary=periodic
2026-09-07 07:57:29,876 INFO   Layer 8 CONV  gate=U_TTN      stride=2 step=6 offset=0 boundary=periodic
2026-09-07 07:57:29,876 INFO   Layer 9 CONV  gate=U_SU4      stride=6 step=6 offset=1 boundary=open
2026-09-07 07:57:29,876 INFO   Qubits surviving: 5 → [0, 2, 3, 5, 6]  | readout wires = [0, 2, 3]
2026-09-07 07:57:29,876 INFO 
============================================================
2026-09-07 07:57:29,876 INFO FINAL TRAINING — DermaMNIST 7-class QCNN
2026-09-07 07:57:29,876 INFO ============================================================
2026-09-07 07:57:29,876 INFO   Structure: C-P-C-C-C-P-C-C-C-C  (10 layers = 8 conv + 2 pool)
2026-09-07 07:57:29,876 INFO   Layer 0 CONV  gate=U_5        stride=6 step=3 offset=0 boundary=periodic
2026-09-07 07:57:29,876 INFO   Layer 1 POOL  gate=pool_U       pattern=*1
2026-09-07 07:57:29,876 INFO   Layer 2 CONV  gate=U_13       stride=7 step=1 offset=0 boundary=open
2026-09-07 07:57:29,876 INFO   Layer 3 CONV  gate=U_TTN      stride=2 step=6 offset=0 boundary=periodic
2026-09-07 07:57:29,876 INFO   Layer 4 CONV  gate=U_gate     stride=1 step=5 offset=1 boundary=periodic
2026-09-07 07:57:29,876 INFO   Layer 5 POOL  gate=pool_U       pattern=010
2026-09-07 07:57:29,876 INFO   Layer 6 CONV  gate=U_15       stride=3 step=3 offset=1 boundary=open
2026-09-07 07:57:29,876 INFO   Layer 7 CONV  gate=U_SO4      stride=5 step=1 offset=0 boundary=periodic
2026-09-07 07:57:29,876 INFO   Layer 8 CONV  gate=U_TTN      stride=2 step=6 offset=0 boundary=periodic
2026-09-07 07:57:29,876 INFO   Layer 9 CONV  gate=U_SU4      stride=6 step=6 offset=1 boundary=open
2026-09-07 07:57:29,877 INFO   Qubits surviving: 5 → [0, 2, 3, 5, 6]  | readout wires = [0, 2, 3]
2026-09-07 07:57:29,877 INFO Circuit: 10 layers (8 conv + 2 pool), 142 trainable parameters.
2026-09-07 07:58:35,684 INFO Epoch    1/100 | loss=1.8361 | val_acc=0.4359 | bal_acc=0.3555 | min_recall=0.081 | lr=0.005000
2026-09-07 08:23:49,075 INFO Epoch   20/100 | loss=1.7428 | val_acc=0.5080 | bal_acc=0.3463 | min_recall=0.000 | lr=0.005000
2026-09-07 08:50:51,896 INFO Epoch   40/100 | loss=1.7366 | val_acc=0.5130 | bal_acc=0.3786 | min_recall=0.182 | lr=0.005000
2026-09-07 09:18:40,252 INFO Epoch   60/100 | loss=1.7300 | val_acc=0.5130 | bal_acc=0.3536 | min_recall=0.091 | lr=0.002500
2026-09-07 09:45:57,145 INFO Epoch   80/100 | loss=1.7293 | val_acc=0.4379 | bal_acc=0.3348 | min_recall=0.182 | lr=0.002500
2026-09-07 10:13:20,159 INFO Epoch  100/100 | loss=1.7289 | val_acc=0.5060 | bal_acc=0.3487 | min_recall=0.091 | lr=0.001250
2026-09-07 10:13:20,159 INFO Training log saved → experiments/pca16/sweep/lr_high_001/training_log.csv
2026-09-07 10:13:20,159 INFO Best val fitness: 0.5636
2026-09-07 10:13:20,160 INFO 
--- Test evaluation (best-val checkpoint) ---
2026-09-07 10:13:20,770 INFO Test accuracy    : 0.4652
Test bal. acc    : 0.3399  (mean per-class recall)
Per-class recall : ['0.2800', '0.3974', '0.2771', '0.2778', '0.5476', '0.5084', '0.0909']
Min recall       : 0.0909
Test ROC-AUC OvR : 0.7307
2026-09-07 10:13:20,773 INFO 
              precision    recall  f1-score   support

       akiec       0.22      0.28      0.25        50
         bcc       0.17      0.40      0.24        78
         bkl       0.38      0.28      0.32       166
          df       0.04      0.28      0.07        18
         mel       0.23      0.55      0.33       168
          nv       0.94      0.51      0.66      1007
        vasc       0.03      0.09      0.05        22

    accuracy                           0.47      1509
   macro avg       0.29      0.34      0.27      1509
weighted avg       0.71      0.47      0.53      1509

2026-09-07 10:13:21,076 INFO Plots saved.
2026-09-07 10:13:21,854 INFO Failed to extract font properties from /usr/share/fonts/truetype/noto/NotoColorEmoji.ttf: Can not load face (unknown file format; error code 0x2)
2026-09-07 10:13:22,794 INFO Circuit diagram saved.
2026-09-07 10:13:22,796 INFO 
Run 'lr_high' complete → {'accuracy': 0.46520874751491054, 'bal_acc': 0.33989873724636926, 'per_class_recalls': [0.279999999944, 0.39743589738494417, 0.27710843371824645, 0.2777777776234568, 0.5476190475864512, 0.5084409135997175, 0.09090909086776859], 'roc_auc_ovr': 0.7306885191093108}
2026-09-07 10:13:22,796 INFO 
>>> PCA-16 sweep run 3/11: lr_low
