2026-09-07 15:40:45,821 INFO 
============================================================
2026-09-07 15:40:45,821 INFO SWEEP RUN: short_circuits  (PCA-8)
2026-09-07 15:40:45,821 INFO Params: {'label': 'short_circuits', 'LR_EVAL': 0.003, 'N_EPOCHS_EVAL': 60, 'INIT_POP': 10, 'MAX_EVO_STEPS': 10, 'MIN_LAYERS': 2, 'MAX_LAYERS': 5, 'W_CLASS': [0.08, 0.14, 0.125, 0.125, 0.28, 0.125, 0.125]}
2026-09-07 15:40:45,821 INFO ============================================================
2026-09-07 15:40:45,821 INFO 
--- Linear classifier baseline (on 8 PCA features) ---
2026-09-07 15:40:46,756 INFO   val   | acc=0.4709 | bal_acc=0.3737 | min_recall=0.2727 | auc=0.7808
2026-09-07 15:40:46,756 INFO          per-class: ['0.344', '0.392', '0.422', '0.273', '0.387', '0.512', '0.286']
2026-09-07 15:40:46,761 INFO   test  | acc=0.4639 | bal_acc=0.3481 | min_recall=0.1818 | auc=0.7501
2026-09-07 15:40:46,761 INFO          per-class: ['0.320', '0.372', '0.325', '0.278', '0.446', '0.513', '0.182']
2026-09-07 15:40:46,761 INFO Linear baseline saved → experiments/pca8/sweep/short_circuits_001/linear_baseline.json
2026-09-07 15:40:46,768 INFO Subsampling search training set: 35196 → 2000
2026-09-07 15:40:46,779 INFO Evaluating initial population...
2026-09-07 15:40:46,779 INFO Config: LR=0.003  epochs=60  pop=10  steps=10  W_CLASS=[0.08, 0.14, 0.125, 0.125, 0.28, 0.125, 0.125]
2026-09-07 15:40:46,779 INFO Encoding: single (RY per qubit), 8 PCA components → 8 qubits
2026-09-07 15:40:46,779 INFO Structure: variable length 2–5 layers  | P_CONV=0.6  | min conv=1  | min pool=0  | readout qubits=3
2026-09-07 15:40:46,814 INFO Initial population: 10 valid genotypes
2026-09-07 15:42:04,705 INFO   random     | C-C-P                  | fitness=0.7768 | val_acc=0.1754 | bal_acc=0.2625 | min_recall=0.1081 | params=63
2026-09-07 15:42:04,707 INFO   random     | C-C-C                  | fitness=0.8537 | val_acc=0.1443 | bal_acc=0.2716 | min_recall=0.0392 | params=38
2026-09-07 15:42:04,709 INFO   random     | C-C                    | fitness=1.0752 | val_acc=0.0521 | bal_acc=0.1220 | min_recall=0.0000 | params=12
2026-09-07 15:42:04,711 INFO   random     | C-C-C-C                | fitness=0.9427 | val_acc=0.3918 | bal_acc=0.2913 | min_recall=0.0000 | params=102
2026-09-07 15:42:04,713 INFO   random     | C-P-C-C-C              | fitness=0.9596 | val_acc=0.4329 | bal_acc=0.2891 | min_recall=0.0000 | params=77
2026-09-07 15:42:04,715 INFO   random     | C-C-C                  | fitness=0.9727 | val_acc=0.2154 | bal_acc=0.2551 | min_recall=0.0000 | params=80
2026-09-07 15:42:04,716 INFO   random     | C-P                    | fitness=1.0205 | val_acc=0.0421 | bal_acc=0.1721 | min_recall=0.0000 | params=42
2026-09-07 15:42:04,718 INFO   random     | C-C-C-C                | fitness=0.9322 | val_acc=0.0882 | bal_acc=0.2290 | min_recall=0.0179 | params=68
2026-09-07 15:42:04,720 INFO   random     | C-P                    | fitness=1.0686 | val_acc=0.1062 | bal_acc=0.1144 | min_recall=0.0000 | params=6
2026-09-07 15:42:04,722 INFO   random     | C-P-C-C                | fitness=1.0406 | val_acc=0.1954 | bal_acc=0.1870 | min_recall=0.0000 | params=78
2026-09-07 15:42:04,722 INFO 
=== Evo step 1/10 ===
2026-09-07 15:42:04,722 INFO Top-3: -5747014… fit=0.7768  |  -9221823… fit=0.8537  |  80205929… fit=0.9322
2026-09-07 15:42:04,724 INFO Generated 9 valid novel children
2026-09-07 15:43:56,717 INFO   crossover  | C-C-C                  | fitness=0.9671 | val_acc=0.1343 | bal_acc=0.2174 | min_recall=0.0000 | params=49
2026-09-07 15:43:56,721 INFO   crossover  | C-C-C-C-C              | fitness=0.9396 | val_acc=0.3667 | bal_acc=0.2520 | min_recall=0.0183 | params=135
2026-09-07 15:43:56,725 INFO   crossover  | C-C-P                  | fitness=1.0719 | val_acc=0.1172 | bal_acc=0.1528 | min_recall=0.0000 | params=52
2026-09-07 15:43:56,733 INFO   crossover  | C-C-C-C-C              | fitness=0.8330 | val_acc=0.4489 | bal_acc=0.2633 | min_recall=0.0714 | params=118
2026-09-07 15:43:56,737 INFO   crossover  | C-P                    | fitness=0.9915 | val_acc=0.3347 | bal_acc=0.2419 | min_recall=0.0000 | params=96
2026-09-07 15:43:56,741 INFO   crossover  | C-C-C-C-C              | fitness=0.8900 | val_acc=0.4439 | bal_acc=0.3028 | min_recall=0.0360 | params=112
2026-09-07 15:43:56,745 INFO   mutate     | C-C-C-P                | fitness=0.9456 | val_acc=0.1082 | bal_acc=0.2605 | min_recall=0.0000 | params=75
2026-09-07 15:43:56,749 INFO   mutate     | C-C                    | fitness=0.9808 | val_acc=0.1062 | bal_acc=0.2146 | min_recall=0.0000 | params=28
2026-09-07 15:43:56,753 INFO   mutate     | C-C-C-P-C              | fitness=0.9319 | val_acc=0.4419 | bal_acc=0.3205 | min_recall=0.0000 | params=130
2026-09-07 15:43:56,753 INFO Best so far → val_acc=0.1754  bal_acc=0.2625  min_recall=0.1081  fitness=0.7768  params=63  id=-5747014…
2026-09-07 15:43:56,754 INFO Memory table saved.
2026-09-07 15:43:56,754 INFO 
=== Evo step 2/10 ===
2026-09-07 15:43:56,754 INFO Top-3: -5747014… fit=0.7768  |  64397159… fit=0.8330  |  -9221823… fit=0.8537
2026-09-07 15:43:56,758 INFO Generated 9 valid novel children
2026-09-07 15:45:27,577 INFO   crossover  | C-C-C-C-C              | fitness=0.8997 | val_acc=0.4248 | bal_acc=0.2749 | min_recall=0.0459 | params=126
2026-09-07 15:45:27,580 INFO   crossover  | C-C-C-C-C              | fitness=0.7582 | val_acc=0.2315 | bal_acc=0.2785 | min_recall=0.1009 | params=77
2026-09-07 15:45:27,581 INFO   crossover  | C-C-C-C-C              | fitness=0.7442 | val_acc=0.2776 | bal_acc=0.3186 | min_recall=0.0909 | params=127
2026-09-07 15:45:27,583 INFO   crossover  | C-C-C-C-C              | fitness=0.9133 | val_acc=0.4218 | bal_acc=0.3423 | min_recall=0.0000 | params=128
2026-09-07 15:45:27,585 INFO   crossover  | C-C-P                  | fitness=0.8536 | val_acc=0.2555 | bal_acc=0.2395 | min_recall=0.0784 | params=55
2026-09-07 15:45:27,587 INFO   crossover  | C-C-C                  | fitness=1.0316 | val_acc=0.0641 | bal_acc=0.2037 | min_recall=0.0000 | params=34
2026-09-07 15:45:27,589 INFO   mutate     | C-C                    | fitness=0.9673 | val_acc=0.1042 | bal_acc=0.2057 | min_recall=0.0000 | params=26
2026-09-07 15:45:27,594 INFO   mutate     | C-C-C-C                | fitness=0.8025 | val_acc=0.1884 | bal_acc=0.2372 | min_recall=0.0909 | params=46
2026-09-07 15:45:27,596 INFO   mutate     | C-C-C                  | fitness=1.0497 | val_acc=0.0661 | bal_acc=0.1440 | min_recall=0.0000 | params=38
2026-09-07 15:45:27,597 INFO Best so far → val_acc=0.2776  bal_acc=0.3186  min_recall=0.0909  fitness=0.7442  params=127  id=-5595223…
2026-09-07 15:45:27,597 INFO Memory table saved.
2026-09-07 15:45:27,597 INFO 
=== Evo step 3/10 ===
2026-09-07 15:45:27,597 INFO Top-3: -5595223… fit=0.7442  |  39894023… fit=0.7582  |  -5747014… fit=0.7768
2026-09-07 15:45:27,600 INFO Generated 9 valid novel children
2026-09-07 15:47:07,395 INFO   crossover  | C-C-C-C                | fitness=0.9284 | val_acc=0.1884 | bal_acc=0.3195 | min_recall=0.0000 | params=104
2026-09-07 15:47:07,400 INFO   crossover  | C-C-C-C-P              | fitness=0.9435 | val_acc=0.3868 | bal_acc=0.3128 | min_recall=0.0000 | params=136
2026-09-07 15:47:07,404 INFO   crossover  | C-C-C-C-C              | fitness=0.9259 | val_acc=0.4549 | bal_acc=0.3291 | min_recall=0.0000 | params=133
2026-09-07 15:47:07,408 INFO   crossover  | C-C-C-P                | fitness=0.7295 | val_acc=0.4699 | bal_acc=0.3321 | min_recall=0.0909 | params=78
2026-09-07 15:47:07,411 INFO   crossover  | C-C-C-C-C              | fitness=0.9374 | val_acc=0.4068 | bal_acc=0.2772 | min_recall=0.0000 | params=135
2026-09-07 15:47:07,416 INFO   crossover  | C-C-C-C-C              | fitness=0.9346 | val_acc=0.3517 | bal_acc=0.3101 | min_recall=0.0000 | params=82
2026-09-07 15:47:07,419 INFO   mutate     | C-C-C-C-C              | fitness=0.9153 | val_acc=0.3818 | bal_acc=0.3364 | min_recall=0.0000 | params=116
2026-09-07 15:47:07,424 INFO   mutate     | C-C-C-C                | fitness=0.9154 | val_acc=0.1403 | bal_acc=0.2970 | min_recall=0.0000 | params=62
2026-09-07 15:47:07,427 INFO   mutate     | C-C-P                  | fitness=0.8179 | val_acc=0.4248 | bal_acc=0.3092 | min_recall=0.0631 | params=63
2026-09-07 15:47:07,427 INFO Best so far → val_acc=0.4699  bal_acc=0.3321  min_recall=0.0909  fitness=0.7295  params=78  id=31290894…
2026-09-07 15:47:07,428 INFO Memory table saved.
2026-09-07 15:47:07,429 INFO 
=== Evo step 4/10 ===
2026-09-07 15:47:07,429 INFO Top-3: 31290894… fit=0.7295  |  -5595223… fit=0.7442  |  39894023… fit=0.7582
2026-09-07 15:47:07,432 INFO Generated 9 valid novel children
2026-09-07 15:49:18,221 INFO   crossover  | C-C-C-P-C              | fitness=0.9570 | val_acc=0.4238 | bal_acc=0.2935 | min_recall=0.0000 | params=114
2026-09-07 15:49:18,228 INFO   crossover  | C-C                    | fitness=0.9520 | val_acc=0.1082 | bal_acc=0.2257 | min_recall=0.0000 | params=34
2026-09-07 15:49:18,230 INFO   crossover  | C-C-C-P                | fitness=0.6825 | val_acc=0.3868 | bal_acc=0.3490 | min_recall=0.1818 | params=127
2026-09-07 15:49:18,231 INFO   crossover  | C-C-C-C-C              | fitness=0.6789 | val_acc=0.4248 | bal_acc=0.3838 | min_recall=0.0909 | params=143
2026-09-07 15:49:18,233 INFO   crossover  | C-C-C-C-C              | fitness=0.9666 | val_acc=0.0882 | bal_acc=0.2410 | min_recall=0.0000 | params=93
2026-09-07 15:49:18,235 INFO   crossover  | C-C-C-C-C              | fitness=0.9753 | val_acc=0.3607 | bal_acc=0.2246 | min_recall=0.0000 | params=78
2026-09-07 15:49:18,237 INFO   mutate     | C-C-C-C-P              | fitness=0.7103 | val_acc=0.4038 | bal_acc=0.3457 | min_recall=0.1802 | params=158
2026-09-07 15:49:18,238 INFO   mutate     | C-C-C                  | fitness=0.9826 | val_acc=0.4168 | bal_acc=0.2630 | min_recall=0.0000 | params=92
2026-09-07 15:49:18,242 INFO   mutate     | C-C-C-C                | fitness=0.9575 | val_acc=0.2946 | bal_acc=0.2655 | min_recall=0.0000 | params=67
2026-09-07 15:49:18,242 INFO Best so far → val_acc=0.4248  bal_acc=0.3838  min_recall=0.0909  fitness=0.6789  params=143  id=66436424…
2026-09-07 15:49:18,243 INFO Memory table saved.
2026-09-07 15:49:18,243 INFO 
=== Evo step 5/10 ===
2026-09-07 15:49:18,243 INFO Top-3: 66436424… fit=0.6789  |  38171671… fit=0.6825  |  15627268… fit=0.7103
2026-09-07 15:49:18,245 INFO Generated 9 valid novel children
2026-09-07 15:51:17,430 INFO   crossover  | C-C-C-C-C              | fitness=0.7320 | val_acc=0.4289 | bal_acc=0.3314 | min_recall=0.0909 | params=199
2026-09-07 15:51:17,435 INFO   crossover  | C-C-C                  | fitness=0.9061 | val_acc=0.1202 | bal_acc=0.2192 | min_recall=0.0392 | params=44
2026-09-07 15:51:17,439 INFO   crossover  | C-C-C                  | fitness=0.9800 | val_acc=0.1222 | bal_acc=0.2109 | min_recall=0.0000 | params=47
2026-09-07 15:51:17,443 INFO   crossover  | C-C-C                  | fitness=0.9291 | val_acc=0.4319 | bal_acc=0.3238 | min_recall=0.0000 | params=100
2026-09-07 15:51:17,447 INFO   crossover  | C-C                    | fitness=0.9873 | val_acc=0.1212 | bal_acc=0.1870 | min_recall=0.0000 | params=32
2026-09-07 15:51:17,451 INFO   crossover  | C-C-C-P                | fitness=1.0084 | val_acc=0.1834 | bal_acc=0.2374 | min_recall=0.0000 | params=67
2026-09-07 15:51:17,459 INFO   mutate     | C-C-C-C-C              | fitness=0.9446 | val_acc=0.4188 | bal_acc=0.3185 | min_recall=0.0000 | params=129
2026-09-07 15:51:17,463 INFO   mutate     | C-C                    | fitness=1.0043 | val_acc=0.0651 | bal_acc=0.2041 | min_recall=0.0000 | params=22
2026-09-07 15:51:17,468 INFO   mutate     | C-C-P-C                | fitness=0.9967 | val_acc=0.2495 | bal_acc=0.2105 | min_recall=0.0000 | params=34
2026-09-07 15:51:17,468 INFO Best so far → val_acc=0.4248  bal_acc=0.3838  min_recall=0.0909  fitness=0.6789  params=143  id=66436424…
2026-09-07 15:51:17,468 INFO Memory table saved.
2026-09-07 15:51:17,469 INFO 
=== Evo step 6/10 ===
2026-09-07 15:51:17,469 INFO Top-3: 66436424… fit=0.6789  |  38171671… fit=0.6825  |  15627268… fit=0.7103
2026-09-07 15:51:17,470 INFO Generated 9 valid novel children
2026-09-07 15:54:22,786 INFO   crossover  | C-C-C-C-P              | fitness=0.7836 | val_acc=0.2625 | bal_acc=0.2532 | min_recall=0.0909 | params=151
2026-09-07 15:54:22,795 INFO   crossover  | C-C-C-C-C              | fitness=0.7077 | val_acc=0.3938 | bal_acc=0.3482 | min_recall=0.1818 | params=176
2026-09-07 15:54:22,800 INFO   crossover  | C-C-C-C                | fitness=0.7117 | val_acc=0.2655 | bal_acc=0.3198 | min_recall=0.0909 | params=71
2026-09-07 15:54:22,804 INFO   crossover  | C-C-C-P-C              | fitness=0.7061 | val_acc=0.4238 | bal_acc=0.3408 | min_recall=0.1818 | params=133
2026-09-07 15:54:22,808 INFO   crossover  | C-P-C-C                | fitness=0.9584 | val_acc=0.3236 | bal_acc=0.2860 | min_recall=0.0090 | params=40
2026-09-07 15:54:22,812 INFO   crossover  | C-P-C-C-C              | fitness=0.9879 | val_acc=0.2455 | bal_acc=0.2217 | min_recall=0.0000 | params=82
2026-09-07 15:54:22,815 INFO   mutate     | C-C-C-C                | fitness=0.7228 | val_acc=0.4339 | bal_acc=0.3530 | min_recall=0.0734 | params=128
2026-09-07 15:54:22,820 INFO   mutate     | C-P-C-C-P              | fitness=0.8537 | val_acc=0.2465 | bal_acc=0.2882 | min_recall=0.0312 | params=114
2026-09-07 15:54:22,828 INFO   mutate     | C-C-C-C                | fitness=0.8948 | val_acc=0.4098 | bal_acc=0.3390 | min_recall=0.0000 | params=94
2026-09-07 15:54:22,828 INFO Best so far → val_acc=0.4248  bal_acc=0.3838  min_recall=0.0909  fitness=0.6789  params=143  id=66436424…
2026-09-07 15:54:22,830 INFO Memory table saved.
2026-09-07 15:54:22,830 INFO 
=== Evo step 7/10 ===
2026-09-07 15:54:22,830 INFO Top-3: 66436424… fit=0.6789  |  38171671… fit=0.6825  |  -7135278… fit=0.7061
2026-09-07 15:54:22,833 INFO Generated 9 valid novel children
2026-09-07 15:58:30,208 INFO   crossover  | C-C-C-C-P              | fitness=0.9280 | val_acc=0.3778 | bal_acc=0.3159 | min_recall=0.0000 | params=199
2026-09-07 15:58:30,210 INFO   crossover  | C-C-C                  | fitness=0.9744 | val_acc=0.2295 | bal_acc=0.2432 | min_recall=0.0000 | params=50
2026-09-07 15:58:30,212 INFO   crossover  | C-C-C-C-C              | fitness=0.9003 | val_acc=0.3768 | bal_acc=0.3380 | min_recall=0.0000 | params=143
2026-09-07 15:58:30,214 INFO   crossover  | C-C-C-P-C              | fitness=0.6951 | val_acc=0.4760 | bal_acc=0.3612 | min_recall=0.0909 | params=127
2026-09-07 15:58:30,216 INFO   crossover  | C-C-C                  | fitness=0.9541 | val_acc=0.3026 | bal_acc=0.2549 | min_recall=0.0000 | params=55
2026-09-07 15:58:30,218 INFO   crossover  | C-C-C-C-P              | fitness=0.9087 | val_acc=0.3116 | bal_acc=0.3450 | min_recall=0.0000 | params=151
2026-09-07 15:58:30,219 INFO   mutate     | C-C-C-C                | fitness=0.9445 | val_acc=0.2786 | bal_acc=0.2870 | min_recall=0.0000 | params=119
2026-09-07 15:58:30,222 INFO   mutate     | C-C-C-P                | fitness=0.7527 | val_acc=0.4118 | bal_acc=0.3152 | min_recall=0.0909 | params=124
2026-09-07 15:58:30,224 INFO   mutate     | C-P-C-C-P              | fitness=0.7483 | val_acc=0.2184 | bal_acc=0.2591 | min_recall=0.0909 | params=58
2026-09-07 15:58:30,224 INFO Best so far → val_acc=0.4248  bal_acc=0.3838  min_recall=0.0909  fitness=0.6789  params=143  id=66436424…
2026-09-07 15:58:30,226 INFO Memory table saved.
2026-09-07 15:58:30,226 INFO 
=== Evo step 8/10 ===
2026-09-07 15:58:30,226 INFO Top-3: 66436424… fit=0.6789  |  38171671… fit=0.6825  |  -1692771… fit=0.9666
2026-09-07 15:58:30,229 INFO Generated 9 valid novel children
2026-09-07 16:02:17,303 INFO   crossover  | C-P                    | fitness=0.9667 | val_acc=0.2084 | bal_acc=0.1980 | min_recall=0.0392 | params=40
2026-09-07 16:02:17,309 INFO   crossover  | C-C-C-C-C              | fitness=0.8763 | val_acc=0.4359 | bal_acc=0.3402 | min_recall=0.0000 | params=200
2026-09-07 16:02:17,311 INFO   crossover  | C-C-C-C-C              | fitness=0.9108 | val_acc=0.4198 | bal_acc=0.3342 | min_recall=0.0000 | params=199
2026-09-07 16:02:17,313 INFO   crossover  | C-C-C-C-C              | fitness=0.6948 | val_acc=0.4349 | bal_acc=0.3736 | min_recall=0.0909 | params=191
2026-09-07 16:02:17,315 INFO   crossover  | C-C-C-C-C              | fitness=0.7454 | val_acc=0.4098 | bal_acc=0.3064 | min_recall=0.0909 | params=199
2026-09-07 16:02:17,316 INFO   crossover  | C-C-C-C-P              | fitness=0.7705 | val_acc=0.2715 | bal_acc=0.2819 | min_recall=0.1712 | params=142
2026-09-07 16:02:17,318 INFO   mutate     | C-C-C-P-C              | fitness=0.7184 | val_acc=0.4729 | bal_acc=0.3197 | min_recall=0.0909 | params=124
2026-09-07 16:02:17,320 INFO   mutate     | C-C                    | fitness=0.9764 | val_acc=0.1142 | bal_acc=0.2141 | min_recall=0.0000 | params=22
2026-09-07 16:02:17,322 INFO   mutate     | C-C-C-P-C              | fitness=0.8720 | val_acc=0.3747 | bal_acc=0.3226 | min_recall=0.0000 | params=119
2026-09-07 16:02:17,322 INFO Best so far → val_acc=0.4248  bal_acc=0.3838  min_recall=0.0909  fitness=0.6789  params=143  id=66436424…
2026-09-07 16:02:17,324 INFO Memory table saved.
2026-09-07 16:02:17,324 INFO 
=== Evo step 9/10 ===
2026-09-07 16:02:17,324 INFO Top-3: 66436424… fit=0.6789  |  38171671… fit=0.6825  |  -6429244… fit=0.9596
2026-09-07 16:02:17,329 INFO Generated 9 valid novel children
2026-09-07 16:05:54,848 INFO   crossover  | C-C-C-C-C              | fitness=0.9225 | val_acc=0.4088 | bal_acc=0.3399 | min_recall=0.0000 | params=142
2026-09-07 16:05:54,850 INFO   crossover  | C-C-C-C                | fitness=0.9343 | val_acc=0.3737 | bal_acc=0.3077 | min_recall=0.0000 | params=184
2026-09-07 16:05:54,852 INFO   crossover  | C-C-C                  | fitness=0.9211 | val_acc=0.3818 | bal_acc=0.3424 | min_recall=0.0000 | params=104
2026-09-07 16:05:54,854 INFO   crossover  | C-C-C-C-C              | fitness=0.8751 | val_acc=0.4589 | bal_acc=0.3550 | min_recall=0.0000 | params=190
2026-09-07 16:05:54,856 INFO   crossover  | C-C-C-C-C              | fitness=0.9109 | val_acc=0.5100 | bal_acc=0.3792 | min_recall=0.0000 | params=143
2026-09-07 16:05:54,862 INFO   crossover  | C-C-C-C-C              | fitness=0.9028 | val_acc=0.4158 | bal_acc=0.3360 | min_recall=0.0000 | params=135
2026-09-07 16:05:54,865 INFO   mutate     | C-C-C-C-P              | fitness=0.9303 | val_acc=0.4329 | bal_acc=0.3239 | min_recall=0.0000 | params=151
2026-09-07 16:05:54,866 INFO   mutate     | C-C-C-C                | fitness=0.9125 | val_acc=0.4188 | bal_acc=0.3388 | min_recall=0.0000 | params=127
2026-09-07 16:05:54,868 INFO   mutate     | C-C-C-C                | fitness=0.6907 | val_acc=0.4188 | bal_acc=0.3707 | min_recall=0.1818 | params=176
2026-09-07 16:05:54,869 INFO Best so far → val_acc=0.4248  bal_acc=0.3838  min_recall=0.0909  fitness=0.6789  params=143  id=66436424…
2026-09-07 16:05:54,871 INFO Memory table saved.
2026-09-07 16:05:54,871 INFO 
=== Evo step 10/10 ===
2026-09-07 16:05:54,871 INFO Top-3: 66436424… fit=0.6789  |  38171671… fit=0.6825  |  -6104554… fit=0.9259
2026-09-07 16:05:54,876 INFO Generated 9 valid novel children
2026-09-07 16:08:56,481 INFO   crossover  | C-C-C-C-C              | fitness=0.7449 | val_acc=0.4429 | bal_acc=0.3220 | min_recall=0.0909 | params=199
2026-09-07 16:08:56,485 INFO   crossover  | C-C-P                  | fitness=0.6956 | val_acc=0.3317 | bal_acc=0.2983 | min_recall=0.1250 | params=112
2026-09-07 16:08:56,489 INFO   crossover  | C-C-C-C-C              | fitness=0.7246 | val_acc=0.3257 | bal_acc=0.3267 | min_recall=0.0909 | params=134
2026-09-07 16:08:56,493 INFO   crossover  | C-C-C-P-C              | fitness=0.6356 | val_acc=0.4810 | bal_acc=0.4027 | min_recall=0.1818 | params=133
2026-09-07 16:08:56,497 INFO   crossover  | C-C-P-C-C              | fitness=0.9506 | val_acc=0.3687 | bal_acc=0.2757 | min_recall=0.0000 | params=60
2026-09-07 16:08:56,501 INFO   crossover  | C-C-C-C-P              | fitness=0.6902 | val_acc=0.4018 | bal_acc=0.3748 | min_recall=0.0909 | params=139
2026-09-07 16:08:56,505 INFO   mutate     | C-C-C-P                | fitness=0.8942 | val_acc=0.4699 | bal_acc=0.3391 | min_recall=0.0000 | params=116
2026-09-07 16:08:56,514 INFO   mutate     | C-C-C-P                | fitness=0.7163 | val_acc=0.4529 | bal_acc=0.3285 | min_recall=0.0909 | params=109
2026-09-07 16:08:56,518 INFO   mutate     | C-C-P                  | fitness=0.7957 | val_acc=0.1784 | bal_acc=0.2379 | min_recall=0.1284 | params=44
2026-09-07 16:08:56,518 INFO Best so far → val_acc=0.4810  bal_acc=0.4027  min_recall=0.1818  fitness=0.6356  params=133  id=12224737…
2026-09-07 16:08:56,520 INFO Memory table saved.
2026-09-07 16:08:56,520 INFO 
=== SEARCH COMPLETE ===
2026-09-07 16:08:56,520 INFO Best val_acc  : 0.4810
2026-09-07 16:08:56,521 INFO Best bal_acc  : 0.4027  (mean per-class recall)
2026-09-07 16:08:56,521 INFO Min recall    : 0.1818  (worst class)
2026-09-07 16:08:56,521 INFO Best fitness  : 0.6356
2026-09-07 16:08:56,521 INFO Params        : 133
2026-09-07 16:08:56,521 INFO Layers        : 5  (4 conv + 1 pool)
2026-09-07 16:08:56,521 INFO Circuit structure:
2026-09-07 16:08:56,521 INFO   Structure: C-C-C-P-C  (5 layers = 4 conv + 1 pool)
2026-09-07 16:08:56,521 INFO   Layer 0 CONV  gate=U_15       stride=7 step=2 offset=1 boundary=periodic
2026-09-07 16:08:56,521 INFO   Layer 1 CONV  gate=U_gate     stride=5 step=1 offset=0 boundary=periodic
2026-09-07 16:08:56,521 INFO   Layer 2 CONV  gate=U_SU4      stride=5 step=7 offset=1 boundary=open
2026-09-07 16:08:56,521 INFO   Layer 3 POOL  gate=pool_U       pattern=10
2026-09-07 16:08:56,521 INFO   Layer 4 CONV  gate=U_SO4      stride=6 step=7 offset=0 boundary=periodic
2026-09-07 16:08:56,521 INFO   Qubits surviving: 4 → [1, 3, 5, 7]  | readout wires = [1, 3, 5]
2026-09-07 16:08:56,521 INFO 
============================================================
2026-09-07 16:08:56,521 INFO FINAL TRAINING — DermaMNIST 7-class QCNN
2026-09-07 16:08:56,521 INFO ============================================================
2026-09-07 16:08:56,521 INFO   Structure: C-C-C-P-C  (5 layers = 4 conv + 1 pool)
2026-09-07 16:08:56,521 INFO   Layer 0 CONV  gate=U_15       stride=7 step=2 offset=1 boundary=periodic
2026-09-07 16:08:56,521 INFO   Layer 1 CONV  gate=U_gate     stride=5 step=1 offset=0 boundary=periodic
2026-09-07 16:08:56,522 INFO   Layer 2 CONV  gate=U_SU4      stride=5 step=7 offset=1 boundary=open
2026-09-07 16:08:56,522 INFO   Layer 3 POOL  gate=pool_U       pattern=10
2026-09-07 16:08:56,522 INFO   Layer 4 CONV  gate=U_SO4      stride=6 step=7 offset=0 boundary=periodic
2026-09-07 16:08:56,522 INFO   Qubits surviving: 4 → [1, 3, 5, 7]  | readout wires = [1, 3, 5]
2026-09-07 16:08:56,522 INFO Circuit: 5 layers (4 conv + 1 pool), 133 trainable parameters.
2026-09-07 16:11:02,660 INFO Epoch    1/100 | loss=1.8287 | val_acc=0.3196 | bal_acc=0.3530 | min_recall=0.156 | lr=0.005000
2026-09-07 16:49:57,232 INFO Epoch   20/100 | loss=1.7460 | val_acc=0.4208 | bal_acc=0.3935 | min_recall=0.243 | lr=0.005000
2026-09-07 17:47:37,187 INFO Epoch   40/100 | loss=1.7316 | val_acc=0.4870 | bal_acc=0.3868 | min_recall=0.091 | lr=0.005000
2026-09-07 18:27:45,809 INFO Epoch   60/100 | loss=1.7285 | val_acc=0.4980 | bal_acc=0.3783 | min_recall=0.182 | lr=0.002500
2026-09-07 18:52:37,604 INFO Epoch   80/100 | loss=1.7284 | val_acc=0.4419 | bal_acc=0.4076 | min_recall=0.234 | lr=0.002500
2026-09-07 19:15:53,318 INFO Epoch  100/100 | loss=1.7274 | val_acc=0.4719 | bal_acc=0.3673 | min_recall=0.214 | lr=0.001250
2026-09-07 19:15:53,318 INFO Training log saved → experiments/pca8/sweep/short_circuits_001/training_log.csv
2026-09-07 19:15:53,318 INFO Best val fitness: 0.5975
2026-09-07 19:15:53,319 INFO 
--- Test evaluation (best-val checkpoint) ---
2026-09-07 19:15:53,404 INFO Test accuracy    : 0.4201
Test bal. acc    : 0.3240  (mean per-class recall)
Per-class recall : ['0.2200', '0.4487', '0.3494', '0.2778', '0.3274', '0.4628', '0.1818']
Min recall       : 0.1818
Test ROC-AUC OvR : 0.7079
2026-09-07 19:15:53,407 INFO 
              precision    recall  f1-score   support

       akiec       0.16      0.22      0.18        50
         bcc       0.14      0.45      0.21        78
         bkl       0.31      0.35      0.33       166
          df       0.03      0.28      0.06        18
         mel       0.30      0.33      0.31       168
          nv       0.95      0.46      0.62      1007
        vasc       0.02      0.18      0.04        22

    accuracy                           0.42      1509
   macro avg       0.27      0.32      0.25      1509
weighted avg       0.72      0.42      0.50      1509

2026-09-07 19:15:53,695 INFO Plots saved.
2026-09-07 19:15:54,665 INFO Failed to extract font properties from /usr/share/fonts/truetype/noto/NotoColorEmoji.ttf: Can not load face (unknown file format; error code 0x2)
2026-09-07 19:15:55,172 INFO Circuit diagram saved.
2026-09-07 19:15:55,174 INFO 
Run 'short_circuits' complete → {'accuracy': 0.4201457919151756, 'bal_acc': 0.323979017992253, 'per_class_recalls': [0.219999999956, 0.4487179486604208, 0.34939759034039775, 0.2777777776234568, 0.3273809523614654, 0.46276067526849296, 0.18181818173553718], 'roc_auc_ovr': 0.7079385406779913}
2026-09-07 19:15:55,174 INFO 
>>> PCA-8 sweep run 6/11: deep_circuits
