2026-09-11 01:31:46,703 INFO 
============================================================
2026-09-11 01:31:46,703 INFO SWEEP RUN: conv_heavy  (PCA-8)
2026-09-11 01:31:46,703 INFO Params: {'label': 'conv_heavy', 'LR_EVAL': 0.003, 'N_EPOCHS_EVAL': 60, 'INIT_POP': 10, 'MAX_EVO_STEPS': 10, 'P_CONV': 0.85, 'W_CLASS': [0.187, 0.073, 0.147, 0.079, 0.188, 0.161, 0.068, 0.097]}
2026-09-11 01:31:46,703 INFO ============================================================
2026-09-11 01:31:46,703 INFO 
--- Linear classifier baseline (on 8 PCA features) ---
2026-09-11 01:31:47,770 INFO   val   | acc=0.6311 | bal_acc=0.6426 | min_recall=0.2664 | auc=0.9187
2026-09-11 01:31:47,770 INFO          per-class: ['0.603', '0.640', '0.639', '0.266', '0.802', '0.528', '0.684', '0.979']
2026-09-11 01:31:47,778 INFO   test  | acc=0.6161 | bal_acc=0.6303 | min_recall=0.2322 | auc=0.9134
2026-09-11 01:31:47,779 INFO          per-class: ['0.679', '0.601', '0.644', '0.232', '0.732', '0.498', '0.685', '0.972']
2026-09-11 01:31:47,779 INFO Linear baseline saved → experiments/pca8/sweep/conv_heavy_001/linear_baseline.json
2026-09-11 01:31:47,779 INFO Subsampling search training set: 19968 → 2000
2026-09-11 01:31:47,783 INFO Evaluating initial population...
2026-09-11 01:31:47,783 INFO Config: LR=0.003  epochs=60  pop=10  steps=10  W_CLASS=[0.187, 0.073, 0.147, 0.079, 0.188, 0.161, 0.068, 0.097]
2026-09-11 01:31:47,783 INFO Encoding: single (RY per qubit), 8 PCA components → 8 qubits
2026-09-11 01:31:47,783 INFO Structure: variable length 6–14 layers  | P_CONV=0.85  | min conv=1  | min pool=0  | readout qubits=3
2026-09-11 01:31:47,830 INFO Initial population: 10 valid genotypes
2026-09-11 01:35:52,438 INFO   random     | C-C-C-C-C-C-C-C        | fitness=0.5365 | val_acc=0.4375 | bal_acc=0.4755 | min_recall=0.1325 | params=234
2026-09-11 01:35:52,439 INFO   random     | C-C-C-C-C-C            | fitness=0.5895 | val_acc=0.4692 | bal_acc=0.4782 | min_recall=0.0796 | params=143
2026-09-11 01:35:52,440 INFO   random     | C-P-C-C-C-C-C-C-C-C-C  | fitness=0.5588 | val_acc=0.4721 | bal_acc=0.4846 | min_recall=0.1246 | params=179
2026-09-11 01:35:52,442 INFO   random     | C-C-C-C-P-C-C-C        | fitness=0.7278 | val_acc=0.4317 | bal_acc=0.4560 | min_recall=0.0165 | params=108
2026-09-11 01:35:52,443 INFO   random     | C-C-C-C-C-C-C-P-C-C-C-P-C | fitness=0.5329 | val_acc=0.5073 | bal_acc=0.5218 | min_recall=0.2422 | params=281
2026-09-11 01:35:52,444 INFO   random     | C-C-P-C-C-C-C          | fitness=0.7429 | val_acc=0.3349 | bal_acc=0.3627 | min_recall=0.0482 | params=72
2026-09-11 01:35:52,449 INFO   random     | P-C-C-C-C-C-C-C-C-C-C-C-C-C | fitness=0.5500 | val_acc=0.5009 | bal_acc=0.5033 | min_recall=0.2465 | params=186
2026-09-11 01:35:52,450 INFO   random     | C-C-C-C-C-C-C-C-C-P-C-C | fitness=0.6894 | val_acc=0.4352 | bal_acc=0.4757 | min_recall=0.0271 | params=186
2026-09-11 01:35:52,451 INFO   random     | P-C-C-C-C-C-C-C-C-C-C-C-C | fitness=0.5008 | val_acc=0.5091 | bal_acc=0.5354 | min_recall=0.3193 | params=245
2026-09-11 01:35:52,453 INFO   random     | C-C-C-C-C-C-P-P-C-C-C-C-C | fitness=0.5582 | val_acc=0.4692 | bal_acc=0.4857 | min_recall=0.2926 | params=200
2026-09-11 01:35:52,453 INFO 
=== Evo step 1/10 ===
2026-09-11 01:35:52,453 INFO Top-3: 81516691… fit=0.5008  |  -5502661… fit=0.5329  |  81385601… fit=0.5582
2026-09-11 01:35:52,458 INFO Generated 9 valid novel children
2026-09-11 01:40:20,184 INFO   crossover  | P-C-C-C-C-C-C-C-C-C-C-C-P-C | fitness=0.5042 | val_acc=0.4997 | bal_acc=0.5313 | min_recall=0.2907 | params=255
2026-09-11 01:40:20,189 INFO   crossover  | P-C-C-C-C-C-C-C-C-C-C-C-C-C | fitness=0.5364 | val_acc=0.5026 | bal_acc=0.5136 | min_recall=0.1338 | params=245
2026-09-11 01:40:20,190 INFO   crossover  | C-C-C-C-C-C-C-C        | fitness=0.4922 | val_acc=0.4915 | bal_acc=0.5224 | min_recall=0.1988 | params=168
2026-09-11 01:40:20,192 INFO   crossover  | C-C-C-C-C-C-C-P-C-C-C-P-C-C | fitness=0.4850 | val_acc=0.5214 | bal_acc=0.5519 | min_recall=0.1488 | params=305
2026-09-11 01:40:20,193 INFO   crossover  | C-C-C-C-C-C-C-C-C-C-C  | fitness=0.5937 | val_acc=0.4598 | bal_acc=0.5045 | min_recall=0.0633 | params=298
2026-09-11 01:40:20,194 INFO   crossover  | C-C-C-P-C-C-C-P-C      | fitness=0.5405 | val_acc=0.4950 | bal_acc=0.5206 | min_recall=0.0865 | params=290
2026-09-11 01:40:20,195 INFO   mutate     | P-P-C-C-C-C-C-C-C-C-C-C-C-C | fitness=0.6549 | val_acc=0.4469 | bal_acc=0.4786 | min_recall=0.0482 | params=192
2026-09-11 01:40:20,200 INFO   mutate     | C-C-C-C-C-C-P-C-C-C-P-C | fitness=0.5249 | val_acc=0.5443 | bal_acc=0.5391 | min_recall=0.3355 | params=275
2026-09-11 01:40:20,202 INFO   mutate     | C-C-C-C-C-C            | fitness=0.5145 | val_acc=0.4780 | bal_acc=0.5048 | min_recall=0.1145 | params=183
2026-09-11 01:40:20,202 INFO Best so far → val_acc=0.5214  bal_acc=0.5519  min_recall=0.1488  fitness=0.4850  params=305  id=45222578…
2026-09-11 01:40:20,202 INFO Memory table saved.
2026-09-11 01:40:20,202 INFO 
=== Evo step 2/10 ===
2026-09-11 01:40:20,202 INFO Top-3: 45222578… fit=0.4850  |  73454737… fit=0.4922  |  81516691… fit=0.5008
2026-09-11 01:40:20,205 INFO Generated 9 valid novel children
2026-09-11 01:44:23,984 INFO   crossover  | C-C-C-C-C-C-C-C-C-C    | fitness=0.5348 | val_acc=0.4915 | bal_acc=0.5026 | min_recall=0.2042 | params=178
2026-09-11 01:44:23,986 INFO   crossover  | C-C-C-C-C-C-C-C-C-C-C-C | fitness=0.5596 | val_acc=0.4968 | bal_acc=0.4968 | min_recall=0.2630 | params=210
2026-09-11 01:44:23,987 INFO   crossover  | C-C-C-C-P-C-C          | fitness=0.6132 | val_acc=0.4457 | bal_acc=0.4871 | min_recall=0.0514 | params=190
2026-09-11 01:44:23,989 INFO   crossover  | C-C-C-C-C-C-C-C-C-C-C-C-C | fitness=0.4989 | val_acc=0.4944 | bal_acc=0.5286 | min_recall=0.3010 | params=221
2026-09-11 01:44:23,994 INFO   crossover  | C-P-C-C-C-C-C-C-C-C-C-C-C | fitness=0.5334 | val_acc=0.5079 | bal_acc=0.5175 | min_recall=0.1901 | params=221
2026-09-11 01:44:23,995 INFO   crossover  | C-P-C-C-C-C-C-C-C-C-C-C-C | fitness=0.5536 | val_acc=0.4798 | bal_acc=0.4895 | min_recall=0.1620 | params=204
2026-09-11 01:44:23,996 INFO   mutate     | C-C-C-C-C-C-C-P-C-C-C-P-C-C | fitness=0.5570 | val_acc=0.5185 | bal_acc=0.5144 | min_recall=0.1831 | params=274
2026-09-11 01:44:23,997 INFO   mutate     | C-C-C-C-C-C            | fitness=0.7985 | val_acc=0.4147 | bal_acc=0.4171 | min_recall=0.0070 | params=94
2026-09-11 01:44:23,999 INFO   mutate     | C-P-C-C-C-C-C-C-C-C-C-C | fitness=0.5745 | val_acc=0.4117 | bal_acc=0.4740 | min_recall=0.0727 | params=183
2026-09-11 01:44:23,999 INFO Best so far → val_acc=0.5214  bal_acc=0.5519  min_recall=0.1488  fitness=0.4850  params=305  id=45222578…
2026-09-11 01:44:24,000 INFO Memory table saved.
2026-09-11 01:44:24,000 INFO 
=== Evo step 3/10 ===
2026-09-11 01:44:24,000 INFO Top-3: 45222578… fit=0.4850  |  73454737… fit=0.4922  |  64461046… fit=0.6132
2026-09-11 01:44:24,002 INFO Generated 9 valid novel children
2026-09-11 01:48:59,149 INFO   crossover  | C-C-C-C-C-C-C-C-C-C-C-C | fitness=0.5331 | val_acc=0.4821 | bal_acc=0.5026 | min_recall=0.2249 | params=208
2026-09-11 01:48:59,154 INFO   crossover  | C-C-C-C-C-C-C-P-C-C-C-C | fitness=0.5443 | val_acc=0.5208 | bal_acc=0.5234 | min_recall=0.2630 | params=320
2026-09-11 01:48:59,155 INFO   crossover  | C-C-C-C-C-C-P-C-C-C-P-C-C | fitness=0.5092 | val_acc=0.4721 | bal_acc=0.5159 | min_recall=0.1765 | params=275
2026-09-11 01:48:59,156 INFO   crossover  | C-C-C-C-C-C-C-C-C-C-C-C | fitness=0.5196 | val_acc=0.4815 | bal_acc=0.5112 | min_recall=0.1626 | params=235
2026-09-11 01:48:59,157 INFO   crossover  | P-P-C-C-C-C            | fitness=0.7905 | val_acc=0.3419 | bal_acc=0.3618 | min_recall=0.0331 | params=74
2026-09-11 01:48:59,158 INFO   crossover  | P-P-C-C-C-C-C-C-C-C-C-C | fitness=0.6293 | val_acc=0.4152 | bal_acc=0.4271 | min_recall=0.0904 | params=161
2026-09-11 01:48:59,163 INFO   mutate     | C-C-C-C-C-C-C-P-C-C-C-P-C-C | fitness=0.5432 | val_acc=0.5021 | bal_acc=0.5143 | min_recall=0.2397 | params=295
2026-09-11 01:48:59,164 INFO   mutate     | C-C-C-C-C-C-C-C        | fitness=0.5938 | val_acc=0.4463 | bal_acc=0.4637 | min_recall=0.0873 | params=148
2026-09-11 01:48:59,165 INFO   mutate     | P-P-C-C-C-C-C-C-C-C-C-C-C-C | fitness=0.5775 | val_acc=0.4211 | bal_acc=0.4513 | min_recall=0.2048 | params=188
2026-09-11 01:48:59,165 INFO Best so far → val_acc=0.5214  bal_acc=0.5519  min_recall=0.1488  fitness=0.4850  params=305  id=45222578…
2026-09-11 01:48:59,166 INFO Memory table saved.
2026-09-11 01:48:59,166 INFO 
=== Evo step 4/10 ===
2026-09-11 01:48:59,166 INFO Top-3: 45222578… fit=0.4850  |  73454737… fit=0.4922  |  -9206092… fit=0.4989
2026-09-11 01:48:59,168 INFO Generated 9 valid novel children
2026-09-11 01:53:21,502 INFO   crossover  | C-C-C-C-C-C-C-C-C-C    | fitness=0.5299 | val_acc=0.5091 | bal_acc=0.5148 | min_recall=0.1869 | params=178
2026-09-11 01:53:21,504 INFO   crossover  | C-C-C-C-C-C-C          | fitness=0.6915 | val_acc=0.4188 | bal_acc=0.4796 | min_recall=0.0064 | params=143
2026-09-11 01:53:21,505 INFO   crossover  | C-C-C-C-C-C-C-C-C-C-C-C-C-C | fitness=0.5456 | val_acc=0.4809 | bal_acc=0.4981 | min_recall=0.1211 | params=192
2026-09-11 01:53:21,506 INFO   crossover  | C-C-C-C-C-C-C-C-C-C-C-C-C-C | fitness=0.6197 | val_acc=0.4493 | bal_acc=0.4922 | min_recall=0.0554 | params=216
2026-09-11 01:53:21,511 INFO   crossover  | C-C-C-C-C-C-C-C-C-C-P-C-C-C | fitness=0.5173 | val_acc=0.4891 | bal_acc=0.5214 | min_recall=0.2018 | params=291
2026-09-11 01:53:21,512 INFO   crossover  | C-C-C-C-C-C-C-C-C-C-C-C-C-C | fitness=0.5513 | val_acc=0.4903 | bal_acc=0.5037 | min_recall=0.2076 | params=242
2026-09-11 01:53:21,513 INFO   mutate     | C-C-C-C-C-C-C-P-C-C-C-P-C-C | fitness=0.5363 | val_acc=0.4698 | bal_acc=0.5013 | min_recall=0.1205 | params=295
2026-09-11 01:53:21,514 INFO   mutate     | C-C-C-C-C-C-C-C-C      | fitness=0.4941 | val_acc=0.4680 | bal_acc=0.5105 | min_recall=0.1038 | params=174
2026-09-11 01:53:21,515 INFO   mutate     | C-C-C-C-C-C-C-C-C-C-C-C | fitness=0.7741 | val_acc=0.4792 | bal_acc=0.4664 | min_recall=0.0141 | params=201
2026-09-11 01:53:21,515 INFO Best so far → val_acc=0.5214  bal_acc=0.5519  min_recall=0.1488  fitness=0.4850  params=305  id=45222578…
2026-09-11 01:53:21,515 INFO Memory table saved.
2026-09-11 01:53:21,515 INFO 
=== Evo step 5/10 ===
2026-09-11 01:53:21,515 INFO Top-3: 45222578… fit=0.4850  |  73454737… fit=0.4922  |  -7773959… fit=0.4941
2026-09-11 01:53:21,519 INFO Generated 9 valid novel children
2026-09-11 01:57:49,459 INFO   crossover  | C-C-C-C-C-C-C-P-C-C-C-P-C-C | fitness=0.5061 | val_acc=0.5179 | bal_acc=0.5414 | min_recall=0.3451 | params=311
2026-09-11 01:57:49,460 INFO   crossover  | C-C-C-C-C-C-C-P-C-C-C-C-C-C | fitness=0.4877 | val_acc=0.5320 | bal_acc=0.5506 | min_recall=0.1869 | params=194
2026-09-11 01:57:49,462 INFO   crossover  | C-C-C-C-C-C-C-C-C-P-C-C-C-P | fitness=0.5505 | val_acc=0.5273 | bal_acc=0.5535 | min_recall=0.0692 | params=311
2026-09-11 01:57:49,463 INFO   crossover  | C-C-C-C-C-C-C-C        | fitness=0.4924 | val_acc=0.5155 | bal_acc=0.5336 | min_recall=0.2664 | params=163
2026-09-11 01:57:49,464 INFO   crossover  | C-P-P-C-C-C-P-C-C      | fitness=0.5483 | val_acc=0.4569 | bal_acc=0.4767 | min_recall=0.1084 | params=151
2026-09-11 01:57:49,466 INFO   crossover  | C-P-C-C-C-C-C-C        | fitness=0.7099 | val_acc=0.3848 | bal_acc=0.4386 | min_recall=0.0181 | params=154
2026-09-11 01:57:49,470 INFO   mutate     | C-C-C-C-C-C-C-C-C-C-C-C-C-P | fitness=0.4921 | val_acc=0.5314 | bal_acc=0.5543 | min_recall=0.2422 | params=300
2026-09-11 01:57:49,472 INFO   mutate     | C-C-C-C-P-P            | fitness=0.6149 | val_acc=0.3443 | bal_acc=0.4275 | min_recall=0.0512 | params=72
2026-09-11 01:57:49,473 INFO   mutate     | C-P-C-C-C-C-C-C-C-C-C-C-C-C | fitness=0.5200 | val_acc=0.5255 | bal_acc=0.5318 | min_recall=0.2734 | params=229
2026-09-11 01:57:49,473 INFO Best so far → val_acc=0.5214  bal_acc=0.5519  min_recall=0.1488  fitness=0.4850  params=305  id=45222578…
2026-09-11 01:57:49,473 INFO Memory table saved.
2026-09-11 01:57:49,473 INFO 
=== Evo step 6/10 ===
2026-09-11 01:57:49,473 INFO Top-3: 45222578… fit=0.4850  |  -8615874… fit=0.4877  |  66555873… fit=0.4921
2026-09-11 01:57:49,476 INFO Generated 9 valid novel children
2026-09-11 02:02:07,384 INFO   crossover  | C-C-C-C-C-C            | fitness=0.7831 | val_acc=0.3777 | bal_acc=0.3625 | min_recall=0.0563 | params=82
2026-09-11 02:02:07,385 INFO   crossover  | C-C-C-C-C-C-C-C-C-P    | fitness=0.5694 | val_acc=0.4997 | bal_acc=0.5061 | min_recall=0.0796 | params=136
2026-09-11 02:02:07,387 INFO   crossover  | C-C-C-C-C-C-C-C-C      | fitness=0.5757 | val_acc=0.4856 | bal_acc=0.4774 | min_recall=0.1570 | params=150
2026-09-11 02:02:07,401 INFO   crossover  | C-C-C-C-C-C-C-C-C-C-P  | fitness=0.5621 | val_acc=0.4868 | bal_acc=0.4918 | min_recall=0.1405 | params=248
2026-09-11 02:02:07,402 INFO   crossover  | C-C-C-C-P-C-C          | fitness=0.5842 | val_acc=0.4540 | bal_acc=0.4593 | min_recall=0.2422 | params=258
2026-09-11 02:02:07,403 INFO   crossover  | C-C-C-C-C-C-C-C-C-C-C-C-C-C | fitness=0.5077 | val_acc=0.5367 | bal_acc=0.5479 | min_recall=0.2324 | params=294
2026-09-11 02:02:07,404 INFO   mutate     | C-C-C-C-C-C-C-P-C-C-C-P-C-C | fitness=0.4895 | val_acc=0.4809 | bal_acc=0.5304 | min_recall=0.1596 | params=287
2026-09-11 02:02:07,406 INFO   mutate     | C-C-C-C-C-C-C-P-C-C-C-C-C-C | fitness=0.4753 | val_acc=0.5337 | bal_acc=0.5587 | min_recall=0.2145 | params=185
2026-09-11 02:02:07,410 INFO   mutate     | C-C-C-C-C-C-C-C-C-C-C-C-C-P | fitness=0.5786 | val_acc=0.4962 | bal_acc=0.4943 | min_recall=0.2817 | params=280
2026-09-11 02:02:07,410 INFO Best so far → val_acc=0.5337  bal_acc=0.5587  min_recall=0.2145  fitness=0.4753  params=185  id=70331585…
2026-09-11 02:02:07,412 INFO Memory table saved.
2026-09-11 02:02:07,412 INFO 
=== Evo step 7/10 ===
2026-09-11 02:02:07,412 INFO Top-3: 70331585… fit=0.4753  |  45222578… fit=0.4850  |  -8615874… fit=0.4877
2026-09-11 02:02:07,417 INFO Generated 9 valid novel children
2026-09-11 02:06:46,918 INFO   crossover  | C-C-C-C-C-C-C-P-C-C-C  | fitness=0.5258 | val_acc=0.4897 | bal_acc=0.5047 | min_recall=0.2810 | params=143
2026-09-11 02:06:46,919 INFO   crossover  | C-C-C-C-C-C-C-P-C-C-C-C | fitness=0.7393 | val_acc=0.4188 | bal_acc=0.4591 | min_recall=0.0060 | params=165
2026-09-11 02:06:46,920 INFO   crossover  | C-C-C-C-C-C-C-P-C-C-C-P-C-C | fitness=0.5388 | val_acc=0.5202 | bal_acc=0.5252 | min_recall=0.2595 | params=307
2026-09-11 02:06:46,921 INFO   crossover  | C-C-C-C-C-C-C-P-C-C-P-C-C-C | fitness=0.5348 | val_acc=0.5079 | bal_acc=0.5171 | min_recall=0.2388 | params=213
2026-09-11 02:06:46,926 INFO   crossover  | C-C-C-C-C-C-C-P-C-C-C-C-C-C | fitness=0.5194 | val_acc=0.4686 | bal_acc=0.5061 | min_recall=0.2018 | params=210
2026-09-11 02:06:46,927 INFO   crossover  | C-C-C-C-C-C-C-P-C-C-C-C-P-C | fitness=0.5327 | val_acc=0.5091 | bal_acc=0.5195 | min_recall=0.2562 | params=206
2026-09-11 02:06:46,928 INFO   mutate     | C-C-C-C-C-C-P-C-C-C-C-C-C | fitness=0.5043 | val_acc=0.5097 | bal_acc=0.5294 | min_recall=0.2837 | params=170
2026-09-11 02:06:46,929 INFO   mutate     | C-C-C-C-C-C-P-C-C-C-P-C-C | fitness=0.5007 | val_acc=0.5109 | bal_acc=0.5388 | min_recall=0.1419 | params=297
2026-09-11 02:06:46,930 INFO   mutate     | C-C-C-C-C-C-C-P-C-C-C-C-C-C | fitness=0.6988 | val_acc=0.4463 | bal_acc=0.5004 | min_recall=0.0035 | params=188
2026-09-11 02:06:46,930 INFO Best so far → val_acc=0.5337  bal_acc=0.5587  min_recall=0.2145  fitness=0.4753  params=185  id=70331585…
2026-09-11 02:06:46,931 INFO Memory table saved.
2026-09-11 02:06:46,931 INFO 
=== Evo step 8/10 ===
2026-09-11 02:06:46,931 INFO Top-3: 70331585… fit=0.4753  |  45222578… fit=0.4850  |  -6401997… fit=0.5388
2026-09-11 02:06:46,934 INFO Generated 9 valid novel children
2026-09-11 02:10:19,902 INFO   crossover  | C-C-C-C-C-C-C-P-C-C-C-C-C-C | fitness=0.5274 | val_acc=0.4874 | bal_acc=0.5114 | min_recall=0.2108 | params=219
2026-09-11 02:10:19,903 INFO   crossover  | C-C-C-C-C-C-C-P-C-C-C  | fitness=0.5021 | val_acc=0.5009 | bal_acc=0.5225 | min_recall=0.1626 | params=147
2026-09-11 02:10:19,904 INFO   crossover  | C-C-C-C-C-C-C-P-C-C-C-C-C-C | fitness=0.5286 | val_acc=0.4862 | bal_acc=0.5262 | min_recall=0.0830 | params=219
2026-09-11 02:10:19,906 INFO   crossover  | C-C-C-C-C-C-C-P-C-C-C-C-C-C | fitness=0.5558 | val_acc=0.4921 | bal_acc=0.5371 | min_recall=0.0623 | params=222
2026-09-11 02:10:19,907 INFO   crossover  | P-C-C-C-C-C-C-C-C-C-C-C-C-C | fitness=0.6214 | val_acc=0.4493 | bal_acc=0.4917 | min_recall=0.0519 | params=194
2026-09-11 02:10:19,908 INFO   crossover  | P-C-C-C-C-C            | fitness=0.8272 | val_acc=0.2323 | bal_acc=0.2483 | min_recall=0.0657 | params=54
2026-09-11 02:10:19,913 INFO   mutate     | C-C-C-C-C-C-C-C-C-C-C-C-C-C | fitness=0.5228 | val_acc=0.5091 | bal_acc=0.5229 | min_recall=0.2076 | params=246
2026-09-11 02:10:19,914 INFO   mutate     | C-C-C-C-C-C-C-C        | fitness=0.5763 | val_acc=0.4428 | bal_acc=0.4481 | min_recall=0.1032 | params=100
2026-09-11 02:10:19,915 INFO   mutate     | P-C-C-C-C-C-C-C-C-C-C-C-C | fitness=0.5016 | val_acc=0.4786 | bal_acc=0.5151 | min_recall=0.1799 | params=176
2026-09-11 02:10:19,915 INFO Best so far → val_acc=0.5337  bal_acc=0.5587  min_recall=0.2145  fitness=0.4753  params=185  id=70331585…
2026-09-11 02:10:19,916 INFO Memory table saved.
2026-09-11 02:10:19,916 INFO 
=== Evo step 9/10 ===
2026-09-11 02:10:19,916 INFO Top-3: 70331585… fit=0.4753  |  45222578… fit=0.4850  |  -8615874… fit=0.4877
2026-09-11 02:10:19,920 INFO Generated 9 valid novel children
2026-09-11 02:15:06,522 INFO   crossover  | C-C-C-C-C-C-C-P-C-C-C-C-C-C | fitness=0.5000 | val_acc=0.5191 | bal_acc=0.5432 | min_recall=0.1522 | params=274
2026-09-11 02:15:06,523 INFO   crossover  | C-C-C-C-C-C-C-P-C-C-C-C-C-C | fitness=0.5369 | val_acc=0.4651 | bal_acc=0.4904 | min_recall=0.1730 | params=158
2026-09-11 02:15:06,528 INFO   crossover  | C-C-C-C-C-C-C-P-C-C-C-P-C-C | fitness=0.5251 | val_acc=0.5284 | bal_acc=0.5376 | min_recall=0.3218 | params=305
2026-09-11 02:15:06,529 INFO   crossover  | C-C-C-C-C-C-C-P-C-C-C-C-C-C | fitness=0.5394 | val_acc=0.5167 | bal_acc=0.5251 | min_recall=0.3045 | params=317
2026-09-11 02:15:06,531 INFO   crossover  | C-C-P-C-C-C-C-C-C      | fitness=0.6102 | val_acc=0.4258 | bal_acc=0.4674 | min_recall=0.0588 | params=117
2026-09-11 02:15:06,532 INFO   crossover  | C-P-C-C-C-C-C-C-C-C-C-C-C-P | fitness=0.5177 | val_acc=0.5085 | bal_acc=0.5261 | min_recall=0.2397 | params=203
2026-09-11 02:15:06,533 INFO   mutate     | C-C-C-C-C-C-C-P-C-C-C-C-C-C | fitness=0.6847 | val_acc=0.4346 | bal_acc=0.4794 | min_recall=0.0271 | params=181
2026-09-11 02:15:06,537 INFO   mutate     | C-C-C-C-C-C-C-P-C-C-C-P-C-C | fitness=0.5004 | val_acc=0.4874 | bal_acc=0.5299 | min_recall=0.2259 | params=285
2026-09-11 02:15:06,539 INFO   mutate     | C-P-C-C-C-C-C-C-C-C-C  | fitness=0.5277 | val_acc=0.4745 | bal_acc=0.4985 | min_recall=0.2606 | params=174
2026-09-11 02:15:06,539 INFO Best so far → val_acc=0.5337  bal_acc=0.5587  min_recall=0.2145  fitness=0.4753  params=185  id=70331585…
2026-09-11 02:15:06,541 INFO Memory table saved.
2026-09-11 02:15:06,541 INFO 
=== Evo step 10/10 ===
2026-09-11 02:15:06,541 INFO Top-3: 70331585… fit=0.4753  |  45222578… fit=0.4850  |  -8615874… fit=0.4877
2026-09-11 02:15:06,547 INFO Generated 9 valid novel children
2026-09-11 02:19:14,806 INFO   crossover  | C-C-C-C-C-C-C-P-C-C-C-C-C-P | fitness=0.5384 | val_acc=0.4821 | bal_acc=0.5003 | min_recall=0.2111 | params=217
2026-09-11 02:19:14,807 INFO   crossover  | C-C-C-C-C-C-C-C-C-C    | fitness=0.5576 | val_acc=0.5220 | bal_acc=0.5043 | min_recall=0.2183 | params=172
2026-09-11 02:19:14,809 INFO   crossover  | C-C-C-C-C-C-C-C-C-C-C-C | fitness=0.5303 | val_acc=0.4487 | bal_acc=0.4870 | min_recall=0.1834 | params=182
2026-09-11 02:19:14,810 INFO   crossover  | C-C-C-C-C-C-C-C-C-C-C-C-C-C | fitness=0.8269 | val_acc=0.3859 | bal_acc=0.3964 | min_recall=0.0165 | params=170
2026-09-11 02:19:14,814 INFO   crossover  | C-C-C-C-C-C-C-C-C-C    | fitness=0.5691 | val_acc=0.4868 | bal_acc=0.4821 | min_recall=0.1620 | params=160
2026-09-11 02:19:14,815 INFO   crossover  | C-C-C-C-C-C-C-C-C-C-C-C-P-C | fitness=0.7194 | val_acc=0.3971 | bal_acc=0.4592 | min_recall=0.0129 | params=243
2026-09-11 02:19:14,817 INFO   mutate     | C-C-C-C-C-C-C          | fitness=0.6830 | val_acc=0.4188 | bal_acc=0.4447 | min_recall=0.0422 | params=94
2026-09-11 02:19:14,818 INFO   mutate     | C-C-C-C-C-C-P-C-C-C-P-C-C | fitness=0.4926 | val_acc=0.5085 | bal_acc=0.5410 | min_recall=0.1938 | params=287
2026-09-11 02:19:14,819 INFO   mutate     | C-C-C-C-C-C-C-C-C-C-C  | fitness=0.7990 | val_acc=0.4463 | bal_acc=0.4299 | min_recall=0.0141 | params=136
2026-09-11 02:19:14,819 INFO Best so far → val_acc=0.5337  bal_acc=0.5587  min_recall=0.2145  fitness=0.4753  params=185  id=70331585…
2026-09-11 02:19:14,820 INFO Memory table saved.
2026-09-11 02:19:14,820 INFO 
=== SEARCH COMPLETE ===
2026-09-11 02:19:14,820 INFO Best val_acc  : 0.5337
2026-09-11 02:19:14,820 INFO Best bal_acc  : 0.5587  (mean per-class recall)
2026-09-11 02:19:14,820 INFO Min recall    : 0.2145  (worst class)
2026-09-11 02:19:14,820 INFO Best fitness  : 0.4753
2026-09-11 02:19:14,820 INFO Params        : 185
2026-09-11 02:19:14,820 INFO Layers        : 14  (13 conv + 1 pool)
2026-09-11 02:19:14,820 INFO Circuit structure:
2026-09-11 02:19:14,820 INFO   Structure: C-C-C-C-C-C-C-P-C-C-C-C-C-C  (14 layers = 13 conv + 1 pool)
2026-09-11 02:19:14,820 INFO   Layer 0 CONV  gate=U_gate     stride=2 step=3 offset=0 boundary=open
2026-09-11 02:19:14,820 INFO   Layer 1 CONV  gate=U_15       stride=3 step=5 offset=0 boundary=periodic
2026-09-11 02:19:14,820 INFO   Layer 2 CONV  gate=U_5        stride=4 step=3 offset=0 boundary=periodic
2026-09-11 02:19:14,820 INFO   Layer 3 CONV  gate=U_14       stride=5 step=4 offset=1 boundary=open
2026-09-11 02:19:14,820 INFO   Layer 4 CONV  gate=U_TTN      stride=2 step=4 offset=1 boundary=periodic
2026-09-11 02:19:14,820 INFO   Layer 5 CONV  gate=U_SO4      stride=4 step=6 offset=0 boundary=open
2026-09-11 02:19:14,820 INFO   Layer 6 CONV  gate=U_SU4      stride=6 step=5 offset=1 boundary=open
2026-09-11 02:19:14,820 INFO   Layer 7 POOL  gate=pool_ansatz  pattern=1*
2026-09-11 02:19:14,820 INFO   Layer 8 CONV  gate=U_14       stride=1 step=6 offset=1 boundary=periodic
2026-09-11 02:19:14,820 INFO   Layer 9 CONV  gate=U_TTN      stride=7 step=5 offset=3 boundary=periodic
2026-09-11 02:19:14,820 INFO   Layer 10 CONV  gate=U_SO4      stride=5 step=3 offset=0 boundary=periodic
2026-09-11 02:19:14,820 INFO   Layer 11 CONV  gate=U_6        stride=2 step=3 offset=0 boundary=open
2026-09-11 02:19:14,820 INFO   Layer 12 CONV  gate=U_13       stride=1 step=1 offset=0 boundary=open
2026-09-11 02:19:14,820 INFO   Layer 13 CONV  gate=U_9        stride=2 step=1 offset=0 boundary=periodic
2026-09-11 02:19:14,821 INFO   Qubits surviving: 7 → [1, 2, 3, 4, 5, 6, 7]  | readout wires = [1, 2, 3]
2026-09-11 02:19:14,821 INFO 
============================================================
2026-09-11 02:19:14,821 INFO FINAL TRAINING — BloodMNIST 8-class QCNN
2026-09-11 02:19:14,821 INFO ============================================================
2026-09-11 02:19:14,821 INFO   Structure: C-C-C-C-C-C-C-P-C-C-C-C-C-C  (14 layers = 13 conv + 1 pool)
2026-09-11 02:19:14,821 INFO   Layer 0 CONV  gate=U_gate     stride=2 step=3 offset=0 boundary=open
2026-09-11 02:19:14,821 INFO   Layer 1 CONV  gate=U_15       stride=3 step=5 offset=0 boundary=periodic
2026-09-11 02:19:14,821 INFO   Layer 2 CONV  gate=U_5        stride=4 step=3 offset=0 boundary=periodic
2026-09-11 02:19:14,821 INFO   Layer 3 CONV  gate=U_14       stride=5 step=4 offset=1 boundary=open
2026-09-11 02:19:14,821 INFO   Layer 4 CONV  gate=U_TTN      stride=2 step=4 offset=1 boundary=periodic
2026-09-11 02:19:14,821 INFO   Layer 5 CONV  gate=U_SO4      stride=4 step=6 offset=0 boundary=open
2026-09-11 02:19:14,821 INFO   Layer 6 CONV  gate=U_SU4      stride=6 step=5 offset=1 boundary=open
2026-09-11 02:19:14,821 INFO   Layer 7 POOL  gate=pool_ansatz  pattern=1*
2026-09-11 02:19:14,821 INFO   Layer 8 CONV  gate=U_14       stride=1 step=6 offset=1 boundary=periodic
2026-09-11 02:19:14,821 INFO   Layer 9 CONV  gate=U_TTN      stride=7 step=5 offset=3 boundary=periodic
2026-09-11 02:19:14,821 INFO   Layer 10 CONV  gate=U_SO4      stride=5 step=3 offset=0 boundary=periodic
2026-09-11 02:19:14,821 INFO   Layer 11 CONV  gate=U_6        stride=2 step=3 offset=0 boundary=open
2026-09-11 02:19:14,821 INFO   Layer 12 CONV  gate=U_13       stride=1 step=1 offset=0 boundary=open
2026-09-11 02:19:14,821 INFO   Layer 13 CONV  gate=U_9        stride=2 step=1 offset=0 boundary=periodic
2026-09-11 02:19:14,821 INFO   Qubits surviving: 7 → [1, 2, 3, 4, 5, 6, 7]  | readout wires = [1, 2, 3]
2026-09-11 02:19:14,822 INFO Circuit: 14 layers (13 conv + 1 pool), 185 trainable parameters.
2026-09-11 02:20:08,267 INFO Epoch    1/200 | loss=1.6935 | val_acc=0.5349 | bal_acc=0.5164 | min_recall=0.000 | lr=0.005000
2026-09-11 02:37:22,339 INFO Epoch   20/200 | loss=1.5215 | val_acc=0.4927 | bal_acc=0.5335 | min_recall=0.204 | lr=0.005000
2026-09-11 02:55:01,214 INFO Epoch   40/200 | loss=1.5128 | val_acc=0.5155 | bal_acc=0.5430 | min_recall=0.111 | lr=0.005000
2026-09-11 03:12:51,994 INFO Epoch   60/200 | loss=1.5053 | val_acc=0.4997 | bal_acc=0.5388 | min_recall=0.253 | lr=0.002500
2026-09-11 03:30:39,715 INFO Epoch   80/200 | loss=1.5056 | val_acc=0.5326 | bal_acc=0.5441 | min_recall=0.125 | lr=0.002500
2026-09-11 03:48:31,259 INFO Epoch  100/200 | loss=1.5052 | val_acc=0.5179 | bal_acc=0.5483 | min_recall=0.080 | lr=0.001250
2026-09-11 04:06:28,976 INFO Epoch  120/200 | loss=1.5033 | val_acc=0.5267 | bal_acc=0.5583 | min_recall=0.118 | lr=0.001250
2026-09-11 04:24:24,179 INFO Epoch  140/200 | loss=1.5029 | val_acc=0.5150 | bal_acc=0.5476 | min_recall=0.104 | lr=0.001250
2026-09-11 04:42:11,021 INFO Epoch  160/200 | loss=1.5020 | val_acc=0.5279 | bal_acc=0.5596 | min_recall=0.083 | lr=0.000625
2026-09-11 04:59:59,804 INFO Epoch  180/200 | loss=1.5018 | val_acc=0.5232 | bal_acc=0.5470 | min_recall=0.097 | lr=0.000625
2026-09-11 05:17:56,899 INFO Epoch  200/200 | loss=1.5019 | val_acc=0.5396 | bal_acc=0.5668 | min_recall=0.138 | lr=0.000313
2026-09-11 05:17:56,899 INFO Training log saved → experiments/pca8/sweep/conv_heavy_001/training_log.csv
2026-09-11 05:17:56,899 INFO Best val fitness: 0.4077
2026-09-11 05:17:56,899 INFO 
--- Test evaluation (best-val checkpoint) ---
2026-09-11 05:17:57,227 INFO Test accuracy    : 0.5298
Test bal. acc    : 0.5705  (mean per-class recall)
Per-class recall : ['0.6467', '0.5181', '0.6567', '0.1264', '0.6393', '0.6056', '0.4192', '0.9518']
Min recall       : 0.1264
Test ROC-AUC OvR : 0.8664
2026-09-11 05:17:57,232 INFO 
              precision    recall  f1-score   support

    basophil       0.32      0.65      0.43       184
  eosinophil       0.54      0.52      0.53       469
erythroblast       0.44      0.66      0.53       233
          ig       0.56      0.13      0.21       435
  lymphocyte       0.53      0.64      0.58       183
    monocyte       0.32      0.61      0.42       213
  neutrophil       0.65      0.42      0.51       501
    platelet       0.97      0.95      0.96       353

    accuracy                           0.53      2571
   macro avg       0.54      0.57      0.52      2571
weighted avg       0.58      0.53      0.52      2571

2026-09-11 05:17:57,556 INFO Plots saved.
2026-09-11 05:17:57,764 INFO Failed to extract font properties from /usr/share/fonts/truetype/noto/NotoColorEmoji.ttf: Can not load face (unknown file format; error code 0x2)
2026-09-11 05:17:58,628 INFO Circuit diagram saved.
2026-09-11 05:17:58,632 INFO 
Run 'conv_heavy' complete → {'accuracy': 0.5297549591598599, 'bal_acc': 0.570491630161559, 'per_class_recalls': [0.6467391303996337, 0.5181236673663513, 0.656652360486839, 0.1264367816062888, 0.6393442622601451, 0.6056338027884679, 0.4191616766383401, 0.9518413597464067], 'roc_auc_ovr': 0.8663789445404766}
2026-09-11 05:17:58,632 INFO 
>>> PCA-8 sweep run 8/11: pool_required
