2026-08-25 21:54:48,892 INFO 
============================================================
2026-08-25 21:54:48,892 INFO SWEEP RUN: baseline  (PCA-8)
2026-08-25 21:54:48,892 INFO Params: {'label': 'baseline', 'LR_EVAL': 0.003, 'N_EPOCHS_EVAL': 60, 'INIT_POP': 10, 'MAX_EVO_STEPS': 10, 'W_CLASS': [0.7, 0.3]}
2026-08-25 21:54:48,892 INFO ============================================================
2026-08-25 21:54:48,892 INFO 
--- Linear classifier baseline (on 8 PCA features) ---
2026-08-25 21:54:48,950 INFO   val   | acc=0.7051 | bal_acc=0.7231 | min_recall=0.6842 | auc=0.8413
2026-08-25 21:54:48,950 INFO          per-class: ['0.762', '0.684']
2026-08-25 21:54:48,952 INFO   test  | acc=0.7203 | bal_acc=0.7198 | min_recall=0.7187 | auc=0.7882
2026-08-25 21:54:48,952 INFO          per-class: ['0.719', '0.721']
2026-08-25 21:54:48,953 INFO Linear baseline saved → experiments/pca8/sweep/baseline_001/linear_baseline.json
2026-08-25 21:54:48,953 INFO Evaluating initial population...
2026-08-25 21:54:48,953 INFO Config: LR=0.003  epochs=60  pop=10  steps=10  W_CLASS=[0.7, 0.3]
2026-08-25 21:54:48,953 INFO Encoding: single (RY per qubit), 8 PCA components → 8 qubits
2026-08-25 21:54:48,953 INFO Structure: variable length 3–10 layers  | P_CONV=0.6  | min conv=1  | min pool=0  | readout qubits=1
2026-08-25 21:54:48,972 INFO Initial population: 10 valid genotypes
2026-08-25 22:42:32,892 INFO   random     | C-C-C                  | fitness=0.2492 | val_acc=0.6538 | bal_acc=0.7180 | min_recall=0.5789 | params=144
2026-08-25 22:42:32,893 INFO   random     | C-P-C-P-C              | fitness=0.2868 | val_acc=0.6923 | bal_acc=0.7143 | min_recall=0.6667 | params=86
2026-08-25 22:42:32,894 INFO   random     | P-C-C-C-P              | fitness=0.3001 | val_acc=0.7179 | bal_acc=0.7168 | min_recall=0.7143 | params=44
2026-08-25 22:42:32,895 INFO   random     | C-C-C                  | fitness=0.3155 | val_acc=0.6667 | bal_acc=0.6817 | min_recall=0.6491 | params=34
2026-08-25 22:42:32,896 INFO   random     | C-C-C-P-C              | fitness=0.2823 | val_acc=0.7179 | bal_acc=0.7318 | min_recall=0.7018 | params=145
2026-08-25 22:42:32,898 INFO   random     | C-C-C-P-P-C-C-C        | fitness=0.2509 | val_acc=0.7308 | bal_acc=0.7556 | min_recall=0.7018 | params=97
2026-08-25 22:42:32,899 INFO   random     | C-C-P-P-C              | fitness=0.2833 | val_acc=0.7179 | bal_acc=0.7318 | min_recall=0.7018 | params=148
2026-08-25 22:42:32,900 INFO   random     | C-P-C-P-P-C-P          | fitness=0.2780 | val_acc=0.7179 | bal_acc=0.7318 | min_recall=0.7018 | params=62
2026-08-25 22:42:32,904 INFO   random     | P-C-C-P                | fitness=0.2703 | val_acc=0.7436 | bal_acc=0.7494 | min_recall=0.7368 | params=149
2026-08-25 22:42:32,905 INFO   random     | C-C-C-P                | fitness=0.2804 | val_acc=0.7051 | bal_acc=0.7231 | min_recall=0.6842 | params=94
2026-08-25 22:42:32,905 INFO 
=== Evo step 1/10 ===
2026-08-25 22:42:32,905 INFO Top-3: -1290072… fit=0.2492  |  -4558637… fit=0.2509  |  67978142… fit=0.2703
2026-08-25 22:42:32,908 INFO Generated 9 valid novel children
2026-08-25 23:47:54,567 INFO   crossover  | C-C-C-P-P-C-C-C        | fitness=0.2468 | val_acc=0.7564 | bal_acc=0.7732 | min_recall=0.7368 | params=159
2026-08-25 23:47:54,568 INFO   crossover  | C-C-C-C-C              | fitness=0.2473 | val_acc=0.7436 | bal_acc=0.7644 | min_recall=0.7193 | params=166
2026-08-25 23:47:54,569 INFO   crossover  | C-C-C-C                | fitness=0.2469 | val_acc=0.7436 | bal_acc=0.7644 | min_recall=0.7193 | params=184
2026-08-25 23:47:54,570 INFO   crossover  | C-C-C-P-C              | fitness=0.2730 | val_acc=0.7308 | bal_acc=0.7406 | min_recall=0.7193 | params=97
2026-08-25 23:47:54,571 INFO   crossover  | C-C-C-C-C-C            | fitness=0.2893 | val_acc=0.7179 | bal_acc=0.7318 | min_recall=0.7018 | params=178
2026-08-25 23:47:54,572 INFO   crossover  | C-C-C-C                | fitness=0.2510 | val_acc=0.6923 | bal_acc=0.7293 | min_recall=0.6491 | params=30
2026-08-25 23:47:54,573 INFO   mutate     | C-C-C-C                | fitness=0.2873 | val_acc=0.7051 | bal_acc=0.7231 | min_recall=0.6842 | params=153
2026-08-25 23:47:54,574 INFO   mutate     | C-C-C-P-P-C-C-C        | fitness=0.3380 | val_acc=0.7308 | bal_acc=0.7105 | min_recall=0.6667 | params=122
2026-08-25 23:47:54,575 INFO   mutate     | C-C-C                  | fitness=0.2984 | val_acc=0.6410 | bal_acc=0.6792 | min_recall=0.5965 | params=38
2026-08-25 23:47:54,575 INFO Best so far → val_acc=0.7564  bal_acc=0.7732  min_recall=0.7368  fitness=0.2468  params=159  id=-5545406…
2026-08-25 23:47:54,575 INFO 
=== Evo step 2/10 ===
2026-08-25 23:47:54,575 INFO Top-3: -5545406… fit=0.2468  |  17866423… fit=0.2469  |  -8644150… fit=0.2473
2026-08-25 23:47:54,577 INFO Generated 9 valid novel children
2026-08-26 00:59:24,839 INFO   crossover  | C-C-C-P-P-C-C-C        | fitness=0.2626 | val_acc=0.7179 | bal_acc=0.7469 | min_recall=0.6842 | params=159
2026-08-26 00:59:24,840 INFO   crossover  | C-C-C-P-P-C-C-P-C      | fitness=0.2699 | val_acc=0.7051 | bal_acc=0.7381 | min_recall=0.6667 | params=159
2026-08-26 00:59:24,841 INFO   crossover  | C-C-C                  | fitness=0.3362 | val_acc=0.6923 | bal_acc=0.6842 | min_recall=0.6667 | params=58
2026-08-26 00:59:24,842 INFO   crossover  | C-C-C-C-C              | fitness=0.3054 | val_acc=0.6795 | bal_acc=0.7055 | min_recall=0.6491 | params=200
2026-08-26 00:59:24,843 INFO   crossover  | C-C-C-C-P-P-C-C-C      | fitness=0.2638 | val_acc=0.7308 | bal_acc=0.7556 | min_recall=0.7018 | params=199
2026-08-26 00:59:24,844 INFO   crossover  | C-C-C-C                | fitness=0.3006 | val_acc=0.6026 | bal_acc=0.6679 | min_recall=0.5263 | params=142
2026-08-26 00:59:24,845 INFO   mutate     | C-C-C-C                | fitness=0.2688 | val_acc=0.6795 | bal_acc=0.7206 | min_recall=0.6316 | params=151
2026-08-26 00:59:24,846 INFO   mutate     | C-C-C-P                | fitness=0.2665 | val_acc=0.6795 | bal_acc=0.7206 | min_recall=0.6316 | params=129
2026-08-26 00:59:24,847 INFO   mutate     | C-C-C-C-P-C            | fitness=0.2475 | val_acc=0.7308 | bal_acc=0.7556 | min_recall=0.7018 | params=101
2026-08-26 00:59:24,847 INFO Best so far → val_acc=0.7564  bal_acc=0.7732  min_recall=0.7368  fitness=0.2468  params=159  id=-5545406…
2026-08-26 00:59:24,847 INFO 
=== Evo step 3/10 ===
2026-08-26 00:59:24,847 INFO Top-3: -5545406… fit=0.2468  |  17866423… fit=0.2469  |  -2310700… fit=0.2688
2026-08-26 00:59:24,849 INFO Generated 9 valid novel children
2026-08-26 02:32:30,048 INFO   crossover  | C-C-C-C-C              | fitness=0.2954 | val_acc=0.7179 | bal_acc=0.7318 | min_recall=0.7018 | params=254
2026-08-26 02:32:30,053 INFO   crossover  | C-C-C-P-P-C-C-C-C      | fitness=0.2997 | val_acc=0.7692 | bal_acc=0.7519 | min_recall=0.7143 | params=159
2026-08-26 02:32:30,055 INFO   crossover  | C-C-C-C-C              | fitness=0.2882 | val_acc=0.7179 | bal_acc=0.7318 | min_recall=0.7018 | params=188
2026-08-26 02:32:30,056 INFO   crossover  | C-C-C-C                | fitness=0.3162 | val_acc=0.6282 | bal_acc=0.6704 | min_recall=0.5789 | params=132
2026-08-26 02:32:30,057 INFO   crossover  | C-C-C-C-C-C-C          | fitness=0.2556 | val_acc=0.6667 | bal_acc=0.7268 | min_recall=0.5965 | params=168
2026-08-26 02:32:30,058 INFO   crossover  | C-C-C-C-C-C-C          | fitness=0.2884 | val_acc=0.7436 | bal_acc=0.7494 | min_recall=0.7368 | params=240
2026-08-26 02:32:30,059 INFO   mutate     | C-C-C-P-P-C-C-C        | fitness=0.3573 | val_acc=0.6923 | bal_acc=0.6842 | min_recall=0.6667 | params=159
2026-08-26 02:32:30,060 INFO   mutate     | C-C-C-C-C              | fitness=0.2896 | val_acc=0.7179 | bal_acc=0.7318 | min_recall=0.7018 | params=202
2026-08-26 02:32:30,061 INFO   mutate     | C-C-C-C-P-P-C-P-C      | fitness=0.2697 | val_acc=0.7179 | bal_acc=0.7469 | min_recall=0.6842 | params=201
2026-08-26 02:32:30,061 INFO Best so far → val_acc=0.7564  bal_acc=0.7732  min_recall=0.7368  fitness=0.2468  params=159  id=-5545406…
2026-08-26 02:32:30,061 INFO 
=== Evo step 4/10 ===
2026-08-26 02:32:30,061 INFO Top-3: -5545406… fit=0.2468  |  17866423… fit=0.2469  |  41863396… fit=0.3162
2026-08-26 02:32:30,065 INFO Generated 9 valid novel children
2026-08-26 05:02:02,014 INFO   crossover  | C-C-C-C                | fitness=0.2931 | val_acc=0.7051 | bal_acc=0.7231 | min_recall=0.6842 | params=204
2026-08-26 05:02:02,019 INFO   crossover  | C-C-C                  | fitness=0.3876 | val_acc=0.5897 | bal_acc=0.6140 | min_recall=0.5614 | params=146
2026-08-26 05:02:02,020 INFO   crossover  | C-C-C-C-P-C-C-C        | fitness=0.3249 | val_acc=0.7179 | bal_acc=0.7168 | min_recall=0.7143 | params=206
2026-08-26 05:02:02,022 INFO   crossover  | C-C-C                  | fitness=0.3239 | val_acc=0.4487 | bal_acc=0.5777 | min_recall=0.2982 | params=62
2026-08-26 05:02:02,023 INFO   crossover  | C-C-C-C-C              | fitness=0.2556 | val_acc=0.7179 | bal_acc=0.7469 | min_recall=0.6842 | params=148
2026-08-26 05:02:02,025 INFO   crossover  | C-C-C-C-C-C            | fitness=0.3147 | val_acc=0.6923 | bal_acc=0.7143 | min_recall=0.6667 | params=314
2026-08-26 05:02:02,026 INFO   mutate     | C-C-P-C-C              | fitness=0.2860 | val_acc=0.7179 | bal_acc=0.7318 | min_recall=0.7018 | params=176
2026-08-26 05:02:02,028 INFO   mutate     | C-C-C-C                | fitness=0.4111 | val_acc=0.6026 | bal_acc=0.6078 | min_recall=0.5965 | params=130
2026-08-26 05:02:02,029 INFO   mutate     | C-C-P-C-P-P-C-C        | fitness=0.2640 | val_acc=0.7308 | bal_acc=0.7556 | min_recall=0.7018 | params=217
2026-08-26 05:02:02,029 INFO Best so far → val_acc=0.7564  bal_acc=0.7732  min_recall=0.7368  fitness=0.2468  params=159  id=-5545406…
2026-08-26 05:02:02,029 INFO 
=== Evo step 5/10 ===
2026-08-26 05:02:02,029 INFO Top-3: -5545406… fit=0.2468  |  17866423… fit=0.2469  |  -8644150… fit=0.2473
2026-08-26 05:02:02,036 INFO Generated 9 valid novel children
2026-08-26 07:52:57,749 INFO   crossover  | C-C-C-P-C              | fitness=0.2794 | val_acc=0.7308 | bal_acc=0.7406 | min_recall=0.7193 | params=159
2026-08-26 07:52:57,750 INFO   crossover  | C-C-C-C-C-C-C          | fitness=0.2754 | val_acc=0.7051 | bal_acc=0.7381 | min_recall=0.6667 | params=241
2026-08-26 07:52:57,823 INFO   crossover  | C-C-C-C                | fitness=0.3417 | val_acc=0.6154 | bal_acc=0.6466 | min_recall=0.5789 | params=58
2026-08-26 07:52:57,825 INFO   crossover  | C-C-C-C-C-C-C          | fitness=0.2906 | val_acc=0.7436 | bal_acc=0.7494 | min_recall=0.7368 | params=266
2026-08-26 07:52:57,827 INFO   crossover  | C-C-C-C-C-C-P-P-C-C    | fitness=0.3044 | val_acc=0.7179 | bal_acc=0.7318 | min_recall=0.7018 | params=239
2026-08-26 07:52:57,828 INFO   crossover  | C-C-C-C                | fitness=0.2886 | val_acc=0.7051 | bal_acc=0.7231 | min_recall=0.6842 | params=158
2026-08-26 07:52:57,829 INFO   mutate     | C-C-C-P-C-C-C          | fitness=0.2711 | val_acc=0.6923 | bal_acc=0.7293 | min_recall=0.6491 | params=159
2026-08-26 07:52:57,831 INFO   mutate     | C-P-C-C-C-P            | fitness=0.3262 | val_acc=0.7436 | bal_acc=0.7193 | min_recall=0.6667 | params=99
2026-08-26 07:52:57,832 INFO   mutate     | C-C-C-C                | fitness=2.0000 | val_acc=0.0000 | bal_acc=0.0000 | min_recall=0.0000 | params=96
2026-08-26 07:52:57,833 INFO Best so far → val_acc=0.7564  bal_acc=0.7732  min_recall=0.7368  fitness=0.2468  params=159  id=-5545406…
2026-08-26 07:52:57,836 INFO Memory table saved.
2026-08-26 07:52:57,836 INFO 
=== Evo step 6/10 ===
2026-08-26 07:52:57,836 INFO Top-3: -5545406… fit=0.2468  |  17866423… fit=0.2469  |  -5396219… fit=0.2882
2026-08-26 07:52:57,846 INFO Generated 9 valid novel children
2026-08-26 15:28:18,967 INFO 
============================================================
2026-08-26 15:28:18,967 INFO RESUMING SWEEP RUN: baseline  (PCA-8)  → experiments/pca8/sweep/baseline_001
2026-08-26 15:28:18,967 INFO ============================================================
2026-08-26 15:28:18,968 INFO 
--- Linear classifier baseline (on 8 PCA features) ---
2026-08-26 15:28:19,015 INFO   val   | acc=0.7051 | bal_acc=0.7231 | min_recall=0.6842 | auc=0.8413
2026-08-26 15:28:19,015 INFO          per-class: ['0.762', '0.684']
2026-08-26 15:28:19,017 INFO   test  | acc=0.7203 | bal_acc=0.7198 | min_recall=0.7187 | auc=0.7882
2026-08-26 15:28:19,017 INFO          per-class: ['0.719', '0.721']
2026-08-26 15:28:19,017 INFO Linear baseline saved → experiments/pca8/sweep/baseline_001/linear_baseline.json
2026-08-26 15:28:19,021 INFO Resumed from checkpoint → 55 genotypes, evo_step=5/10, 55 motifs loaded from disk cache
2026-08-26 15:28:19,021 INFO 
=== Evo step 6/10 ===
2026-08-26 15:28:19,021 INFO Top-3: -5545406… fit=0.2468  |  17866423… fit=0.2469  |  -8644150… fit=0.2473
2026-08-26 15:28:19,025 INFO Generated 9 valid novel children
2026-08-26 16:56:37,618 INFO 
============================================================
2026-08-26 16:56:37,619 INFO RESUMING SWEEP RUN: baseline  (PCA-8)  → experiments/pca8/sweep/baseline_001
2026-08-26 16:56:37,619 INFO ============================================================
2026-08-26 16:56:37,619 INFO 
--- Linear classifier baseline (on 8 PCA features) ---
2026-08-26 16:56:37,653 INFO   val   | acc=0.7051 | bal_acc=0.7231 | min_recall=0.6842 | auc=0.8413
2026-08-26 16:56:37,654 INFO          per-class: ['0.762', '0.684']
2026-08-26 16:56:37,655 INFO   test  | acc=0.7203 | bal_acc=0.7198 | min_recall=0.7187 | auc=0.7882
2026-08-26 16:56:37,656 INFO          per-class: ['0.719', '0.721']
2026-08-26 16:56:37,656 INFO Linear baseline saved → experiments/pca8/sweep/baseline_001/linear_baseline.json
2026-08-26 16:56:37,670 INFO Resumed from checkpoint → 55 genotypes, evo_step=5/10, 55 motifs loaded from disk cache
2026-08-26 16:56:37,670 INFO 
=== Evo step 6/10 ===
2026-08-26 16:56:37,670 INFO Top-3: -5545406… fit=0.2468  |  17866423… fit=0.2469  |  -8644150… fit=0.2473
2026-08-26 16:56:37,676 INFO Generated 9 valid novel children
2026-08-26 19:15:53,645 INFO   crossover  | C-C-C-C-C              | fitness=0.2871 | val_acc=0.7436 | bal_acc=0.7494 | min_recall=0.7368 | params=274
2026-08-26 19:15:53,647 INFO   crossover  | C-C-C-P-C-P-P-C        | fitness=0.2801 | val_acc=0.7436 | bal_acc=0.7494 | min_recall=0.7368 | params=159
2026-08-26 19:15:53,653 INFO   crossover  | C-C-C                  | fitness=0.3468 | val_acc=0.6667 | bal_acc=0.6667 | min_recall=0.6667 | params=58
2026-08-26 19:15:53,655 INFO   crossover  | C-C-P-P-C              | fitness=0.2813 | val_acc=0.7179 | bal_acc=0.7318 | min_recall=0.7018 | params=128
2026-08-26 19:15:53,656 INFO   crossover  | C-C-P-P-C-C-C          | fitness=0.2461 | val_acc=0.7436 | bal_acc=0.7644 | min_recall=0.7193 | params=122
2026-08-26 19:15:53,657 INFO   crossover  | C-C-C-C-C              | fitness=0.2607 | val_acc=0.7308 | bal_acc=0.7556 | min_recall=0.7018 | params=244
2026-08-26 19:15:53,659 INFO   mutate     | C-C-C-P-P-P-C-C-C      | fitness=0.3032 | val_acc=0.6923 | bal_acc=0.7143 | min_recall=0.6667 | params=159
2026-08-26 19:15:53,660 INFO   mutate     | C-C-C                  | fitness=0.3900 | val_acc=0.5897 | bal_acc=0.6140 | min_recall=0.5614 | params=170
2026-08-26 19:15:53,662 INFO   mutate     | C-P-P-C                | fitness=0.2748 | val_acc=0.7179 | bal_acc=0.7318 | min_recall=0.7018 | params=88
2026-08-26 19:15:53,662 INFO Best so far → val_acc=0.7436  bal_acc=0.7644  min_recall=0.7193  fitness=0.2461  params=122  id=19645882…
2026-08-26 19:15:53,662 INFO 
=== Evo step 7/10 ===
2026-08-26 19:15:53,662 INFO Top-3: 19645882… fit=0.2461  |  -5545406… fit=0.2468  |  -1290072… fit=0.2492
2026-08-26 19:15:53,667 INFO Generated 9 valid novel children
2026-08-26 22:12:28,367 INFO   crossover  | C-C-C                  | fitness=0.2365 | val_acc=0.6667 | bal_acc=0.7268 | min_recall=0.5965 | params=78
2026-08-26 22:12:28,369 INFO   crossover  | C-C-C                  | fitness=0.2432 | val_acc=0.7308 | bal_acc=0.7556 | min_recall=0.7018 | params=124
2026-08-26 22:12:28,370 INFO   crossover  | C-C-C-C                | fitness=0.2764 | val_acc=0.7308 | bal_acc=0.7406 | min_recall=0.7193 | params=148
2026-08-26 22:12:28,371 INFO   crossover  | C-C-C-C-C-C-C-C        | fitness=0.3347 | val_acc=0.7308 | bal_acc=0.7256 | min_recall=0.7143 | params=345
2026-08-26 22:12:28,376 INFO   crossover  | C-C-C-C-P-C-C-C        | fitness=0.2302 | val_acc=0.7436 | bal_acc=0.7794 | min_recall=0.7018 | params=206
2026-08-26 22:12:28,378 INFO   crossover  | C-C-C-C-C-P-P-C-C-C    | fitness=0.3123 | val_acc=0.7051 | bal_acc=0.7231 | min_recall=0.6842 | params=269
2026-08-26 22:12:28,379 INFO   mutate     | C-C-P-P-C-C-C-P        | fitness=0.2586 | val_acc=0.7179 | bal_acc=0.7469 | min_recall=0.6842 | params=122
2026-08-26 22:12:28,380 INFO   mutate     | C-C-C-P-P-C-C-C        | fitness=0.2907 | val_acc=0.7179 | bal_acc=0.7318 | min_recall=0.7018 | params=159
2026-08-26 22:12:28,382 INFO   mutate     | C-C-C-C-C              | fitness=0.2497 | val_acc=0.7436 | bal_acc=0.7644 | min_recall=0.7193 | params=190
2026-08-26 22:12:28,382 INFO Best so far → val_acc=0.7436  bal_acc=0.7794  min_recall=0.7018  fitness=0.2302  params=206  id=46093888…
2026-08-26 22:12:28,382 INFO 
=== Evo step 8/10 ===
2026-08-26 22:12:28,382 INFO Top-3: 46093888… fit=0.2302  |  56322103… fit=0.2365  |  -1549030… fit=0.2432
2026-08-26 22:12:28,386 INFO Generated 9 valid novel children
2026-08-27 00:54:27,136 INFO   crossover  | C-C-C-C-P-C-C-C-C-C    | fitness=0.2747 | val_acc=0.7308 | bal_acc=0.7556 | min_recall=0.7018 | params=265
2026-08-27 00:54:27,138 INFO   crossover  | C-C-C-C-P-C            | fitness=0.2764 | val_acc=0.7564 | bal_acc=0.7581 | min_recall=0.7544 | params=202
2026-08-27 00:54:27,142 INFO   crossover  | C-C-C-C-P-C-C-C        | fitness=0.2591 | val_acc=0.7179 | bal_acc=0.7469 | min_recall=0.6842 | params=114
2026-08-27 00:54:27,144 INFO   crossover  | C-C-P-C-C-C            | fitness=0.2875 | val_acc=0.7051 | bal_acc=0.7231 | min_recall=0.6842 | params=108
2026-08-27 00:54:27,145 INFO   crossover  | C-C-C-P-P-C-C-C-C      | fitness=0.2979 | val_acc=0.7051 | bal_acc=0.7231 | min_recall=0.6842 | params=159
2026-08-27 00:54:27,146 INFO   crossover  | C-C-C-P-P-C-C-C-C      | fitness=0.2927 | val_acc=0.7179 | bal_acc=0.7318 | min_recall=0.7018 | params=159
2026-08-27 00:54:27,148 INFO   mutate     | C-C-C-C-P-C-C-C        | fitness=0.2624 | val_acc=0.7179 | bal_acc=0.7469 | min_recall=0.6842 | params=148
2026-08-27 00:54:27,149 INFO   mutate     | C-C-C                  | fitness=0.2652 | val_acc=0.6667 | bal_acc=0.7118 | min_recall=0.6140 | params=85
2026-08-27 00:54:27,150 INFO   mutate     | C-C-C-P-P-C-C-C-P      | fitness=0.2856 | val_acc=0.6667 | bal_acc=0.7118 | min_recall=0.6140 | params=159
2026-08-27 00:54:27,150 INFO Best so far → val_acc=0.7436  bal_acc=0.7794  min_recall=0.7018  fitness=0.2302  params=206  id=46093888…
2026-08-27 00:54:27,150 INFO 
=== Evo step 9/10 ===
2026-08-27 00:54:27,151 INFO Top-3: 46093888… fit=0.2302  |  56322103… fit=0.2365  |  -1549030… fit=0.2432
2026-08-27 00:54:27,154 INFO Generated 9 valid novel children
2026-08-27 02:48:09,115 INFO   crossover  | C-C-C-C                | fitness=0.2605 | val_acc=0.6923 | bal_acc=0.7293 | min_recall=0.6491 | params=118
2026-08-27 02:48:09,120 INFO   crossover  | C-C-C-C                | fitness=0.3889 | val_acc=0.6026 | bal_acc=0.6228 | min_recall=0.5789 | params=186
2026-08-27 02:48:09,122 INFO   crossover  | C-C-C-C-C              | fitness=0.2557 | val_acc=0.7051 | bal_acc=0.7381 | min_recall=0.6667 | params=96
2026-08-27 02:48:09,123 INFO   crossover  | C-C-C-C-C              | fitness=0.2510 | val_acc=0.7436 | bal_acc=0.7644 | min_recall=0.7193 | params=200
2026-08-27 02:48:09,125 INFO   crossover  | C-C-C-C-C-P-C-C-C      | fitness=0.3290 | val_acc=0.7179 | bal_acc=0.7168 | min_recall=0.7143 | params=220
2026-08-27 02:48:09,126 INFO   crossover  | C-C-C-C-C-C            | fitness=0.3253 | val_acc=0.7051 | bal_acc=0.7080 | min_recall=0.7018 | params=202
2026-08-27 02:48:09,128 INFO   mutate     | C-C-C-C-P-C-C-C        | fitness=0.2725 | val_acc=0.7051 | bal_acc=0.7381 | min_recall=0.6667 | params=198
2026-08-27 02:48:09,129 INFO   mutate     | C-C-C-C                | fitness=0.2635 | val_acc=0.6795 | bal_acc=0.7206 | min_recall=0.6316 | params=98
2026-08-27 02:48:09,131 INFO   mutate     | C-C-C-P                | fitness=0.2306 | val_acc=0.7051 | bal_acc=0.7531 | min_recall=0.6491 | params=148
2026-08-27 02:48:09,131 INFO Best so far → val_acc=0.7436  bal_acc=0.7794  min_recall=0.7018  fitness=0.2302  params=206  id=46093888…
2026-08-27 02:48:09,131 INFO 
=== Evo step 10/10 ===
2026-08-27 02:48:09,131 INFO Top-3: 46093888… fit=0.2302  |  -3127366… fit=0.2306  |  -3898262… fit=0.2801
2026-08-27 02:48:09,140 INFO Generated 9 valid novel children
2026-08-27 06:08:38,838 INFO   crossover  | C-C-C-P                | fitness=0.2938 | val_acc=0.7564 | bal_acc=0.7431 | min_recall=0.7143 | params=150
2026-08-27 06:08:38,840 INFO   crossover  | C-C-C-C-P-C-C-C-C-C    | fitness=0.2852 | val_acc=0.7179 | bal_acc=0.7469 | min_recall=0.6842 | params=316
2026-08-27 06:08:38,844 INFO   crossover  | C-C-C-P-C-C-C          | fitness=0.2943 | val_acc=0.7051 | bal_acc=0.7231 | min_recall=0.6842 | params=156
2026-08-27 06:08:38,846 INFO   crossover  | C-C-C-C                | fitness=0.2437 | val_acc=0.6538 | bal_acc=0.7180 | min_recall=0.5789 | params=78
2026-08-27 06:08:38,847 INFO   crossover  | C-C-C-C-P-C-C-C-P-C    | fitness=0.3248 | val_acc=0.7436 | bal_acc=0.7343 | min_recall=0.7143 | params=264
2026-08-27 06:08:38,848 INFO   crossover  | C-C-C-P                | fitness=0.2581 | val_acc=0.7179 | bal_acc=0.7469 | min_recall=0.6842 | params=194
2026-08-27 06:08:38,850 INFO   mutate     | C-C-C-C-C-P-C-P-C-P    | fitness=0.2707 | val_acc=0.7308 | bal_acc=0.7556 | min_recall=0.7018 | params=230
2026-08-27 06:08:38,851 INFO   mutate     | C-C-P                  | fitness=0.2782 | val_acc=0.7051 | bal_acc=0.7231 | min_recall=0.6842 | params=88
2026-08-27 06:08:38,852 INFO   mutate     | C-C-C-C-P-C-C-P        | fitness=0.3268 | val_acc=0.7179 | bal_acc=0.7168 | min_recall=0.7143 | params=222
2026-08-27 06:08:38,853 INFO Best so far → val_acc=0.7436  bal_acc=0.7794  min_recall=0.7018  fitness=0.2302  params=206  id=46093888…
2026-08-27 06:08:38,856 INFO Memory table saved.
2026-08-27 06:08:38,856 INFO 
=== SEARCH COMPLETE ===
2026-08-27 06:08:38,856 INFO Best val_acc  : 0.7436
2026-08-27 06:08:38,856 INFO Best bal_acc  : 0.7794  (mean per-class recall)
2026-08-27 06:08:38,856 INFO Min recall    : 0.7018  (worst class)
2026-08-27 06:08:38,856 INFO Best fitness  : 0.2302
2026-08-27 06:08:38,856 INFO Params        : 206
2026-08-27 06:08:38,856 INFO Layers        : 8  (7 conv + 1 pool)
2026-08-27 06:08:38,856 INFO Circuit structure:
2026-08-27 06:08:38,856 INFO   Structure: C-C-C-C-P-C-C-C  (8 layers = 7 conv + 1 pool)
2026-08-27 06:08:38,856 INFO   Layer 0 CONV  gate=U_6        stride=1 step=1 offset=3 boundary=open
2026-08-27 06:08:38,856 INFO   Layer 1 CONV  gate=U_6        stride=4 step=1 offset=1 boundary=periodic
2026-08-27 06:08:38,856 INFO   Layer 2 CONV  gate=U_5        stride=1 step=1 offset=1 boundary=open
2026-08-27 06:08:38,856 INFO   Layer 3 CONV  gate=U_9        stride=4 step=1 offset=1 boundary=periodic
2026-08-27 06:08:38,856 INFO   Layer 4 POOL  gate=pool_U       pattern=1*
2026-08-27 06:08:38,856 INFO   Layer 5 CONV  gate=U_13       stride=6 step=6 offset=3 boundary=open
2026-08-27 06:08:38,857 INFO   Layer 6 CONV  gate=U_TTN      stride=2 step=1 offset=0 boundary=periodic
2026-08-27 06:08:38,857 INFO   Layer 7 CONV  gate=U_9        stride=7 step=7 offset=0 boundary=open
2026-08-27 06:08:38,857 INFO   Qubits surviving: 7 → [1, 2, 3, 4, 5, 6, 7]  | readout wires = [1]
2026-08-27 06:08:38,857 INFO 
============================================================
2026-08-27 06:08:38,857 INFO FINAL TRAINING — BreastMNIST binary QCNN
2026-08-27 06:08:38,857 INFO ============================================================
2026-08-27 06:08:38,857 INFO   Structure: C-C-C-C-P-C-C-C  (8 layers = 7 conv + 1 pool)
2026-08-27 06:08:38,857 INFO   Layer 0 CONV  gate=U_6        stride=1 step=1 offset=3 boundary=open
2026-08-27 06:08:38,857 INFO   Layer 1 CONV  gate=U_6        stride=4 step=1 offset=1 boundary=periodic
2026-08-27 06:08:38,857 INFO   Layer 2 CONV  gate=U_5        stride=1 step=1 offset=1 boundary=open
2026-08-27 06:08:38,857 INFO   Layer 3 CONV  gate=U_9        stride=4 step=1 offset=1 boundary=periodic
2026-08-27 06:08:38,858 INFO   Layer 4 POOL  gate=pool_U       pattern=1*
2026-08-27 06:08:38,858 INFO   Layer 5 CONV  gate=U_13       stride=6 step=6 offset=3 boundary=open
2026-08-27 06:08:38,858 INFO   Layer 6 CONV  gate=U_TTN      stride=2 step=1 offset=0 boundary=periodic
2026-08-27 06:08:38,858 INFO   Layer 7 CONV  gate=U_9        stride=7 step=7 offset=0 boundary=open
2026-08-27 06:08:38,858 INFO   Qubits surviving: 7 → [1, 2, 3, 4, 5, 6, 7]  | readout wires = [1]
2026-08-27 06:08:38,859 INFO Circuit: 8 layers (7 conv + 1 pool), 206 trainable parameters.
2026-08-27 06:10:11,687 INFO Epoch    1/200 | loss=0.6793 | val_acc=0.6667 | bal_acc=0.5915 | min_recall=0.429 | lr=0.005000
2026-08-27 06:37:52,326 INFO Epoch   20/200 | loss=0.5969 | val_acc=0.6667 | bal_acc=0.6967 | min_recall=0.632 | lr=0.005000
2026-08-27 07:07:57,779 INFO Epoch   40/200 | loss=0.5865 | val_acc=0.7564 | bal_acc=0.7281 | min_recall=0.667 | lr=0.005000
2026-08-27 07:36:37,761 INFO Epoch   60/200 | loss=0.5821 | val_acc=0.7308 | bal_acc=0.7105 | min_recall=0.667 | lr=0.002500
2026-08-27 08:04:15,153 INFO Epoch   80/200 | loss=0.5902 | val_acc=0.7564 | bal_acc=0.7281 | min_recall=0.667 | lr=0.002500
2026-08-27 08:33:31,749 INFO Epoch  100/200 | loss=0.5795 | val_acc=0.7308 | bal_acc=0.7406 | min_recall=0.719 | lr=0.001250
2026-08-27 09:04:47,884 INFO Epoch  120/200 | loss=0.5832 | val_acc=0.7308 | bal_acc=0.7406 | min_recall=0.719 | lr=0.001250
2026-08-27 09:33:04,378 INFO Epoch  140/200 | loss=0.5850 | val_acc=0.7308 | bal_acc=0.7406 | min_recall=0.719 | lr=0.001250
2026-08-27 10:02:16,078 INFO Epoch  160/200 | loss=0.5749 | val_acc=0.7308 | bal_acc=0.7406 | min_recall=0.719 | lr=0.000625
2026-08-27 10:35:43,448 INFO Epoch  180/200 | loss=0.5797 | val_acc=0.7308 | bal_acc=0.7406 | min_recall=0.719 | lr=0.000625
2026-08-27 11:10:27,493 INFO Epoch  200/200 | loss=0.5718 | val_acc=0.7308 | bal_acc=0.7406 | min_recall=0.719 | lr=0.000313
2026-08-27 11:10:27,493 INFO Training log saved → experiments/pca8/sweep/baseline_001/training_log.csv
2026-08-27 11:10:27,493 INFO Best val fitness: 0.1772
2026-08-27 11:10:27,493 INFO 
--- Test evaluation (best-val checkpoint) ---
2026-08-27 11:10:35,440 INFO Test accuracy    : 0.7119
Test bal. acc    : 0.7435  (mean per-class recall)
Per-class recall : ['0.8125', '0.6744']
Min recall       : 0.6744
Test ROC-AUC OvR : 0.8140
2026-08-27 11:10:35,483 INFO 
               precision    recall  f1-score   support

    Malignant       0.48      0.81      0.60        32
Normal/Benign       0.91      0.67      0.77        86

     accuracy                           0.71       118
    macro avg       0.69      0.74      0.69       118
 weighted avg       0.79      0.71      0.73       118

2026-08-27 11:10:36,037 INFO Plots saved.
2026-08-27 11:10:36,722 INFO Failed to extract font properties from /usr/share/fonts/truetype/noto/NotoColorEmoji.ttf: Can not load face (unknown file format; error code 0x2)
2026-08-27 11:10:38,975 INFO Circuit diagram saved.
2026-08-27 11:10:39,002 INFO 
Run 'baseline' complete → {'accuracy': 0.711864406779661, 'bal_acc': 0.7434593021594179, 'per_class_recalls': [0.8124999997460938, 0.674418604572742], 'roc_auc_ovr': 0.8139534883720931}
2026-08-27 11:10:39,002 INFO 
>>> PCA-8 sweep run 2/11: lr_high
