2026-09-07 07:14:52,026 INFO 
============================================================
2026-09-07 07:14:52,026 INFO SWEEP RUN: lr_low  (PCA-8)
2026-09-07 07:14:52,026 INFO Params: {'label': 'lr_low', 'LR_EVAL': 0.001, 'N_EPOCHS_EVAL': 60, 'INIT_POP': 10, 'MAX_EVO_STEPS': 10, 'W_CLASS': [0.08, 0.14, 0.125, 0.125, 0.28, 0.125, 0.125]}
2026-09-07 07:14:52,026 INFO ============================================================
2026-09-07 07:14:52,026 INFO 
--- Linear classifier baseline (on 8 PCA features) ---
2026-09-07 07:14:52,923 INFO   val   | acc=0.4709 | bal_acc=0.3737 | min_recall=0.2727 | auc=0.7808
2026-09-07 07:14:52,923 INFO          per-class: ['0.344', '0.392', '0.422', '0.273', '0.387', '0.512', '0.286']
2026-09-07 07:14:52,927 INFO   test  | acc=0.4639 | bal_acc=0.3481 | min_recall=0.1818 | auc=0.7501
2026-09-07 07:14:52,927 INFO          per-class: ['0.320', '0.372', '0.325', '0.278', '0.446', '0.513', '0.182']
2026-09-07 07:14:52,927 INFO Linear baseline saved → experiments/pca8/sweep/lr_low_001/linear_baseline.json
2026-09-07 07:14:52,932 INFO Subsampling search training set: 35196 → 2000
2026-09-07 07:14:52,938 INFO Evaluating initial population...
2026-09-07 07:14:52,938 INFO Config: LR=0.001  epochs=60  pop=10  steps=10  W_CLASS=[0.08, 0.14, 0.125, 0.125, 0.28, 0.125, 0.125]
2026-09-07 07:14:52,938 INFO Encoding: single (RY per qubit), 8 PCA components → 8 qubits
2026-09-07 07:14:52,938 INFO Structure: variable length 3–10 layers  | P_CONV=0.6  | min conv=1  | min pool=0  | readout qubits=3
2026-09-07 07:14:53,006 INFO Initial population: 10 valid genotypes
2026-09-07 07:17:48,490 INFO   random     | C-C-C                  | fitness=0.7223 | val_acc=0.4118 | bal_acc=0.3110 | min_recall=0.1765 | params=183
2026-09-07 07:17:48,495 INFO   random     | C-C-C-C                | fitness=0.8302 | val_acc=0.1954 | bal_acc=0.2104 | min_recall=0.0714 | params=123
2026-09-07 07:17:48,498 INFO   random     | C-C-C                  | fitness=1.0175 | val_acc=0.0872 | bal_acc=0.1748 | min_recall=0.0000 | params=54
2026-09-07 07:17:48,503 INFO   random     | C-P-P-C                | fitness=0.9335 | val_acc=0.4479 | bal_acc=0.2759 | min_recall=0.0000 | params=98
2026-09-07 07:17:48,507 INFO   random     | C-C-P-C-P              | fitness=1.0987 | val_acc=0.0421 | bal_acc=0.1343 | min_recall=0.0000 | params=56
2026-09-07 07:17:48,511 INFO   random     | C-P-C-C                | fitness=0.9551 | val_acc=0.2355 | bal_acc=0.2510 | min_recall=0.0000 | params=51
2026-09-07 07:17:48,515 INFO   random     | C-C-C                  | fitness=0.9939 | val_acc=0.0331 | bal_acc=0.2313 | min_recall=0.0000 | params=38
2026-09-07 07:17:48,519 INFO   random     | C-P-C-P                | fitness=0.9719 | val_acc=0.0882 | bal_acc=0.2104 | min_recall=0.0000 | params=59
2026-09-07 07:17:48,520 INFO   random     | C-C-C-C-C-C-C          | fitness=0.9463 | val_acc=0.4790 | bal_acc=0.3203 | min_recall=0.0000 | params=125
2026-09-07 07:17:48,522 INFO   random     | C-C-C-C                | fitness=0.8866 | val_acc=0.1383 | bal_acc=0.1418 | min_recall=0.0937 | params=74
2026-09-07 07:17:48,522 INFO 
=== Evo step 1/10 ===
2026-09-07 07:17:48,522 INFO Top-3: 77587264… fit=0.7223  |  49360114… fit=0.8302  |  -5852343… fit=0.8866
2026-09-07 07:17:48,524 INFO Generated 9 valid novel children
2026-09-07 07:21:09,701 INFO   crossover  | C-C-C-C-C              | fitness=0.6833 | val_acc=0.4449 | bal_acc=0.3544 | min_recall=0.1818 | params=225
2026-09-07 07:21:09,709 INFO   crossover  | C-C-C-C-C-C            | fitness=0.8492 | val_acc=0.3096 | bal_acc=0.2965 | min_recall=0.0312 | params=185
2026-09-07 07:21:09,714 INFO   crossover  | C-C-C-C-C              | fitness=0.7362 | val_acc=0.2866 | bal_acc=0.3028 | min_recall=0.0937 | params=151
2026-09-07 07:21:09,718 INFO   crossover  | C-C-C-C                | fitness=1.0955 | val_acc=0.1122 | bal_acc=0.1294 | min_recall=0.0000 | params=93
2026-09-07 07:21:09,723 INFO   crossover  | C-C-C-C-C-C-C          | fitness=0.6971 | val_acc=0.3066 | bal_acc=0.3237 | min_recall=0.1250 | params=257
2026-09-07 07:21:09,726 INFO   crossover  | C-C-C-C-C-C-C          | fitness=0.7173 | val_acc=0.2866 | bal_acc=0.3032 | min_recall=0.1250 | params=193
2026-09-07 07:21:09,731 INFO   mutate     | C-C-C                  | fitness=0.9517 | val_acc=0.1463 | bal_acc=0.2265 | min_recall=0.0000 | params=98
2026-09-07 07:21:09,735 INFO   mutate     | C-C-C                  | fitness=1.0714 | val_acc=0.1283 | bal_acc=0.1602 | min_recall=0.0000 | params=73
2026-09-07 07:21:09,739 INFO   mutate     | C-C-C                  | fitness=1.0254 | val_acc=0.0391 | bal_acc=0.1704 | min_recall=0.0000 | params=54
2026-09-07 07:21:09,739 INFO Best so far → val_acc=0.4449  bal_acc=0.3544  min_recall=0.1818  fitness=0.6833  params=225  id=27287976…
2026-09-07 07:21:09,739 INFO Memory table saved.
2026-09-07 07:21:09,739 INFO 
=== Evo step 2/10 ===
2026-09-07 07:21:09,740 INFO Top-3: 27287976… fit=0.6833  |  51415091… fit=0.6971  |  -2569087… fit=0.7173
2026-09-07 07:21:09,741 INFO Generated 9 valid novel children
2026-09-07 07:26:31,627 INFO   crossover  | C-C-C-C-C-C-C-C        | fitness=0.7053 | val_acc=0.4028 | bal_acc=0.3575 | min_recall=0.2727 | params=348
2026-09-07 07:26:31,632 INFO   crossover  | C-C-C                  | fitness=0.9237 | val_acc=0.2265 | bal_acc=0.2804 | min_recall=0.0000 | params=159
2026-09-07 07:26:31,636 INFO   crossover  | C-C-C-C-C-C-C-C        | fitness=0.7094 | val_acc=0.4369 | bal_acc=0.3165 | min_recall=0.1429 | params=194
2026-09-07 07:26:31,641 INFO   crossover  | C-C-C-C-C-C-C-C-C-C    | fitness=0.9348 | val_acc=0.2996 | bal_acc=0.3104 | min_recall=0.0000 | params=327
2026-09-07 07:26:31,649 INFO   crossover  | C-C-C-C-C              | fitness=0.9821 | val_acc=0.0772 | bal_acc=0.1908 | min_recall=0.0000 | params=129
2026-09-07 07:26:31,653 INFO   crossover  | C-C-C-C                | fitness=0.7099 | val_acc=0.3277 | bal_acc=0.3409 | min_recall=0.1818 | params=203
2026-09-07 07:26:31,657 INFO   mutate     | C-C-C-C-C              | fitness=0.6984 | val_acc=0.3447 | bal_acc=0.3311 | min_recall=0.1818 | params=193
2026-09-07 07:26:31,661 INFO   mutate     | C-C-C-C-C-C-C          | fitness=0.9310 | val_acc=0.3587 | bal_acc=0.3110 | min_recall=0.0000 | params=251
2026-09-07 07:26:31,665 INFO   mutate     | C-C-C-C-C-C-C          | fitness=0.8461 | val_acc=0.2194 | bal_acc=0.2960 | min_recall=0.0392 | params=226
2026-09-07 07:26:31,665 INFO Best so far → val_acc=0.4449  bal_acc=0.3544  min_recall=0.1818  fitness=0.6833  params=225  id=27287976…
2026-09-07 07:26:31,665 INFO Memory table saved.
2026-09-07 07:26:31,665 INFO 
=== Evo step 3/10 ===
2026-09-07 07:26:31,665 INFO Top-3: 27287976… fit=0.6833  |  51415091… fit=0.6971  |  73020089… fit=0.9348
2026-09-07 07:26:31,668 INFO Generated 9 valid novel children
2026-09-07 07:31:58,190 INFO   crossover  | C-C-C-C-C              | fitness=0.6791 | val_acc=0.4689 | bal_acc=0.3711 | min_recall=0.1569 | params=292
2026-09-07 07:31:58,192 INFO   crossover  | C-C-C-C-C-C-C          | fitness=0.6746 | val_acc=0.4319 | bal_acc=0.3780 | min_recall=0.2812 | params=259
2026-09-07 07:31:58,194 INFO   crossover  | C-C-C-C-C-C-C-C-C      | fitness=0.6899 | val_acc=0.4719 | bal_acc=0.3730 | min_recall=0.2157 | params=299
2026-09-07 07:31:58,196 INFO   crossover  | C-C-C-C-C-C-C-C-C      | fitness=0.6645 | val_acc=0.3607 | bal_acc=0.3665 | min_recall=0.1961 | params=267
2026-09-07 07:31:58,197 INFO   crossover  | C-C-C-C-C-C            | fitness=0.6901 | val_acc=0.3577 | bal_acc=0.3556 | min_recall=0.2157 | params=229
2026-09-07 07:31:58,200 INFO   crossover  | C-C-C-C-C-C-C-C-C-C    | fitness=0.6770 | val_acc=0.4699 | bal_acc=0.4045 | min_recall=0.1765 | params=360
2026-09-07 07:31:58,206 INFO   mutate     | C-C-C-C-C              | fitness=0.7382 | val_acc=0.4238 | bal_acc=0.3049 | min_recall=0.0909 | params=223
2026-09-07 07:31:58,207 INFO   mutate     | C-C-C-C-C-C            | fitness=0.8029 | val_acc=0.1623 | bal_acc=0.2887 | min_recall=0.0784 | params=237
2026-09-07 07:31:58,210 INFO   mutate     | C-C-C-P                | fitness=0.8477 | val_acc=0.4599 | bal_acc=0.3061 | min_recall=0.0392 | params=193
2026-09-07 07:31:58,210 INFO Best so far → val_acc=0.3607  bal_acc=0.3665  min_recall=0.1961  fitness=0.6645  params=267  id=68461623…
2026-09-07 07:31:58,211 INFO Memory table saved.
2026-09-07 07:31:58,211 INFO 
=== Evo step 4/10 ===
2026-09-07 07:31:58,211 INFO Top-3: 68461623… fit=0.6645  |  -2621614… fit=0.6746  |  52143969… fit=0.6770
2026-09-07 07:31:58,214 INFO Generated 9 valid novel children
2026-09-07 07:37:44,426 INFO   crossover  | C-C-C                  | fitness=0.9953 | val_acc=0.0561 | bal_acc=0.1890 | min_recall=0.0000 | params=68
2026-09-07 07:37:44,430 INFO   crossover  | C-C-C-C-C-C-C-C-C-C    | fitness=0.7117 | val_acc=0.3517 | bal_acc=0.3334 | min_recall=0.2143 | params=416
2026-09-07 07:37:44,434 INFO   crossover  | C-C-C-C-C-C-C-C-C-C    | fitness=0.7451 | val_acc=0.4148 | bal_acc=0.3185 | min_recall=0.0937 | params=329
2026-09-07 07:37:44,438 INFO   crossover  | C-C-C-C-C-C-C          | fitness=0.6639 | val_acc=0.3747 | bal_acc=0.3906 | min_recall=0.1250 | params=334
2026-09-07 07:37:44,442 INFO   crossover  | C-C-C-C-C-C            | fitness=0.7516 | val_acc=0.3768 | bal_acc=0.2931 | min_recall=0.0909 | params=197
2026-09-07 07:37:44,446 INFO   crossover  | C-C-C-C-C-C-C-C-C      | fitness=0.9268 | val_acc=0.3988 | bal_acc=0.3309 | min_recall=0.0000 | params=370
2026-09-07 07:37:44,450 INFO   mutate     | C-C-C-C-C-C-C-C        | fitness=0.6309 | val_acc=0.4469 | bal_acc=0.3985 | min_recall=0.1818 | params=237
2026-09-07 07:37:44,456 INFO   mutate     | C-C-C-C-C-C            | fitness=0.7208 | val_acc=0.4489 | bal_acc=0.3124 | min_recall=0.1429 | params=199
2026-09-07 07:37:44,458 INFO   mutate     | P-C-C-C-C-C            | fitness=0.7890 | val_acc=0.2535 | bal_acc=0.2897 | min_recall=0.0625 | params=194
2026-09-07 07:37:44,458 INFO Best so far → val_acc=0.4469  bal_acc=0.3985  min_recall=0.1818  fitness=0.6309  params=237  id=-4936123…
2026-09-07 07:37:44,460 INFO Memory table saved.
2026-09-07 07:37:44,460 INFO 
=== Evo step 5/10 ===
2026-09-07 07:37:44,460 INFO Top-3: -4936123… fit=0.6309  |  38880078… fit=0.6639  |  79350389… fit=0.9463
2026-09-07 07:37:44,463 INFO Generated 9 valid novel children
2026-09-07 07:42:49,286 INFO   crossover  | C-C-C-C-C-C-C-C        | fitness=0.6437 | val_acc=0.3517 | bal_acc=0.3863 | min_recall=0.1818 | params=267
2026-09-07 07:42:49,290 INFO   crossover  | C-C-C-C-C-C-C-C-C-C    | fitness=0.7038 | val_acc=0.4790 | bal_acc=0.3483 | min_recall=0.1429 | params=334
2026-09-07 07:42:49,294 INFO   crossover  | C-C-C-C-C-C            | fitness=0.6889 | val_acc=0.4108 | bal_acc=0.3605 | min_recall=0.1818 | params=244
2026-09-07 07:42:49,298 INFO   crossover  | C-C-C-C-C-C            | fitness=0.6560 | val_acc=0.4218 | bal_acc=0.3996 | min_recall=0.2727 | params=300
2026-09-07 07:42:49,302 INFO   crossover  | C-C-C-C-C-C-C          | fitness=0.8997 | val_acc=0.2164 | bal_acc=0.2544 | min_recall=0.0312 | params=201
2026-09-07 07:42:49,307 INFO   crossover  | C-C-C-C-C-C-C          | fitness=0.7269 | val_acc=0.4609 | bal_acc=0.3294 | min_recall=0.0909 | params=273
2026-09-07 07:42:49,310 INFO   mutate     | C-C-C-C-C-C            | fitness=0.6390 | val_acc=0.4689 | bal_acc=0.4050 | min_recall=0.1818 | params=191
2026-09-07 07:42:49,315 INFO   mutate     | C-C-C-C-C-C-C          | fitness=0.6718 | val_acc=0.4058 | bal_acc=0.3588 | min_recall=0.1818 | params=284
2026-09-07 07:42:49,323 INFO   mutate     | C-C-C-C-C-C            | fitness=0.6762 | val_acc=0.4800 | bal_acc=0.3416 | min_recall=0.1569 | params=227
2026-09-07 07:42:49,323 INFO Best so far → val_acc=0.4469  bal_acc=0.3985  min_recall=0.1818  fitness=0.6309  params=237  id=-4936123…
2026-09-07 07:42:49,325 INFO Memory table saved.
2026-09-07 07:42:49,325 INFO 
=== Evo step 6/10 ===
2026-09-07 07:42:49,325 INFO Top-3: -4936123… fit=0.6309  |  -3761846… fit=0.6390  |  82404366… fit=0.6437
2026-09-07 07:42:49,328 INFO Generated 9 valid novel children
2026-09-07 07:47:46,274 INFO   crossover  | C-C-C-C-C-C-C-C-C-C    | fitness=0.6618 | val_acc=0.4489 | bal_acc=0.4228 | min_recall=0.2549 | params=364
2026-09-07 07:47:46,278 INFO   crossover  | C-C-C                  | fitness=0.9652 | val_acc=0.0741 | bal_acc=0.1983 | min_recall=0.0000 | params=58
2026-09-07 07:47:46,282 INFO   crossover  | C-C-C-C-C-C-C-C-C-C    | fitness=0.6774 | val_acc=0.3968 | bal_acc=0.3843 | min_recall=0.2353 | params=348
2026-09-07 07:47:46,286 INFO   crossover  | C-C-C-C                | fitness=1.0434 | val_acc=0.1914 | bal_acc=0.1870 | min_recall=0.0000 | params=62
2026-09-07 07:47:46,290 INFO   crossover  | C-C-C-C-C-C            | fitness=0.7138 | val_acc=0.4108 | bal_acc=0.3529 | min_recall=0.2143 | params=298
2026-09-07 07:47:46,294 INFO   crossover  | C-C-C-C-C-C-C-C        | fitness=0.6746 | val_acc=0.4669 | bal_acc=0.3575 | min_recall=0.1562 | params=342
2026-09-07 07:47:46,298 INFO   mutate     | C-C-C-C-P              | fitness=0.8785 | val_acc=0.2044 | bal_acc=0.2860 | min_recall=0.0392 | params=155
2026-09-07 07:47:46,302 INFO   mutate     | C-C-C-C-C-C            | fitness=0.6626 | val_acc=0.4609 | bal_acc=0.3554 | min_recall=0.1818 | params=201
2026-09-07 07:47:46,306 INFO   mutate     | C-C-C-C-C              | fitness=0.8475 | val_acc=0.2285 | bal_acc=0.2439 | min_recall=0.0625 | params=94
2026-09-07 07:47:46,306 INFO Best so far → val_acc=0.4469  bal_acc=0.3985  min_recall=0.1818  fitness=0.6309  params=237  id=-4936123…
2026-09-07 07:47:46,308 INFO Memory table saved.
2026-09-07 07:47:46,308 INFO 
=== Evo step 7/10 ===
2026-09-07 07:47:46,308 INFO Top-3: -4936123… fit=0.6309  |  -3761846… fit=0.6390  |  82404366… fit=0.6437
2026-09-07 07:47:46,313 INFO Generated 9 valid novel children
2026-09-07 07:53:46,986 INFO   crossover  | C-C-C-C-C-C-C-C-C-C    | fitness=0.6800 | val_acc=0.4148 | bal_acc=0.3567 | min_recall=0.1818 | params=310
2026-09-07 07:53:46,988 INFO   crossover  | C-C-C-C-C-C-C-C-C      | fitness=0.6927 | val_acc=0.4669 | bal_acc=0.3745 | min_recall=0.0909 | params=285
2026-09-07 07:53:46,990 INFO   crossover  | C-C-C                  | fitness=1.0338 | val_acc=0.0431 | bal_acc=0.1739 | min_recall=0.0000 | params=42
2026-09-07 07:53:46,991 INFO   crossover  | C-C-C-C-C-C-C-C-C-C    | fitness=0.7219 | val_acc=0.4289 | bal_acc=0.3386 | min_recall=0.1250 | params=364
2026-09-07 07:53:46,994 INFO   crossover  | C-C-C-C-C-C-C-C-C-C    | fitness=0.6701 | val_acc=0.4669 | bal_acc=0.3719 | min_recall=0.1250 | params=333
2026-09-07 07:53:46,995 INFO   crossover  | C-C-C                  | fitness=1.0026 | val_acc=0.0351 | bal_acc=0.2215 | min_recall=0.0000 | params=62
2026-09-07 07:53:46,998 INFO   mutate     | C-C-C-C-C-P            | fitness=0.8155 | val_acc=0.3747 | bal_acc=0.2811 | min_recall=0.0459 | params=182
2026-09-07 07:53:47,001 INFO   mutate     | C-C-C-C-C              | fitness=0.9312 | val_acc=0.3327 | bal_acc=0.2855 | min_recall=0.0000 | params=155
2026-09-07 07:53:47,006 INFO   mutate     | C-C-C-C-C-C-C-C        | fitness=0.7393 | val_acc=0.4259 | bal_acc=0.3462 | min_recall=0.0909 | params=255
2026-09-07 07:53:47,006 INFO Best so far → val_acc=0.4469  bal_acc=0.3985  min_recall=0.1818  fitness=0.6309  params=237  id=-4936123…
2026-09-07 07:53:47,007 INFO Memory table saved.
2026-09-07 07:53:47,007 INFO 
=== Evo step 8/10 ===
2026-09-07 07:53:47,007 INFO Top-3: -4936123… fit=0.6309  |  -3761846… fit=0.6390  |  35652294… fit=0.6899
2026-09-07 07:53:47,011 INFO Generated 9 valid novel children
2026-09-07 07:58:19,884 INFO   crossover  | C-C-C-C                | fitness=0.7471 | val_acc=0.3988 | bal_acc=0.3239 | min_recall=0.0991 | params=167
2026-09-07 07:58:19,890 INFO   crossover  | C-C-C-C-C-P            | fitness=0.6807 | val_acc=0.3747 | bal_acc=0.3514 | min_recall=0.1818 | params=233
2026-09-07 07:58:19,892 INFO   crossover  | C-C-C-C-C-C-C          | fitness=0.9090 | val_acc=0.1092 | bal_acc=0.2691 | min_recall=0.0358 | params=132
2026-09-07 07:58:19,894 INFO   crossover  | C-C-C-C-C-C-P          | fitness=0.7229 | val_acc=0.3707 | bal_acc=0.3123 | min_recall=0.1569 | params=197
2026-09-07 07:58:19,896 INFO   crossover  | C-C-C-C-C-C-C-C-C      | fitness=0.9110 | val_acc=0.4749 | bal_acc=0.3545 | min_recall=0.0000 | params=342
2026-09-07 07:58:19,897 INFO   crossover  | C-C-C-P-C-C-C          | fitness=0.8716 | val_acc=0.4018 | bal_acc=0.3796 | min_recall=0.0196 | params=325
2026-09-07 07:58:19,900 INFO   mutate     | C-C-C-C-C-C-C-C        | fitness=0.6804 | val_acc=0.4108 | bal_acc=0.3574 | min_recall=0.1250 | params=233
2026-09-07 07:58:19,901 INFO   mutate     | C-C-C-C-C-C-C          | fitness=0.9152 | val_acc=0.3948 | bal_acc=0.3141 | min_recall=0.0000 | params=197
2026-09-07 07:58:19,903 INFO   mutate     | C-C-C-P                | fitness=1.0184 | val_acc=0.0491 | bal_acc=0.1927 | min_recall=0.0000 | params=94
2026-09-07 07:58:19,903 INFO Best so far → val_acc=0.4469  bal_acc=0.3985  min_recall=0.1818  fitness=0.6309  params=237  id=-4936123…
2026-09-07 07:58:19,904 INFO Memory table saved.
2026-09-07 07:58:19,904 INFO 
=== Evo step 9/10 ===
2026-09-07 07:58:19,904 INFO Top-3: -4936123… fit=0.6309  |  -3761846… fit=0.6390  |  -5230136… fit=0.7117
2026-09-07 07:58:19,906 INFO Generated 9 valid novel children
2026-09-07 08:03:34,000 INFO   crossover  | C-C-C-C-C-C-C-C-C-C    | fitness=0.6943 | val_acc=0.3978 | bal_acc=0.3596 | min_recall=0.2500 | params=326
2026-09-07 08:03:34,004 INFO   crossover  | C-C-C-C-C-C-C-C-C-C    | fitness=0.7475 | val_acc=0.4048 | bal_acc=0.3085 | min_recall=0.1818 | params=348
2026-09-07 08:03:34,008 INFO   crossover  | C-C-C-C-C-C-C-C-C-C    | fitness=0.6854 | val_acc=0.4679 | bal_acc=0.3676 | min_recall=0.2157 | params=326
2026-09-07 08:03:34,012 INFO   crossover  | C-C-C-C-C-C-C-C-C      | fitness=0.6884 | val_acc=0.4409 | bal_acc=0.3559 | min_recall=0.1429 | params=372
2026-09-07 08:03:34,017 INFO   crossover  | C-C-C-C-C-C-C-C-C-C    | fitness=0.7290 | val_acc=0.3938 | bal_acc=0.3345 | min_recall=0.0937 | params=390
2026-09-07 08:03:34,020 INFO   crossover  | C-C-C-C-C-C-C-C-C-C    | fitness=0.9083 | val_acc=0.4369 | bal_acc=0.3541 | min_recall=0.0000 | params=378
2026-09-07 08:03:34,024 INFO   mutate     | C-C-C-C-C-C-C-C        | fitness=0.6642 | val_acc=0.4299 | bal_acc=0.3921 | min_recall=0.2727 | params=251
2026-09-07 08:03:34,026 INFO   mutate     | C-C-C-C-C-C            | fitness=0.9323 | val_acc=0.3557 | bal_acc=0.2854 | min_recall=0.0000 | params=161
2026-09-07 08:03:34,028 INFO   mutate     | C-C-C-C-C-C-C-C        | fitness=0.6896 | val_acc=0.3567 | bal_acc=0.3633 | min_recall=0.1818 | params=303
2026-09-07 08:03:34,029 INFO Best so far → val_acc=0.4469  bal_acc=0.3985  min_recall=0.1818  fitness=0.6309  params=237  id=-4936123…
2026-09-07 08:03:34,031 INFO Memory table saved.
2026-09-07 08:03:34,031 INFO 
=== Evo step 10/10 ===
2026-09-07 08:03:34,031 INFO Top-3: -4936123… fit=0.6309  |  -3761846… fit=0.6390  |  27291450… fit=0.7516
2026-09-07 08:03:34,034 INFO Generated 9 valid novel children
2026-09-07 08:07:40,092 INFO   crossover  | C-C-C-C-C-C-C-C-C-C    | fitness=0.7241 | val_acc=0.4449 | bal_acc=0.3406 | min_recall=0.2143 | params=346
2026-09-07 08:07:40,098 INFO   crossover  | C-C-C-C-C-C-C-C-C-C    | fitness=0.7489 | val_acc=0.3958 | bal_acc=0.3323 | min_recall=0.0909 | params=277
2026-09-07 08:07:40,100 INFO   crossover  | C-C-C-C-C-C            | fitness=0.7354 | val_acc=0.4208 | bal_acc=0.3529 | min_recall=0.0625 | params=173
2026-09-07 08:07:40,102 INFO   crossover  | C-C-C-C-C-C-C-C-C      | fitness=0.6746 | val_acc=0.4529 | bal_acc=0.3999 | min_recall=0.1765 | params=287
2026-09-07 08:07:40,104 INFO   crossover  | C-C-C-C-C-C-C-C-C-C    | fitness=0.6928 | val_acc=0.4519 | bal_acc=0.3778 | min_recall=0.0909 | params=277
2026-09-07 08:07:40,105 INFO   crossover  | C-C-C-C-C-C-C-C        | fitness=0.6692 | val_acc=0.4549 | bal_acc=0.3682 | min_recall=0.1818 | params=215
2026-09-07 08:07:40,107 INFO   mutate     | C-C-C-C-C-C-C          | fitness=0.8812 | val_acc=0.4699 | bal_acc=0.3215 | min_recall=0.0196 | params=177
2026-09-07 08:07:40,109 INFO   mutate     | C-C-C-C-C-C            | fitness=0.7461 | val_acc=0.3337 | bal_acc=0.3182 | min_recall=0.1081 | params=193
2026-09-07 08:07:40,111 INFO   mutate     | C-C-C-C-C-C-C          | fitness=0.6682 | val_acc=0.3998 | bal_acc=0.3911 | min_recall=0.1176 | params=219
2026-09-07 08:07:40,111 INFO Best so far → val_acc=0.4469  bal_acc=0.3985  min_recall=0.1818  fitness=0.6309  params=237  id=-4936123…
2026-09-07 08:07:40,112 INFO Memory table saved.
2026-09-07 08:07:40,112 INFO 
=== SEARCH COMPLETE ===
2026-09-07 08:07:40,112 INFO Best val_acc  : 0.4469
2026-09-07 08:07:40,112 INFO Best bal_acc  : 0.3985  (mean per-class recall)
2026-09-07 08:07:40,112 INFO Min recall    : 0.1818  (worst class)
2026-09-07 08:07:40,112 INFO Best fitness  : 0.6309
2026-09-07 08:07:40,112 INFO Params        : 237
2026-09-07 08:07:40,113 INFO Layers        : 8  (8 conv + 0 pool)
2026-09-07 08:07:40,113 INFO Circuit structure:
2026-09-07 08:07:40,113 INFO   Structure: C-C-C-C-C-C-C-C  (8 layers = 8 conv + 0 pool)
2026-09-07 08:07:40,113 INFO   Layer 0 CONV  gate=U_5        stride=2 step=6 offset=0 boundary=periodic
2026-09-07 08:07:40,113 INFO   Layer 1 CONV  gate=U_6        stride=6 step=5 offset=0 boundary=periodic
2026-09-07 08:07:40,113 INFO   Layer 2 CONV  gate=U_9        stride=1 step=5 offset=1 boundary=open
2026-09-07 08:07:40,113 INFO   Layer 3 CONV  gate=U_SU4      stride=1 step=1 offset=0 boundary=open
2026-09-07 08:07:40,113 INFO   Layer 4 CONV  gate=U_13       stride=6 step=3 offset=0 boundary=open
2026-09-07 08:07:40,113 INFO   Layer 5 CONV  gate=U_5        stride=6 step=1 offset=2 boundary=periodic
2026-09-07 08:07:40,113 INFO   Layer 6 CONV  gate=U_9        stride=1 step=4 offset=1 boundary=open
2026-09-07 08:07:40,113 INFO   Layer 7 CONV  gate=U_SO4      stride=4 step=2 offset=3 boundary=periodic
2026-09-07 08:07:40,113 INFO   Qubits surviving: 8 → [0, 1, 2, 3, 4, 5, 6, 7]  | readout wires = [0, 1, 2]
2026-09-07 08:07:40,113 INFO 
============================================================
2026-09-07 08:07:40,113 INFO FINAL TRAINING — DermaMNIST 7-class QCNN
2026-09-07 08:07:40,113 INFO ============================================================
2026-09-07 08:07:40,113 INFO   Structure: C-C-C-C-C-C-C-C  (8 layers = 8 conv + 0 pool)
2026-09-07 08:07:40,113 INFO   Layer 0 CONV  gate=U_5        stride=2 step=6 offset=0 boundary=periodic
2026-09-07 08:07:40,113 INFO   Layer 1 CONV  gate=U_6        stride=6 step=5 offset=0 boundary=periodic
2026-09-07 08:07:40,113 INFO   Layer 2 CONV  gate=U_9        stride=1 step=5 offset=1 boundary=open
2026-09-07 08:07:40,113 INFO   Layer 3 CONV  gate=U_SU4      stride=1 step=1 offset=0 boundary=open
2026-09-07 08:07:40,113 INFO   Layer 4 CONV  gate=U_13       stride=6 step=3 offset=0 boundary=open
2026-09-07 08:07:40,113 INFO   Layer 5 CONV  gate=U_5        stride=6 step=1 offset=2 boundary=periodic
2026-09-07 08:07:40,113 INFO   Layer 6 CONV  gate=U_9        stride=1 step=4 offset=1 boundary=open
2026-09-07 08:07:40,113 INFO   Layer 7 CONV  gate=U_SO4      stride=4 step=2 offset=3 boundary=periodic
2026-09-07 08:07:40,113 INFO   Qubits surviving: 8 → [0, 1, 2, 3, 4, 5, 6, 7]  | readout wires = [0, 1, 2]
2026-09-07 08:07:40,114 INFO Circuit: 8 layers (8 conv + 0 pool), 237 trainable parameters.
2026-09-07 08:09:14,922 INFO Epoch    1/100 | loss=1.8018 | val_acc=0.4128 | bal_acc=0.3370 | min_recall=0.000 | lr=0.005000
2026-09-07 08:39:11,186 INFO Epoch   20/100 | loss=1.7174 | val_acc=0.3597 | bal_acc=0.3021 | min_recall=0.094 | lr=0.005000
2026-09-07 09:10:37,650 INFO Epoch   40/100 | loss=1.7147 | val_acc=0.4890 | bal_acc=0.3670 | min_recall=0.143 | lr=0.005000
2026-09-07 09:41:51,359 INFO Epoch   60/100 | loss=1.7076 | val_acc=0.4760 | bal_acc=0.3843 | min_recall=0.273 | lr=0.002500
2026-09-07 10:13:17,090 INFO Epoch   80/100 | loss=1.7078 | val_acc=0.4770 | bal_acc=0.4013 | min_recall=0.273 | lr=0.002500
2026-09-07 10:59:43,445 INFO Epoch  100/100 | loss=1.7072 | val_acc=0.4790 | bal_acc=0.3797 | min_recall=0.216 | lr=0.001250
2026-09-07 10:59:43,445 INFO Training log saved → experiments/pca8/sweep/lr_low_001/training_log.csv
2026-09-07 10:59:43,445 INFO Best val fitness: 0.5887
2026-09-07 10:59:43,445 INFO 
--- Test evaluation (best-val checkpoint) ---
2026-09-07 10:59:43,647 INFO Test accuracy    : 0.4771
Test bal. acc    : 0.3305  (mean per-class recall)
Per-class recall : ['0.1200', '0.4615', '0.2590', '0.2222', '0.5893', '0.5253', '0.1364']
Min recall       : 0.1200
Test ROC-AUC OvR : 0.7426
2026-09-07 10:59:43,650 INFO 
              precision    recall  f1-score   support

       akiec       0.38      0.12      0.18        50
         bcc       0.15      0.46      0.23        78
         bkl       0.28      0.26      0.27       166
          df       0.04      0.22      0.07        18
         mel       0.25      0.59      0.35       168
          nv       0.93      0.53      0.67      1007
        vasc       0.10      0.14      0.12        22

    accuracy                           0.48      1509
   macro avg       0.30      0.33      0.27      1509
weighted avg       0.70      0.48      0.54      1509

2026-09-07 10:59:43,951 INFO Plots saved.
2026-09-07 10:59:45,074 INFO Failed to extract font properties from /usr/share/fonts/truetype/noto/NotoColorEmoji.ttf: Can not load face (unknown file format; error code 0x2)
2026-09-07 10:59:46,089 INFO Circuit diagram saved.
2026-09-07 10:59:46,093 INFO 
Run 'lr_low' complete → {'accuracy': 0.47713717693836977, 'bal_acc': 0.3305384170683054, 'per_class_recalls': [0.119999999976, 0.46153846147928995, 0.2590361445627087, 0.2222222220987654, 0.5892857142506377, 0.5253227408090831, 0.13636363630165288], 'roc_auc_ovr': 0.7425629515532998}
2026-09-07 10:59:46,093 INFO 
>>> PCA-8 sweep run 4/11: large_pop
