2026-09-08 09:28:10,371 INFO 
============================================================
2026-09-08 09:28:10,371 INFO SWEEP RUN: melanoma_focused  (PCA-8)
2026-09-08 09:28:10,371 INFO Params: {'label': 'melanoma_focused', 'LR_EVAL': 0.003, 'N_EPOCHS_EVAL': 60, 'INIT_POP': 10, 'MAX_EVO_STEPS': 10, 'W_CLASS': [0.1, 0.15, 0.075, 0.075, 0.45, 0.075, 0.075]}
2026-09-08 09:28:10,371 INFO ============================================================
2026-09-08 09:28:10,371 INFO 
--- Linear classifier baseline (on 8 PCA features) ---
2026-09-08 09:28:10,967 INFO   val   | acc=0.4709 | bal_acc=0.3737 | min_recall=0.2727 | auc=0.7808
2026-09-08 09:28:10,967 INFO          per-class: ['0.344', '0.392', '0.422', '0.273', '0.387', '0.512', '0.286']
2026-09-08 09:28:10,970 INFO   test  | acc=0.4639 | bal_acc=0.3481 | min_recall=0.1818 | auc=0.7501
2026-09-08 09:28:10,970 INFO          per-class: ['0.320', '0.372', '0.325', '0.278', '0.446', '0.513', '0.182']
2026-09-08 09:28:10,971 INFO Linear baseline saved → experiments/pca8/sweep/melanoma_focused_001/linear_baseline.json
2026-09-08 09:28:10,977 INFO Subsampling search training set: 35196 → 2000
2026-09-08 09:28:10,988 INFO Evaluating initial population...
2026-09-08 09:28:10,988 INFO Config: LR=0.003  epochs=60  pop=10  steps=10  W_CLASS=[0.1, 0.15, 0.075, 0.075, 0.45, 0.075, 0.075]
2026-09-08 09:28:10,988 INFO Encoding: single (RY per qubit), 8 PCA components → 8 qubits
2026-09-08 09:28:10,988 INFO Structure: variable length 6–14 layers  | P_CONV=0.5  | min conv=1  | min pool=2  | readout qubits=3
2026-09-08 09:28:11,661 INFO Initial population: 10 valid genotypes
2026-09-08 09:31:14,305 INFO   random     | C-C-P-C-C-C-P          | fitness=0.7599 | val_acc=0.4579 | bal_acc=0.3461 | min_recall=0.1441 | params=96
2026-09-08 09:31:14,307 INFO   random     | C-C-P-C-C-P-C-P        | fitness=0.6743 | val_acc=0.4088 | bal_acc=0.3384 | min_recall=0.0909 | params=150
2026-09-08 09:31:14,309 INFO   random     | C-C-P-C-C-C-P-C-C-P-C  | fitness=0.7394 | val_acc=0.1874 | bal_acc=0.2973 | min_recall=0.0909 | params=169
2026-09-08 09:31:14,311 INFO   random     | C-C-P-P-C-C            | fitness=0.7267 | val_acc=0.3747 | bal_acc=0.3439 | min_recall=0.2252 | params=114
2026-09-08 09:31:14,313 INFO   random     | C-P-C-P-C              | fitness=0.9211 | val_acc=0.2846 | bal_acc=0.3003 | min_recall=0.0000 | params=124
2026-09-08 09:31:14,315 INFO   random     | C-C-C-C-C-C-C-P-P-C-C-C | fitness=0.6545 | val_acc=0.4729 | bal_acc=0.3701 | min_recall=0.1765 | params=178
2026-09-08 09:31:14,321 INFO   random     | C-C-C-C-P-P-P          | fitness=0.9697 | val_acc=0.2595 | bal_acc=0.2235 | min_recall=0.0000 | params=73
2026-09-08 09:31:14,322 INFO   random     | C-P-C-C-P-C-P-C        | fitness=0.6757 | val_acc=0.4108 | bal_acc=0.3458 | min_recall=0.0909 | params=151
2026-09-08 09:31:14,324 INFO   random     | C-P-C-C-C-C-C-C-P-C    | fitness=0.7137 | val_acc=0.3647 | bal_acc=0.3395 | min_recall=0.0909 | params=171
2026-09-08 09:31:14,326 INFO   random     | P-C-C-C-C-P-P          | fitness=0.6826 | val_acc=0.4419 | bal_acc=0.3638 | min_recall=0.0909 | params=86
2026-09-08 09:31:14,326 INFO 
=== Evo step 1/10 ===
2026-09-08 09:31:14,326 INFO Top-3: 73593399… fit=0.6545  |  -6726621… fit=0.6743  |  -4372058… fit=0.6757
2026-09-08 09:31:14,332 INFO Generated 9 valid novel children
2026-09-08 09:33:59,142 INFO   crossover  | C-C-C-C-C-C-C-P-P      | fitness=0.8989 | val_acc=0.3657 | bal_acc=0.2987 | min_recall=0.0000 | params=134
2026-09-08 09:33:59,146 INFO   crossover  | C-C-C-C-C-C-P-P        | fitness=0.6980 | val_acc=0.3317 | bal_acc=0.3206 | min_recall=0.0909 | params=130
2026-09-08 09:33:59,154 INFO   crossover  | C-C-P-C-C-P-C-C        | fitness=0.7213 | val_acc=0.2745 | bal_acc=0.3057 | min_recall=0.0937 | params=146
2026-09-08 09:33:59,156 INFO   crossover  | C-C-C-C-C-P-P          | fitness=0.8432 | val_acc=0.1663 | bal_acc=0.2931 | min_recall=0.0000 | params=102
2026-09-08 09:33:59,158 INFO   crossover  | P-C-C-C-C-P-P-C-C-C    | fitness=0.6300 | val_acc=0.4469 | bal_acc=0.3750 | min_recall=0.1818 | params=128
2026-09-08 09:33:59,160 INFO   crossover  | P-C-C-C-C-P-C-P        | fitness=0.9097 | val_acc=0.3978 | bal_acc=0.2768 | min_recall=0.0000 | params=100
2026-09-08 09:33:59,162 INFO   mutate     | C-C-C-C-C-C-C-P-P-C-C  | fitness=0.6121 | val_acc=0.5000 | bal_acc=0.3717 | min_recall=0.0909 | params=166
2026-09-08 09:33:59,164 INFO   mutate     | C-C-C-P-C-C-P-C-P      | fitness=0.9199 | val_acc=0.3387 | bal_acc=0.3338 | min_recall=0.0000 | params=192
2026-09-08 09:33:59,171 INFO   mutate     | P-C-C-C-C-P            | fitness=0.8420 | val_acc=0.3998 | bal_acc=0.3548 | min_recall=0.0000 | params=80
2026-09-08 09:33:59,171 INFO Best so far → val_acc=0.5000  bal_acc=0.3717  min_recall=0.0909  fitness=0.6121  params=166  id=-4965338…
2026-09-08 09:33:59,171 INFO Memory table saved.
2026-09-08 09:33:59,171 INFO 
=== Evo step 2/10 ===
2026-09-08 09:33:59,171 INFO Top-3: -4965338… fit=0.6121  |  69728971… fit=0.6300  |  -7877773… fit=0.9097
2026-09-08 09:33:59,179 INFO Generated 9 valid novel children
2026-09-08 09:37:51,610 INFO   crossover  | C-C-C-C-C-P-P-C-C-C    | fitness=0.6907 | val_acc=0.4279 | bal_acc=0.3398 | min_recall=0.0909 | params=168
2026-09-08 09:37:51,614 INFO   crossover  | C-C-C-C-C-C-P-C-C-C-C-C-C-P | fitness=0.7416 | val_acc=0.4449 | bal_acc=0.3279 | min_recall=0.0909 | params=271
2026-09-08 09:37:51,618 INFO   crossover  | P-C-C-P-C-C            | fitness=0.6874 | val_acc=0.3357 | bal_acc=0.3155 | min_recall=0.0909 | params=76
2026-09-08 09:37:51,623 INFO   crossover  | P-C-C-C-P-C            | fitness=0.9029 | val_acc=0.1313 | bal_acc=0.2728 | min_recall=0.0463 | params=124
2026-09-08 09:37:51,626 INFO   crossover  | C-C-C-C-C-C-C-C-P-P-C-C | fitness=0.8827 | val_acc=0.3878 | bal_acc=0.3297 | min_recall=0.0000 | params=182
2026-09-08 09:37:51,635 INFO   crossover  | C-P-C-C-C-C-C-P-P-C-C-C | fitness=0.8903 | val_acc=0.4760 | bal_acc=0.3149 | min_recall=0.0000 | params=150
2026-09-08 09:37:51,639 INFO   mutate     | C-C-C-C-C-C-C-C-P-P-C-C | fitness=0.6611 | val_acc=0.3467 | bal_acc=0.3319 | min_recall=0.0909 | params=178
2026-09-08 09:37:51,643 INFO   mutate     | P-C-C-C-C-P-P-C-C-C    | fitness=0.6407 | val_acc=0.4038 | bal_acc=0.3727 | min_recall=0.2549 | params=118
2026-09-08 09:37:51,647 INFO   mutate     | C-P-C-C-C-C-C-C-P-C    | fitness=0.9508 | val_acc=0.2796 | bal_acc=0.2839 | min_recall=0.0000 | params=165
2026-09-08 09:37:51,647 INFO Best so far → val_acc=0.5000  bal_acc=0.3717  min_recall=0.0909  fitness=0.6121  params=166  id=-4965338…
2026-09-08 09:37:51,648 INFO Memory table saved.
2026-09-08 09:37:51,648 INFO 
=== Evo step 3/10 ===
2026-09-08 09:37:51,648 INFO Top-3: -4965338… fit=0.6121  |  69728971… fit=0.6300  |  22271561… fit=0.6407
2026-09-08 09:37:51,657 INFO Generated 9 valid novel children
2026-09-08 09:42:25,147 INFO   crossover  | C-C-C-C-C-C-P-C-C-C-C-P-P-C | fitness=0.7056 | val_acc=0.4248 | bal_acc=0.3417 | min_recall=0.0937 | params=230
2026-09-08 09:42:25,156 INFO   crossover  | C-C-C-C-C-C-C-C-C-P-P-C-C-C | fitness=0.8675 | val_acc=0.4489 | bal_acc=0.3412 | min_recall=0.0000 | params=244
2026-09-08 09:42:25,161 INFO   crossover  | P-C-C-C-C-P-P-C-C      | fitness=0.8230 | val_acc=0.4930 | bal_acc=0.3623 | min_recall=0.0000 | params=116
2026-09-08 09:42:25,162 INFO   crossover  | P-C-C-C-C-P-P-C-C-C-C  | fitness=0.6779 | val_acc=0.4629 | bal_acc=0.3734 | min_recall=0.0909 | params=158
2026-09-08 09:42:25,165 INFO   crossover  | P-C-C-C-C-P-C-C-C-P-P-C-C | fitness=0.7021 | val_acc=0.4349 | bal_acc=0.3697 | min_recall=0.0909 | params=166
2026-09-08 09:42:25,166 INFO   crossover  | P-C-P-C-C-C-C-P-P-C-C-C | fitness=0.7019 | val_acc=0.4369 | bal_acc=0.3560 | min_recall=0.0909 | params=130
2026-09-08 09:42:25,172 INFO   mutate     | C-C-C-C-C-C-C-P-P-C    | fitness=0.7103 | val_acc=0.4739 | bal_acc=0.3643 | min_recall=0.0714 | params=136
2026-09-08 09:42:25,174 INFO   mutate     | P-C-C-C-C-P-C-P-C-C-C  | fitness=0.6651 | val_acc=0.4509 | bal_acc=0.3762 | min_recall=0.0909 | params=148
2026-09-08 09:42:25,177 INFO   mutate     | P-C-C-C-C-P-C-P-C-C-C  | fitness=0.6256 | val_acc=0.4459 | bal_acc=0.3738 | min_recall=0.0909 | params=118
2026-09-08 09:42:25,177 INFO Best so far → val_acc=0.5000  bal_acc=0.3717  min_recall=0.0909  fitness=0.6121  params=166  id=-4965338…
2026-09-08 09:42:25,178 INFO Memory table saved.
2026-09-08 09:42:25,178 INFO 
=== Evo step 4/10 ===
2026-09-08 09:42:25,178 INFO Top-3: -4965338… fit=0.6121  |  -5467472… fit=0.6256  |  69728971… fit=0.6300
2026-09-08 09:42:25,186 INFO Generated 9 valid novel children
2026-09-08 09:47:03,611 INFO   crossover  | C-C-C-C-C-P-C-P-C-C-C  | fitness=0.7698 | val_acc=0.2665 | bal_acc=0.3202 | min_recall=0.0714 | params=148
2026-09-08 09:47:03,616 INFO   crossover  | C-C-C-C-C-C-P-C-P-C    | fitness=0.7971 | val_acc=0.1653 | bal_acc=0.3193 | min_recall=0.0493 | params=131
2026-09-08 09:47:03,625 INFO   crossover  | P-C-C-C-C-P-C-P-C-C    | fitness=0.6238 | val_acc=0.4519 | bal_acc=0.3966 | min_recall=0.2727 | params=106
2026-09-08 09:47:03,629 INFO   crossover  | P-C-C-C-C-P-C-C-P-C-P-C | fitness=0.6780 | val_acc=0.3938 | bal_acc=0.3274 | min_recall=0.0909 | params=123
2026-09-08 09:47:03,633 INFO   crossover  | C-P-C-C-P-C-C-C-C-C-C-C-P-P | fitness=0.8615 | val_acc=0.4389 | bal_acc=0.3334 | min_recall=0.0000 | params=232
2026-09-08 09:47:03,637 INFO   crossover  | C-P-C-C-P-C-P-C-P-C-C-C | fitness=0.6663 | val_acc=0.4679 | bal_acc=0.3492 | min_recall=0.1429 | params=197
2026-09-08 09:47:03,646 INFO   mutate     | C-C-C-C-C-C-C-C-P-P-C-C | fitness=0.7017 | val_acc=0.3136 | bal_acc=0.3369 | min_recall=0.1818 | params=190
2026-09-08 09:47:03,650 INFO   mutate     | P-C-C-C-C-P-C-P-C-C-C  | fitness=0.8701 | val_acc=0.2545 | bal_acc=0.3185 | min_recall=0.0000 | params=108
2026-09-08 09:47:03,654 INFO   mutate     | C-P-C-P-C-P-C          | fitness=0.6935 | val_acc=0.3808 | bal_acc=0.3280 | min_recall=0.1562 | params=143
2026-09-08 09:47:03,654 INFO Best so far → val_acc=0.5000  bal_acc=0.3717  min_recall=0.0909  fitness=0.6121  params=166  id=-4965338…
2026-09-08 09:47:03,655 INFO Memory table saved.
2026-09-08 09:47:03,655 INFO 
=== Evo step 5/10 ===
2026-09-08 09:47:03,655 INFO Top-3: -4965338… fit=0.6121  |  42667153… fit=0.6238  |  -5467472… fit=0.6256
2026-09-08 09:47:03,660 INFO Generated 9 valid novel children
2026-09-08 09:52:47,358 INFO   crossover  | C-C-C-C-C-C-C-C-C-P-C-P-C-C | fitness=0.8543 | val_acc=0.4589 | bal_acc=0.3621 | min_recall=0.0000 | params=226
2026-09-08 09:52:47,362 INFO   crossover  | C-C-C-C-C-C-P-P-C-C    | fitness=0.7145 | val_acc=0.4309 | bal_acc=0.3099 | min_recall=0.1429 | params=154
2026-09-08 09:52:47,367 INFO   crossover  | P-C-C-C-C-P-C-C        | fitness=0.6953 | val_acc=0.4659 | bal_acc=0.3433 | min_recall=0.0909 | params=117
2026-09-08 09:52:47,378 INFO   crossover  | P-C-C-C-C-P-C-C-C      | fitness=0.8717 | val_acc=0.3657 | bal_acc=0.3121 | min_recall=0.0000 | params=80
2026-09-08 09:52:47,383 INFO   crossover  | C-C-C-C-C-C-C-C-P-P-C-C | fitness=0.7036 | val_acc=0.4639 | bal_acc=0.3716 | min_recall=0.1818 | params=238
2026-09-08 09:52:47,387 INFO   crossover  | C-C-C-C-C-P-C-P-C-C    | fitness=0.6581 | val_acc=0.4078 | bal_acc=0.3600 | min_recall=0.0909 | params=204
2026-09-08 09:52:47,392 INFO   mutate     | C-C-C-C-C-C-C-P-P-C-C  | fitness=0.7004 | val_acc=0.4589 | bal_acc=0.3762 | min_recall=0.1818 | params=176
2026-09-08 09:52:47,396 INFO   mutate     | P-C-C-C-C-P-C-P-C-C    | fitness=0.8347 | val_acc=0.4539 | bal_acc=0.3463 | min_recall=0.0000 | params=124
2026-09-08 09:52:47,403 INFO   mutate     | C-C-P-P-C-C            | fitness=0.7798 | val_acc=0.2495 | bal_acc=0.2671 | min_recall=0.0980 | params=114
2026-09-08 09:52:47,403 INFO Best so far → val_acc=0.5000  bal_acc=0.3717  min_recall=0.0909  fitness=0.6121  params=166  id=-4965338…
2026-09-08 09:52:47,405 INFO Memory table saved.
2026-09-08 09:52:47,405 INFO 
=== Evo step 6/10 ===
2026-09-08 09:52:47,405 INFO Top-3: -4965338… fit=0.6121  |  42667153… fit=0.6238  |  -5467472… fit=0.6256
2026-09-08 09:52:47,416 INFO Generated 9 valid novel children
2026-09-08 09:56:22,292 INFO   crossover  | C-C-C-C-P-C-P-C-C      | fitness=0.8976 | val_acc=0.3497 | bal_acc=0.3817 | min_recall=0.0000 | params=124
2026-09-08 09:56:22,297 INFO   crossover  | C-P-C-C-C-C-P-P-C-C-C  | fitness=0.6781 | val_acc=0.4228 | bal_acc=0.3845 | min_recall=0.1818 | params=134
2026-09-08 09:56:22,301 INFO   crossover  | P-C-C-C-C-P-C-P-P-C-C  | fitness=0.8432 | val_acc=0.3798 | bal_acc=0.3027 | min_recall=0.0000 | params=114
2026-09-08 09:56:22,306 INFO   crossover  | P-C-C-C-C-P-C-C-P-P-C-C-C | fitness=0.6327 | val_acc=0.4860 | bal_acc=0.3947 | min_recall=0.0909 | params=146
2026-09-08 09:56:22,314 INFO   crossover  | P-C-C-C-C-P-C          | fitness=0.6066 | val_acc=0.3868 | bal_acc=0.3829 | min_recall=0.1818 | params=82
2026-09-08 09:56:22,318 INFO   crossover  | P-C-C-P-C-C            | fitness=0.8517 | val_acc=0.3297 | bal_acc=0.3591 | min_recall=0.0000 | params=84
2026-09-08 09:56:22,322 INFO   mutate     | C-C-C-C-C-C-C-P-P-C-C  | fitness=0.6946 | val_acc=0.4539 | bal_acc=0.3544 | min_recall=0.0909 | params=175
2026-09-08 09:56:22,326 INFO   mutate     | P-C-C-C-C-P-C-C-C      | fitness=0.9391 | val_acc=0.3888 | bal_acc=0.3297 | min_recall=0.0000 | params=91
2026-09-08 09:56:22,330 INFO   mutate     | P-C-C-C-P-P-C-C-C      | fitness=0.8172 | val_acc=0.4629 | bal_acc=0.3600 | min_recall=0.0000 | params=116
2026-09-08 09:56:22,331 INFO Best so far → val_acc=0.3868  bal_acc=0.3829  min_recall=0.1818  fitness=0.6066  params=82  id=-4308881…
2026-09-08 09:56:22,332 INFO Memory table saved.
2026-09-08 09:56:22,332 INFO 
=== Evo step 7/10 ===
2026-09-08 09:56:22,332 INFO Top-3: -4308881… fit=0.6066  |  -4965338… fit=0.6121  |  42667153… fit=0.6238
2026-09-08 09:56:22,340 INFO Generated 9 valid novel children
2026-09-08 10:01:42,414 INFO   crossover  | P-C-C-C-C-P-C-C-C-C-C-C-C-P | fitness=0.6974 | val_acc=0.3447 | bal_acc=0.3348 | min_recall=0.0909 | params=165
2026-09-08 10:01:42,423 INFO   crossover  | P-C-C-C-C-P-C-P-C-C-C-C-C-C | fitness=0.7565 | val_acc=0.3166 | bal_acc=0.3114 | min_recall=0.1818 | params=197
2026-09-08 10:01:42,428 INFO   crossover  | C-C-C-C-C-C-C-P-P-C-C-C-C-C | fitness=0.9213 | val_acc=0.4128 | bal_acc=0.3253 | min_recall=0.0000 | params=192
2026-09-08 10:01:42,431 INFO   crossover  | C-C-C-C-C-C-C-C-P-P    | fitness=0.9092 | val_acc=0.4659 | bal_acc=0.3214 | min_recall=0.0000 | params=136
2026-09-08 10:01:42,436 INFO   crossover  | C-P-C-C-P-C-C-C-C-C-P-C | fitness=0.7168 | val_acc=0.3758 | bal_acc=0.3366 | min_recall=0.0909 | params=178
2026-09-08 10:01:42,443 INFO   crossover  | C-P-C-C-P-C-C-C-C-C-C-P-P-C | fitness=0.7050 | val_acc=0.4228 | bal_acc=0.3323 | min_recall=0.0909 | params=212
2026-09-08 10:01:42,445 INFO   mutate     | P-C-C-C-C-P-C          | fitness=0.8085 | val_acc=0.2074 | bal_acc=0.2888 | min_recall=0.0991 | params=148
2026-09-08 10:01:42,447 INFO   mutate     | C-C-C-C-C-C-C-P-P-C-C  | fitness=0.6585 | val_acc=0.4088 | bal_acc=0.3143 | min_recall=0.1250 | params=168
2026-09-08 10:01:42,449 INFO   mutate     | C-P-C-C-P-C-C-P-C-C    | fitness=0.7407 | val_acc=0.3327 | bal_acc=0.3170 | min_recall=0.1818 | params=163
2026-09-08 10:01:42,449 INFO Best so far → val_acc=0.3868  bal_acc=0.3829  min_recall=0.1818  fitness=0.6066  params=82  id=-4308881…
2026-09-08 10:01:42,451 INFO Memory table saved.
2026-09-08 10:01:42,451 INFO 
=== Evo step 8/10 ===
2026-09-08 10:01:42,451 INFO Top-3: -4308881… fit=0.6066  |  -4965338… fit=0.6121  |  42667153… fit=0.6238
2026-09-08 10:01:42,459 INFO Generated 9 valid novel children
2026-09-08 10:06:53,650 INFO   crossover  | P-C-C-C-C-P-C-C-C-C-P-P-C-C | fitness=0.7262 | val_acc=0.4599 | bal_acc=0.3372 | min_recall=0.0909 | params=185
2026-09-08 10:06:53,659 INFO   crossover  | P-C-C-C-C-C-C-C-C-C-C-C-P-C | fitness=0.6645 | val_acc=0.4279 | bal_acc=0.3500 | min_recall=0.0714 | params=195
2026-09-08 10:06:53,663 INFO   crossover  | C-C-C-C-C-C-C-P-P-C-C-C-C-P | fitness=0.8759 | val_acc=0.3898 | bal_acc=0.3571 | min_recall=0.0000 | params=186
2026-09-08 10:06:53,664 INFO   crossover  | C-C-C-C-C-C-C-P-P-C-C-C | fitness=0.6786 | val_acc=0.4309 | bal_acc=0.3352 | min_recall=0.0909 | params=196
2026-09-08 10:06:53,667 INFO   crossover  | C-C-C-C-C-C-C-C-C-P-C-P-C | fitness=0.7128 | val_acc=0.4469 | bal_acc=0.3164 | min_recall=0.1429 | params=196
2026-09-08 10:06:53,668 INFO   crossover  | C-C-C-C-C-C-C-P-P-C-C  | fitness=0.6017 | val_acc=0.4699 | bal_acc=0.3553 | min_recall=0.1429 | params=166
2026-09-08 10:06:53,671 INFO   mutate     | P-C-C-C-C-P-C          | fitness=0.9602 | val_acc=0.3377 | bal_acc=0.3021 | min_recall=0.0000 | params=58
2026-09-08 10:06:53,678 INFO   mutate     | C-C-C-C-C-C-P-P-C-C    | fitness=0.6885 | val_acc=0.4469 | bal_acc=0.3507 | min_recall=0.0714 | params=166
2026-09-08 10:06:53,682 INFO   mutate     | C-C-C-C-C-C-C-C-P-C-P-C-C | fitness=0.7133 | val_acc=0.4479 | bal_acc=0.3518 | min_recall=0.0909 | params=208
2026-09-08 10:06:53,683 INFO Best so far → val_acc=0.4699  bal_acc=0.3553  min_recall=0.1429  fitness=0.6017  params=166  id=18724989…
2026-09-08 10:06:53,685 INFO Memory table saved.
2026-09-08 10:06:53,685 INFO 
=== Evo step 9/10 ===
2026-09-08 10:06:53,685 INFO Top-3: 18724989… fit=0.6017  |  -4308881… fit=0.6066  |  -4965338… fit=0.6121
2026-09-08 10:06:53,705 INFO Generated 9 valid novel children
2026-09-08 10:12:32,168 INFO   crossover  | C-C-C-C-C-C-P-C-C-C-C-P-C | fitness=0.6618 | val_acc=0.4369 | bal_acc=0.3433 | min_recall=0.0909 | params=196
2026-09-08 10:12:32,173 INFO   crossover  | C-C-C-C-C-C-C-P-P-C-C-C | fitness=0.6958 | val_acc=0.4299 | bal_acc=0.3583 | min_recall=0.1818 | params=196
2026-09-08 10:12:32,177 INFO   crossover  | P-C-C-C-C-P-C-C        | fitness=0.9956 | val_acc=0.4188 | bal_acc=0.3209 | min_recall=0.0000 | params=112
2026-09-08 10:12:32,186 INFO   crossover  | P-C-C-C-C-C-P-C-C      | fitness=0.6589 | val_acc=0.4419 | bal_acc=0.3709 | min_recall=0.0909 | params=141
2026-09-08 10:12:32,191 INFO   crossover  | P-C-C-C-P-C-C          | fitness=0.7072 | val_acc=0.3467 | bal_acc=0.3483 | min_recall=0.0909 | params=96
2026-09-08 10:12:32,195 INFO   crossover  | P-C-C-C-C-P-C-C-C-C-P-C | fitness=0.6939 | val_acc=0.4469 | bal_acc=0.3455 | min_recall=0.0909 | params=124
2026-09-08 10:12:32,200 INFO   mutate     | C-C-C-C-C-C-C-P-P-C-C  | fitness=0.6897 | val_acc=0.4699 | bal_acc=0.3366 | min_recall=0.0909 | params=190
2026-09-08 10:12:32,204 INFO   mutate     | P-C-C-C-C-P-P-C        | fitness=0.6949 | val_acc=0.3657 | bal_acc=0.3327 | min_recall=0.0937 | params=94
2026-09-08 10:12:32,209 INFO   mutate     | C-P-C-C-C-C-P-C-C      | fitness=0.6539 | val_acc=0.3136 | bal_acc=0.3975 | min_recall=0.0909 | params=127
2026-09-08 10:12:32,209 INFO Best so far → val_acc=0.4699  bal_acc=0.3553  min_recall=0.1429  fitness=0.6017  params=166  id=18724989…
2026-09-08 10:12:32,211 INFO Memory table saved.
2026-09-08 10:12:32,211 INFO 
=== Evo step 10/10 ===
2026-09-08 10:12:32,211 INFO Top-3: 18724989… fit=0.6017  |  -4308881… fit=0.6066  |  -4965338… fit=0.6121
2026-09-08 10:12:32,221 INFO Generated 9 valid novel children
2026-09-08 10:17:57,191 INFO   crossover  | C-P-C-C-C-C-P-C        | fitness=0.9265 | val_acc=0.1313 | bal_acc=0.2541 | min_recall=0.0000 | params=88
2026-09-08 10:17:57,192 INFO   crossover  | C-C-C-C-C-C-P-P-C-C    | fitness=0.7110 | val_acc=0.4198 | bal_acc=0.3074 | min_recall=0.0909 | params=148
2026-09-08 10:17:57,195 INFO   crossover  | P-C-C-C-C-P-C-C-C-C-C-C-C-P | fitness=0.6608 | val_acc=0.4008 | bal_acc=0.3572 | min_recall=0.2143 | params=167
2026-09-08 10:17:57,196 INFO   crossover  | P-C-C-C-C-P-C-C-C-C-C-C-P-P | fitness=0.6709 | val_acc=0.4329 | bal_acc=0.3312 | min_recall=0.0909 | params=157
2026-09-08 10:17:57,199 INFO   crossover  | C-C-C-C-C-C-C-C-C-P-P-C-C | fitness=0.7552 | val_acc=0.4279 | bal_acc=0.3470 | min_recall=0.1373 | params=238
2026-09-08 10:17:57,205 INFO   crossover  | C-C-C-C-C-C-C-P-C-P-C  | fitness=0.6986 | val_acc=0.3768 | bal_acc=0.3462 | min_recall=0.0909 | params=142
2026-09-08 10:17:57,206 INFO   mutate     | C-C-C-C-C-C-C-P-P-C-C  | fitness=0.7550 | val_acc=0.4429 | bal_acc=0.3349 | min_recall=0.1250 | params=166
2026-09-08 10:17:57,209 INFO   mutate     | P-C-C-C-C-P-C          | fitness=0.8619 | val_acc=0.1884 | bal_acc=0.2815 | min_recall=0.0000 | params=85
2026-09-08 10:17:57,210 INFO   mutate     | C-C-C-C-C-C-C-P-P-C-C  | fitness=0.6859 | val_acc=0.4369 | bal_acc=0.3595 | min_recall=0.0909 | params=156
2026-09-08 10:17:57,210 INFO Best so far → val_acc=0.4699  bal_acc=0.3553  min_recall=0.1429  fitness=0.6017  params=166  id=18724989…
2026-09-08 10:17:57,213 INFO Memory table saved.
2026-09-08 10:17:57,213 INFO 
=== SEARCH COMPLETE ===
2026-09-08 10:17:57,213 INFO Best val_acc  : 0.4699
2026-09-08 10:17:57,213 INFO Best bal_acc  : 0.3553  (mean per-class recall)
2026-09-08 10:17:57,213 INFO Min recall    : 0.1429  (worst class)
2026-09-08 10:17:57,213 INFO Best fitness  : 0.6017
2026-09-08 10:17:57,213 INFO Params        : 166
2026-09-08 10:17:57,213 INFO Layers        : 11  (9 conv + 2 pool)
2026-09-08 10:17:57,213 INFO Circuit structure:
2026-09-08 10:17:57,213 INFO   Structure: C-C-C-C-C-C-C-P-P-C-C  (11 layers = 9 conv + 2 pool)
2026-09-08 10:17:57,214 INFO   Layer 0 CONV  gate=U_13       stride=3 step=5 offset=0 boundary=open
2026-09-08 10:17:57,214 INFO   Layer 1 CONV  gate=U_SO4      stride=2 step=3 offset=1 boundary=periodic
2026-09-08 10:17:57,214 INFO   Layer 2 CONV  gate=U_6        stride=5 step=2 offset=3 boundary=open
2026-09-08 10:17:57,214 INFO   Layer 3 CONV  gate=U_gate     stride=2 step=5 offset=0 boundary=open
2026-09-08 10:17:57,214 INFO   Layer 4 CONV  gate=U_5        stride=1 step=1 offset=1 boundary=periodic
2026-09-08 10:17:57,214 INFO   Layer 5 CONV  gate=U_9        stride=2 step=7 offset=1 boundary=open
2026-09-08 10:17:57,214 INFO   Layer 6 CONV  gate=U_13       stride=3 step=6 offset=0 boundary=periodic
2026-09-08 10:17:57,214 INFO   Layer 7 POOL  gate=pool_ansatz  pattern=*1*
2026-09-08 10:17:57,214 INFO   Layer 8 POOL  gate=pool_ansatz  pattern=101
2026-09-08 10:17:57,214 INFO   Layer 9 CONV  gate=U_SU4      stride=1 step=2 offset=0 boundary=periodic
2026-09-08 10:17:57,214 INFO   Layer 10 CONV  gate=U_TTN      stride=2 step=7 offset=1 boundary=open
2026-09-08 10:17:57,214 INFO   Qubits surviving: 3 → [1, 5, 7]  | readout wires = [1, 5, 7]
2026-09-08 10:17:57,215 INFO 
============================================================
2026-09-08 10:17:57,215 INFO FINAL TRAINING — DermaMNIST 7-class QCNN
2026-09-08 10:17:57,215 INFO ============================================================
2026-09-08 10:17:57,215 INFO   Structure: C-C-C-C-C-C-C-P-P-C-C  (11 layers = 9 conv + 2 pool)
2026-09-08 10:17:57,215 INFO   Layer 0 CONV  gate=U_13       stride=3 step=5 offset=0 boundary=open
2026-09-08 10:17:57,215 INFO   Layer 1 CONV  gate=U_SO4      stride=2 step=3 offset=1 boundary=periodic
2026-09-08 10:17:57,215 INFO   Layer 2 CONV  gate=U_6        stride=5 step=2 offset=3 boundary=open
2026-09-08 10:17:57,215 INFO   Layer 3 CONV  gate=U_gate     stride=2 step=5 offset=0 boundary=open
2026-09-08 10:17:57,215 INFO   Layer 4 CONV  gate=U_5        stride=1 step=1 offset=1 boundary=periodic
2026-09-08 10:17:57,215 INFO   Layer 5 CONV  gate=U_9        stride=2 step=7 offset=1 boundary=open
2026-09-08 10:17:57,215 INFO   Layer 6 CONV  gate=U_13       stride=3 step=6 offset=0 boundary=periodic
2026-09-08 10:17:57,215 INFO   Layer 7 POOL  gate=pool_ansatz  pattern=*1*
2026-09-08 10:17:57,215 INFO   Layer 8 POOL  gate=pool_ansatz  pattern=101
2026-09-08 10:17:57,215 INFO   Layer 9 CONV  gate=U_SU4      stride=1 step=2 offset=0 boundary=periodic
2026-09-08 10:17:57,215 INFO   Layer 10 CONV  gate=U_TTN      stride=2 step=7 offset=1 boundary=open
2026-09-08 10:17:57,215 INFO   Qubits surviving: 3 → [1, 5, 7]  | readout wires = [1, 5, 7]
2026-09-08 10:17:57,216 INFO Circuit: 11 layers (9 conv + 2 pool), 166 trainable parameters.
2026-09-08 10:22:22,175 INFO Epoch    1/100 | loss=1.8309 | val_acc=0.3267 | bal_acc=0.3214 | min_recall=0.009 | lr=0.005000
2026-09-08 11:20:43,125 INFO Epoch   20/100 | loss=1.7315 | val_acc=0.4429 | bal_acc=0.3571 | min_recall=0.143 | lr=0.005000
2026-09-08 12:03:07,825 INFO Epoch   40/100 | loss=1.7262 | val_acc=0.3868 | bal_acc=0.3066 | min_recall=0.062 | lr=0.005000
2026-09-08 12:39:02,082 INFO Epoch   60/100 | loss=1.7203 | val_acc=0.4599 | bal_acc=0.3299 | min_recall=0.214 | lr=0.002500
2026-09-08 13:13:47,468 INFO Epoch   80/100 | loss=1.7199 | val_acc=0.4529 | bal_acc=0.3817 | min_recall=0.315 | lr=0.002500
2026-09-08 13:44:59,639 INFO Epoch  100/100 | loss=1.7197 | val_acc=0.4359 | bal_acc=0.3386 | min_recall=0.156 | lr=0.001250
2026-09-08 13:44:59,639 INFO Training log saved → experiments/pca8/sweep/melanoma_focused_001/training_log.csv
2026-09-08 13:44:59,639 INFO Best val fitness: 0.5297
2026-09-08 13:44:59,639 INFO 
--- Test evaluation (best-val checkpoint) ---
2026-09-08 13:44:59,987 INFO Test accuracy    : 0.4599
Test bal. acc    : 0.3333  (mean per-class recall)
Per-class recall : ['0.4000', '0.4487', '0.1867', '0.0556', '0.6071', '0.4985', '0.1364']
Min recall       : 0.0556
Test ROC-AUC OvR : 0.7199
2026-09-08 13:44:59,990 INFO 
              precision    recall  f1-score   support

       akiec       0.18      0.40      0.25        50
         bcc       0.17      0.45      0.25        78
         bkl       0.38      0.19      0.25       166
          df       0.01      0.06      0.02        18
         mel       0.24      0.61      0.35       168
          nv       0.93      0.50      0.65      1007
        vasc       0.04      0.14      0.06        22

    accuracy                           0.46      1509
   macro avg       0.28      0.33      0.26      1509
weighted avg       0.71      0.46      0.52      1509

2026-09-08 13:45:00,277 INFO Plots saved.
2026-09-08 13:45:01,165 INFO Failed to extract font properties from /usr/share/fonts/truetype/noto/NotoColorEmoji.ttf: Can not load face (unknown file format; error code 0x2)
2026-09-08 13:45:01,896 INFO Circuit diagram saved.
2026-09-08 13:45:01,898 INFO 
Run 'melanoma_focused' complete → {'accuracy': 0.4599072233267064, 'bal_acc': 0.33329105892285904, 'per_class_recalls': [0.39999999992, 0.4487179486604208, 0.1867469879405574, 0.05555555552469135, 0.6071428571067177, 0.4985104270059731, 0.13636363630165288], 'roc_auc_ovr': 0.7198563487983838}
2026-09-08 13:45:01,898 INFO 
>>> PCA-8 sweep run 10/11: uniform_weights
