2026-09-05 09:05:59,621 INFO 
============================================================
2026-09-05 09:05:59,621 INFO SWEEP RUN: conv_heavy  (PCA-8)
2026-09-05 09:05:59,621 INFO Params: {'label': 'conv_heavy', 'LR_EVAL': 0.003, 'N_EPOCHS_EVAL': 60, 'INIT_POP': 10, 'MAX_EVO_STEPS': 10, 'P_CONV': 0.85, 'W_CLASS': [0.7, 0.3]}
2026-09-05 09:05:59,621 INFO ============================================================
2026-09-05 09:05:59,621 INFO 
--- Linear classifier baseline (on 8 PCA features) ---
2026-09-05 09:05:59,627 INFO   val   | acc=0.7051 | bal_acc=0.7231 | min_recall=0.6842 | auc=0.8413
2026-09-05 09:05:59,627 INFO          per-class: ['0.762', '0.684']
2026-09-05 09:05:59,630 INFO   test  | acc=0.7203 | bal_acc=0.7198 | min_recall=0.7187 | auc=0.7882
2026-09-05 09:05:59,630 INFO          per-class: ['0.719', '0.721']
2026-09-05 09:05:59,630 INFO Linear baseline saved → experiments/pca8/sweep/conv_heavy_001/linear_baseline.json
2026-09-05 09:05:59,630 INFO Evaluating initial population...
2026-09-05 09:05:59,630 INFO Config: LR=0.003  epochs=60  pop=10  steps=10  W_CLASS=[0.7, 0.3]
2026-09-05 09:05:59,630 INFO Encoding: single (RY per qubit), 8 PCA components → 8 qubits
2026-09-05 09:05:59,630 INFO Structure: variable length 6–14 layers  | P_CONV=0.85  | min conv=1  | min pool=0  | readout qubits=1
2026-09-05 09:05:59,659 INFO Initial population: 10 valid genotypes
2026-09-05 10:58:10,805 INFO   random     | C-C-C-C-C-C-C-C-C      | fitness=0.3306 | val_acc=0.7051 | bal_acc=0.7080 | min_recall=0.7018 | params=194
2026-09-05 10:58:10,807 INFO   random     | C-C-C-C-P-C-C          | fitness=0.2887 | val_acc=0.7051 | bal_acc=0.7231 | min_recall=0.6842 | params=109
2026-09-05 10:58:10,808 INFO   random     | C-C-C-C-C-C-C-C-C      | fitness=0.3245 | val_acc=0.7051 | bal_acc=0.7080 | min_recall=0.7018 | params=140
2026-09-05 10:58:10,809 INFO   random     | C-C-C-P-C-C-C          | fitness=0.2681 | val_acc=0.6923 | bal_acc=0.7293 | min_recall=0.6491 | params=128
2026-09-05 10:58:10,810 INFO   random     | C-C-C-C-C-C-C-C-C      | fitness=0.3419 | val_acc=0.6923 | bal_acc=0.6992 | min_recall=0.6842 | params=257
2026-09-05 10:58:10,812 INFO   random     | C-C-C-C-C-C-C-C-C-C-P  | fitness=0.2791 | val_acc=0.7179 | bal_acc=0.7469 | min_recall=0.6842 | params=245
2026-09-05 10:58:10,813 INFO   random     | C-C-C-C-C-C-C-C-C      | fitness=0.2809 | val_acc=0.7564 | bal_acc=0.7581 | min_recall=0.7544 | params=194
2026-09-05 10:58:10,818 INFO   random     | C-C-C-C-C-C-C-P-C-C-C-P-C-C | fitness=0.3126 | val_acc=0.7051 | bal_acc=0.7231 | min_recall=0.6842 | params=186
2026-09-05 10:58:10,819 INFO   random     | C-C-C-C-P-C-C-C        | fitness=0.3166 | val_acc=0.6410 | bal_acc=0.6792 | min_recall=0.5965 | params=109
2026-09-05 10:58:10,820 INFO   random     | C-C-C-C-P-P-C-C-C-C-P  | fitness=0.2636 | val_acc=0.7308 | bal_acc=0.7556 | min_recall=0.7018 | params=158
2026-09-05 10:58:10,820 INFO 
=== Evo step 1/10 ===
2026-09-05 10:58:10,821 INFO Top-3: 85621839… fit=0.2636  |  -5371524… fit=0.2681  |  -2760812… fit=0.2791
2026-09-05 10:58:10,827 INFO Generated 9 valid novel children
2026-09-05 13:14:17,934 INFO   crossover  | C-C-C-P-C-C-C          | fitness=0.3835 | val_acc=0.6795 | bal_acc=0.6604 | min_recall=0.6190 | params=112
2026-09-05 13:14:17,936 INFO   crossover  | C-C-C-C-C-C-C-C-C-C-C-C | fitness=0.3247 | val_acc=0.6795 | bal_acc=0.7055 | min_recall=0.6491 | params=240
2026-09-05 13:14:17,941 INFO   crossover  | C-C-C-C-C-C-C-P-P-C-C-C-C-P | fitness=0.3151 | val_acc=0.7179 | bal_acc=0.7318 | min_recall=0.7018 | params=260
2026-09-05 13:14:17,942 INFO   crossover  | C-C-C-C-C-C-C-C-C      | fitness=0.2591 | val_acc=0.7436 | bal_acc=0.7644 | min_recall=0.7193 | params=194
2026-09-05 13:14:17,943 INFO   crossover  | C-C-C-C-C-C-C-C-C-C-C-C-P-P | fitness=0.3447 | val_acc=0.7179 | bal_acc=0.7168 | min_recall=0.7143 | params=270
2026-09-05 13:14:17,945 INFO   crossover  | C-C-C-C-P-C-C-C        | fitness=0.2557 | val_acc=0.7308 | bal_acc=0.7556 | min_recall=0.7018 | params=144
2026-09-05 13:14:17,946 INFO   mutate     | C-C-C-C-P-P-C-C-C-P-P-P | fitness=0.2804 | val_acc=0.6923 | bal_acc=0.7293 | min_recall=0.6491 | params=148
2026-09-05 13:14:17,948 INFO   mutate     | C-C-C-C-P-C-C-C        | fitness=0.2594 | val_acc=0.7308 | bal_acc=0.7556 | min_recall=0.7018 | params=170
2026-09-05 13:14:17,952 INFO   mutate     | C-C-C-C-C-C-C-C-C      | fitness=0.2631 | val_acc=0.7179 | bal_acc=0.7469 | min_recall=0.6842 | params=140
2026-09-05 13:14:17,952 INFO Best so far → val_acc=0.7308  bal_acc=0.7556  min_recall=0.7018  fitness=0.2557  params=144  id=-5484797…
2026-09-05 13:14:17,953 INFO Memory table saved.
2026-09-05 13:14:17,953 INFO 
=== Evo step 2/10 ===
2026-09-05 13:14:17,953 INFO Top-3: -5484797… fit=0.2557  |  34926170… fit=0.2591  |  -7709459… fit=0.2631
2026-09-05 13:14:17,961 INFO Generated 9 valid novel children
2026-09-05 15:39:52,842 INFO   crossover  | C-C-C-C-P-C-C-C-C-C-C  | fitness=0.2303 | val_acc=0.7436 | bal_acc=0.7794 | min_recall=0.7018 | params=157
2026-09-05 15:39:52,844 INFO   crossover  | C-C-C-C-C-P-C-C-C      | fitness=0.2559 | val_acc=0.7436 | bal_acc=0.7644 | min_recall=0.7193 | params=170
2026-09-05 15:39:52,846 INFO   crossover  | C-C-C-C-C-C-C-C-C-C-C-P-C-C | fitness=0.2901 | val_acc=0.7179 | bal_acc=0.7469 | min_recall=0.6842 | params=284
2026-09-05 15:39:52,847 INFO   crossover  | C-C-C-P-C-C-C          | fitness=0.2463 | val_acc=0.7564 | bal_acc=0.7732 | min_recall=0.7368 | params=166
2026-09-05 15:39:52,849 INFO   crossover  | C-C-C-C-P-C-C-C-C-C-C-P-C-C | fitness=0.2820 | val_acc=0.7179 | bal_acc=0.7469 | min_recall=0.6842 | params=214
2026-09-05 15:39:52,854 INFO   crossover  | C-C-C-C-C-C-C          | fitness=0.2300 | val_acc=0.7821 | bal_acc=0.7907 | min_recall=0.7719 | params=112
2026-09-05 15:39:52,855 INFO   mutate     | C-C-C-C-P-C-C-C        | fitness=0.2488 | val_acc=0.6795 | bal_acc=0.7356 | min_recall=0.6140 | params=144
2026-09-05 15:39:52,857 INFO   mutate     | C-C-C-C-C-C-C-C-C-C    | fitness=0.2488 | val_acc=0.7051 | bal_acc=0.7531 | min_recall=0.6491 | params=194
2026-09-05 15:39:52,858 INFO   mutate     | C-C-C-C-P-C-C-C        | fitness=0.2980 | val_acc=0.6923 | bal_acc=0.7143 | min_recall=0.6667 | params=116
2026-09-05 15:39:52,858 INFO Best so far → val_acc=0.7821  bal_acc=0.7907  min_recall=0.7719  fitness=0.2300  params=112  id=-6105631…
2026-09-05 15:39:52,861 INFO Memory table saved.
2026-09-05 15:39:52,861 INFO 
=== Evo step 3/10 ===
2026-09-05 15:39:52,861 INFO Top-3: -6105631… fit=0.2300  |  20357993… fit=0.2303  |  84311468… fit=0.3245
2026-09-05 15:39:52,872 INFO Generated 9 valid novel children
2026-09-05 18:13:52,562 INFO   crossover  | C-C-C-C-C-C            | fitness=0.2248 | val_acc=0.7179 | bal_acc=0.7619 | min_recall=0.6667 | params=100
2026-09-05 18:13:52,564 INFO   crossover  | C-C-C-C-C-C-C-C-C-P-C-C-C-C | fitness=0.2421 | val_acc=0.7564 | bal_acc=0.7882 | min_recall=0.7193 | params=244
2026-09-05 18:13:52,565 INFO   crossover  | C-C-C-C-P-C-C-C-C      | fitness=0.2682 | val_acc=0.7051 | bal_acc=0.7381 | min_recall=0.6667 | params=140
2026-09-05 18:13:52,570 INFO   crossover  | C-C-C-C-P-C-C-C        | fitness=0.3466 | val_acc=0.6410 | bal_acc=0.6642 | min_recall=0.6140 | params=126
2026-09-05 18:13:52,571 INFO   crossover  | C-C-C-C-P-C-C-C-C-C-C-C-C-C | fitness=0.2812 | val_acc=0.7179 | bal_acc=0.7469 | min_recall=0.6842 | params=205
2026-09-05 18:13:52,573 INFO   crossover  | C-C-C-C-P-C-C-C-C-C-C-C-C-C | fitness=0.2798 | val_acc=0.7308 | bal_acc=0.7556 | min_recall=0.7018 | params=244
2026-09-05 18:13:52,574 INFO   mutate     | C-C-C-C-C-C-C-C        | fitness=0.3257 | val_acc=0.6923 | bal_acc=0.6992 | min_recall=0.6842 | params=118
2026-09-05 18:13:52,575 INFO   mutate     | C-C-C-C-P-C-C-C-C-C-P-C | fitness=0.3225 | val_acc=0.7308 | bal_acc=0.7256 | min_recall=0.7143 | params=163
2026-09-05 18:13:52,580 INFO   mutate     | C-C-C-C-P-C-C-C-C-C-C-C-C | fitness=0.3411 | val_acc=0.6923 | bal_acc=0.6992 | min_recall=0.6842 | params=166
2026-09-05 18:13:52,580 INFO Best so far → val_acc=0.7179  bal_acc=0.7619  min_recall=0.6667  fitness=0.2248  params=100  id=77335791…
2026-09-05 18:13:52,582 INFO Memory table saved.
2026-09-05 18:13:52,582 INFO 
=== Evo step 4/10 ===
2026-09-05 18:13:52,582 INFO Top-3: 77335791… fit=0.2248  |  -6105631… fit=0.2300  |  -1066770… fit=0.3225
2026-09-05 18:13:52,588 INFO Generated 9 valid novel children
2026-09-05 20:05:18,756 INFO   crossover  | C-C-C-C-C-C-C-C-C      | fitness=0.2436 | val_acc=0.7692 | bal_acc=0.7820 | min_recall=0.7544 | params=152
2026-09-05 20:05:18,762 INFO   crossover  | C-C-C-P-C-C-C-C-C-C    | fitness=0.2611 | val_acc=0.7308 | bal_acc=0.7556 | min_recall=0.7018 | params=149
2026-09-05 20:05:18,763 INFO   crossover  | C-C-C-C-C-C-C-C        | fitness=0.2225 | val_acc=0.7436 | bal_acc=0.7794 | min_recall=0.7018 | params=132
2026-09-05 20:05:18,765 INFO   crossover  | C-C-C-C-C-C            | fitness=0.2415 | val_acc=0.7436 | bal_acc=0.7644 | min_recall=0.7193 | params=92
2026-09-05 20:05:18,766 INFO   crossover  | C-C-C-C-C-C-C-C-C-C    | fitness=0.2796 | val_acc=0.7051 | bal_acc=0.7381 | min_recall=0.6667 | params=218
2026-09-05 20:05:18,768 INFO   crossover  | C-C-C-C-C-C-C-C-C      | fitness=0.2970 | val_acc=0.7051 | bal_acc=0.7231 | min_recall=0.6842 | params=140
2026-09-05 20:05:18,769 INFO   mutate     | C-C-C-C-C-C            | fitness=0.2712 | val_acc=0.7436 | bal_acc=0.7494 | min_recall=0.7368 | params=108
2026-09-05 20:05:18,770 INFO   mutate     | C-C-C-C-C-C-C          | fitness=0.2525 | val_acc=0.7308 | bal_acc=0.7556 | min_recall=0.7018 | params=126
2026-09-05 20:05:18,775 INFO   mutate     | C-C-C-C-P-C-C-C-C-C-C  | fitness=0.2803 | val_acc=0.6923 | bal_acc=0.7293 | min_recall=0.6491 | params=165
2026-09-05 20:05:18,775 INFO Best so far → val_acc=0.7436  bal_acc=0.7794  min_recall=0.7018  fitness=0.2225  params=132  id=-3148558…
2026-09-05 20:05:18,778 INFO Memory table saved.
2026-09-05 20:05:18,778 INFO 
=== Evo step 5/10 ===
2026-09-05 20:05:18,778 INFO Top-3: -3148558… fit=0.2225  |  77335791… fit=0.2248  |  -6995488… fit=0.2488
2026-09-05 20:05:18,786 INFO Generated 9 valid novel children
2026-09-05 22:53:58,537 INFO   crossover  | C-C-C-C-C-C-C-C-C-C-C-C | fitness=0.2515 | val_acc=0.7821 | bal_acc=0.7907 | min_recall=0.7719 | params=204
2026-09-05 22:53:58,538 INFO   crossover  | C-C-C-C-C-C-C-C-C-C-C  | fitness=0.2692 | val_acc=0.7308 | bal_acc=0.7556 | min_recall=0.7018 | params=190
2026-09-05 22:53:58,540 INFO   crossover  | C-C-C-C-C-C-C-C        | fitness=0.2533 | val_acc=0.7308 | bal_acc=0.7556 | min_recall=0.7018 | params=114
2026-09-05 22:53:58,541 INFO   crossover  | C-C-C-C-C-C-C-C-C-C-C-C-C | fitness=0.2758 | val_acc=0.7308 | bal_acc=0.7556 | min_recall=0.7018 | params=212
2026-09-05 22:53:58,542 INFO   crossover  | C-C-C-C-C-C-C-C-C-C-C-C-C-C | fitness=0.3315 | val_acc=0.7436 | bal_acc=0.7343 | min_recall=0.7143 | params=232
2026-09-05 22:53:58,544 INFO   crossover  | C-C-C-C-C-C-C-C-C-C-C-C | fitness=0.2982 | val_acc=0.7308 | bal_acc=0.7406 | min_recall=0.7193 | params=184
2026-09-05 22:53:58,549 INFO   mutate     | C-C-C-C-C-C-C          | fitness=0.3191 | val_acc=0.7051 | bal_acc=0.7080 | min_recall=0.7018 | params=120
2026-09-05 22:53:58,550 INFO   mutate     | C-C-C-C-C-C            | fitness=0.2479 | val_acc=0.6538 | bal_acc=0.7180 | min_recall=0.5789 | params=76
2026-09-05 22:53:58,551 INFO   mutate     | C-C-C-C-C-C            | fitness=0.2715 | val_acc=0.7436 | bal_acc=0.7494 | min_recall=0.7368 | params=110
2026-09-05 22:53:58,551 INFO Best so far → val_acc=0.7436  bal_acc=0.7794  min_recall=0.7018  fitness=0.2225  params=132  id=-3148558…
2026-09-05 22:53:58,554 INFO Memory table saved.
2026-09-05 22:53:58,554 INFO 
=== Evo step 6/10 ===
2026-09-05 22:53:58,554 INFO Top-3: -3148558… fit=0.2225  |  77335791… fit=0.2248  |  -6105631… fit=0.2300
2026-09-05 22:53:58,562 INFO Generated 9 valid novel children
2026-09-06 02:31:23,655 INFO   crossover  | C-C-C-C-C-C-C-C-C-C-C  | fitness=0.2235 | val_acc=0.7692 | bal_acc=0.7970 | min_recall=0.7368 | params=174
2026-09-06 02:31:23,656 INFO   crossover  | C-C-C-C-C-C-C-C-C-C    | fitness=0.2529 | val_acc=0.7564 | bal_acc=0.7732 | min_recall=0.7368 | params=164
2026-09-06 02:31:23,658 INFO   crossover  | C-C-C-C-C-C-C-C-C-C    | fitness=0.2632 | val_acc=0.7308 | bal_acc=0.7556 | min_recall=0.7018 | params=160
2026-09-06 02:31:23,659 INFO   crossover  | C-C-C-C-C-C-C-C-C-C-C-C | fitness=0.3337 | val_acc=0.7179 | bal_acc=0.7168 | min_recall=0.7143 | params=200
2026-09-06 02:31:23,661 INFO   crossover  | C-C-C-C-C-C-C-C-C-C    | fitness=0.2642 | val_acc=0.7308 | bal_acc=0.7556 | min_recall=0.7018 | params=164
2026-09-06 02:31:23,666 INFO   crossover  | C-C-C-C-C-C-C          | fitness=0.2813 | val_acc=0.7308 | bal_acc=0.7406 | min_recall=0.7193 | params=128
2026-09-06 02:31:23,668 INFO   mutate     | C-C-C-C-C-C-C-C-C-C-C-C-C | fitness=0.2776 | val_acc=0.7308 | bal_acc=0.7556 | min_recall=0.7018 | params=242
2026-09-06 02:31:23,669 INFO   mutate     | C-C-C-C-C-C            | fitness=0.3169 | val_acc=0.7051 | bal_acc=0.7080 | min_recall=0.7018 | params=124
2026-09-06 02:31:23,671 INFO   mutate     | C-C-C-C-C-C            | fitness=0.2273 | val_acc=0.7821 | bal_acc=0.7907 | min_recall=0.7719 | params=108
2026-09-06 02:31:23,671 INFO Best so far → val_acc=0.7436  bal_acc=0.7794  min_recall=0.7018  fitness=0.2225  params=132  id=-3148558…
2026-09-06 02:31:23,674 INFO Memory table saved.
2026-09-06 02:31:23,674 INFO 
=== Evo step 7/10 ===
2026-09-06 02:31:23,674 INFO Top-3: -3148558… fit=0.2225  |  10765245… fit=0.2235  |  -7709459… fit=0.2631
2026-09-06 02:31:23,682 INFO Generated 9 valid novel children
2026-09-09 01:28:54,429 INFO 
============================================================
2026-09-09 01:28:54,432 INFO RESUMING SWEEP RUN: conv_heavy  (PCA-8)  → experiments/pca8/sweep/conv_heavy_001
2026-09-09 01:28:54,432 INFO ============================================================
2026-09-09 01:28:54,433 INFO 
--- Linear classifier baseline (on 8 PCA features) ---
2026-09-09 01:28:54,724 INFO   val   | acc=0.7051 | bal_acc=0.7231 | min_recall=0.6842 | auc=0.8413
2026-09-09 01:28:54,724 INFO          per-class: ['0.762', '0.684']
2026-09-09 01:28:54,726 INFO   test  | acc=0.7203 | bal_acc=0.7198 | min_recall=0.7187 | auc=0.7882
2026-09-09 01:28:54,726 INFO          per-class: ['0.719', '0.721']
2026-09-09 01:28:54,726 INFO Linear baseline saved → experiments/pca8/sweep/conv_heavy_001/linear_baseline.json
2026-09-09 01:28:54,769 INFO Resumed from checkpoint → 64 genotypes, evo_step=6/10, 64 motifs loaded from disk cache
2026-09-09 01:28:54,770 INFO 
=== Evo step 7/10 ===
2026-09-09 01:28:54,770 INFO Top-3: -3148558… fit=0.2225  |  10765245… fit=0.2235  |  -4672407… fit=0.3126
2026-09-09 01:28:54,777 INFO Generated 9 valid novel children
2026-09-09 01:36:49,776 INFO   crossover  | C-C-C-C-C-C-C-C-C      | fitness=0.3249 | val_acc=0.7051 | bal_acc=0.7080 | min_recall=0.7018 | params=134
2026-09-09 01:36:49,777 INFO   crossover  | C-C-C-C-C-C-C-C-C-C    | fitness=0.2589 | val_acc=0.7436 | bal_acc=0.7644 | min_recall=0.7193 | params=164
2026-09-09 01:36:49,778 INFO   crossover  | C-C-C-C-C              | fitness=0.2388 | val_acc=0.7436 | bal_acc=0.7644 | min_recall=0.7193 | params=88
2026-09-09 01:36:49,780 INFO   crossover  | C-C-C-C-P-P-C-C-C-C    | fitness=0.2711 | val_acc=0.6923 | bal_acc=0.7293 | min_recall=0.6491 | params=94
2026-09-09 01:36:49,784 INFO   crossover  | C-C-C-C-C-C-C-C-C-C    | fitness=0.2691 | val_acc=0.7436 | bal_acc=0.7644 | min_recall=0.7193 | params=262
2026-09-09 01:36:49,790 INFO   crossover  | C-C-C-C-C-C-C-C-C-C    | fitness=0.2904 | val_acc=0.7564 | bal_acc=0.7581 | min_recall=0.7544 | params=248
2026-09-09 01:36:49,791 INFO   mutate     | C-C-C-C-C-C-C-P        | fitness=0.2589 | val_acc=0.7308 | bal_acc=0.7556 | min_recall=0.7018 | params=165
2026-09-09 01:36:49,792 INFO   mutate     | C-C-C-C-C-C-C-C-C-C    | fitness=0.2808 | val_acc=0.6923 | bal_acc=0.7293 | min_recall=0.6491 | params=172
2026-09-09 01:36:49,793 INFO   mutate     | C-C-C-C-C-C-C-P-C-C    | fitness=0.2839 | val_acc=0.7051 | bal_acc=0.7381 | min_recall=0.6667 | params=258
2026-09-09 01:36:49,793 INFO Best so far → val_acc=0.7436  bal_acc=0.7794  min_recall=0.7018  fitness=0.2225  params=132  id=-3148558…
2026-09-09 01:36:49,796 INFO Memory table saved.
2026-09-09 01:36:49,796 INFO 
=== Evo step 8/10 ===
2026-09-09 01:36:49,796 INFO Top-3: -3148558… fit=0.2225  |  10765245… fit=0.2235  |  77335791… fit=0.2248
2026-09-09 01:36:49,799 INFO Generated 9 valid novel children
2026-09-09 01:43:21,096 INFO   crossover  | C-C-C-C-C-C-C-C-C-C    | fitness=0.3305 | val_acc=0.7051 | bal_acc=0.7080 | min_recall=0.7018 | params=162
2026-09-09 01:43:21,098 INFO   crossover  | C-C-C-C-C-C-C          | fitness=0.2585 | val_acc=0.7179 | bal_acc=0.7469 | min_recall=0.6842 | params=128
2026-09-09 01:43:21,099 INFO   crossover  | C-C-C-C-C-C-C-C-C-C    | fitness=0.2762 | val_acc=0.7051 | bal_acc=0.7381 | min_recall=0.6667 | params=174
2026-09-09 01:43:21,100 INFO   crossover  | C-C-C-C-C-C-C-C-C-C    | fitness=0.3036 | val_acc=0.7051 | bal_acc=0.7231 | min_recall=0.6842 | params=172
2026-09-09 01:43:21,105 INFO   crossover  | C-C-C-C-C-C-C-C-C-C    | fitness=0.2703 | val_acc=0.7179 | bal_acc=0.7469 | min_recall=0.6842 | params=172
2026-09-09 01:43:21,108 INFO   crossover  | C-C-C-C-C-C-C-C-C-C    | fitness=0.3175 | val_acc=0.7308 | bal_acc=0.7256 | min_recall=0.7143 | params=144
2026-09-09 01:43:21,109 INFO   mutate     | C-C-C-C-C-C-C-C-P      | fitness=0.2827 | val_acc=0.7436 | bal_acc=0.7494 | min_recall=0.7368 | params=152
2026-09-09 01:43:21,111 INFO   mutate     | C-C-C-C-C-C-C-C-P      | fitness=0.2897 | val_acc=0.7179 | bal_acc=0.7318 | min_recall=0.7018 | params=118
2026-09-09 01:43:21,112 INFO   mutate     | C-C-C-C-C-C-C-C        | fitness=0.2982 | val_acc=0.6923 | bal_acc=0.7143 | min_recall=0.6667 | params=129
2026-09-09 01:43:21,112 INFO Best so far → val_acc=0.7436  bal_acc=0.7794  min_recall=0.7018  fitness=0.2225  params=132  id=-3148558…
2026-09-09 01:43:21,113 INFO Memory table saved.
2026-09-09 01:43:21,113 INFO 
=== Evo step 9/10 ===
2026-09-09 01:43:21,113 INFO Top-3: -3148558… fit=0.2225  |  10765245… fit=0.2235  |  77335791… fit=0.2248
2026-09-09 01:43:21,119 INFO Generated 9 valid novel children
2026-09-09 01:48:59,657 INFO   crossover  | C-C-C-C-C              | fitness=0.2659 | val_acc=0.6795 | bal_acc=0.7206 | min_recall=0.6316 | params=88
2026-09-09 01:48:59,658 INFO   crossover  | C-C-C-C-C-C-C-C-C-C    | fitness=0.2215 | val_acc=0.7692 | bal_acc=0.7970 | min_recall=0.7368 | params=184
2026-09-09 01:48:59,659 INFO   crossover  | C-C-C-C-C-C-C-C-C-C    | fitness=0.2563 | val_acc=0.7436 | bal_acc=0.7644 | min_recall=0.7193 | params=148
2026-09-09 01:48:59,660 INFO   crossover  | C-C-C-C-C-C-C          | fitness=0.2869 | val_acc=0.7179 | bal_acc=0.7318 | min_recall=0.7018 | params=138
2026-09-09 01:48:59,667 INFO   crossover  | C-C-C-C-C-C-C-C-C-C    | fitness=0.2734 | val_acc=0.7051 | bal_acc=0.7381 | min_recall=0.6667 | params=164
2026-09-09 01:48:59,669 INFO   crossover  | C-C-C-C-C-C-C-C-C-C    | fitness=0.2590 | val_acc=0.7436 | bal_acc=0.7644 | min_recall=0.7193 | params=172
2026-09-09 01:48:59,671 INFO   mutate     | C-C-C-C-C              | fitness=0.2760 | val_acc=0.7308 | bal_acc=0.7406 | min_recall=0.7193 | params=122
2026-09-09 01:48:59,672 INFO   mutate     | C-C-C-C-C-C            | fitness=0.2462 | val_acc=0.7436 | bal_acc=0.7644 | min_recall=0.7193 | params=132
2026-09-09 01:48:59,673 INFO   mutate     | C-C-C-C-C-C-C-C-C-C    | fitness=0.2636 | val_acc=0.7308 | bal_acc=0.7556 | min_recall=0.7018 | params=172
2026-09-09 01:48:59,674 INFO Best so far → val_acc=0.7692  bal_acc=0.7970  min_recall=0.7368  fitness=0.2215  params=184  id=77075679…
2026-09-09 01:48:59,675 INFO Memory table saved.
2026-09-09 01:48:59,675 INFO 
=== Evo step 10/10 ===
2026-09-09 01:48:59,675 INFO Top-3: 77075679… fit=0.2215  |  -3148558… fit=0.2225  |  81984824… fit=0.3151
2026-09-09 01:48:59,681 INFO Generated 9 valid novel children
2026-09-09 01:54:38,235 INFO   crossover  | C-C-C-C-C-C-C-C        | fitness=0.2611 | val_acc=0.7179 | bal_acc=0.7469 | min_recall=0.6842 | params=132
2026-09-09 01:54:38,236 INFO   crossover  | C-C-C-C-C-C-C-C-C-C    | fitness=0.2583 | val_acc=0.7436 | bal_acc=0.7644 | min_recall=0.7193 | params=166
2026-09-09 01:54:38,237 INFO   crossover  | C-C-C-C-C-C-C-C-C-C    | fitness=0.2529 | val_acc=0.7564 | bal_acc=0.7732 | min_recall=0.7368 | params=164
2026-09-09 01:54:38,239 INFO   crossover  | C-C-C-C-C-C-C          | fitness=0.2325 | val_acc=0.7821 | bal_acc=0.7907 | min_recall=0.7719 | params=130
2026-09-09 01:54:38,248 INFO   crossover  | C-C-C-C-C-C            | fitness=0.2592 | val_acc=0.7051 | bal_acc=0.7381 | min_recall=0.6667 | params=112
2026-09-09 01:54:38,249 INFO   crossover  | C-C-C-C-C-C-C-C-C-C    | fitness=0.2444 | val_acc=0.7051 | bal_acc=0.7531 | min_recall=0.6491 | params=150
2026-09-09 01:54:38,253 INFO   mutate     | C-C-C-C-C-C-C-C        | fitness=0.2850 | val_acc=0.7308 | bal_acc=0.7406 | min_recall=0.7193 | params=144
2026-09-09 01:54:38,255 INFO   mutate     | C-C-C-C-C-C-C-C        | fitness=0.2439 | val_acc=0.7564 | bal_acc=0.7732 | min_recall=0.7368 | params=124
2026-09-09 01:54:38,256 INFO   mutate     | C-C-C-C-C-C-C-P-C      | fitness=0.2580 | val_acc=0.7308 | bal_acc=0.7556 | min_recall=0.7018 | params=133
2026-09-09 01:54:38,256 INFO Best so far → val_acc=0.7692  bal_acc=0.7970  min_recall=0.7368  fitness=0.2215  params=184  id=77075679…
2026-09-09 01:54:38,261 INFO Memory table saved.
2026-09-09 01:54:38,262 INFO 
=== SEARCH COMPLETE ===
2026-09-09 01:54:38,262 INFO Best val_acc  : 0.7692
2026-09-09 01:54:38,262 INFO Best bal_acc  : 0.7970  (mean per-class recall)
2026-09-09 01:54:38,263 INFO Min recall    : 0.7368  (worst class)
2026-09-09 01:54:38,263 INFO Best fitness  : 0.2215
2026-09-09 01:54:38,263 INFO Params        : 184
2026-09-09 01:54:38,263 INFO Layers        : 10  (10 conv + 0 pool)
2026-09-09 01:54:38,263 INFO Circuit structure:
2026-09-09 01:54:38,263 INFO   Structure: C-C-C-C-C-C-C-C-C-C  (10 layers = 10 conv + 0 pool)
2026-09-09 01:54:38,263 INFO   Layer 0 CONV  gate=U_15       stride=1 step=1 offset=0 boundary=open
2026-09-09 01:54:38,263 INFO   Layer 1 CONV  gate=U_9        stride=1 step=7 offset=0 boundary=periodic
2026-09-09 01:54:38,263 INFO   Layer 2 CONV  gate=U_15       stride=1 step=1 offset=0 boundary=open
2026-09-09 01:54:38,263 INFO   Layer 3 CONV  gate=U_15       stride=1 step=1 offset=0 boundary=open
2026-09-09 01:54:38,263 INFO   Layer 4 CONV  gate=U_14       stride=6 step=1 offset=0 boundary=open
2026-09-09 01:54:38,263 INFO   Layer 5 CONV  gate=U_TTN      stride=4 step=6 offset=0 boundary=open
2026-09-09 01:54:38,263 INFO   Layer 6 CONV  gate=U_SU4      stride=1 step=4 offset=0 boundary=periodic
2026-09-09 01:54:38,263 INFO   Layer 7 CONV  gate=U_5        stride=7 step=7 offset=0 boundary=periodic
2026-09-09 01:54:38,263 INFO   Layer 8 CONV  gate=U_TTN      stride=4 step=6 offset=0 boundary=open
2026-09-09 01:54:38,263 INFO   Layer 9 CONV  gate=U_SU4      stride=1 step=4 offset=0 boundary=periodic
2026-09-09 01:54:38,266 INFO   Qubits surviving: 8 → [0, 1, 2, 3, 4, 5, 6, 7]  | readout wires = [0]
2026-09-09 01:54:38,266 INFO 
============================================================
2026-09-09 01:54:38,266 INFO FINAL TRAINING — BreastMNIST binary QCNN
2026-09-09 01:54:38,267 INFO ============================================================
2026-09-09 01:54:38,267 INFO   Structure: C-C-C-C-C-C-C-C-C-C  (10 layers = 10 conv + 0 pool)
2026-09-09 01:54:38,267 INFO   Layer 0 CONV  gate=U_15       stride=1 step=1 offset=0 boundary=open
2026-09-09 01:54:38,267 INFO   Layer 1 CONV  gate=U_9        stride=1 step=7 offset=0 boundary=periodic
2026-09-09 01:54:38,267 INFO   Layer 2 CONV  gate=U_15       stride=1 step=1 offset=0 boundary=open
2026-09-09 01:54:38,267 INFO   Layer 3 CONV  gate=U_15       stride=1 step=1 offset=0 boundary=open
2026-09-09 01:54:38,267 INFO   Layer 4 CONV  gate=U_14       stride=6 step=1 offset=0 boundary=open
2026-09-09 01:54:38,267 INFO   Layer 5 CONV  gate=U_TTN      stride=4 step=6 offset=0 boundary=open
2026-09-09 01:54:38,267 INFO   Layer 6 CONV  gate=U_SU4      stride=1 step=4 offset=0 boundary=periodic
2026-09-09 01:54:38,267 INFO   Layer 7 CONV  gate=U_5        stride=7 step=7 offset=0 boundary=periodic
2026-09-09 01:54:38,267 INFO   Layer 8 CONV  gate=U_TTN      stride=4 step=6 offset=0 boundary=open
2026-09-09 01:54:38,267 INFO   Layer 9 CONV  gate=U_SU4      stride=1 step=4 offset=0 boundary=periodic
2026-09-09 01:54:38,267 INFO   Qubits surviving: 8 → [0, 1, 2, 3, 4, 5, 6, 7]  | readout wires = [0]
2026-09-09 01:54:38,269 INFO Circuit: 10 layers (10 conv + 0 pool), 184 trainable parameters.
2026-09-09 01:54:55,298 INFO Epoch    1/200 | loss=0.6791 | val_acc=0.6538 | bal_acc=0.6729 | min_recall=0.632 | lr=0.005000
2026-09-09 02:00:21,960 INFO Epoch   20/200 | loss=0.5887 | val_acc=0.7179 | bal_acc=0.7469 | min_recall=0.684 | lr=0.005000
2026-09-09 02:05:55,388 INFO Epoch   40/200 | loss=0.5760 | val_acc=0.7051 | bal_acc=0.7231 | min_recall=0.684 | lr=0.005000
2026-09-09 02:10:22,359 INFO Epoch   60/200 | loss=0.5738 | val_acc=0.7051 | bal_acc=0.7080 | min_recall=0.702 | lr=0.002500
2026-09-09 02:14:46,087 INFO Epoch   80/200 | loss=0.5792 | val_acc=0.7179 | bal_acc=0.7318 | min_recall=0.702 | lr=0.002500
2026-09-09 02:18:57,689 INFO Epoch  100/200 | loss=0.5760 | val_acc=0.7308 | bal_acc=0.7406 | min_recall=0.719 | lr=0.001250
2026-09-09 02:23:29,998 INFO Epoch  120/200 | loss=0.5696 | val_acc=0.7308 | bal_acc=0.7556 | min_recall=0.702 | lr=0.001250
2026-09-09 02:28:01,027 INFO Epoch  140/200 | loss=0.5717 | val_acc=0.7308 | bal_acc=0.7556 | min_recall=0.702 | lr=0.001250
2026-09-09 02:32:19,591 INFO Epoch  160/200 | loss=0.5751 | val_acc=0.7308 | bal_acc=0.7556 | min_recall=0.702 | lr=0.000625
2026-09-09 02:36:30,399 INFO Epoch  180/200 | loss=0.5793 | val_acc=0.7308 | bal_acc=0.7556 | min_recall=0.702 | lr=0.000625
2026-09-09 02:41:02,881 INFO Epoch  200/200 | loss=0.5798 | val_acc=0.7308 | bal_acc=0.7556 | min_recall=0.702 | lr=0.000313
2026-09-09 02:41:02,881 INFO Training log saved → experiments/pca8/sweep/conv_heavy_001/training_log.csv
2026-09-09 02:41:02,881 INFO Best val fitness: 0.1877
2026-09-09 02:41:02,881 INFO 
--- Test evaluation (best-val checkpoint) ---
2026-09-09 02:41:05,261 INFO Test accuracy    : 0.6695
Test bal. acc    : 0.7242  (mean per-class recall)
Per-class recall : ['0.8437', '0.6047']
Min recall       : 0.6047
Test ROC-AUC OvR : 0.8070
2026-09-09 02:41:05,267 INFO 
               precision    recall  f1-score   support

    Malignant       0.44      0.84      0.58        32
Normal/Benign       0.91      0.60      0.73        86

     accuracy                           0.67       118
    macro avg       0.68      0.72      0.65       118
 weighted avg       0.78      0.67      0.69       118

2026-09-09 02:41:05,950 INFO Plots saved.
2026-09-09 02:41:06,351 INFO Failed to extract font properties from /usr/share/fonts/truetype/noto/NotoColorEmoji.ttf: Can not load face (unknown file format; error code 0x2)
2026-09-09 02:41:08,066 INFO Circuit diagram saved.
2026-09-09 02:41:08,073 INFO 
Run 'conv_heavy' complete → {'accuracy': 0.6694915254237288, 'bal_acc': 0.7242005812283587, 'per_class_recalls': [0.8437499997363281, 0.6046511627203894], 'roc_auc_ovr': 0.8070494186046511}
2026-09-09 02:41:08,073 INFO 
>>> PCA-8 sweep run 8/11: pool_required
