2026-09-15 03:22:02,327 INFO 
============================================================
2026-09-15 03:22:02,327 INFO SWEEP RUN: conv_heavy  (PCA-16)
2026-09-15 03:22:02,327 INFO Params: {'label': 'conv_heavy', 'LR_EVAL': 0.003, 'N_EPOCHS_EVAL': 60, 'INIT_POP': 10, 'MAX_EVO_STEPS': 10, 'P_CONV': 0.85, 'W_CLASS': [0.187, 0.073, 0.147, 0.079, 0.188, 0.161, 0.068, 0.097]}
2026-09-15 03:22:02,327 INFO ============================================================
2026-09-15 03:22:02,327 INFO PCA-16 budget scaled down for tractability: N_EPOCHS_EVAL=20, MAX_EVO_STEPS=3, FINAL_N_EPOCHS=60, FINAL_LR_STEP=15
2026-09-15 03:22:02,328 INFO 
--- Linear classifier baseline (on 16 PCA features) ---
2026-09-15 03:22:03,517 INFO   val   | acc=0.6850 | bal_acc=0.6894 | min_recall=0.4429 | auc=0.9333
2026-09-15 03:22:03,517 INFO          per-class: ['0.603', '0.711', '0.645', '0.443', '0.810', '0.634', '0.687', '0.983']
2026-09-15 03:22:03,522 INFO   test  | acc=0.6678 | bal_acc=0.6769 | min_recall=0.3586 | auc=0.9303
2026-09-15 03:22:03,522 INFO          per-class: ['0.690', '0.706', '0.665', '0.359', '0.721', '0.620', '0.677', '0.977']
2026-09-15 03:22:03,522 INFO Linear baseline saved → experiments/pca16/sweep/conv_heavy_001/linear_baseline.json
2026-09-15 03:22:03,522 INFO Subsampling search training set: 19968 → 2000
2026-09-15 03:22:03,522 INFO Evaluating initial population...
2026-09-15 03:22:03,522 INFO Config: LR=0.003  epochs=20  pop=10  steps=3  W_CLASS=[0.187, 0.073, 0.147, 0.079, 0.188, 0.161, 0.068, 0.097]
2026-09-15 03:22:03,522 INFO Encoding: dense (RX + RY per qubit), 16 PCA components → 8 qubits
2026-09-15 03:22:03,522 INFO Structure: variable length 6–14 layers  | P_CONV=0.85  | min conv=1  | min pool=0  | readout qubits=3
2026-09-15 03:22:03,540 INFO Initial population: 10 valid genotypes
2026-09-15 03:23:32,602 INFO   random     | C-C-C-C-C-C-C-C-C-C-C  | fitness=0.7580 | val_acc=0.4023 | bal_acc=0.4344 | min_recall=0.0173 | params=186
2026-09-15 03:23:32,602 INFO   random     | P-C-C-C-C-C            | fitness=0.7810 | val_acc=0.3736 | bal_acc=0.3847 | min_recall=0.0241 | params=70
2026-09-15 03:23:32,602 INFO   random     | C-C-C-C-C-C            | fitness=0.8394 | val_acc=0.2340 | bal_acc=0.2647 | min_recall=0.0482 | params=62
2026-09-15 03:23:32,603 INFO   random     | C-C-C-C-C-C-C-C-C-C-C-C-C | fitness=0.6013 | val_acc=0.4446 | bal_acc=0.4519 | min_recall=0.1522 | params=192
2026-09-15 03:23:32,603 INFO   random     | C-C-C-C-C-C-C-C-P-C-C  | fitness=0.6163 | val_acc=0.4346 | bal_acc=0.4373 | min_recall=0.0969 | params=155
2026-09-15 03:23:32,604 INFO   random     | C-C-C-C-C-C-C-C-C-C    | fitness=0.6995 | val_acc=0.4111 | bal_acc=0.4508 | min_recall=0.0346 | params=170
2026-09-15 03:23:32,604 INFO   random     | P-C-C-C-C-C            | fitness=0.9388 | val_acc=0.2962 | bal_acc=0.2973 | min_recall=0.0000 | params=71
2026-09-15 03:23:32,605 INFO   random     | C-C-C-C-C-C-C          | fitness=0.6054 | val_acc=0.4252 | bal_acc=0.4596 | min_recall=0.0744 | params=208
2026-09-15 03:23:32,605 INFO   random     | C-C-C-C-C-C-C-C-C-C-C  | fitness=0.7037 | val_acc=0.3894 | bal_acc=0.4427 | min_recall=0.0289 | params=210
2026-09-15 03:23:32,605 INFO   random     | C-C-C-C-C-C-C-C-C-C-C-C-C-C | fitness=0.6873 | val_acc=0.4252 | bal_acc=0.4867 | min_recall=0.0173 | params=230
2026-09-15 03:23:32,605 INFO 
=== Evo step 1/3 ===
2026-09-15 03:23:32,605 INFO Top-3: 26511848… fit=0.6013  |  -8344910… fit=0.6054  |  73580117… fit=0.6163
2026-09-15 03:23:32,610 INFO Generated 9 valid novel children
2026-09-15 03:25:31,814 INFO   crossover  | C-C-C-C-C-C-C-C-C      | fitness=0.6447 | val_acc=0.4106 | bal_acc=0.4085 | min_recall=0.1355 | params=196
2026-09-15 03:25:31,814 INFO   crossover  | C-C-C-C-C-C-C-C-C-C-C-C-C-C | fitness=0.6794 | val_acc=0.4774 | bal_acc=0.4807 | min_recall=0.0496 | params=212
2026-09-15 03:25:31,815 INFO   crossover  | C-C-C-C-C-C-C-C-C-C-C-C-C | fitness=0.5865 | val_acc=0.4416 | bal_acc=0.4648 | min_recall=0.0934 | params=210
2026-09-15 03:25:31,815 INFO   crossover  | C-C-C-C-C-C-C-C-C-C-C-C-C-C | fitness=0.6048 | val_acc=0.4897 | bal_acc=0.5177 | min_recall=0.0623 | params=294
2026-09-15 03:25:31,816 INFO   crossover  | C-C-C-C-C-C            | fitness=0.8528 | val_acc=0.3114 | bal_acc=0.3434 | min_recall=0.0000 | params=66
2026-09-15 03:25:31,816 INFO   crossover  | C-C-C-C-C-C-C-C-C-C-C  | fitness=0.5287 | val_acc=0.4751 | bal_acc=0.5032 | min_recall=0.1280 | params=256
2026-09-15 03:25:31,817 INFO   mutate     | C-C-C-C-C-C-C-C-C-C-C-C-C-C | fitness=0.5050 | val_acc=0.4487 | bal_acc=0.5028 | min_recall=0.1280 | params=201
2026-09-15 03:25:31,818 INFO   mutate     | C-C-C-C-C-C-C-C        | fitness=0.6689 | val_acc=0.4199 | bal_acc=0.4684 | min_recall=0.0277 | params=150
2026-09-15 03:25:31,818 INFO   mutate     | C-C-C-C-C-C-C-P-C-C    | fitness=0.5825 | val_acc=0.4575 | bal_acc=0.4596 | min_recall=0.2000 | params=141
2026-09-15 03:25:31,818 INFO Best so far → val_acc=0.4487  bal_acc=0.5028  min_recall=0.1280  fitness=0.5050  params=201  id=-4921133…
2026-09-15 03:25:31,819 INFO Memory table saved.
2026-09-15 03:25:31,819 INFO 
=== Evo step 2/3 ===
2026-09-15 03:25:31,819 INFO Top-3: -4921133… fit=0.5050  |  -3831360… fit=0.5287  |  76087961… fit=0.7037
2026-09-15 03:25:31,823 INFO Generated 9 valid novel children
2026-09-15 03:27:01,708 INFO   crossover  | C-C-C-C-C-C-C-C-C-C-C  | fitness=0.6790 | val_acc=0.4305 | bal_acc=0.4670 | min_recall=0.0452 | params=253
2026-09-15 03:27:01,708 INFO   crossover  | C-C-C-C-C-C-C-C-C-C-C-C-C-C | fitness=0.5357 | val_acc=0.4469 | bal_acc=0.4881 | min_recall=0.1453 | params=205
2026-09-15 03:27:01,709 INFO   crossover  | C-C-C-C-C-C-C-C-C      | fitness=0.6815 | val_acc=0.4381 | bal_acc=0.4245 | min_recall=0.0761 | params=108
2026-09-15 03:27:01,709 INFO   crossover  | C-C-C-C-C-C-C-C-C-P-C-C | fitness=0.5488 | val_acc=0.4815 | bal_acc=0.4939 | min_recall=0.2590 | params=203
2026-09-15 03:27:01,709 INFO   crossover  | C-C-C-C-C-C-C-P-C-C-C-C-C-C | fitness=0.5893 | val_acc=0.4000 | bal_acc=0.4713 | min_recall=0.0623 | params=157
2026-09-15 03:27:01,709 INFO   crossover  | C-C-C-C-C-C            | fitness=0.6726 | val_acc=0.4487 | bal_acc=0.4752 | min_recall=0.0346 | params=166
2026-09-15 03:27:01,710 INFO   mutate     | C-C-C-C-C-C-C-C-C-C-C-C-C-C | fitness=0.5368 | val_acc=0.4727 | bal_acc=0.4985 | min_recall=0.2111 | params=211
2026-09-15 03:27:01,710 INFO   mutate     | C-C-C-C-C-C-C-C-C-C    | fitness=0.6278 | val_acc=0.4311 | bal_acc=0.4766 | min_recall=0.0554 | params=244
2026-09-15 03:27:01,710 INFO   mutate     | C-C-C-C-C-C-C-P-C-C    | fitness=0.6833 | val_acc=0.4358 | bal_acc=0.4665 | min_recall=0.0346 | params=145
2026-09-15 03:27:01,710 INFO Best so far → val_acc=0.4487  bal_acc=0.5028  min_recall=0.1280  fitness=0.5050  params=201  id=-4921133…
2026-09-15 03:27:01,711 INFO Memory table saved.
2026-09-15 03:27:01,711 INFO 
=== Evo step 3/3 ===
2026-09-15 03:27:01,711 INFO Top-3: -4921133… fit=0.5050  |  -3831360… fit=0.5287  |  26220275… fit=0.5357
2026-09-15 03:27:01,715 INFO Generated 9 valid novel children
2026-09-15 03:28:51,975 INFO   crossover  | C-C-C-C-C-C-C-C-C-C-C-C-C-C | fitness=0.5795 | val_acc=0.4968 | bal_acc=0.4944 | min_recall=0.1322 | params=313
2026-09-15 03:28:51,976 INFO   crossover  | C-C-C-C-C-C-C-C-C-C-C-C-C-C | fitness=0.6489 | val_acc=0.4686 | bal_acc=0.5053 | min_recall=0.0381 | params=245
2026-09-15 03:28:51,977 INFO   crossover  | C-C-C-C-C-C-C-C-C-C-C-C-C-C | fitness=0.6128 | val_acc=0.4323 | bal_acc=0.4688 | min_recall=0.0727 | params=246
2026-09-15 03:28:51,978 INFO   crossover  | C-C-C-C-C-C-C-C-C-C-C-C-C-C | fitness=0.5777 | val_acc=0.4405 | bal_acc=0.4953 | min_recall=0.0727 | params=310
2026-09-15 03:28:51,978 INFO   crossover  | C-C-C-C-C-C-C-C-C-C-C-C-C-C | fitness=0.7238 | val_acc=0.4411 | bal_acc=0.4753 | min_recall=0.0165 | params=203
2026-09-15 03:28:51,979 INFO   crossover  | C-C-C-C-C-C-C-C-C-C-C-C-C-C | fitness=0.6772 | val_acc=0.4440 | bal_acc=0.4665 | min_recall=0.0519 | params=229
2026-09-15 03:28:51,980 INFO   mutate     | C-C-C-C-C-C-C-C-C-C-C-C-C-C | fitness=0.6348 | val_acc=0.4680 | bal_acc=0.4670 | min_recall=0.0774 | params=205
2026-09-15 03:28:51,980 INFO   mutate     | C-C-C-C-C-C-C-C-C-C-C  | fitness=0.6928 | val_acc=0.4798 | bal_acc=0.4658 | min_recall=0.0579 | params=274
2026-09-15 03:28:51,981 INFO   mutate     | C-C-C-C-C-C-C-C-C-C-C-C-P | fitness=0.7497 | val_acc=0.4258 | bal_acc=0.4589 | min_recall=0.0090 | params=183
2026-09-15 03:28:51,982 INFO Best so far → val_acc=0.4487  bal_acc=0.5028  min_recall=0.1280  fitness=0.5050  params=201  id=-4921133…
2026-09-15 03:28:51,983 INFO Memory table saved.
2026-09-15 03:28:51,983 INFO 
=== SEARCH COMPLETE ===
2026-09-15 03:28:51,983 INFO Best val_acc  : 0.4487
2026-09-15 03:28:51,983 INFO Best bal_acc  : 0.5028  (mean per-class recall)
2026-09-15 03:28:51,983 INFO Min recall    : 0.1280  (worst class)
2026-09-15 03:28:51,983 INFO Best fitness  : 0.5050
2026-09-15 03:28:51,983 INFO Params        : 201
2026-09-15 03:28:51,983 INFO Layers        : 14  (14 conv + 0 pool)
2026-09-15 03:28:51,983 INFO Circuit structure:
2026-09-15 03:28:51,983 INFO   Structure: C-C-C-C-C-C-C-C-C-C-C-C-C-C  (14 layers = 14 conv + 0 pool)
2026-09-15 03:28:51,983 INFO   Layer 0 CONV  gate=U_gate     stride=4 step=5 offset=1 boundary=open
2026-09-15 03:28:51,983 INFO   Layer 1 CONV  gate=U_14       stride=6 step=2 offset=0 boundary=periodic
2026-09-15 03:28:51,983 INFO   Layer 2 CONV  gate=U_13       stride=5 step=2 offset=0 boundary=open
2026-09-15 03:28:51,983 INFO   Layer 3 CONV  gate=U_gate     stride=6 step=5 offset=1 boundary=periodic
2026-09-15 03:28:51,983 INFO   Layer 4 CONV  gate=U_SU4      stride=3 step=3 offset=1 boundary=open
2026-09-15 03:28:51,983 INFO   Layer 5 CONV  gate=U_6        stride=3 step=3 offset=0 boundary=open
2026-09-15 03:28:51,983 INFO   Layer 6 CONV  gate=U_SO4      stride=4 step=5 offset=1 boundary=open
2026-09-15 03:28:51,983 INFO   Layer 7 CONV  gate=U_TTN      stride=7 step=7 offset=0 boundary=open
2026-09-15 03:28:51,983 INFO   Layer 8 CONV  gate=U_5        stride=4 step=7 offset=0 boundary=periodic
2026-09-15 03:28:51,983 INFO   Layer 9 CONV  gate=U_9        stride=5 step=2 offset=0 boundary=periodic
2026-09-15 03:28:51,984 INFO   Layer 10 CONV  gate=U_15       stride=3 step=1 offset=0 boundary=open
2026-09-15 03:28:51,984 INFO   Layer 11 CONV  gate=U_13       stride=4 step=3 offset=1 boundary=periodic
2026-09-15 03:28:51,984 INFO   Layer 12 CONV  gate=U_6        stride=4 step=7 offset=2 boundary=open
2026-09-15 03:28:51,984 INFO   Layer 13 CONV  gate=U_9        stride=7 step=7 offset=0 boundary=periodic
2026-09-15 03:28:51,984 INFO   Qubits surviving: 8 → [0, 1, 2, 3, 4, 5, 6, 7]  | readout wires = [0, 1, 2]
2026-09-15 03:28:51,984 INFO 
============================================================
2026-09-15 03:28:51,984 INFO FINAL TRAINING — BloodMNIST 8-class QCNN
2026-09-15 03:28:51,984 INFO ============================================================
2026-09-15 03:28:51,984 INFO   Structure: C-C-C-C-C-C-C-C-C-C-C-C-C-C  (14 layers = 14 conv + 0 pool)
2026-09-15 03:28:51,984 INFO   Layer 0 CONV  gate=U_gate     stride=4 step=5 offset=1 boundary=open
2026-09-15 03:28:51,984 INFO   Layer 1 CONV  gate=U_14       stride=6 step=2 offset=0 boundary=periodic
2026-09-15 03:28:51,985 INFO   Layer 2 CONV  gate=U_13       stride=5 step=2 offset=0 boundary=open
2026-09-15 03:28:51,985 INFO   Layer 3 CONV  gate=U_gate     stride=6 step=5 offset=1 boundary=periodic
2026-09-15 03:28:51,985 INFO   Layer 4 CONV  gate=U_SU4      stride=3 step=3 offset=1 boundary=open
2026-09-15 03:28:51,985 INFO   Layer 5 CONV  gate=U_6        stride=3 step=3 offset=0 boundary=open
2026-09-15 03:28:51,985 INFO   Layer 6 CONV  gate=U_SO4      stride=4 step=5 offset=1 boundary=open
2026-09-15 03:28:51,985 INFO   Layer 7 CONV  gate=U_TTN      stride=7 step=7 offset=0 boundary=open
2026-09-15 03:28:51,985 INFO   Layer 8 CONV  gate=U_5        stride=4 step=7 offset=0 boundary=periodic
2026-09-15 03:28:51,985 INFO   Layer 9 CONV  gate=U_9        stride=5 step=2 offset=0 boundary=periodic
2026-09-15 03:28:51,985 INFO   Layer 10 CONV  gate=U_15       stride=3 step=1 offset=0 boundary=open
2026-09-15 03:28:51,985 INFO   Layer 11 CONV  gate=U_13       stride=4 step=3 offset=1 boundary=periodic
2026-09-15 03:28:51,985 INFO   Layer 12 CONV  gate=U_6        stride=4 step=7 offset=2 boundary=open
2026-09-15 03:28:51,985 INFO   Layer 13 CONV  gate=U_9        stride=7 step=7 offset=0 boundary=periodic
2026-09-15 03:28:51,985 INFO   Qubits surviving: 8 → [0, 1, 2, 3, 4, 5, 6, 7]  | readout wires = [0, 1, 2]
2026-09-15 03:28:51,986 INFO Circuit: 14 layers (14 conv + 0 pool), 201 trainable parameters.
2026-09-15 03:29:42,446 INFO Epoch    1/60 | loss=1.6948 | val_acc=0.4012 | bal_acc=0.4216 | min_recall=0.024 | lr=0.005000
2026-09-15 03:45:09,330 INFO Epoch   20/60 | loss=1.5613 | val_acc=0.5349 | bal_acc=0.5379 | min_recall=0.165 | lr=0.002500
2026-09-15 04:00:58,329 INFO Epoch   40/60 | loss=1.5565 | val_acc=0.4751 | bal_acc=0.5152 | min_recall=0.087 | lr=0.001250
2026-09-15 04:21:16,579 INFO Epoch   60/60 | loss=1.5546 | val_acc=0.5132 | bal_acc=0.5399 | min_recall=0.156 | lr=0.000313
2026-09-15 04:21:16,579 INFO Training log saved → experiments/pca16/sweep/conv_heavy_001/training_log.csv
2026-09-15 04:21:16,579 INFO Best val fitness: 0.4366
2026-09-15 04:21:16,579 INFO 
--- Test evaluation (best-val checkpoint) ---
2026-09-15 04:21:17,758 INFO Test accuracy    : 0.5037
Test bal. acc    : 0.5308  (mean per-class recall)
Per-class recall : ['0.3207', '0.5736', '0.6438', '0.1770', '0.6776', '0.5915', '0.2994', '0.9632']
Min recall       : 0.1770
Test ROC-AUC OvR : 0.8458
2026-09-15 04:21:17,762 INFO 
              precision    recall  f1-score   support

    basophil       0.24      0.32      0.28       184
  eosinophil       0.44      0.57      0.50       469
erythroblast       0.59      0.64      0.62       233
          ig       0.40      0.18      0.25       435
  lymphocyte       0.47      0.68      0.56       183
    monocyte       0.29      0.59      0.39       213
  neutrophil       0.71      0.30      0.42       501
    platelet       0.96      0.96      0.96       353

    accuracy                           0.50      2571
   macro avg       0.51      0.53      0.49      2571
weighted avg       0.55      0.50      0.49      2571

2026-09-15 04:21:18,081 INFO Plots saved.
2026-09-15 04:21:19,199 INFO Failed to extract font properties from /usr/share/fonts/truetype/noto/NotoColorEmoji.ttf: Can not load face (unknown file format; error code 0x2)
2026-09-15 04:21:20,115 INFO Circuit diagram saved.
2026-09-15 04:21:20,118 INFO 
Run 'conv_heavy' complete → {'accuracy': 0.5036950602878257, 'bal_acc': 0.5308400232448464, 'per_class_recalls': [0.32065217389561673, 0.5735607675783889, 0.6437768240067049, 0.17701149424880433, 0.6775956283782735, 0.5915492957468756, 0.29940119759881434, 0.9631728045052925], 'roc_auc_ovr': 0.8458150980380458}
2026-09-15 04:21:20,118 INFO 
>>> PCA-16 sweep run 8/11: pool_required
