2026-09-09 05:23:45,689 INFO 
============================================================
2026-09-09 05:23:45,689 INFO SWEEP RUN: combined_best  (PCA-8)
2026-09-09 05:23:45,689 INFO Params: {'label': 'combined_best', 'LR_EVAL': 0.01, 'N_EPOCHS_EVAL': 80, 'INIT_POP': 20, 'MAX_EVO_STEPS': 15, 'MAX_LAYERS': 12, 'P_CONV': 0.7, 'W_CLASS': [0.85, 0.15]}
2026-09-09 05:23:45,689 INFO ============================================================
2026-09-09 05:23:45,690 INFO 
--- Linear classifier baseline (on 8 PCA features) ---
2026-09-09 05:23:45,712 INFO   val   | acc=0.7051 | bal_acc=0.7231 | min_recall=0.6842 | auc=0.8413
2026-09-09 05:23:45,712 INFO          per-class: ['0.762', '0.684']
2026-09-09 05:23:45,714 INFO   test  | acc=0.7203 | bal_acc=0.7198 | min_recall=0.7187 | auc=0.7882
2026-09-09 05:23:45,714 INFO          per-class: ['0.719', '0.721']
2026-09-09 05:23:45,714 INFO Linear baseline saved → experiments/pca8/sweep/combined_best_001/linear_baseline.json
2026-09-09 05:23:45,714 INFO Evaluating initial population...
2026-09-09 05:23:45,714 INFO Config: LR=0.01  epochs=80  pop=20  steps=15  W_CLASS=[0.85, 0.15]
2026-09-09 05:23:45,715 INFO Encoding: single (RY per qubit), 8 PCA components → 8 qubits
2026-09-09 05:23:45,715 INFO Structure: variable length 3–12 layers  | P_CONV=0.7  | min conv=1  | min pool=2  | readout qubits=1
2026-09-09 05:23:45,962 INFO Initial population: 20 valid genotypes
2026-09-09 05:31:45,894 INFO   random     | C-C-C-P-C-C-C-C-C-P    | fitness=0.3666 | val_acc=0.7179 | bal_acc=0.7018 | min_recall=0.6667 | params=207
2026-09-09 05:31:45,895 INFO   random     | C-P-C-C-C-C-C-P-C-C-P-C | fitness=0.2515 | val_acc=0.7308 | bal_acc=0.7556 | min_recall=0.7018 | params=175
2026-09-09 05:31:45,896 INFO   random     | P-C-P-C                | fitness=0.3395 | val_acc=0.7051 | bal_acc=0.6930 | min_recall=0.6667 | params=48
2026-09-09 05:31:45,898 INFO   random     | C-C-C-C-C-C-P-P        | fitness=0.3139 | val_acc=0.7179 | bal_acc=0.7168 | min_recall=0.7143 | params=104
2026-09-09 05:31:45,899 INFO   random     | C-C-P-C-P-C-C-P        | fitness=0.2430 | val_acc=0.7179 | bal_acc=0.7469 | min_recall=0.6842 | params=149
2026-09-09 05:31:45,901 INFO   random     | C-C-C-C-P-P-P          | fitness=0.3407 | val_acc=0.7436 | bal_acc=0.7193 | min_recall=0.6667 | params=72
2026-09-09 05:31:45,906 INFO   random     | C-P-P-P                | fitness=0.2184 | val_acc=0.7308 | bal_acc=0.7556 | min_recall=0.7018 | params=26
2026-09-09 05:31:45,909 INFO   random     | C-C-C-C-C-C-C-C-P-C-P-C | fitness=0.2511 | val_acc=0.7308 | bal_acc=0.7556 | min_recall=0.7018 | params=165
2026-09-09 05:31:45,910 INFO   random     | C-P-P-P-P              | fitness=0.3127 | val_acc=0.6538 | bal_acc=0.6729 | min_recall=0.6316 | params=36
2026-09-09 05:31:45,911 INFO   random     | P-C-P                  | fitness=0.3387 | val_acc=0.6795 | bal_acc=0.6754 | min_recall=0.6667 | params=14
2026-09-09 05:31:45,913 INFO   random     | C-C-C-C-C-P-C-P        | fitness=0.1706 | val_acc=0.6667 | bal_acc=0.7419 | min_recall=0.5789 | params=85
2026-09-09 05:31:45,915 INFO   random     | C-C-C-C-C-C-P-P        | fitness=0.3092 | val_acc=0.7308 | bal_acc=0.7256 | min_recall=0.7143 | params=86
2026-09-09 05:31:45,921 INFO   random     | C-P-C-P-C-C-C-P        | fitness=0.2339 | val_acc=0.7692 | bal_acc=0.7820 | min_recall=0.7544 | params=170
2026-09-09 05:31:45,922 INFO   random     | C-C-C-C-P-P-P-P-C      | fitness=0.2540 | val_acc=0.6795 | bal_acc=0.7206 | min_recall=0.6316 | params=165
2026-09-09 05:31:45,923 INFO   random     | C-P-P                  | fitness=0.1832 | val_acc=0.7179 | bal_acc=0.7619 | min_recall=0.6667 | params=46
2026-09-09 05:31:45,925 INFO   random     | C-C-P-C-P-C            | fitness=0.2703 | val_acc=0.7051 | bal_acc=0.7231 | min_recall=0.6842 | params=68
2026-09-09 05:31:45,926 INFO   random     | C-C-C-C-C-C-C-C-P-P    | fitness=0.2774 | val_acc=0.7308 | bal_acc=0.7406 | min_recall=0.7193 | params=100
2026-09-09 05:31:45,927 INFO   random     | C-C-C-C-P-C-P          | fitness=0.2784 | val_acc=0.7051 | bal_acc=0.7231 | min_recall=0.6842 | params=122
2026-09-09 05:31:45,929 INFO   random     | P-C-C-C-C-C-C-C-C-C-P  | fitness=0.3522 | val_acc=0.7692 | bal_acc=0.7368 | min_recall=0.6667 | params=148
2026-09-09 05:31:45,938 INFO   random     | C-C-C-C-C-P-C-C-C-P    | fitness=0.2518 | val_acc=0.7051 | bal_acc=0.7381 | min_recall=0.6667 | params=164
2026-09-09 05:31:45,938 INFO 
=== Evo step 1/15 ===
2026-09-09 05:31:45,938 INFO Top-3: 69663729… fit=0.1706  |  25878708… fit=0.1832  |  -2617748… fit=0.2184
2026-09-09 05:31:45,946 INFO Generated 9 valid novel children
2026-09-09 05:35:00,681 INFO   crossover  | C-C-C-C-C-P-C-P-P      | fitness=0.2328 | val_acc=0.7564 | bal_acc=0.7732 | min_recall=0.7368 | params=109
2026-09-09 05:35:00,682 INFO   crossover  | C-C-P-P-P              | fitness=0.2624 | val_acc=0.7179 | bal_acc=0.7318 | min_recall=0.7018 | params=38
2026-09-09 05:35:00,685 INFO   crossover  | C-P-P-P                | fitness=0.2283 | val_acc=0.6923 | bal_acc=0.7293 | min_recall=0.6491 | params=46
2026-09-09 05:35:00,686 INFO   crossover  | C-P-P-P-P-P            | fitness=0.1865 | val_acc=0.7308 | bal_acc=0.7707 | min_recall=0.6842 | params=46
2026-09-09 05:35:00,694 INFO   crossover  | C-C-C-C-C-C-P-C-P      | fitness=0.1654 | val_acc=0.7051 | bal_acc=0.7682 | min_recall=0.6316 | params=89
2026-09-09 05:35:00,700 INFO   crossover  | C-P-P-P                | fitness=0.1805 | val_acc=0.7308 | bal_acc=0.7707 | min_recall=0.6842 | params=26
2026-09-09 05:35:00,703 INFO   mutate     | C-C-C-C-C-P-C-P-P      | fitness=0.2733 | val_acc=0.7436 | bal_acc=0.7494 | min_recall=0.7368 | params=109
2026-09-09 05:35:00,704 INFO   mutate     | C-P-P                  | fitness=0.2149 | val_acc=0.7436 | bal_acc=0.7644 | min_recall=0.7193 | params=38
2026-09-09 05:35:00,705 INFO   mutate     | C-P-P-P                | fitness=0.3035 | val_acc=0.6923 | bal_acc=0.6992 | min_recall=0.6842 | params=40
2026-09-09 05:35:00,705 INFO Best so far → val_acc=0.7051  bal_acc=0.7682  min_recall=0.6316  fitness=0.1654  params=89  id=61654776…
2026-09-09 05:35:00,706 INFO Memory table saved.
2026-09-09 05:35:00,706 INFO 
=== Evo step 2/15 ===
2026-09-09 05:35:00,707 INFO Top-3: 61654776… fit=0.1654  |  69663729… fit=0.1706  |  87358128… fit=0.1805
2026-09-09 05:35:00,714 INFO Generated 9 valid novel children
2026-09-09 05:40:40,861 INFO   crossover  | C-C-C-C-C-C-C-P-C-P    | fitness=0.2036 | val_acc=0.7179 | bal_acc=0.7619 | min_recall=0.6667 | params=98
2026-09-09 05:40:40,865 INFO   crossover  | C-C-C-C-P-C-C-P-C      | fitness=0.3099 | val_acc=0.7436 | bal_acc=0.7343 | min_recall=0.7143 | params=97
2026-09-09 05:40:40,866 INFO   crossover  | C-P-C-P                | fitness=0.3636 | val_acc=0.7564 | bal_acc=0.7130 | min_recall=0.6190 | params=20
2026-09-09 05:40:40,876 INFO   crossover  | C-C-C-C-C-P-C-C-P-C-C-P | fitness=0.1789 | val_acc=0.7051 | bal_acc=0.7682 | min_recall=0.6316 | params=157
2026-09-09 05:40:40,877 INFO   crossover  | C-P-C-P                | fitness=0.3811 | val_acc=0.6923 | bal_acc=0.6692 | min_recall=0.6190 | params=58
2026-09-09 05:40:40,878 INFO   crossover  | C-P-C-C-C-C-C-P-C-P-C-P | fitness=0.2425 | val_acc=0.7564 | bal_acc=0.7732 | min_recall=0.7368 | params=140
2026-09-09 05:40:40,879 INFO   mutate     | C-C-C-C-C-C-P-C-P      | fitness=0.2842 | val_acc=0.6795 | bal_acc=0.7055 | min_recall=0.6491 | params=89
2026-09-09 05:40:40,880 INFO   mutate     | C-C-C-C-C-P-C-P        | fitness=0.2433 | val_acc=0.6923 | bal_acc=0.7293 | min_recall=0.6491 | params=105
2026-09-09 05:40:40,889 INFO   mutate     | C-P-C-C-C-C-C-P-C-C-P-C | fitness=0.1935 | val_acc=0.6538 | bal_acc=0.7331 | min_recall=0.5614 | params=190
2026-09-09 05:40:40,889 INFO Best so far → val_acc=0.7051  bal_acc=0.7682  min_recall=0.6316  fitness=0.1654  params=89  id=61654776…
2026-09-09 05:40:40,890 INFO Memory table saved.
2026-09-09 05:40:40,890 INFO 
=== Evo step 3/15 ===
2026-09-09 05:40:40,890 INFO Top-3: 61654776… fit=0.1654  |  69663729… fit=0.1706  |  40247148… fit=0.1789
2026-09-09 05:40:40,895 INFO Generated 9 valid novel children
2026-09-09 05:45:37,063 INFO   crossover  | C-C-C-C-C-C-P-C-C-P-C-P | fitness=0.2889 | val_acc=0.7051 | bal_acc=0.7231 | min_recall=0.6842 | params=123
2026-09-09 05:45:37,064 INFO   crossover  | C-C-C-C-C-C-C-P-C-P-C  | fitness=0.2513 | val_acc=0.7051 | bal_acc=0.7381 | min_recall=0.6667 | params=140
2026-09-09 05:45:37,066 INFO   crossover  | C-C-C-C-C-P-P          | fitness=0.3012 | val_acc=0.7564 | bal_acc=0.7431 | min_recall=0.7143 | params=83
2026-09-09 05:45:37,067 INFO   crossover  | C-C-P-C-P-C            | fitness=0.3055 | val_acc=0.7051 | bal_acc=0.7080 | min_recall=0.7018 | params=44
2026-09-09 05:45:37,069 INFO   crossover  | C-C-P-C-C-C-P-C-P      | fitness=0.2746 | val_acc=0.7308 | bal_acc=0.7406 | min_recall=0.7193 | params=100
2026-09-09 05:45:37,078 INFO   crossover  | C-C-P-C-C-C-C-C-C-P-C-P | fitness=0.3602 | val_acc=0.7308 | bal_acc=0.7105 | min_recall=0.6667 | params=130
2026-09-09 05:45:37,079 INFO   mutate     | C-C-C-C-C-C-P-C-C-P-C-C | fitness=0.2589 | val_acc=0.7051 | bal_acc=0.7381 | min_recall=0.6667 | params=195
2026-09-09 05:45:37,080 INFO   mutate     | C-C-C-C-C-P-C-P        | fitness=0.2371 | val_acc=0.7179 | bal_acc=0.7469 | min_recall=0.6842 | params=93
2026-09-09 05:45:37,081 INFO   mutate     | C-C-P-C-P              | fitness=0.2630 | val_acc=0.7308 | bal_acc=0.7406 | min_recall=0.7193 | params=68
2026-09-09 05:45:37,081 INFO Best so far → val_acc=0.7051  bal_acc=0.7682  min_recall=0.6316  fitness=0.1654  params=89  id=61654776…
2026-09-09 05:45:37,082 INFO Memory table saved.
2026-09-09 05:45:37,082 INFO 
=== Evo step 4/15 ===
2026-09-09 05:45:37,082 INFO Top-3: 61654776… fit=0.1654  |  69663729… fit=0.1706  |  40247148… fit=0.1789
2026-09-09 05:45:37,090 INFO Generated 9 valid novel children
2026-09-09 05:49:43,278 INFO   crossover  | C-C-C-C-C-C-P-C-P-C-C-C | fitness=0.2515 | val_acc=0.7051 | bal_acc=0.7381 | min_recall=0.6667 | params=127
2026-09-09 05:49:43,289 INFO   crossover  | C-C-C-C-C-C-P-C-P-C-C-P | fitness=0.2511 | val_acc=0.7051 | bal_acc=0.7381 | min_recall=0.6667 | params=123
2026-09-09 05:49:43,295 INFO   crossover  | C-C-C-P-C-P            | fitness=0.2341 | val_acc=0.6795 | bal_acc=0.7206 | min_recall=0.6316 | params=36
2026-09-09 05:49:43,296 INFO   crossover  | C-C-C-C-C-C-C-P-C-P    | fitness=0.3202 | val_acc=0.7051 | bal_acc=0.7080 | min_recall=0.7018 | params=101
2026-09-09 05:49:43,298 INFO   crossover  | C-C-P-C-P              | fitness=0.3363 | val_acc=0.7179 | bal_acc=0.7018 | min_recall=0.6667 | params=24
2026-09-09 05:49:43,299 INFO   crossover  | C-C-C-C-P-C-P          | fitness=0.3176 | val_acc=0.6667 | bal_acc=0.6817 | min_recall=0.6491 | params=65
2026-09-09 05:49:43,300 INFO   mutate     | C-C-C-C-C-C-P-C-P      | fitness=0.2850 | val_acc=0.6795 | bal_acc=0.7055 | min_recall=0.6491 | params=97
2026-09-09 05:49:43,301 INFO   mutate     | C-C-C-C-C-P-C-P        | fitness=0.2743 | val_acc=0.7179 | bal_acc=0.7318 | min_recall=0.7018 | params=89
2026-09-09 05:49:43,306 INFO   mutate     | C-C-C-C-C-P-C-P        | fitness=0.2680 | val_acc=0.7436 | bal_acc=0.7494 | min_recall=0.7368 | params=80
2026-09-09 05:49:43,306 INFO Best so far → val_acc=0.7051  bal_acc=0.7682  min_recall=0.6316  fitness=0.1654  params=89  id=61654776…
2026-09-09 05:49:43,307 INFO Memory table saved.
2026-09-09 05:49:43,307 INFO 
=== Evo step 5/15 ===
2026-09-09 05:49:43,307 INFO Top-3: 61654776… fit=0.1654  |  69663729… fit=0.1706  |  40247148… fit=0.1789
2026-09-09 05:49:43,318 INFO Generated 9 valid novel children
2026-09-09 05:54:34,908 INFO   crossover  | C-C-C-C-C-C-P-P-C-P    | fitness=0.3247 | val_acc=0.6795 | bal_acc=0.6905 | min_recall=0.6667 | params=93
2026-09-09 05:54:34,909 INFO   crossover  | C-C-C-P-C-P-C          | fitness=0.3034 | val_acc=0.7436 | bal_acc=0.7343 | min_recall=0.7143 | params=76
2026-09-09 05:54:34,911 INFO   crossover  | C-C-C-C-C-C-C-P-C-P    | fitness=0.2428 | val_acc=0.7179 | bal_acc=0.7469 | min_recall=0.6842 | params=109
2026-09-09 05:54:34,912 INFO   crossover  | C-C-C-C-C-P-C-P-P-C    | fitness=0.2715 | val_acc=0.7564 | bal_acc=0.7581 | min_recall=0.7544 | params=99
2026-09-09 05:54:34,913 INFO   crossover  | P-C-P                  | fitness=0.2728 | val_acc=0.6410 | bal_acc=0.6792 | min_recall=0.5965 | params=30
2026-09-09 05:54:34,914 INFO   crossover  | P-C-C-P                | fitness=0.2751 | val_acc=0.6410 | bal_acc=0.6792 | min_recall=0.5965 | params=32
2026-09-09 05:54:34,920 INFO   mutate     | C-C-P-C-P-P-C          | fitness=0.3148 | val_acc=0.6923 | bal_acc=0.6992 | min_recall=0.6842 | params=87
2026-09-09 05:54:34,921 INFO   mutate     | C-C-C-C-C-P-C-P        | fitness=0.2803 | val_acc=0.7436 | bal_acc=0.7494 | min_recall=0.7368 | params=196
2026-09-09 05:54:34,922 INFO   mutate     | P-C-P-P-C              | fitness=0.2995 | val_acc=0.7308 | bal_acc=0.7256 | min_recall=0.7143 | params=58
2026-09-09 05:54:34,922 INFO Best so far → val_acc=0.7051  bal_acc=0.7682  min_recall=0.6316  fitness=0.1654  params=89  id=61654776…
2026-09-09 05:54:34,923 INFO Memory table saved.
2026-09-09 05:54:34,923 INFO 
=== Evo step 6/15 ===
2026-09-09 05:54:34,924 INFO Top-3: 61654776… fit=0.1654  |  69663729… fit=0.1706  |  40247148… fit=0.1789
2026-09-09 05:54:34,934 INFO Generated 9 valid novel children
2026-09-09 05:59:03,637 INFO   crossover  | C-C-C-C-C-P-C-P        | fitness=0.3237 | val_acc=0.6538 | bal_acc=0.6729 | min_recall=0.6316 | params=77
2026-09-09 05:59:03,638 INFO   crossover  | C-C-C-C-C-C-P-C-P-C-P  | fitness=0.3592 | val_acc=0.7051 | bal_acc=0.6930 | min_recall=0.6667 | params=93
2026-09-09 05:59:03,640 INFO   crossover  | C-C-C-C-C-C-C-C-C-P-C-P | fitness=0.2376 | val_acc=0.7692 | bal_acc=0.7820 | min_recall=0.7544 | params=117
2026-09-09 05:59:03,641 INFO   crossover  | C-C-C-P-C-P            | fitness=0.2698 | val_acc=0.7179 | bal_acc=0.7318 | min_recall=0.7018 | params=89
2026-09-09 05:59:03,648 INFO   crossover  | C-C-C-C-C-C-P-C-P      | fitness=0.2366 | val_acc=0.7308 | bal_acc=0.7556 | min_recall=0.7018 | params=97
2026-09-09 05:59:03,654 INFO   crossover  | C-C-C-C-P-C-P          | fitness=0.2706 | val_acc=0.7179 | bal_acc=0.7318 | min_recall=0.7018 | params=76
2026-09-09 05:59:03,655 INFO   mutate     | C-C-C-C-C-C-P-P        | fitness=0.2387 | val_acc=0.7051 | bal_acc=0.7381 | min_recall=0.6667 | params=87
2026-09-09 05:59:03,656 INFO   mutate     | C-C-C-C-C-P-C-P        | fitness=0.2751 | val_acc=0.7051 | bal_acc=0.7231 | min_recall=0.6842 | params=75
2026-09-09 05:59:03,658 INFO   mutate     | C-C-C-C-C-C-P-C-P      | fitness=0.2429 | val_acc=0.7179 | bal_acc=0.7469 | min_recall=0.6842 | params=129
2026-09-09 05:59:03,658 INFO Best so far → val_acc=0.7051  bal_acc=0.7682  min_recall=0.6316  fitness=0.1654  params=89  id=61654776…
2026-09-09 05:59:03,660 INFO Memory table saved.
2026-09-09 05:59:03,660 INFO 
=== Evo step 7/15 ===
2026-09-09 05:59:03,660 INFO Top-3: 61654776… fit=0.1654  |  69663729… fit=0.1706  |  74837236… fit=0.2513
2026-09-09 05:59:03,677 INFO Generated 9 valid novel children
2026-09-09 06:04:22,244 INFO   crossover  | C-C-C-P-C-P            | fitness=0.2771 | val_acc=0.6667 | bal_acc=0.6967 | min_recall=0.6316 | params=61
2026-09-09 06:04:22,251 INFO   crossover  | C-C-C-C-C-C-P-C-C-P-C-C | fitness=0.2520 | val_acc=0.7179 | bal_acc=0.7469 | min_recall=0.6842 | params=157
2026-09-09 06:04:22,252 INFO   crossover  | C-C-C-C-C-P-P-C-P      | fitness=0.1901 | val_acc=0.7692 | bal_acc=0.7970 | min_recall=0.7368 | params=89
2026-09-09 06:04:22,256 INFO   crossover  | C-C-C-C-P-C-C-P-C-C-P  | fitness=0.1736 | val_acc=0.7179 | bal_acc=0.7769 | min_recall=0.6491 | params=153
2026-09-09 06:04:22,257 INFO   crossover  | C-C-C-C-C-C-C-C-C-P-C-P | fitness=0.2441 | val_acc=0.7564 | bal_acc=0.7732 | min_recall=0.7368 | params=153
2026-09-09 06:04:22,258 INFO   crossover  | C-C-C-C-C-C-P-C-P      | fitness=0.2854 | val_acc=0.6923 | bal_acc=0.7143 | min_recall=0.6667 | params=125
2026-09-09 06:04:22,264 INFO   mutate     | C-C-C-C-C-P-C-P        | fitness=0.2811 | val_acc=0.6795 | bal_acc=0.7055 | min_recall=0.6491 | params=80
2026-09-09 06:04:22,265 INFO   mutate     | C-C-C-C-P-C-P          | fitness=0.2832 | val_acc=0.6538 | bal_acc=0.6880 | min_recall=0.6140 | params=73
2026-09-09 06:04:22,266 INFO   mutate     | C-C-C-C-C-P-C-C-P-C    | fitness=0.2781 | val_acc=0.7436 | bal_acc=0.7494 | min_recall=0.7368 | params=136
2026-09-09 06:04:22,267 INFO Best so far → val_acc=0.7051  bal_acc=0.7682  min_recall=0.6316  fitness=0.1654  params=89  id=61654776…
2026-09-09 06:04:22,269 INFO Memory table saved.
2026-09-09 06:04:22,269 INFO 
=== Evo step 8/15 ===
2026-09-09 06:04:22,270 INFO Top-3: 61654776… fit=0.1654  |  69663729… fit=0.1706  |  56856794… fit=0.1736
2026-09-09 06:04:22,287 INFO Generated 9 valid novel children
2026-09-09 06:08:53,784 INFO   crossover  | C-C-C-C-C-C-C-P-C-P    | fitness=0.2255 | val_acc=0.6282 | bal_acc=0.7005 | min_recall=0.5439 | params=129
2026-09-09 06:08:53,786 INFO   crossover  | C-C-C-C-C-P-C-C-P      | fitness=0.3578 | val_acc=0.6923 | bal_acc=0.6842 | min_recall=0.6667 | params=91
2026-09-09 06:08:53,787 INFO   crossover  | C-C-C-C-C-P-C-P-C-C-C-C | fitness=0.3575 | val_acc=0.7436 | bal_acc=0.7193 | min_recall=0.6667 | params=131
2026-09-09 06:08:53,793 INFO   crossover  | C-C-C-P-C-C-P          | fitness=0.2711 | val_acc=0.7179 | bal_acc=0.7318 | min_recall=0.7018 | params=79
2026-09-09 06:08:53,794 INFO   crossover  | C-C-C-C-P-C-C-P-C-C-P  | fitness=0.2411 | val_acc=0.7564 | bal_acc=0.7732 | min_recall=0.7368 | params=151
2026-09-09 06:08:53,796 INFO   crossover  | C-C-C-C-C-C-P-C-P      | fitness=0.2825 | val_acc=0.6923 | bal_acc=0.7143 | min_recall=0.6667 | params=97
2026-09-09 06:08:53,797 INFO   mutate     | C-C-C-C-C-C-P-C-C-P    | fitness=0.2521 | val_acc=0.6667 | bal_acc=0.7118 | min_recall=0.6140 | params=99
2026-09-09 06:08:53,798 INFO   mutate     | C-C-C-C-C-P-C-P        | fitness=0.2344 | val_acc=0.7308 | bal_acc=0.7556 | min_recall=0.7018 | params=93
2026-09-09 06:08:53,800 INFO   mutate     | C-C-C-C-P-C-C-P-C-P    | fitness=0.2358 | val_acc=0.7692 | bal_acc=0.7820 | min_recall=0.7544 | params=144
2026-09-09 06:08:53,800 INFO Best so far → val_acc=0.7051  bal_acc=0.7682  min_recall=0.6316  fitness=0.1654  params=89  id=61654776…
2026-09-09 06:08:53,802 INFO Memory table saved.
2026-09-09 06:08:53,802 INFO 
=== Evo step 9/15 ===
2026-09-09 06:08:53,803 INFO Top-3: 61654776… fit=0.1654  |  69663729… fit=0.1706  |  33499073… fit=0.2630
2026-09-09 06:08:53,816 INFO Generated 9 valid novel children
2026-09-09 06:12:23,395 INFO   crossover  | C-C-C-C-C-C-P-C-P-P    | fitness=0.2760 | val_acc=0.7308 | bal_acc=0.7406 | min_recall=0.7193 | params=91
2026-09-09 06:12:23,397 INFO   crossover  | C-C-C-C-C-C-P-C-C-P    | fitness=0.2398 | val_acc=0.7308 | bal_acc=0.7556 | min_recall=0.7018 | params=104
2026-09-09 06:12:23,399 INFO   crossover  | C-C-C-C-C-C-C-C-P-C-P  | fitness=0.2858 | val_acc=0.7179 | bal_acc=0.7318 | min_recall=0.7018 | params=138
2026-09-09 06:12:23,400 INFO   crossover  | C-C-C-C-C-P-C-C-C-P    | fitness=0.1395 | val_acc=0.6795 | bal_acc=0.7657 | min_recall=0.5789 | params=130
2026-09-09 06:12:23,404 INFO   crossover  | C-C-C-C-P-C-P          | fitness=0.1926 | val_acc=0.7308 | bal_acc=0.7707 | min_recall=0.6842 | params=81
2026-09-09 06:12:23,405 INFO   crossover  | C-C-C-C-C-C-P-C-P      | fitness=0.2722 | val_acc=0.7564 | bal_acc=0.7581 | min_recall=0.7544 | params=125
2026-09-09 06:12:23,410 INFO   mutate     | C-C-C-C-C-C-P-C-P      | fitness=0.3167 | val_acc=0.7051 | bal_acc=0.7080 | min_recall=0.7018 | params=89
2026-09-09 06:12:23,413 INFO   mutate     | C-C-C-C-C-P-C-C-P      | fitness=0.2816 | val_acc=0.6923 | bal_acc=0.7143 | min_recall=0.6667 | params=91
2026-09-09 06:12:23,415 INFO   mutate     | C-C-C-C-P-C-C-P-C-C-P  | fitness=0.2880 | val_acc=0.7179 | bal_acc=0.7318 | min_recall=0.7018 | params=161
2026-09-09 06:12:23,415 INFO Best so far → val_acc=0.6795  bal_acc=0.7657  min_recall=0.5789  fitness=0.1395  params=130  id=-9041520…
2026-09-09 06:12:23,417 INFO Memory table saved.
2026-09-09 06:12:23,417 INFO 
=== Evo step 10/15 ===
2026-09-09 06:12:23,418 INFO Top-3: -9041520… fit=0.1395  |  61654776… fit=0.1654  |  69663729… fit=0.1706
2026-09-09 06:12:23,424 INFO Generated 9 valid novel children
2026-09-09 06:17:10,653 INFO   crossover  | C-C-C-C-C-P-C-C-P-C-P  | fitness=0.2353 | val_acc=0.7692 | bal_acc=0.7820 | min_recall=0.7544 | params=119
2026-09-09 06:17:10,654 INFO   crossover  | C-C-C-C-C-C-C-C-C-P-C-P | fitness=0.2529 | val_acc=0.7179 | bal_acc=0.7469 | min_recall=0.6842 | params=163
2026-09-09 06:17:10,660 INFO   crossover  | C-C-C-C-C-C-P-C-C-C-P  | fitness=0.2856 | val_acc=0.7179 | bal_acc=0.7318 | min_recall=0.7018 | params=134
2026-09-09 06:17:10,663 INFO   crossover  | C-C-C-C-C-C-C-C-P-C-P-C | fitness=0.2516 | val_acc=0.7179 | bal_acc=0.7469 | min_recall=0.6842 | params=152
2026-09-09 06:17:10,665 INFO   crossover  | C-P-C-C-C-C-C-P-C-C-C-C | fitness=0.2509 | val_acc=0.7308 | bal_acc=0.7556 | min_recall=0.7018 | params=170
2026-09-09 06:17:10,666 INFO   crossover  | C-P-C-C-C-C-C-P-C-P    | fitness=0.2890 | val_acc=0.6795 | bal_acc=0.7055 | min_recall=0.6491 | params=112
2026-09-09 06:17:10,667 INFO   mutate     | C-C-C-C-C-C-P-C-C-C-P  | fitness=0.2151 | val_acc=0.7179 | bal_acc=0.7619 | min_recall=0.6667 | params=178
2026-09-09 06:17:10,672 INFO   mutate     | C-C-C-C-C-C-P-C-P      | fitness=0.3505 | val_acc=0.7308 | bal_acc=0.7105 | min_recall=0.6667 | params=98
2026-09-09 06:17:10,673 INFO   mutate     | C-P-C-C-C-C-C-P-C-P-C-P | fitness=0.2463 | val_acc=0.7436 | bal_acc=0.7644 | min_recall=0.7193 | params=150
2026-09-09 06:17:10,673 INFO Best so far → val_acc=0.6795  bal_acc=0.7657  min_recall=0.5789  fitness=0.1395  params=130  id=-9041520…
2026-09-09 06:17:10,675 INFO Memory table saved.
2026-09-09 06:17:10,676 INFO 
=== Evo step 11/15 ===
2026-09-09 06:17:10,676 INFO Top-3: -9041520… fit=0.1395  |  61654776… fit=0.1654  |  69663729… fit=0.1706
2026-09-09 06:17:10,679 INFO Generated 9 valid novel children
2026-09-09 06:20:55,286 INFO   crossover  | C-C-C-C-C-C-P-C-P      | fitness=0.2362 | val_acc=0.7308 | bal_acc=0.7556 | min_recall=0.7018 | params=94
2026-09-09 06:20:55,287 INFO   crossover  | C-C-C-C-C-C-C-P-C-P    | fitness=0.2370 | val_acc=0.7564 | bal_acc=0.7732 | min_recall=0.7368 | params=129
2026-09-09 06:20:55,289 INFO   crossover  | C-C-C-C-P-C-C-C-P      | fitness=0.2443 | val_acc=0.7051 | bal_acc=0.7381 | min_recall=0.6667 | params=118
2026-09-09 06:20:55,295 INFO   crossover  | C-C-C-C-C-C-C-C-C-P-C-P | fitness=0.2458 | val_acc=0.7436 | bal_acc=0.7644 | min_recall=0.7193 | params=145
2026-09-09 06:20:55,296 INFO   crossover  | C-C-C-P-C-C-C-P        | fitness=0.2682 | val_acc=0.7436 | bal_acc=0.7494 | min_recall=0.7368 | params=81
2026-09-09 06:20:55,298 INFO   crossover  | C-C-C-C-C-C-C-C-C-P-C-P | fitness=0.2813 | val_acc=0.7564 | bal_acc=0.7581 | min_recall=0.7544 | params=150
2026-09-09 06:20:55,299 INFO   mutate     | C-C-C-C-C-C-P-C-C-C-P  | fitness=0.2441 | val_acc=0.7436 | bal_acc=0.7644 | min_recall=0.7193 | params=150
2026-09-09 06:20:55,301 INFO   mutate     | C-C-C-C-C-P-C-P        | fitness=0.2323 | val_acc=0.7308 | bal_acc=0.7556 | min_recall=0.7018 | params=77
2026-09-09 06:20:55,302 INFO   mutate     | C-C-C-C-C-P-C-P        | fitness=0.2262 | val_acc=0.7692 | bal_acc=0.7820 | min_recall=0.7544 | params=91
2026-09-09 06:20:55,302 INFO Best so far → val_acc=0.6795  bal_acc=0.7657  min_recall=0.5789  fitness=0.1395  params=130  id=-9041520…
2026-09-09 06:20:55,305 INFO Memory table saved.
2026-09-09 06:20:55,305 INFO 
=== Evo step 12/15 ===
2026-09-09 06:20:55,305 INFO Top-3: -9041520… fit=0.1395  |  61654776… fit=0.1654  |  -3950607… fit=0.2680
2026-09-09 06:20:55,318 INFO Generated 9 valid novel children
2026-09-09 06:24:22,164 INFO   crossover  | C-C-C-C-C-P-C-C-C-P    | fitness=0.2415 | val_acc=0.7308 | bal_acc=0.7556 | min_recall=0.7018 | params=124
2026-09-09 06:24:22,173 INFO   crossover  | C-C-C-C-C-C-C-C-P-C-P  | fitness=0.2402 | val_acc=0.7436 | bal_acc=0.7644 | min_recall=0.7193 | params=113
2026-09-09 06:24:22,175 INFO   crossover  | C-C-C-P-C-C-C-P        | fitness=0.2330 | val_acc=0.7308 | bal_acc=0.7556 | min_recall=0.7018 | params=81
2026-09-09 06:24:22,177 INFO   crossover  | C-C-C-C-P-C-P          | fitness=0.2263 | val_acc=0.7308 | bal_acc=0.7556 | min_recall=0.7018 | params=40
2026-09-09 06:24:22,179 INFO   crossover  | C-C-C-C-C-C-C-P-C-C-C-P | fitness=0.3622 | val_acc=0.7308 | bal_acc=0.7105 | min_recall=0.6667 | params=146
2026-09-09 06:24:22,180 INFO   crossover  | C-C-C-C-C-P-C-P-P      | fitness=0.2759 | val_acc=0.7179 | bal_acc=0.7318 | min_recall=0.7018 | params=87
2026-09-09 06:24:22,181 INFO   mutate     | C-C-C-C-P-C-C-C-P      | fitness=0.3253 | val_acc=0.6795 | bal_acc=0.6905 | min_recall=0.6667 | params=118
2026-09-09 06:24:22,183 INFO   mutate     | C-C-C-C-C-C-P-C-P      | fitness=0.3138 | val_acc=0.7179 | bal_acc=0.7168 | min_recall=0.7143 | params=87
2026-09-09 06:24:22,193 INFO   mutate     | C-C-C-C-C-P-C-P        | fitness=0.2068 | val_acc=0.6795 | bal_acc=0.7356 | min_recall=0.6140 | params=94
2026-09-09 06:24:22,193 INFO Best so far → val_acc=0.6795  bal_acc=0.7657  min_recall=0.5789  fitness=0.1395  params=130  id=-9041520…
2026-09-09 06:24:22,195 INFO Memory table saved.
2026-09-09 06:24:22,195 INFO 
=== Evo step 13/15 ===
2026-09-09 06:24:22,195 INFO Top-3: -9041520… fit=0.1395  |  61654776… fit=0.1654  |  -2617748… fit=0.2184
2026-09-09 06:24:22,202 INFO Generated 9 valid novel children
2026-09-09 06:27:58,238 INFO   crossover  | C-C-C-C-C-P-C-P-C-P    | fitness=0.2434 | val_acc=0.7051 | bal_acc=0.7381 | min_recall=0.6667 | params=91
2026-09-09 06:27:58,240 INFO   crossover  | C-C-C-C-C-P-C-C-C-C-P-C | fitness=0.2538 | val_acc=0.7051 | bal_acc=0.7381 | min_recall=0.6667 | params=149
2026-09-09 06:27:58,241 INFO   crossover  | C-C-C-C-C-P-C-C-C-P    | fitness=0.2373 | val_acc=0.7564 | bal_acc=0.7732 | min_recall=0.7368 | params=130
2026-09-09 06:27:58,245 INFO   crossover  | C-C-C-P-C-P            | fitness=0.4207 | val_acc=0.6923 | bal_acc=0.6541 | min_recall=0.5714 | params=36
2026-09-09 06:27:58,246 INFO   crossover  | C-C-P-C-C-C-P          | fitness=0.3060 | val_acc=0.7308 | bal_acc=0.7256 | min_recall=0.7143 | params=77
2026-09-09 06:27:58,247 INFO   crossover  | C-C-C-C-C-C-P-C-P      | fitness=0.2332 | val_acc=0.7436 | bal_acc=0.7644 | min_recall=0.7193 | params=89
2026-09-09 06:27:58,252 INFO   mutate     | C-C-C-C-C-P-C-P        | fitness=0.1626 | val_acc=0.7308 | bal_acc=0.7857 | min_recall=0.6667 | params=131
2026-09-09 06:27:58,253 INFO   mutate     | C-C-C-C-C-C-C-P-C-P    | fitness=0.2711 | val_acc=0.7564 | bal_acc=0.7581 | min_recall=0.7544 | params=95
2026-09-09 06:27:58,255 INFO   mutate     | C-C-C-C-C-C-P-C-P      | fitness=0.2359 | val_acc=0.7308 | bal_acc=0.7556 | min_recall=0.7018 | params=91
2026-09-09 06:27:58,255 INFO Best so far → val_acc=0.6795  bal_acc=0.7657  min_recall=0.5789  fitness=0.1395  params=130  id=-9041520…
2026-09-09 06:27:58,257 INFO Memory table saved.
2026-09-09 06:27:58,257 INFO 
=== Evo step 14/15 ===
2026-09-09 06:27:58,257 INFO Top-3: -9041520… fit=0.1395  |  67488216… fit=0.1626  |  -7879102… fit=0.3387
2026-09-09 06:27:58,262 INFO Generated 9 valid novel children
2026-09-09 06:33:17,170 INFO   crossover  | C-C-C-C-C-P-C-P        | fitness=0.2335 | val_acc=0.7436 | bal_acc=0.7644 | min_recall=0.7193 | params=111
2026-09-09 06:33:17,172 INFO   crossover  | C-C-C-C-C-C-C-C-C-P-C-P | fitness=0.2490 | val_acc=0.7179 | bal_acc=0.7469 | min_recall=0.6842 | params=125
2026-09-09 06:33:17,173 INFO   crossover  | C-C-C-C-C-P-C-C-C-C-C-P | fitness=0.2451 | val_acc=0.7564 | bal_acc=0.7732 | min_recall=0.7368 | params=165
2026-09-09 06:33:17,237 INFO   crossover  | C-C-C-C-C-P-C-P        | fitness=0.2514 | val_acc=0.6538 | bal_acc=0.7030 | min_recall=0.5965 | params=107
2026-09-09 06:33:17,238 INFO   crossover  | C-C-C-C-C-C-P-C-C-C-P  | fitness=0.3113 | val_acc=0.7821 | bal_acc=0.7607 | min_recall=0.7143 | params=142
2026-09-09 06:33:17,239 INFO   crossover  | C-C-C-C-P-C-P          | fitness=0.3084 | val_acc=0.7308 | bal_acc=0.7256 | min_recall=0.7143 | params=99
2026-09-09 06:33:17,240 INFO   mutate     | C-C-C-C-P-C-C-C-P      | fitness=0.3156 | val_acc=0.7308 | bal_acc=0.7256 | min_recall=0.7143 | params=126
2026-09-09 06:33:17,241 INFO   mutate     | C-C-C-C-C-C-P-P        | fitness=0.2322 | val_acc=0.7692 | bal_acc=0.7820 | min_recall=0.7544 | params=147
2026-09-09 06:33:17,243 INFO   mutate     | C-C-C-C-C-P-C-P        | fitness=0.3071 | val_acc=0.7436 | bal_acc=0.7343 | min_recall=0.7143 | params=93
2026-09-09 06:33:17,243 INFO Best so far → val_acc=0.6795  bal_acc=0.7657  min_recall=0.5789  fitness=0.1395  params=130  id=-9041520…
2026-09-09 06:33:17,245 INFO Memory table saved.
2026-09-09 06:33:17,245 INFO 
=== Evo step 15/15 ===
2026-09-09 06:33:17,245 INFO Top-3: -9041520… fit=0.1395  |  67488216… fit=0.1626  |  -6456003… fit=0.2359
2026-09-09 06:33:17,249 INFO Generated 9 valid novel children
2026-09-09 06:40:20,492 INFO   crossover  | C-C-C-C-C-C-C-C-C-P-C-P | fitness=0.3648 | val_acc=0.7436 | bal_acc=0.7193 | min_recall=0.6667 | params=196
2026-09-09 06:40:20,493 INFO   crossover  | C-C-C-C-C-P-C-C-P      | fitness=0.3485 | val_acc=0.7564 | bal_acc=0.7281 | min_recall=0.6667 | params=128
2026-09-09 06:40:20,494 INFO   crossover  | C-C-C-C-C-P-P          | fitness=0.2287 | val_acc=0.7564 | bal_acc=0.7732 | min_recall=0.7368 | params=109
2026-09-09 06:40:20,496 INFO   crossover  | C-C-C-C-C-P-C-C-C-P-C-C | fitness=0.2454 | val_acc=0.7564 | bal_acc=0.7732 | min_recall=0.7368 | params=169
2026-09-09 06:40:20,497 INFO   crossover  | C-C-C-C-C-C-P-C-C-C-C-P | fitness=0.2156 | val_acc=0.7051 | bal_acc=0.7531 | min_recall=0.6491 | params=143
2026-09-09 06:40:20,502 INFO   crossover  | C-C-C-C-C-C-C-C-P-C-P  | fitness=0.2504 | val_acc=0.7308 | bal_acc=0.7556 | min_recall=0.7018 | params=184
2026-09-09 06:40:20,503 INFO   mutate     | C-C-C-C-C-P-C-C-C-P    | fitness=0.2446 | val_acc=0.7179 | bal_acc=0.7469 | min_recall=0.6842 | params=128
2026-09-09 06:40:20,504 INFO   mutate     | C-C-C-C-C-P-C-P        | fitness=0.2754 | val_acc=0.7179 | bal_acc=0.7318 | min_recall=0.7018 | params=103
2026-09-09 06:40:20,506 INFO   mutate     | C-C-C-C-C-C-C-P-C-C-C-P | fitness=0.2453 | val_acc=0.7436 | bal_acc=0.7644 | min_recall=0.7193 | params=140
2026-09-09 06:40:20,506 INFO Best so far → val_acc=0.6795  bal_acc=0.7657  min_recall=0.5789  fitness=0.1395  params=130  id=-9041520…
2026-09-09 06:40:20,511 INFO Memory table saved.
2026-09-09 06:40:20,511 INFO 
=== SEARCH COMPLETE ===
2026-09-09 06:40:20,512 INFO Best val_acc  : 0.6795
2026-09-09 06:40:20,512 INFO Best bal_acc  : 0.7657  (mean per-class recall)
2026-09-09 06:40:20,512 INFO Min recall    : 0.5789  (worst class)
2026-09-09 06:40:20,512 INFO Best fitness  : 0.1395
2026-09-09 06:40:20,512 INFO Params        : 130
2026-09-09 06:40:20,512 INFO Layers        : 10  (8 conv + 2 pool)
2026-09-09 06:40:20,512 INFO Circuit structure:
2026-09-09 06:40:20,512 INFO   Structure: C-C-C-C-C-P-C-C-C-P  (10 layers = 8 conv + 2 pool)
2026-09-09 06:40:20,512 INFO   Layer 0 CONV  gate=U_15       stride=1 step=2 offset=1 boundary=open
2026-09-09 06:40:20,512 INFO   Layer 1 CONV  gate=U_SO4      stride=1 step=6 offset=0 boundary=open
2026-09-09 06:40:20,512 INFO   Layer 2 CONV  gate=U_TTN      stride=1 step=7 offset=0 boundary=periodic
2026-09-09 06:40:20,512 INFO   Layer 3 CONV  gate=U_5        stride=5 step=2 offset=0 boundary=periodic
2026-09-09 06:40:20,512 INFO   Layer 4 CONV  gate=U_gate     stride=4 step=6 offset=3 boundary=open
2026-09-09 06:40:20,512 INFO   Layer 5 POOL  gate=pool_ansatz  pattern=1*1
2026-09-09 06:40:20,512 INFO   Layer 6 CONV  gate=U_9        stride=3 step=4 offset=2 boundary=periodic
2026-09-09 06:40:20,512 INFO   Layer 7 CONV  gate=U_5        stride=2 step=1 offset=1 boundary=open
2026-09-09 06:40:20,512 INFO   Layer 8 CONV  gate=U_gate     stride=3 step=3 offset=0 boundary=open
2026-09-09 06:40:20,512 INFO   Layer 9 POOL  gate=pool_ansatz  pattern=101
2026-09-09 06:40:20,512 INFO   Qubits surviving: 2 → [2, 5]  | readout wires = [2]
2026-09-09 06:40:20,512 INFO 
============================================================
2026-09-09 06:40:20,512 INFO FINAL TRAINING — BreastMNIST binary QCNN
2026-09-09 06:40:20,512 INFO ============================================================
2026-09-09 06:40:20,512 INFO   Structure: C-C-C-C-C-P-C-C-C-P  (10 layers = 8 conv + 2 pool)
2026-09-09 06:40:20,512 INFO   Layer 0 CONV  gate=U_15       stride=1 step=2 offset=1 boundary=open
2026-09-09 06:40:20,512 INFO   Layer 1 CONV  gate=U_SO4      stride=1 step=6 offset=0 boundary=open
2026-09-09 06:40:20,512 INFO   Layer 2 CONV  gate=U_TTN      stride=1 step=7 offset=0 boundary=periodic
2026-09-09 06:40:20,512 INFO   Layer 3 CONV  gate=U_5        stride=5 step=2 offset=0 boundary=periodic
2026-09-09 06:40:20,512 INFO   Layer 4 CONV  gate=U_gate     stride=4 step=6 offset=3 boundary=open
2026-09-09 06:40:20,512 INFO   Layer 5 POOL  gate=pool_ansatz  pattern=1*1
2026-09-09 06:40:20,512 INFO   Layer 6 CONV  gate=U_9        stride=3 step=4 offset=2 boundary=periodic
2026-09-09 06:40:20,512 INFO   Layer 7 CONV  gate=U_5        stride=2 step=1 offset=1 boundary=open
2026-09-09 06:40:20,513 INFO   Layer 8 CONV  gate=U_gate     stride=3 step=3 offset=0 boundary=open
2026-09-09 06:40:20,513 INFO   Layer 9 POOL  gate=pool_ansatz  pattern=101
2026-09-09 06:40:20,513 INFO   Qubits surviving: 2 → [2, 5]  | readout wires = [2]
2026-09-09 06:40:20,513 INFO Circuit: 10 layers (8 conv + 2 pool), 130 trainable parameters.
2026-09-09 06:40:43,553 INFO Epoch    1/200 | loss=0.6610 | val_acc=0.7179 | bal_acc=0.6717 | min_recall=0.571 | lr=0.005000
2026-09-09 06:48:26,578 INFO Epoch   20/200 | loss=0.6036 | val_acc=0.7179 | bal_acc=0.7318 | min_recall=0.702 | lr=0.005000
2026-09-09 06:56:26,868 INFO Epoch   40/200 | loss=0.5912 | val_acc=0.7308 | bal_acc=0.7556 | min_recall=0.702 | lr=0.005000
2026-09-09 07:04:28,341 INFO Epoch   60/200 | loss=0.5845 | val_acc=0.7436 | bal_acc=0.7644 | min_recall=0.719 | lr=0.002500
2026-09-09 07:12:29,125 INFO Epoch   80/200 | loss=0.5816 | val_acc=0.7308 | bal_acc=0.7556 | min_recall=0.702 | lr=0.002500
2026-09-09 07:20:28,646 INFO Epoch  100/200 | loss=0.5848 | val_acc=0.7308 | bal_acc=0.7556 | min_recall=0.702 | lr=0.001250
2026-09-09 07:28:24,511 INFO Epoch  120/200 | loss=0.5830 | val_acc=0.7179 | bal_acc=0.7469 | min_recall=0.684 | lr=0.001250
2026-09-09 07:32:59,746 INFO Epoch  140/200 | loss=0.5833 | val_acc=0.7179 | bal_acc=0.7469 | min_recall=0.684 | lr=0.001250
2026-09-09 07:37:28,039 INFO Epoch  160/200 | loss=0.5804 | val_acc=0.7308 | bal_acc=0.7556 | min_recall=0.702 | lr=0.000625
2026-09-09 07:41:45,696 INFO Epoch  180/200 | loss=0.5786 | val_acc=0.7179 | bal_acc=0.7469 | min_recall=0.684 | lr=0.000625
2026-09-09 07:46:34,319 INFO Epoch  200/200 | loss=0.5893 | val_acc=0.7308 | bal_acc=0.7556 | min_recall=0.702 | lr=0.000313
2026-09-09 07:46:34,319 INFO Training log saved → experiments/pca8/sweep/combined_best_001/training_log.csv
2026-09-09 07:46:34,319 INFO Best val fitness: 0.1846
2026-09-09 07:46:34,319 INFO 
--- Test evaluation (best-val checkpoint) ---
2026-09-09 07:46:36,273 INFO Test accuracy    : 0.6864
Test bal. acc    : 0.7358  (mean per-class recall)
Per-class recall : ['0.8437', '0.6279']
Min recall       : 0.6279
Test ROC-AUC OvR : 0.8005
2026-09-09 07:46:36,281 INFO 
               precision    recall  f1-score   support

    Malignant       0.46      0.84      0.59        32
Normal/Benign       0.92      0.63      0.74        86

     accuracy                           0.69       118
    macro avg       0.69      0.74      0.67       118
 weighted avg       0.79      0.69      0.70       118

2026-09-09 07:46:36,729 INFO Plots saved.
2026-09-09 07:46:37,228 INFO Failed to extract font properties from /usr/share/fonts/truetype/noto/NotoColorEmoji.ttf: Can not load face (unknown file format; error code 0x2)
2026-09-09 07:46:38,815 INFO Circuit diagram saved.
2026-09-09 07:46:38,821 INFO 
Run 'combined_best' complete → {'accuracy': 0.6864406779661016, 'bal_acc': 0.7358284882037509, 'per_class_recalls': [0.8437499997363281, 0.6279069766711737], 'roc_auc_ovr': 0.8005087209302326}
