2026-08-21 03:00:11,579 INFO 
============================================================
2026-08-21 03:00:11,579 INFO SWEEP RUN: lr_high  (PCA-8)
2026-08-21 03:00:11,579 INFO Params: {'label': 'lr_high', 'LR_EVAL': 0.01, 'N_EPOCHS_EVAL': 60, 'INIT_POP': 10, 'MAX_EVO_STEPS': 10, 'W_CLASS': [0.1, 0.2, 0.3, 0.4]}
2026-08-21 03:00:11,579 INFO ============================================================
2026-08-21 03:00:11,579 INFO 
--- Linear classifier baseline (on 8 PCA features) ---
2026-08-21 03:00:11,606 INFO   val   | acc=0.5570 | bal_acc=0.4800 | min_recall=0.1875 | auc=0.7735
2026-08-21 03:00:11,606 INFO          per-class: ['0.775', '0.444', '0.187', '0.514']
2026-08-21 03:00:11,609 INFO   test  | acc=0.5615 | bal_acc=0.4779 | min_recall=0.2200 | auc=0.7486
2026-08-21 03:00:11,609 INFO          per-class: ['0.731', '0.276', '0.220', '0.684']
2026-08-21 03:00:11,609 INFO Linear baseline saved → experiments/pca8/sweep/lr_high_001/linear_baseline.json
2026-08-21 03:00:11,610 INFO Subsampling search training set: 2140 → 2000
2026-08-21 03:00:11,613 INFO Evaluating initial population...
2026-08-21 03:00:11,613 INFO Config: LR=0.01  epochs=60  pop=10  steps=10  W_CLASS=[0.1, 0.2, 0.3, 0.4]
2026-08-21 03:00:11,613 INFO Encoding: single (RY per qubit), 8 PCA components → 8 qubits
2026-08-21 03:00:11,613 INFO Structure: variable length 3–10 layers  | P_CONV=0.6  | min conv=1  | min pool=0  | readout qubits=2
2026-08-21 03:00:11,669 INFO Initial population: 10 valid genotypes
2026-08-21 05:10:51,441 INFO   random     | C-C-P-P-C              | fitness=0.6626 | val_acc=0.5190 | bal_acc=0.4314 | min_recall=0.0556 | params=44
2026-08-21 05:10:51,445 INFO   random     | C-C-C-C-C-C-P-C-C      | fitness=0.5852 | val_acc=0.5823 | bal_acc=0.4988 | min_recall=0.2500 | params=220
2026-08-21 05:10:51,449 INFO   random     | C-P-C-C                | fitness=0.6177 | val_acc=0.4620 | bal_acc=0.4354 | min_recall=0.2187 | params=137
2026-08-21 05:10:51,453 INFO   random     | C-C-C-C-C-C-C-C        | fitness=0.6910 | val_acc=0.4494 | bal_acc=0.3548 | min_recall=0.0937 | params=107
2026-08-21 05:10:51,455 INFO   random     | C-C-C-C-C              | fitness=0.6734 | val_acc=0.5063 | bal_acc=0.4221 | min_recall=0.1875 | params=119
2026-08-21 05:10:51,457 INFO   random     | C-C-C-C-P-C            | fitness=0.5809 | val_acc=0.5570 | bal_acc=0.4458 | min_recall=0.1111 | params=92
2026-08-21 05:10:51,458 INFO   random     | C-C-C-C-P-P            | fitness=0.5961 | val_acc=0.5506 | bal_acc=0.4861 | min_recall=0.3750 | params=92
2026-08-21 05:10:51,460 INFO   random     | C-C-C-C-C-P            | fitness=0.6212 | val_acc=0.4810 | bal_acc=0.4285 | min_recall=0.2187 | params=74
2026-08-21 05:10:51,462 INFO   random     | C-C-C-C                | fitness=0.6001 | val_acc=0.5759 | bal_acc=0.4732 | min_recall=0.0937 | params=140
2026-08-21 05:10:51,468 INFO   random     | C-C-C-P-C-C-C-C        | fitness=0.5663 | val_acc=0.5823 | bal_acc=0.5081 | min_recall=0.2187 | params=174
2026-08-21 05:10:51,468 INFO 
=== Evo step 1/10 ===
2026-08-21 05:10:51,468 INFO Top-3: 54340180… fit=0.5663  |  31484544… fit=0.5809  |  -4076521… fit=0.5961
2026-08-21 05:10:51,476 INFO Generated 9 valid novel children
2026-08-21 08:15:20,706 INFO   crossover  | C-C-C-P-C              | fitness=0.8346 | val_acc=0.5063 | bal_acc=0.3968 | min_recall=0.0000 | params=75
2026-08-21 08:15:20,708 INFO   crossover  | C-C-C-P-C-C-C-C-C-C    | fitness=0.6202 | val_acc=0.5696 | bal_acc=0.4910 | min_recall=0.0937 | params=203
2026-08-21 08:15:20,709 INFO   crossover  | C-C-P-C-C-C-C          | fitness=0.5764 | val_acc=0.5696 | bal_acc=0.4825 | min_recall=0.1875 | params=177
2026-08-21 08:15:20,711 INFO   crossover  | C-C-C-C-P-C-C-C-C-P    | fitness=0.5933 | val_acc=0.5633 | bal_acc=0.5175 | min_recall=0.1562 | params=203
2026-08-21 08:15:20,713 INFO   crossover  | C-C-C-C-C-P-C-C-C-C    | fitness=0.6459 | val_acc=0.5570 | bal_acc=0.4847 | min_recall=0.0937 | params=231
2026-08-21 08:15:20,715 INFO   crossover  | C-C-C-C-C-C-P-C        | fitness=0.5528 | val_acc=0.5949 | bal_acc=0.5174 | min_recall=0.0937 | params=184
2026-08-21 08:15:20,720 INFO   mutate     | C-C-C-P-C-C-C-C-C      | fitness=0.6868 | val_acc=0.5696 | bal_acc=0.4867 | min_recall=0.0625 | params=184
2026-08-21 08:15:20,722 INFO   mutate     | C-C-C-C-P-C            | fitness=0.6006 | val_acc=0.5443 | bal_acc=0.4608 | min_recall=0.2500 | params=84
2026-08-21 08:15:20,724 INFO   mutate     | C-C-C-C-C-C-C-C-C      | fitness=0.6367 | val_acc=0.5506 | bal_acc=0.4366 | min_recall=0.1562 | params=301
2026-08-21 08:15:20,724 INFO Best so far → val_acc=0.5949  bal_acc=0.5174  min_recall=0.0937  fitness=0.5528  params=184  id=36172696…
2026-08-21 08:15:20,724 INFO 
=== Evo step 2/10 ===
2026-08-21 08:15:20,724 INFO Top-3: 36172696… fit=0.5528  |  54340180… fit=0.5663  |  75793203… fit=0.6212
2026-08-21 08:15:20,728 INFO Generated 9 valid novel children
2026-08-21 10:55:32,747 INFO   crossover  | C-C-C-C-C-C-C-C-C      | fitness=0.6306 | val_acc=0.5633 | bal_acc=0.4906 | min_recall=0.2812 | params=241
2026-08-21 10:55:32,749 INFO   crossover  | C-C-C-C-P-P-C          | fitness=0.6438 | val_acc=0.5380 | bal_acc=0.4376 | min_recall=0.2222 | params=128
2026-08-21 10:55:32,751 INFO   crossover  | C-C-C-P-C-P-C          | fitness=0.8861 | val_acc=0.4810 | bal_acc=0.3485 | min_recall=0.0000 | params=127
2026-08-21 10:55:32,753 INFO   crossover  | C-C-C-P-C-C-P-P-C      | fitness=0.5870 | val_acc=0.5696 | bal_acc=0.4888 | min_recall=0.3333 | params=164
2026-08-21 10:55:32,759 INFO   crossover  | C-C-P-C-C-C-C-C-C-P    | fitness=0.7967 | val_acc=0.5506 | bal_acc=0.4734 | min_recall=0.0000 | params=177
2026-08-21 10:55:32,760 INFO   crossover  | C-C-P-P-C-C-C          | fitness=0.5945 | val_acc=0.5696 | bal_acc=0.4525 | min_recall=0.1667 | params=64
2026-08-21 10:55:32,762 INFO   mutate     | C-C-C-C-C-C-C          | fitness=0.5908 | val_acc=0.5380 | bal_acc=0.4903 | min_recall=0.0937 | params=182
2026-08-21 10:55:32,764 INFO   mutate     | C-C-C-P-C-C-C-C        | fitness=0.6307 | val_acc=0.5506 | bal_acc=0.4640 | min_recall=0.2187 | params=178
2026-08-21 10:55:32,766 INFO   mutate     | C-C-P-P-C              | fitness=0.5880 | val_acc=0.5570 | bal_acc=0.4872 | min_recall=0.0937 | params=59
2026-08-21 10:55:32,766 INFO Best so far → val_acc=0.5949  bal_acc=0.5174  min_recall=0.0937  fitness=0.5528  params=184  id=36172696…
2026-08-21 10:55:32,766 INFO 
=== Evo step 3/10 ===
2026-08-21 10:55:32,766 INFO Top-3: 36172696… fit=0.5528  |  54340180… fit=0.5663  |  -2452765… fit=0.5908
2026-08-21 10:55:32,769 INFO Generated 9 valid novel children
2026-08-21 13:18:49,378 INFO   crossover  | C-C-C-C-P-C-C-C-C      | fitness=0.6562 | val_acc=0.5316 | bal_acc=0.4366 | min_recall=0.1250 | params=217
2026-08-21 13:18:49,380 INFO   crossover  | C-C-C-C-C-C-C          | fitness=0.5639 | val_acc=0.5570 | bal_acc=0.4820 | min_recall=0.0937 | params=218
2026-08-21 13:18:49,386 INFO   crossover  | C-C-C-C-C-P-C          | fitness=0.5806 | val_acc=0.5570 | bal_acc=0.4797 | min_recall=0.3125 | params=141
2026-08-21 13:18:49,387 INFO   crossover  | C-C-C-P-P-C-C-C-C      | fitness=0.6337 | val_acc=0.5570 | bal_acc=0.4753 | min_recall=0.1250 | params=162
2026-08-21 13:18:49,389 INFO   crossover  | C-C-P-C-C-P-C          | fitness=0.6411 | val_acc=0.5443 | bal_acc=0.4672 | min_recall=0.0937 | params=139
2026-08-21 13:18:49,391 INFO   crossover  | C-C-P-C-C              | fitness=0.6415 | val_acc=0.5253 | bal_acc=0.4505 | min_recall=0.2187 | params=113
2026-08-21 13:18:49,393 INFO   mutate     | C-C-C-C-C-C-P-P-C-C    | fitness=0.6028 | val_acc=0.5570 | bal_acc=0.4740 | min_recall=0.1250 | params=194
2026-08-21 13:18:49,395 INFO   mutate     | C-C-C-P-C-C-C          | fitness=0.8932 | val_acc=0.4430 | bal_acc=0.3529 | min_recall=0.0000 | params=170
2026-08-21 13:18:49,397 INFO   mutate     | C-C-P-C-C-C            | fitness=0.6232 | val_acc=0.5506 | bal_acc=0.4618 | min_recall=0.1562 | params=173
2026-08-21 13:18:49,397 INFO Best so far → val_acc=0.5949  bal_acc=0.5174  min_recall=0.0937  fitness=0.5528  params=184  id=36172696…
2026-08-21 13:18:49,397 INFO 
=== Evo step 4/10 ===
2026-08-21 13:18:49,397 INFO Top-3: 36172696… fit=0.5528  |  -7726772… fit=0.5639  |  -2602258… fit=0.6001
2026-08-21 13:18:49,408 INFO Generated 9 valid novel children
2026-08-21 16:15:51,220 INFO   crossover  | C-C-C-C-C-C-C-C-C      | fitness=0.5900 | val_acc=0.5886 | bal_acc=0.5108 | min_recall=0.3889 | params=292
2026-08-21 16:15:51,221 INFO   crossover  | C-C-C-C-C-C-C-C        | fitness=0.5524 | val_acc=0.5949 | bal_acc=0.5145 | min_recall=0.2187 | params=232
2026-08-21 16:15:51,223 INFO   crossover  | C-C-C-C-C-P-C          | fitness=0.5976 | val_acc=0.5633 | bal_acc=0.4818 | min_recall=0.2500 | params=170
2026-08-21 16:15:51,225 INFO   crossover  | C-C-C-C-C-C-C-C-P-C    | fitness=0.6016 | val_acc=0.5759 | bal_acc=0.5091 | min_recall=0.2187 | params=190
2026-08-21 16:15:51,227 INFO   crossover  | C-C-C-P-C-C-C-C-C-C    | fitness=0.5841 | val_acc=0.5886 | bal_acc=0.5187 | min_recall=0.3125 | params=189
2026-08-21 16:15:51,228 INFO   crossover  | C-C-C-P-C-C-C-C-C-C    | fitness=0.7346 | val_acc=0.5190 | bal_acc=0.4489 | min_recall=0.0625 | params=238
2026-08-21 16:15:51,230 INFO   mutate     | C-C-C-C-C-C-P-C        | fitness=0.5908 | val_acc=0.5886 | bal_acc=0.4845 | min_recall=0.1250 | params=184
2026-08-21 16:15:51,236 INFO   mutate     | C-C-C-C-C-C-C          | fitness=0.6482 | val_acc=0.4937 | bal_acc=0.4212 | min_recall=0.2778 | params=196
2026-08-21 16:15:51,237 INFO   mutate     | C-C-C-P-C-C-C-C        | fitness=0.6173 | val_acc=0.5443 | bal_acc=0.4911 | min_recall=0.1875 | params=156
2026-08-21 16:15:51,237 INFO Best so far → val_acc=0.5949  bal_acc=0.5145  min_recall=0.2187  fitness=0.5524  params=232  id=-8942200…
2026-08-21 16:15:51,237 INFO 
=== Evo step 5/10 ===
2026-08-21 16:15:51,237 INFO Top-3: -8942200… fit=0.5524  |  36172696… fit=0.5528  |  -7726772… fit=0.5639
2026-08-21 16:15:51,239 INFO Generated 9 valid novel children
2026-08-21 19:40:20,584 INFO   crossover  | C-C-C-C-C              | fitness=0.6260 | val_acc=0.5443 | bal_acc=0.4490 | min_recall=0.1875 | params=108
2026-08-21 19:40:20,588 INFO   crossover  | C-C-C-C-C-C-C-C-C-C    | fitness=0.5914 | val_acc=0.5696 | bal_acc=0.4879 | min_recall=0.2500 | params=306
2026-08-21 19:40:20,592 INFO   crossover  | C-C-C-C-C-C-C-C-C-C    | fitness=0.7971 | val_acc=0.5316 | bal_acc=0.4620 | min_recall=0.0312 | params=278
2026-08-21 19:40:20,596 INFO   crossover  | C-C-C-C-C              | fitness=0.5980 | val_acc=0.5696 | bal_acc=0.4739 | min_recall=0.2187 | params=144
2026-08-21 19:40:20,600 INFO   crossover  | C-C-C-C-C-C-C-C-C      | fitness=0.6848 | val_acc=0.5316 | bal_acc=0.4415 | min_recall=0.2500 | params=250
2026-08-21 19:40:20,605 INFO   crossover  | C-C-C-C-C-C-C-C-C-P    | fitness=0.6001 | val_acc=0.5823 | bal_acc=0.5220 | min_recall=0.0937 | params=294
2026-08-21 19:40:20,608 INFO   mutate     | C-C-C-C-C-C-C-C-C      | fitness=0.6205 | val_acc=0.5633 | bal_acc=0.4667 | min_recall=0.2222 | params=240
2026-08-21 19:40:20,617 INFO   mutate     | C-C-C-C-C-P-C          | fitness=0.5687 | val_acc=0.5949 | bal_acc=0.5098 | min_recall=0.1562 | params=178
2026-08-21 19:40:20,621 INFO   mutate     | C-C-C-C-C-P-C          | fitness=0.5673 | val_acc=0.5759 | bal_acc=0.5138 | min_recall=0.2812 | params=164
2026-08-21 19:40:20,621 INFO Best so far → val_acc=0.5949  bal_acc=0.5145  min_recall=0.2187  fitness=0.5524  params=232  id=-8942200…
2026-08-21 19:40:20,622 INFO Memory table saved.
2026-08-21 19:40:20,622 INFO 
=== Evo step 6/10 ===
2026-08-21 19:40:20,622 INFO Top-3: -8942200… fit=0.5524  |  36172696… fit=0.5528  |  90189333… fit=0.8861
2026-08-21 19:40:20,624 INFO Generated 9 valid novel children
2026-08-21 22:35:55,836 INFO   crossover  | C-C-C-P-C              | fitness=0.6483 | val_acc=0.5316 | bal_acc=0.4152 | min_recall=0.1667 | params=92
2026-08-21 22:35:55,841 INFO   crossover  | C-C-C-C-C-C-C          | fitness=0.5687 | val_acc=0.5759 | bal_acc=0.4872 | min_recall=0.1250 | params=226
2026-08-21 22:35:55,845 INFO   crossover  | C-C-C-C-C              | fitness=0.6154 | val_acc=0.5253 | bal_acc=0.4510 | min_recall=0.1562 | params=148
2026-08-21 22:35:55,850 INFO   crossover  | C-C-C-C-C-C-P-C-C-C    | fitness=0.7260 | val_acc=0.5633 | bal_acc=0.4990 | min_recall=0.0312 | params=205
2026-08-21 22:35:55,853 INFO   crossover  | C-C-C-C-C-C-C-C-C-C    | fitness=0.6116 | val_acc=0.5506 | bal_acc=0.4729 | min_recall=0.3125 | params=258
2026-08-21 22:35:55,858 INFO   crossover  | C-C-C-C-C-C-P-C        | fitness=0.5974 | val_acc=0.5506 | bal_acc=0.4776 | min_recall=0.1250 | params=178
2026-08-21 22:35:55,864 INFO   mutate     | C-C-C-C-C-C-C-C-C      | fitness=0.7140 | val_acc=0.5127 | bal_acc=0.4216 | min_recall=0.1892 | params=250
2026-08-21 22:35:55,865 INFO   mutate     | C-C-C-C-C-C-C-P        | fitness=0.6779 | val_acc=0.5443 | bal_acc=0.4456 | min_recall=0.2432 | params=182
2026-08-21 22:35:55,867 INFO   mutate     | C-C-C-C-C-C-C-C-C      | fitness=0.7276 | val_acc=0.5696 | bal_acc=0.4811 | min_recall=0.0312 | params=240
2026-08-21 22:35:55,867 INFO Best so far → val_acc=0.5949  bal_acc=0.5145  min_recall=0.2187  fitness=0.5524  params=232  id=-8942200…
2026-08-21 22:35:55,867 INFO 
=== Evo step 7/10 ===
2026-08-21 22:35:55,867 INFO Top-3: -8942200… fit=0.5524  |  36172696… fit=0.5528  |  -7726772… fit=0.5639
2026-08-21 22:35:55,870 INFO Generated 9 valid novel children
2026-08-22 01:39:20,281 INFO   crossover  | C-C-C-C-C-C-C-C-C-C    | fitness=0.7356 | val_acc=0.5316 | bal_acc=0.5028 | min_recall=0.0312 | params=232
2026-08-22 01:39:20,286 INFO   crossover  | C-C-C-C-P              | fitness=0.5262 | val_acc=0.6013 | bal_acc=0.5220 | min_recall=0.1250 | params=112
2026-08-22 01:39:20,290 INFO   crossover  | C-C-C-C-C-C-C-C-C-C    | fitness=0.5651 | val_acc=0.5886 | bal_acc=0.5188 | min_recall=0.1250 | params=256
2026-08-22 01:39:20,294 INFO   crossover  | C-C-C-C-C-C-P          | fitness=0.6079 | val_acc=0.5443 | bal_acc=0.4791 | min_recall=0.1562 | params=178
2026-08-22 01:39:20,303 INFO   crossover  | C-C-P-C-C-C-C-C-C      | fitness=0.6235 | val_acc=0.5316 | bal_acc=0.4620 | min_recall=0.2812 | params=194
2026-08-22 01:39:20,306 INFO   crossover  | C-C-P-C-C-C-C-C-C-C    | fitness=0.6046 | val_acc=0.5443 | bal_acc=0.4741 | min_recall=0.1250 | params=184
2026-08-22 01:39:20,311 INFO   mutate     | C-C-C-C-C-C-C-C-C      | fitness=0.6357 | val_acc=0.5886 | bal_acc=0.5167 | min_recall=0.0625 | params=262
2026-08-22 01:39:20,313 INFO   mutate     | C-C-C-C-C-P-C          | fitness=0.5870 | val_acc=0.5633 | bal_acc=0.4839 | min_recall=0.2187 | params=166
2026-08-22 01:39:20,315 INFO   mutate     | C-C-P-C-C-C-C-C-C-C    | fitness=0.5888 | val_acc=0.5823 | bal_acc=0.5030 | min_recall=0.3750 | params=181
2026-08-22 01:39:20,315 INFO Best so far → val_acc=0.6013  bal_acc=0.5220  min_recall=0.1250  fitness=0.5262  params=112  id=40252783…
2026-08-22 01:39:20,315 INFO 
=== Evo step 8/10 ===
2026-08-22 01:39:20,315 INFO Top-3: 40252783… fit=0.5262  |  -8942200… fit=0.5524  |  -7225017… fit=0.5852
2026-08-22 01:39:20,317 INFO Generated 9 valid novel children
2026-08-22 04:21:12,696 INFO   crossover  | C-C-C-C-C-C-C          | fitness=0.5945 | val_acc=0.5823 | bal_acc=0.4905 | min_recall=0.3125 | params=226
2026-08-22 04:21:12,700 INFO   crossover  | C-C-C-C-C-C-C-C-C-C    | fitness=0.5845 | val_acc=0.5759 | bal_acc=0.5199 | min_recall=0.2500 | params=277
2026-08-22 04:21:12,703 INFO   crossover  | C-C-C-C-C-C-C-P        | fitness=0.5953 | val_acc=0.5759 | bal_acc=0.5153 | min_recall=0.0937 | params=192
2026-08-22 04:21:12,712 INFO   crossover  | C-C-C-C-C-C-C-C-C-P    | fitness=0.6937 | val_acc=0.5190 | bal_acc=0.4281 | min_recall=0.1562 | params=240
2026-08-22 04:21:12,716 INFO   crossover  | C-C-C-P                | fitness=0.8853 | val_acc=0.4367 | bal_acc=0.3424 | min_recall=0.0270 | params=61
2026-08-22 04:21:12,719 INFO   crossover  | C-C-C-P-C-C-C          | fitness=0.6063 | val_acc=0.5190 | bal_acc=0.4661 | min_recall=0.0937 | params=114
2026-08-22 04:21:12,724 INFO   mutate     | C-C-C-C-C-P            | fitness=0.5306 | val_acc=0.6013 | bal_acc=0.5242 | min_recall=0.0937 | params=118
2026-08-22 04:21:12,727 INFO   mutate     | C-C-C-C-C-C-C-P-C      | fitness=0.6420 | val_acc=0.5253 | bal_acc=0.4549 | min_recall=0.1562 | params=232
2026-08-22 04:21:12,732 INFO   mutate     | C-C-C-P-C-C-C-P-C-C    | fitness=0.5913 | val_acc=0.5696 | bal_acc=0.4875 | min_recall=0.2187 | params=164
2026-08-22 04:21:12,732 INFO Best so far → val_acc=0.6013  bal_acc=0.5220  min_recall=0.1250  fitness=0.5262  params=112  id=40252783…
2026-08-22 04:21:12,732 INFO 
=== Evo step 9/10 ===
2026-08-22 04:21:12,732 INFO Top-3: 40252783… fit=0.5262  |  32294893… fit=0.5306  |  -8942200… fit=0.5524
2026-08-22 04:21:12,733 INFO Generated 9 valid novel children
2026-08-22 07:20:45,104 INFO   crossover  | C-C-C-P                | fitness=0.6467 | val_acc=0.5063 | bal_acc=0.4336 | min_recall=0.1250 | params=94
2026-08-22 07:20:45,110 INFO   crossover  | C-C-C-C-C-C-C-C-C      | fitness=0.5898 | val_acc=0.5823 | bal_acc=0.4774 | min_recall=0.2222 | params=250
2026-08-22 07:20:45,112 INFO   crossover  | C-C-C-C-C-P-C-C-C-P    | fitness=0.5953 | val_acc=0.5570 | bal_acc=0.4926 | min_recall=0.1562 | params=201
2026-08-22 07:20:45,114 INFO   crossover  | C-C-C-C-C-C-C-C        | fitness=0.6525 | val_acc=0.5316 | bal_acc=0.4472 | min_recall=0.3333 | params=190
2026-08-22 07:20:45,116 INFO   crossover  | C-C-C-C-C-C-C-P        | fitness=0.5689 | val_acc=0.5886 | bal_acc=0.5198 | min_recall=0.2500 | params=196
2026-08-22 07:20:45,118 INFO   crossover  | C-C-C-C-C-C-C-C-C-C    | fitness=0.6246 | val_acc=0.5570 | bal_acc=0.4647 | min_recall=0.1562 | params=284
2026-08-22 07:20:45,120 INFO   mutate     | C-C-C-C-P              | fitness=0.6272 | val_acc=0.5190 | bal_acc=0.4485 | min_recall=0.2812 | params=112
2026-08-22 07:20:45,122 INFO   mutate     | C-C-C-C-C-P            | fitness=0.7194 | val_acc=0.5443 | bal_acc=0.4059 | min_recall=0.0556 | params=76
2026-08-22 07:20:45,124 INFO   mutate     | C-C-C-C-C-C-C-C-C      | fitness=0.7459 | val_acc=0.5696 | bal_acc=0.4747 | min_recall=0.0312 | params=236
2026-08-22 07:20:45,124 INFO Best so far → val_acc=0.6013  bal_acc=0.5220  min_recall=0.1250  fitness=0.5262  params=112  id=40252783…
2026-08-22 07:20:45,124 INFO 
=== Evo step 10/10 ===
2026-08-22 07:20:45,124 INFO Top-3: 40252783… fit=0.5262  |  32294893… fit=0.5306  |  -8942200… fit=0.5524
2026-08-22 07:20:45,127 INFO Generated 9 valid novel children
2026-08-22 09:53:15,041 INFO   crossover  | C-C-C-C-P-C-P          | fitness=0.7296 | val_acc=0.5443 | bal_acc=0.4781 | min_recall=0.0312 | params=174
2026-08-22 09:53:15,043 INFO   crossover  | C-C-C-C                | fitness=0.6673 | val_acc=0.5633 | bal_acc=0.4539 | min_recall=0.0556 | params=92
2026-08-22 09:53:15,045 INFO   crossover  | C-C-P                  | fitness=0.6858 | val_acc=0.4937 | bal_acc=0.4039 | min_recall=0.2162 | params=80
2026-08-22 09:53:15,046 INFO   crossover  | C-C-C-C-C-C-C          | fitness=0.5284 | val_acc=0.6203 | bal_acc=0.5389 | min_recall=0.2187 | params=172
2026-08-22 09:53:15,048 INFO   crossover  | C-C-C-C-C-P            | fitness=0.5504 | val_acc=0.5823 | bal_acc=0.4945 | min_recall=0.2222 | params=118
2026-08-22 09:53:15,050 INFO   crossover  | C-C-C-C-P              | fitness=0.6125 | val_acc=0.5633 | bal_acc=0.4774 | min_recall=0.3125 | params=146
2026-08-22 09:53:15,051 INFO   mutate     | C-C-C-P                | fitness=0.9065 | val_acc=0.5063 | bal_acc=0.3592 | min_recall=0.0000 | params=74
2026-08-22 09:53:15,053 INFO   mutate     | C-C-C-C-C-P            | fitness=0.6655 | val_acc=0.5190 | bal_acc=0.4722 | min_recall=0.1351 | params=106
2026-08-22 09:53:15,055 INFO   mutate     | C-C-C-C-C-C-C-C-C      | fitness=0.6013 | val_acc=0.5886 | bal_acc=0.5009 | min_recall=0.0937 | params=247
2026-08-22 09:53:15,055 INFO Best so far → val_acc=0.6013  bal_acc=0.5220  min_recall=0.1250  fitness=0.5262  params=112  id=40252783…
2026-08-22 09:53:15,056 INFO Memory table saved.
2026-08-22 09:53:15,056 INFO 
=== SEARCH COMPLETE ===
2026-08-22 09:53:15,056 INFO Best val_acc  : 0.6013
2026-08-22 09:53:15,056 INFO Best bal_acc  : 0.5220  (mean per-class recall)
2026-08-22 09:53:15,056 INFO Min recall    : 0.1250  (worst class)
2026-08-22 09:53:15,056 INFO Best fitness  : 0.5262
2026-08-22 09:53:15,056 INFO Params        : 112
2026-08-22 09:53:15,056 INFO Layers        : 5  (4 conv + 1 pool)
2026-08-22 09:53:15,056 INFO Circuit structure:
2026-08-22 09:53:15,056 INFO   Structure: C-C-C-C-P  (5 layers = 4 conv + 1 pool)
2026-08-22 09:53:15,056 INFO   Layer 0 CONV  gate=U_13       stride=2 step=3 offset=0 boundary=periodic
2026-08-22 09:53:15,056 INFO   Layer 1 CONV  gate=U_gate     stride=1 step=6 offset=1 boundary=periodic
2026-08-22 09:53:15,056 INFO   Layer 2 CONV  gate=U_9        stride=1 step=1 offset=0 boundary=open
2026-08-22 09:53:15,056 INFO   Layer 3 CONV  gate=U_SU4      stride=5 step=2 offset=0 boundary=periodic
2026-08-22 09:53:15,056 INFO   Layer 4 POOL  gate=pool_ansatz  pattern=1*
2026-08-22 09:53:15,057 INFO   Qubits surviving: 7 → [1, 2, 3, 4, 5, 6, 7]  | readout wires = [1, 2]
2026-08-22 09:53:15,057 INFO 
============================================================
2026-08-22 09:53:15,057 INFO FINAL TRAINING — RetinaMNIST 4-class QCNN
2026-08-22 09:53:15,057 INFO ============================================================
2026-08-22 09:53:15,057 INFO   Structure: C-C-C-C-P  (5 layers = 4 conv + 1 pool)
2026-08-22 09:53:15,057 INFO   Layer 0 CONV  gate=U_13       stride=2 step=3 offset=0 boundary=periodic
2026-08-22 09:53:15,057 INFO   Layer 1 CONV  gate=U_gate     stride=1 step=6 offset=1 boundary=periodic
2026-08-22 09:53:15,057 INFO   Layer 2 CONV  gate=U_9        stride=1 step=1 offset=0 boundary=open
2026-08-22 09:53:15,057 INFO   Layer 3 CONV  gate=U_SU4      stride=5 step=2 offset=0 boundary=periodic
2026-08-22 09:53:15,057 INFO   Layer 4 POOL  gate=pool_ansatz  pattern=1*
2026-08-22 09:53:15,057 INFO   Qubits surviving: 7 → [1, 2, 3, 4, 5, 6, 7]  | readout wires = [1, 2]
2026-08-22 09:53:15,057 INFO Circuit: 5 layers (4 conv + 1 pool), 112 trainable parameters.
2026-08-22 09:54:09,226 INFO Epoch    1/200 | loss=1.3757 | val_acc=0.3987 | bal_acc=0.3878 | min_recall=0.135 | lr=0.005000
2026-08-22 10:11:21,184 INFO Epoch   20/200 | loss=1.2389 | val_acc=0.5823 | bal_acc=0.4849 | min_recall=0.222 | lr=0.005000
2026-08-22 10:29:28,899 INFO Epoch   40/200 | loss=1.2360 | val_acc=0.5506 | bal_acc=0.4508 | min_recall=0.156 | lr=0.005000
2026-08-22 10:47:34,445 INFO Epoch   60/200 | loss=1.2307 | val_acc=0.5759 | bal_acc=0.4871 | min_recall=0.219 | lr=0.002500
2026-08-22 11:05:39,722 INFO Epoch   80/200 | loss=1.2288 | val_acc=0.5823 | bal_acc=0.5031 | min_recall=0.281 | lr=0.002500
2026-08-22 11:23:48,468 INFO Epoch  100/200 | loss=1.2275 | val_acc=0.5949 | bal_acc=0.5280 | min_recall=0.312 | lr=0.001250
2026-08-22 11:41:57,567 INFO Epoch  120/200 | loss=1.2252 | val_acc=0.5949 | bal_acc=0.5280 | min_recall=0.312 | lr=0.001250
2026-08-22 12:00:05,594 INFO Epoch  140/200 | loss=1.2259 | val_acc=0.5949 | bal_acc=0.5248 | min_recall=0.312 | lr=0.001250
2026-08-22 12:18:11,292 INFO Epoch  160/200 | loss=1.2248 | val_acc=0.6013 | bal_acc=0.5326 | min_recall=0.344 | lr=0.000625
2026-08-22 12:36:19,901 INFO Epoch  180/200 | loss=1.2242 | val_acc=0.6013 | bal_acc=0.5326 | min_recall=0.344 | lr=0.000625
2026-08-22 12:54:28,135 INFO Epoch  200/200 | loss=1.2239 | val_acc=0.6013 | bal_acc=0.5315 | min_recall=0.312 | lr=0.000313
2026-08-22 12:54:28,135 INFO Training log saved → experiments/pca8/sweep/lr_high_001/training_log.csv
2026-08-22 12:54:28,135 INFO Best val fitness: 0.4912
2026-08-22 12:54:28,135 INFO 
--- Test evaluation (best-val checkpoint) ---
2026-08-22 12:54:33,694 INFO Test accuracy    : 0.5369
Test bal. acc    : 0.4740  (mean per-class recall)
Per-class recall : ['0.6852', '0.3793', '0.2000', '0.6316']
Min recall       : 0.2000
Test ROC-AUC OvR : 0.7296
2026-08-22 12:54:33,696 INFO 
               precision    recall  f1-score   support

        No DR       0.84      0.69      0.76       108
    Mild NPDR       0.23      0.38      0.29        29
Moderate NPDR       0.29      0.20      0.24        50
   Severe+PDR       0.49      0.63      0.55        57

     accuracy                           0.54       244
    macro avg       0.46      0.47      0.46       244
 weighted avg       0.57      0.54      0.55       244

2026-08-22 12:54:33,913 INFO Plots saved.
2026-08-22 12:54:34,672 INFO Failed to extract font properties from /usr/share/fonts/truetype/noto/NotoColorEmoji.ttf: Can not load face (unknown file format; error code 0x2)
2026-08-22 12:54:35,177 INFO Circuit diagram saved.
2026-08-22 12:54:35,192 INFO 
Run 'lr_high' complete → {'accuracy': 0.5368852459016393, 'bal_acc': 0.4740186192590373, 'per_class_recalls': [0.6851851851217422, 0.37931034469678954, 0.19999999996, 0.6315789472576178], 'roc_auc_ovr': 0.7295885091724703}
2026-08-22 12:54:35,192 INFO 
>>> PCA-8 sweep run 3/11: lr_low
