2026-09-09 02:41:08,074 INFO 
============================================================
2026-09-09 02:41:08,074 INFO SWEEP RUN: pool_required  (PCA-8)
2026-09-09 02:41:08,074 INFO Params: {'label': 'pool_required', 'LR_EVAL': 0.003, 'N_EPOCHS_EVAL': 60, 'INIT_POP': 10, 'MAX_EVO_STEPS': 10, 'P_CONV': 0.5, 'MIN_POOL_LAYERS': 2, 'W_CLASS': [0.7, 0.3]}
2026-09-09 02:41:08,074 INFO ============================================================
2026-09-09 02:41:08,075 INFO 
--- Linear classifier baseline (on 8 PCA features) ---
2026-09-09 02:41:08,126 INFO   val   | acc=0.7051 | bal_acc=0.7231 | min_recall=0.6842 | auc=0.8413
2026-09-09 02:41:08,126 INFO          per-class: ['0.762', '0.684']
2026-09-09 02:41:08,128 INFO   test  | acc=0.7203 | bal_acc=0.7198 | min_recall=0.7187 | auc=0.7882
2026-09-09 02:41:08,128 INFO          per-class: ['0.719', '0.721']
2026-09-09 02:41:08,128 INFO Linear baseline saved → experiments/pca8/sweep/pool_required_001/linear_baseline.json
2026-09-09 02:41:08,128 INFO Evaluating initial population...
2026-09-09 02:41:08,128 INFO Config: LR=0.003  epochs=60  pop=10  steps=10  W_CLASS=[0.7, 0.3]
2026-09-09 02:41:08,128 INFO Encoding: single (RY per qubit), 8 PCA components → 8 qubits
2026-09-09 02:41:08,128 INFO Structure: variable length 3–10 layers  | P_CONV=0.5  | min conv=1  | min pool=2  | readout qubits=1
2026-09-09 02:41:08,200 INFO Initial population: 10 valid genotypes
2026-09-09 02:43:03,206 INFO   random     | C-P-P-P-P-P            | fitness=0.2135 | val_acc=0.7308 | bal_acc=0.7707 | min_recall=0.6842 | params=56
2026-09-09 02:43:03,207 INFO   random     | C-P-C-C-P-C-C-P        | fitness=0.3155 | val_acc=0.7051 | bal_acc=0.7080 | min_recall=0.7018 | params=80
2026-09-09 02:43:03,209 INFO   random     | C-P-P-P-C              | fitness=0.2291 | val_acc=0.6923 | bal_acc=0.7444 | min_recall=0.6316 | params=68
2026-09-09 02:43:03,210 INFO   random     | C-P-C-P                | fitness=0.3064 | val_acc=0.6282 | bal_acc=0.6704 | min_recall=0.5789 | params=45
2026-09-09 02:43:03,213 INFO   random     | C-C-P-P-P              | fitness=0.3069 | val_acc=0.7051 | bal_acc=0.7080 | min_recall=0.7018 | params=52
2026-09-09 02:43:03,214 INFO   random     | C-C-C-C-C-P-P-P-P-P    | fitness=0.2826 | val_acc=0.6667 | bal_acc=0.7118 | min_recall=0.6140 | params=107
2026-09-09 02:43:03,221 INFO   random     | C-P-C-P-C              | fitness=0.3041 | val_acc=0.7179 | bal_acc=0.7168 | min_recall=0.7143 | params=85
2026-09-09 02:43:03,222 INFO   random     | P-C-P-C                | fitness=0.3145 | val_acc=0.6795 | bal_acc=0.6905 | min_recall=0.6667 | params=52
2026-09-09 02:43:03,224 INFO   random     | P-P-C-C-C-P-P          | fitness=0.2674 | val_acc=0.7436 | bal_acc=0.7494 | min_recall=0.7368 | params=62
2026-09-09 02:43:03,226 INFO   random     | P-C-P                  | fitness=0.2567 | val_acc=0.7564 | bal_acc=0.7581 | min_recall=0.7544 | params=90
2026-09-09 02:43:03,226 INFO 
=== Evo step 1/10 ===
2026-09-09 02:43:03,226 INFO Top-3: -7750875… fit=0.2135  |  84845558… fit=0.2291  |  77877393… fit=0.2567
2026-09-09 02:43:03,238 INFO Generated 9 valid novel children
2026-09-09 02:44:51,988 INFO   crossover  | C-C-P-P-P-C            | fitness=0.2413 | val_acc=0.7436 | bal_acc=0.7644 | min_recall=0.7193 | params=98
2026-09-09 02:44:51,989 INFO   crossover  | C-P-P-P-P-P            | fitness=0.3029 | val_acc=0.7179 | bal_acc=0.7168 | min_recall=0.7143 | params=56
2026-09-09 02:44:51,991 INFO   crossover  | C-P-P-P-P              | fitness=0.2519 | val_acc=0.7051 | bal_acc=0.7381 | min_recall=0.6667 | params=68
2026-09-09 02:44:51,998 INFO   crossover  | C-P-P-P-C-P-P          | fitness=0.2401 | val_acc=0.7436 | bal_acc=0.7644 | min_recall=0.7193 | params=68
2026-09-09 02:44:51,999 INFO   crossover  | P-P-C-C-P-P-P-P        | fitness=0.2862 | val_acc=0.7051 | bal_acc=0.7231 | min_recall=0.6842 | params=74
2026-09-09 02:44:52,001 INFO   crossover  | P-P-C-C-C-P-P-P-C      | fitness=0.2573 | val_acc=0.7179 | bal_acc=0.7469 | min_recall=0.6842 | params=92
2026-09-09 02:44:52,002 INFO   mutate     | C-P-P-P-P              | fitness=0.3009 | val_acc=0.7179 | bal_acc=0.7168 | min_recall=0.7143 | params=56
2026-09-09 02:44:52,003 INFO   mutate     | C-P-P-P-C-P-C-P-P      | fitness=0.2599 | val_acc=0.7051 | bal_acc=0.7381 | min_recall=0.6667 | params=68
2026-09-09 02:44:52,005 INFO   mutate     | P-P-C-C-P-P            | fitness=0.2472 | val_acc=0.7179 | bal_acc=0.7469 | min_recall=0.6842 | params=58
2026-09-09 02:44:52,005 INFO Best so far → val_acc=0.7308  bal_acc=0.7707  min_recall=0.6842  fitness=0.2135  params=56  id=-7750875…
2026-09-09 02:44:52,006 INFO Memory table saved.
2026-09-09 02:44:52,006 INFO 
=== Evo step 2/10 ===
2026-09-09 02:44:52,006 INFO Top-3: -7750875… fit=0.2135  |  84845558… fit=0.2291  |  -7013255… fit=0.3009
2026-09-09 02:44:52,016 INFO Generated 8 valid novel children
2026-09-09 02:46:32,917 INFO   crossover  | C-C-P-P                | fitness=0.3198 | val_acc=0.6667 | bal_acc=0.6817 | min_recall=0.6491 | params=52
2026-09-09 02:46:32,919 INFO   crossover  | C-P-P-P-C-C-P-P-P-P    | fitness=0.3180 | val_acc=0.7051 | bal_acc=0.7080 | min_recall=0.7018 | params=68
2026-09-09 02:46:32,920 INFO   crossover  | C-C-P-P-P-C-P-P        | fitness=0.2682 | val_acc=0.6923 | bal_acc=0.7293 | min_recall=0.6491 | params=110
2026-09-09 02:46:32,922 INFO   crossover  | C-P-P-P-C-P-P-P-P-P    | fitness=0.2829 | val_acc=0.6538 | bal_acc=0.7030 | min_recall=0.5965 | params=68
2026-09-09 02:46:32,923 INFO   crossover  | C-P-P-P-P-P-P-C        | fitness=0.2684 | val_acc=0.6795 | bal_acc=0.7206 | min_recall=0.6316 | params=68
2026-09-09 02:46:32,928 INFO   mutate     | C-P-P-P-P-P-P          | fitness=0.3049 | val_acc=0.7179 | bal_acc=0.7168 | min_recall=0.7143 | params=56
2026-09-09 02:46:32,929 INFO   mutate     | C-P-P-P-P-P            | fitness=0.2422 | val_acc=0.7308 | bal_acc=0.7556 | min_recall=0.7018 | params=56
2026-09-09 02:46:32,931 INFO   mutate     | C-P-P-C-P-P            | fitness=0.2888 | val_acc=0.6923 | bal_acc=0.7143 | min_recall=0.6667 | params=84
2026-09-09 02:46:32,931 INFO Best so far → val_acc=0.7308  bal_acc=0.7707  min_recall=0.6842  fitness=0.2135  params=56  id=-7750875…
2026-09-09 02:46:32,932 INFO Memory table saved.
2026-09-09 02:46:32,932 INFO 
=== Evo step 3/10 ===
2026-09-09 02:46:32,932 INFO Top-3: -7750875… fit=0.2135  |  84845558… fit=0.2291  |  -5397439… fit=0.2674
2026-09-09 02:46:32,941 INFO Generated 8 valid novel children
2026-09-09 02:48:37,315 INFO   crossover  | C-P-P                  | fitness=0.2401 | val_acc=0.7179 | bal_acc=0.7469 | min_recall=0.6842 | params=50
2026-09-09 02:48:37,316 INFO   crossover  | C-P-P-P-C-P-P-P-P      | fitness=0.2213 | val_acc=0.7308 | bal_acc=0.7707 | min_recall=0.6842 | params=68
2026-09-09 02:48:37,320 INFO   crossover  | C-P-P-P-C-C-P          | fitness=0.3120 | val_acc=0.7051 | bal_acc=0.7080 | min_recall=0.7018 | params=68
2026-09-09 02:48:37,327 INFO   crossover  | P-C-P-P-P              | fitness=0.3113 | val_acc=0.7051 | bal_acc=0.7080 | min_recall=0.7018 | params=102
2026-09-09 02:48:37,328 INFO   crossover  | P-C-P-P-P-P-C          | fitness=0.3044 | val_acc=0.7308 | bal_acc=0.7256 | min_recall=0.7143 | params=98
2026-09-09 02:48:37,330 INFO   mutate     | C-P-P-P-P              | fitness=0.2623 | val_acc=0.7436 | bal_acc=0.7494 | min_recall=0.7368 | params=56
2026-09-09 02:48:37,331 INFO   mutate     | C-P-P-P-P-C            | fitness=0.2560 | val_acc=0.7692 | bal_acc=0.7669 | min_recall=0.7619 | params=72
2026-09-09 02:48:37,333 INFO   mutate     | P-C-C-P                | fitness=0.3115 | val_acc=0.7051 | bal_acc=0.7080 | min_recall=0.7018 | params=120
2026-09-09 02:48:37,333 INFO Best so far → val_acc=0.7308  bal_acc=0.7707  min_recall=0.6842  fitness=0.2135  params=56  id=-7750875…
2026-09-09 02:48:37,334 INFO Memory table saved.
2026-09-09 02:48:37,334 INFO 
=== Evo step 4/10 ===
2026-09-09 02:48:37,334 INFO Top-3: -7750875… fit=0.2135  |  -7103673… fit=0.2213  |  84845558… fit=0.2291
2026-09-09 02:48:37,341 INFO Generated 9 valid novel children
2026-09-09 02:50:16,798 INFO   crossover  | C-P-P-P-P-P-P          | fitness=0.2716 | val_acc=0.7308 | bal_acc=0.7406 | min_recall=0.7193 | params=56
2026-09-09 02:50:16,806 INFO   crossover  | C-P-P-P-P-P-P          | fitness=0.2155 | val_acc=0.7308 | bal_acc=0.7707 | min_recall=0.6842 | params=56
2026-09-09 02:50:16,808 INFO   crossover  | C-C-P-P-P-P-P          | fitness=0.2819 | val_acc=0.7179 | bal_acc=0.7318 | min_recall=0.7018 | params=98
2026-09-09 02:50:16,809 INFO   crossover  | C-P-P-P-C-P-P-P-P-P    | fitness=0.2619 | val_acc=0.7051 | bal_acc=0.7381 | min_recall=0.6667 | params=68
2026-09-09 02:50:16,810 INFO   crossover  | C-P-P-C-P-P-P-P-P      | fitness=0.2985 | val_acc=0.6795 | bal_acc=0.7055 | min_recall=0.6491 | params=68
2026-09-09 02:50:16,812 INFO   crossover  | C-P-P-P-C-P-P-P-P-C    | fitness=0.2566 | val_acc=0.7179 | bal_acc=0.7469 | min_recall=0.6842 | params=68
2026-09-09 02:50:16,816 INFO   mutate     | C-P-P-P-P-P-P          | fitness=0.3383 | val_acc=0.7051 | bal_acc=0.6930 | min_recall=0.6667 | params=56
2026-09-09 02:50:16,818 INFO   mutate     | C-P-P-C-C-C-P-P        | fitness=0.2252 | val_acc=0.7179 | bal_acc=0.7619 | min_recall=0.6667 | params=72
2026-09-09 02:50:16,820 INFO   mutate     | C-P-C-C-P              | fitness=0.2703 | val_acc=0.6667 | bal_acc=0.7118 | min_recall=0.6140 | params=92
2026-09-09 02:50:16,820 INFO Best so far → val_acc=0.7308  bal_acc=0.7707  min_recall=0.6842  fitness=0.2135  params=56  id=-7750875…
2026-09-09 02:50:16,822 INFO Memory table saved.
2026-09-09 02:50:16,822 INFO 
=== Evo step 5/10 ===
2026-09-09 02:50:16,822 INFO Top-3: -7750875… fit=0.2135  |  59616789… fit=0.2155  |  -7103673… fit=0.2213
2026-09-09 02:50:16,831 INFO Generated 9 valid novel children
2026-09-09 02:51:35,066 INFO   crossover  | C-P-P-P-P-P-P-P-P-P    | fitness=0.3320 | val_acc=0.6667 | bal_acc=0.6817 | min_recall=0.6491 | params=56
2026-09-09 02:51:35,067 INFO   crossover  | C-P-P-P                | fitness=0.3206 | val_acc=0.7308 | bal_acc=0.7105 | min_recall=0.6667 | params=46
2026-09-09 02:51:35,068 INFO   crossover  | C-P-P-P                | fitness=0.3042 | val_acc=0.7051 | bal_acc=0.7080 | min_recall=0.7018 | params=56
2026-09-09 02:51:35,074 INFO   crossover  | C-P-P-P-P-P-P          | fitness=0.2646 | val_acc=0.6795 | bal_acc=0.7206 | min_recall=0.6316 | params=56
2026-09-09 02:51:35,075 INFO   crossover  | C-P-P-P-C-P-P-P-P-P    | fitness=0.2724 | val_acc=0.6795 | bal_acc=0.7206 | min_recall=0.6316 | params=68
2026-09-09 02:51:35,076 INFO   crossover  | C-P-P-P-C-P-P-P-P-P    | fitness=0.2900 | val_acc=0.7051 | bal_acc=0.7231 | min_recall=0.6842 | params=68
2026-09-09 02:51:35,078 INFO   mutate     | C-P-P-P-P-P            | fitness=0.2591 | val_acc=0.7564 | bal_acc=0.7581 | min_recall=0.7544 | params=56
2026-09-09 02:51:35,079 INFO   mutate     | C-P-P-P-P-P            | fitness=0.2643 | val_acc=0.7436 | bal_acc=0.7494 | min_recall=0.7368 | params=56
2026-09-09 02:51:35,084 INFO   mutate     | C-P-P-C-P-P-P-P        | fitness=0.3156 | val_acc=0.7051 | bal_acc=0.7080 | min_recall=0.7018 | params=84
2026-09-09 02:51:35,084 INFO Best so far → val_acc=0.7308  bal_acc=0.7707  min_recall=0.6842  fitness=0.2135  params=56  id=-7750875…
2026-09-09 02:51:35,085 INFO Memory table saved.
2026-09-09 02:51:35,085 INFO 
=== Evo step 6/10 ===
2026-09-09 02:51:35,085 INFO Top-3: -7750875… fit=0.2135  |  59616789… fit=0.2155  |  -7103673… fit=0.2213
2026-09-09 02:51:35,091 INFO Generated 9 valid novel children
2026-09-09 02:53:31,376 INFO   crossover  | C-P-P-P-P-P-P-P        | fitness=0.3175 | val_acc=0.6923 | bal_acc=0.6992 | min_recall=0.6842 | params=56
2026-09-09 02:53:31,377 INFO   crossover  | C-P-P-P-P-P-P-P-P      | fitness=0.3089 | val_acc=0.7179 | bal_acc=0.7168 | min_recall=0.7143 | params=56
2026-09-09 02:53:31,379 INFO   crossover  | C-C-P-P-P-P-P          | fitness=0.2696 | val_acc=0.7436 | bal_acc=0.7494 | min_recall=0.7368 | params=86
2026-09-09 02:53:31,380 INFO   crossover  | C-P-P-P-P-P-P-P-P-P    | fitness=0.2653 | val_acc=0.6923 | bal_acc=0.7293 | min_recall=0.6491 | params=56
2026-09-09 02:53:31,388 INFO   crossover  | C-P-P-P-P              | fitness=0.2745 | val_acc=0.6538 | bal_acc=0.7030 | min_recall=0.5965 | params=84
2026-09-09 02:53:31,390 INFO   crossover  | C-P-P                  | fitness=0.3279 | val_acc=0.6410 | bal_acc=0.6642 | min_recall=0.6140 | params=50
2026-09-09 02:53:31,391 INFO   mutate     | C-P-P-P-P-P            | fitness=0.3368 | val_acc=0.7179 | bal_acc=0.7018 | min_recall=0.6667 | params=106
2026-09-09 02:53:31,393 INFO   mutate     | C-P-P-P-P-P-P          | fitness=0.3716 | val_acc=0.6923 | bal_acc=0.6692 | min_recall=0.6190 | params=56
2026-09-09 02:53:31,394 INFO   mutate     | C-P-P-P-C-P-P-P        | fitness=0.2526 | val_acc=0.7179 | bal_acc=0.7469 | min_recall=0.6842 | params=68
2026-09-09 02:53:31,394 INFO Best so far → val_acc=0.7308  bal_acc=0.7707  min_recall=0.6842  fitness=0.2135  params=56  id=-7750875…
2026-09-09 02:53:31,396 INFO Memory table saved.
2026-09-09 02:53:31,396 INFO 
=== Evo step 7/10 ===
2026-09-09 02:53:31,396 INFO Top-3: -7750875… fit=0.2135  |  59616789… fit=0.2155  |  -3430947… fit=0.3180
2026-09-09 02:53:31,405 INFO Generated 9 valid novel children
2026-09-09 02:54:54,037 INFO   crossover  | C-P-P-P-P-P            | fitness=0.2765 | val_acc=0.7179 | bal_acc=0.7318 | min_recall=0.7018 | params=72
2026-09-09 02:54:54,038 INFO   crossover  | C-P-P-P-P              | fitness=0.2676 | val_acc=0.7308 | bal_acc=0.7406 | min_recall=0.7193 | params=56
2026-09-09 02:54:54,043 INFO   crossover  | C-P-P-P-P              | fitness=0.2851 | val_acc=0.7564 | bal_acc=0.7431 | min_recall=0.7143 | params=56
2026-09-09 02:54:54,044 INFO   crossover  | C-P-P-C-P              | fitness=0.2979 | val_acc=0.7308 | bal_acc=0.7256 | min_recall=0.7143 | params=76
2026-09-09 02:54:54,046 INFO   crossover  | P-C-P-P-P-P-P          | fitness=0.3365 | val_acc=0.7179 | bal_acc=0.7018 | min_recall=0.6667 | params=86
2026-09-09 02:54:54,047 INFO   crossover  | P-C-P-P-P-P-P-P-P      | fitness=0.3413 | val_acc=0.7179 | bal_acc=0.7018 | min_recall=0.6667 | params=94
2026-09-09 02:54:54,048 INFO   mutate     | C-P-P-P-P-P-P          | fitness=0.2708 | val_acc=0.7308 | bal_acc=0.7406 | min_recall=0.7193 | params=48
2026-09-09 02:54:54,052 INFO   mutate     | C-P-P-P-P-P-P-P        | fitness=0.3122 | val_acc=0.7051 | bal_acc=0.7080 | min_recall=0.7018 | params=56
2026-09-09 02:54:54,055 INFO   mutate     | P-C-P                  | fitness=0.3265 | val_acc=0.7179 | bal_acc=0.7018 | min_recall=0.6667 | params=72
2026-09-09 02:54:54,055 INFO Best so far → val_acc=0.7308  bal_acc=0.7707  min_recall=0.6842  fitness=0.2135  params=56  id=-7750875…
2026-09-09 02:54:54,057 INFO Memory table saved.
2026-09-09 02:54:54,057 INFO 
=== Evo step 8/10 ===
2026-09-09 02:54:54,057 INFO Top-3: -7750875… fit=0.2135  |  59616789… fit=0.2155  |  -7103673… fit=0.2213
2026-09-09 02:54:54,064 INFO Generated 9 valid novel children
2026-09-09 02:56:04,913 INFO   crossover  | C-P-P-P-P-P-P-P-P      | fitness=0.3089 | val_acc=0.7179 | bal_acc=0.7168 | min_recall=0.7143 | params=56
2026-09-09 02:56:04,915 INFO   crossover  | C-P-P-P                | fitness=0.2672 | val_acc=0.7308 | bal_acc=0.7406 | min_recall=0.7193 | params=72
2026-09-09 02:56:04,916 INFO   crossover  | C-P-P-P-P-P-P-P        | fitness=0.3069 | val_acc=0.7179 | bal_acc=0.7168 | min_recall=0.7143 | params=56
2026-09-09 02:56:04,917 INFO   crossover  | C-P-P                  | fitness=0.3314 | val_acc=0.6282 | bal_acc=0.6554 | min_recall=0.5965 | params=38
2026-09-09 02:56:04,919 INFO   crossover  | C-P-P-P-C-P-P-P-P-C    | fitness=0.2847 | val_acc=0.7179 | bal_acc=0.7318 | min_recall=0.7018 | params=68
2026-09-09 02:56:04,925 INFO   crossover  | C-P-P-P-C-P-P-P-P-P    | fitness=0.2338 | val_acc=0.7051 | bal_acc=0.7531 | min_recall=0.6491 | params=68
2026-09-09 02:56:04,928 INFO   mutate     | C-P-P-P-P              | fitness=0.3290 | val_acc=0.7179 | bal_acc=0.7018 | min_recall=0.6667 | params=56
2026-09-09 02:56:04,929 INFO   mutate     | C-P-P-P-P-P-P          | fitness=0.2997 | val_acc=0.7308 | bal_acc=0.7256 | min_recall=0.7143 | params=56
2026-09-09 02:56:04,931 INFO   mutate     | C-P-P-P-C-P-P-P-P      | fitness=0.2704 | val_acc=0.6795 | bal_acc=0.7206 | min_recall=0.6316 | params=68
2026-09-09 02:56:04,931 INFO Best so far → val_acc=0.7308  bal_acc=0.7707  min_recall=0.6842  fitness=0.2135  params=56  id=-7750875…
2026-09-09 02:56:04,933 INFO Memory table saved.
2026-09-09 02:56:04,933 INFO 
=== Evo step 9/10 ===
2026-09-09 02:56:04,933 INFO Top-3: -7750875… fit=0.2135  |  59616789… fit=0.2155  |  74235265… fit=0.3716
2026-09-09 02:56:04,943 INFO Generated 9 valid novel children
2026-09-09 02:57:07,313 INFO   crossover  | C-P-P-P-P-P-P-P-P      | fitness=0.3212 | val_acc=0.7564 | bal_acc=0.7281 | min_recall=0.6667 | params=56
2026-09-09 02:57:07,320 INFO   crossover  | C-P-P-P-P-P-P-P-P      | fitness=0.2581 | val_acc=0.7051 | bal_acc=0.7381 | min_recall=0.6667 | params=56
2026-09-09 02:57:07,322 INFO   crossover  | C-P-P-P-P-P-P-P        | fitness=0.2789 | val_acc=0.7179 | bal_acc=0.7318 | min_recall=0.7018 | params=56
2026-09-09 02:57:07,323 INFO   crossover  | C-P-P-P                | fitness=0.3533 | val_acc=0.6538 | bal_acc=0.6579 | min_recall=0.6491 | params=56
2026-09-09 02:57:07,325 INFO   crossover  | C-P-P-P-P-P-P-P-P-P    | fitness=0.2706 | val_acc=0.6795 | bal_acc=0.7206 | min_recall=0.6316 | params=56
2026-09-09 02:57:07,326 INFO   crossover  | C-P-P-P                | fitness=0.3288 | val_acc=0.6410 | bal_acc=0.6642 | min_recall=0.6140 | params=44
2026-09-09 02:57:07,327 INFO   mutate     | C-P-P-P-P-P            | fitness=0.2643 | val_acc=0.7436 | bal_acc=0.7494 | min_recall=0.7368 | params=56
2026-09-09 02:57:07,332 INFO   mutate     | C-P-P-P-P-P-P          | fitness=0.3049 | val_acc=0.7179 | bal_acc=0.7168 | min_recall=0.7143 | params=56
2026-09-09 02:57:07,333 INFO   mutate     | C-P-P-P-P-P-P          | fitness=0.3049 | val_acc=0.7179 | bal_acc=0.7168 | min_recall=0.7143 | params=56
2026-09-09 02:57:07,333 INFO Best so far → val_acc=0.7308  bal_acc=0.7707  min_recall=0.6842  fitness=0.2135  params=56  id=-7750875…
2026-09-09 02:57:07,336 INFO Memory table saved.
2026-09-09 02:57:07,336 INFO 
=== Evo step 10/10 ===
2026-09-09 02:57:07,336 INFO Top-3: -7750875… fit=0.2135  |  59616789… fit=0.2155  |  37602834… fit=0.2573
2026-09-09 02:57:07,346 INFO Generated 9 valid novel children
2026-09-09 02:58:40,093 INFO   crossover  | C-P-P-P-P-P-P-P-P-P    | fitness=0.2776 | val_acc=0.7308 | bal_acc=0.7406 | min_recall=0.7193 | params=56
2026-09-09 02:58:40,094 INFO   crossover  | C-C-P-P-P-C-P-P-P-P    | fitness=0.2493 | val_acc=0.7436 | bal_acc=0.7644 | min_recall=0.7193 | params=98
2026-09-09 02:58:40,095 INFO   crossover  | C-P-P-P-P-P-P-P        | fitness=0.2789 | val_acc=0.7179 | bal_acc=0.7318 | min_recall=0.7018 | params=56
2026-09-09 02:58:40,101 INFO   crossover  | C-P-P-P-P-P-P-P-P      | fitness=0.2423 | val_acc=0.7436 | bal_acc=0.7644 | min_recall=0.7193 | params=56
2026-09-09 02:58:40,102 INFO   crossover  | C-P-P-P                | fitness=0.2604 | val_acc=0.6795 | bal_acc=0.7206 | min_recall=0.6316 | params=68
2026-09-09 02:58:40,103 INFO   crossover  | C-P-P-P-C-P-P-P-P-P    | fitness=0.2794 | val_acc=0.7308 | bal_acc=0.7406 | min_recall=0.7193 | params=68
2026-09-09 02:58:40,104 INFO   mutate     | C-P-P-P-P-P            | fitness=0.2749 | val_acc=0.7179 | bal_acc=0.7318 | min_recall=0.7018 | params=56
2026-09-09 02:58:40,106 INFO   mutate     | C-P-P-P-P-P-P          | fitness=0.3049 | val_acc=0.7179 | bal_acc=0.7168 | min_recall=0.7143 | params=56
2026-09-09 02:58:40,110 INFO   mutate     | C-P-P-P-C-P-P-C-P      | fitness=0.2704 | val_acc=0.6795 | bal_acc=0.7206 | min_recall=0.6316 | params=68
2026-09-09 02:58:40,110 INFO Best so far → val_acc=0.7308  bal_acc=0.7707  min_recall=0.6842  fitness=0.2135  params=56  id=-7750875…
2026-09-09 02:58:40,112 INFO Memory table saved.
2026-09-09 02:58:40,113 INFO 
=== SEARCH COMPLETE ===
2026-09-09 02:58:40,113 INFO Best val_acc  : 0.7308
2026-09-09 02:58:40,113 INFO Best bal_acc  : 0.7707  (mean per-class recall)
2026-09-09 02:58:40,113 INFO Min recall    : 0.6842  (worst class)
2026-09-09 02:58:40,113 INFO Best fitness  : 0.2135
2026-09-09 02:58:40,113 INFO Params        : 56
2026-09-09 02:58:40,113 INFO Layers        : 6  (1 conv + 5 pool)
2026-09-09 02:58:40,113 INFO Circuit structure:
2026-09-09 02:58:40,113 INFO   Structure: C-P-P-P-P-P  (6 layers = 1 conv + 5 pool)
2026-09-09 02:58:40,113 INFO   Layer 0 CONV  gate=U_SU4      stride=4 step=2 offset=1 boundary=open
2026-09-09 02:58:40,113 INFO   Layer 1 POOL  gate=pool_ansatz  pattern=101
2026-09-09 02:58:40,113 INFO   Layer 2 POOL  gate=pool_U       pattern=!0!
2026-09-09 02:58:40,113 INFO   Layer 3 POOL  gate=pool_U       pattern=!0
2026-09-09 02:58:40,113 INFO   Layer 4 POOL  gate=pool_U       pattern=*1
2026-09-09 02:58:40,113 INFO   Layer 5 POOL  gate=pool_ansatz  pattern=1*
2026-09-09 02:58:40,113 INFO   Qubits surviving: 1 → [6]  | readout wires = [6]
2026-09-09 02:58:40,113 INFO 
============================================================
2026-09-09 02:58:40,113 INFO FINAL TRAINING — BreastMNIST binary QCNN
2026-09-09 02:58:40,113 INFO ============================================================
2026-09-09 02:58:40,113 INFO   Structure: C-P-P-P-P-P  (6 layers = 1 conv + 5 pool)
2026-09-09 02:58:40,113 INFO   Layer 0 CONV  gate=U_SU4      stride=4 step=2 offset=1 boundary=open
2026-09-09 02:58:40,113 INFO   Layer 1 POOL  gate=pool_ansatz  pattern=101
2026-09-09 02:58:40,113 INFO   Layer 2 POOL  gate=pool_U       pattern=!0!
2026-09-09 02:58:40,113 INFO   Layer 3 POOL  gate=pool_U       pattern=!0
2026-09-09 02:58:40,113 INFO   Layer 4 POOL  gate=pool_U       pattern=*1
2026-09-09 02:58:40,113 INFO   Layer 5 POOL  gate=pool_ansatz  pattern=1*
2026-09-09 02:58:40,113 INFO   Qubits surviving: 1 → [6]  | readout wires = [6]
2026-09-09 02:58:40,114 INFO Circuit: 6 layers (1 conv + 5 pool), 56 trainable parameters.
2026-09-09 02:58:46,550 INFO Epoch    1/200 | loss=0.8296 | val_acc=0.2692 | bal_acc=0.3797 | min_recall=0.140 | lr=0.005000
2026-09-09 03:00:47,878 INFO Epoch   20/200 | loss=0.6075 | val_acc=0.6667 | bal_acc=0.6667 | min_recall=0.667 | lr=0.005000
2026-09-09 03:03:49,674 INFO Epoch   40/200 | loss=0.6056 | val_acc=0.6923 | bal_acc=0.6842 | min_recall=0.667 | lr=0.005000
2026-09-09 03:07:27,633 INFO Epoch   60/200 | loss=0.6071 | val_acc=0.6667 | bal_acc=0.6667 | min_recall=0.667 | lr=0.002500
2026-09-09 03:11:05,558 INFO Epoch   80/200 | loss=0.6038 | val_acc=0.6282 | bal_acc=0.6554 | min_recall=0.596 | lr=0.002500
2026-09-09 03:14:44,873 INFO Epoch  100/200 | loss=0.6016 | val_acc=0.6795 | bal_acc=0.6905 | min_recall=0.667 | lr=0.001250
2026-09-09 03:18:20,188 INFO Epoch  120/200 | loss=0.6001 | val_acc=0.6667 | bal_acc=0.6667 | min_recall=0.667 | lr=0.001250
2026-09-09 03:21:58,910 INFO Epoch  140/200 | loss=0.6040 | val_acc=0.6795 | bal_acc=0.6754 | min_recall=0.667 | lr=0.001250
2026-09-09 03:25:34,735 INFO Epoch  160/200 | loss=0.6037 | val_acc=0.6923 | bal_acc=0.6842 | min_recall=0.667 | lr=0.000625
2026-09-09 03:29:13,355 INFO Epoch  180/200 | loss=0.6068 | val_acc=0.6923 | bal_acc=0.6842 | min_recall=0.667 | lr=0.000625
2026-09-09 03:32:50,296 INFO Epoch  200/200 | loss=0.5998 | val_acc=0.7051 | bal_acc=0.7080 | min_recall=0.702 | lr=0.000313
2026-09-09 03:32:50,296 INFO Training log saved → experiments/pca8/sweep/pool_required_001/training_log.csv
2026-09-09 03:32:50,296 INFO Best val fitness: 0.2228
2026-09-09 03:32:50,296 INFO 
--- Test evaluation (best-val checkpoint) ---
2026-09-09 03:32:50,958 INFO Test accuracy    : 0.6780
Test bal. acc    : 0.6417  (mean per-class recall)
Per-class recall : ['0.5625', '0.7209']
Min recall       : 0.5625
Test ROC-AUC OvR : 0.6682
2026-09-09 03:32:50,965 INFO 
               precision    recall  f1-score   support

    Malignant       0.43      0.56      0.49        32
Normal/Benign       0.82      0.72      0.77        86

     accuracy                           0.68       118
    macro avg       0.62      0.64      0.63       118
 weighted avg       0.71      0.68      0.69       118

2026-09-09 03:32:51,254 INFO Plots saved.
2026-09-09 03:32:51,559 INFO Failed to extract font properties from /usr/share/fonts/truetype/noto/NotoColorEmoji.ttf: Can not load face (unknown file format; error code 0x2)
2026-09-09 03:32:52,092 INFO Circuit diagram saved.
2026-09-09 03:32:52,096 INFO 
Run 'pool_required' complete → {'accuracy': 0.6779661016949152, 'bal_acc': 0.6417151161492647, 'per_class_recalls': [0.5624999998242187, 0.7209302324743105], 'roc_auc_ovr': 0.6682412790697674}
2026-09-09 03:32:52,096 INFO 
>>> PCA-8 sweep run 9/11: malignant_focused
