2026-09-09 06:07:33,115 INFO 
============================================================
2026-09-09 06:07:33,115 INFO SWEEP RUN: pool_required  (PCA-16)
2026-09-09 06:07:33,115 INFO Params: {'label': 'pool_required', 'LR_EVAL': 0.003, 'N_EPOCHS_EVAL': 60, 'INIT_POP': 10, 'MAX_EVO_STEPS': 10, 'P_CONV': 0.5, 'MIN_POOL_LAYERS': 2, 'W_CLASS': [0.7, 0.3]}
2026-09-09 06:07:33,115 INFO ============================================================
2026-09-09 06:07:33,116 INFO 
--- Linear classifier baseline (on 16 PCA features) ---
2026-09-09 06:07:33,150 INFO   val   | acc=0.7179 | bal_acc=0.7469 | min_recall=0.6842 | auc=0.8655
2026-09-09 06:07:33,150 INFO          per-class: ['0.810', '0.684']
2026-09-09 06:07:33,152 INFO   test  | acc=0.7288 | bal_acc=0.7158 | min_recall=0.6875 | auc=0.8161
2026-09-09 06:07:33,152 INFO          per-class: ['0.687', '0.744']
2026-09-09 06:07:33,152 INFO Linear baseline saved → experiments/pca16/sweep/pool_required_001/linear_baseline.json
2026-09-09 06:07:33,153 INFO Evaluating initial population...
2026-09-09 06:07:33,153 INFO Config: LR=0.003  epochs=60  pop=10  steps=10  W_CLASS=[0.7, 0.3]
2026-09-09 06:07:33,153 INFO Encoding: dense (RX + RY per qubit), 16 PCA components → 8 qubits
2026-09-09 06:07:33,153 INFO Structure: variable length 6–14 layers  | P_CONV=0.5  | min conv=1  | min pool=2  | readout qubits=1
2026-09-09 06:07:33,241 INFO Initial population: 10 valid genotypes
2026-09-09 06:10:27,176 INFO   random     | C-C-P-C-P-P-C-P-C-P    | fitness=0.3332 | val_acc=0.6923 | bal_acc=0.6992 | min_recall=0.6842 | params=161
2026-09-09 06:10:27,178 INFO   random     | P-C-C-C-C-P            | fitness=0.3159 | val_acc=0.7051 | bal_acc=0.7080 | min_recall=0.7018 | params=121
2026-09-09 06:10:27,184 INFO   random     | C-C-P-P-C-P-P          | fitness=0.2692 | val_acc=0.6795 | bal_acc=0.7206 | min_recall=0.6316 | params=96
2026-09-09 06:10:27,186 INFO   random     | C-P-P-P-P-P-C-C        | fitness=0.2409 | val_acc=0.7436 | bal_acc=0.7644 | min_recall=0.7193 | params=56
2026-09-09 06:10:27,187 INFO   random     | C-C-C-P-P-P-P-P-P-P-C  | fitness=0.2729 | val_acc=0.7564 | bal_acc=0.7581 | min_recall=0.7544 | params=82
2026-09-09 06:10:27,192 INFO   random     | C-P-C-P-C-P-P-P-P-C-P  | fitness=0.3001 | val_acc=0.7564 | bal_acc=0.7431 | min_recall=0.7143 | params=78
2026-09-09 06:10:27,193 INFO   random     | C-C-P-P-C-C            | fitness=0.2837 | val_acc=0.7692 | bal_acc=0.7519 | min_recall=0.7143 | params=68
2026-09-09 06:10:27,195 INFO   random     | C-P-C-P-P-C-P-C        | fitness=0.3025 | val_acc=0.7308 | bal_acc=0.7256 | min_recall=0.7143 | params=58
2026-09-09 06:10:27,196 INFO   random     | C-P-C-P-C-P            | fitness=0.3098 | val_acc=0.7308 | bal_acc=0.7256 | min_recall=0.7143 | params=167
2026-09-09 06:10:27,197 INFO   random     | C-C-C-C-P-C-P-P-C-P-P-C-C-P | fitness=0.3317 | val_acc=0.7179 | bal_acc=0.7168 | min_recall=0.7143 | params=166
2026-09-09 06:10:27,197 INFO 
=== Evo step 1/10 ===
2026-09-09 06:10:27,197 INFO Top-3: 36320221… fit=0.2409  |  -2819206… fit=0.2692  |  58254235… fit=0.2729
2026-09-09 06:10:27,217 INFO Generated 9 valid novel children
2026-09-09 06:12:24,000 INFO   crossover  | C-P-P-P-P-P-P          | fitness=0.2950 | val_acc=0.7436 | bal_acc=0.7343 | min_recall=0.7143 | params=56
2026-09-09 06:12:24,001 INFO   crossover  | C-P-P-C-P-P-P-P-C-P    | fitness=0.3554 | val_acc=0.6795 | bal_acc=0.6754 | min_recall=0.6667 | params=56
2026-09-09 06:12:24,003 INFO   crossover  | C-C-P-P-P-P-P-C-C      | fitness=0.2680 | val_acc=0.7564 | bal_acc=0.7581 | min_recall=0.7544 | params=76
2026-09-09 06:12:24,004 INFO   crossover  | C-C-P-P-C-P-P-P-P-C-P  | fitness=0.3175 | val_acc=0.7179 | bal_acc=0.7168 | min_recall=0.7143 | params=94
2026-09-09 06:12:24,010 INFO   crossover  | C-P-C-P-C-P-P-P-P-P-C-C | fitness=0.2961 | val_acc=0.7051 | bal_acc=0.7231 | min_recall=0.6842 | params=84
2026-09-09 06:12:24,012 INFO   crossover  | C-P-C-P-C-P-P-P-P-C-P-P | fitness=0.2916 | val_acc=0.7821 | bal_acc=0.7607 | min_recall=0.7143 | params=78
2026-09-09 06:12:24,013 INFO   mutate     | C-P-P-P-P-P-C-C        | fitness=0.3128 | val_acc=0.7051 | bal_acc=0.7080 | min_recall=0.7018 | params=56
2026-09-09 06:12:24,016 INFO   mutate     | C-C-C-P-P-C-P-P        | fitness=0.3077 | val_acc=0.7308 | bal_acc=0.7256 | min_recall=0.7143 | params=108
2026-09-09 06:12:24,021 INFO   mutate     | C-C-P-C-P-P-P-P-C-P    | fitness=0.3157 | val_acc=0.7179 | bal_acc=0.7168 | min_recall=0.7143 | params=92
2026-09-09 06:12:24,021 INFO Best so far → val_acc=0.7436  bal_acc=0.7644  min_recall=0.7193  fitness=0.2409  params=56  id=36320221…
2026-09-09 06:12:24,022 INFO Memory table saved.
2026-09-09 06:12:24,022 INFO 
=== Evo step 2/10 ===
2026-09-09 06:12:24,022 INFO Top-3: 36320221… fit=0.2409  |  72568636… fit=0.2680  |  -2819206… fit=0.2692
2026-09-09 06:12:24,031 INFO Generated 9 valid novel children
2026-09-09 06:14:21,417 INFO   crossover  | C-P-P-P-P-P-P-P-P-C-C  | fitness=0.3030 | val_acc=0.7436 | bal_acc=0.7343 | min_recall=0.7143 | params=56
2026-09-09 06:14:21,418 INFO   crossover  | C-P-P-P-P-P-C-C-P      | fitness=0.2657 | val_acc=0.7564 | bal_acc=0.7581 | min_recall=0.7544 | params=56
2026-09-09 06:14:21,420 INFO   crossover  | C-C-P-P-P-P-C-C        | fitness=0.3163 | val_acc=0.7051 | bal_acc=0.7080 | min_recall=0.7018 | params=88
2026-09-09 06:14:21,421 INFO   crossover  | C-C-P-P-P-P-C-P        | fitness=0.2817 | val_acc=0.7179 | bal_acc=0.7318 | min_recall=0.7018 | params=76
2026-09-09 06:14:21,426 INFO   crossover  | C-P-C-P-C-P-P-P-P-C-P-P-P-P | fitness=0.2500 | val_acc=0.7564 | bal_acc=0.7732 | min_recall=0.7368 | params=78
2026-09-09 06:14:21,427 INFO   crossover  | C-P-C-P-C-P-P-P-P-C-P-P-P-P | fitness=0.2500 | val_acc=0.7564 | bal_acc=0.7732 | min_recall=0.7368 | params=78
2026-09-09 06:14:21,429 INFO   mutate     | C-P-P-P-P-C-P-P        | fitness=0.3584 | val_acc=0.7308 | bal_acc=0.6955 | min_recall=0.6190 | params=56
2026-09-09 06:14:21,430 INFO   mutate     | C-C-P-P-P-P-P-C-C      | fitness=0.3118 | val_acc=0.7179 | bal_acc=0.7168 | min_recall=0.7143 | params=76
2026-09-09 06:14:21,435 INFO   mutate     | C-P-C-P-C-P-P-P-C-P    | fitness=0.3139 | val_acc=0.7179 | bal_acc=0.7168 | min_recall=0.7143 | params=78
2026-09-09 06:14:21,435 INFO Best so far → val_acc=0.7436  bal_acc=0.7644  min_recall=0.7193  fitness=0.2409  params=56  id=36320221…
2026-09-09 06:14:21,435 INFO Memory table saved.
2026-09-09 06:14:21,435 INFO 
=== Evo step 3/10 ===
2026-09-09 06:14:21,435 INFO Top-3: 36320221… fit=0.2409  |  -4829619… fit=0.2500  |  81992667… fit=0.2817
2026-09-09 06:14:21,446 INFO Generated 9 valid novel children
2026-09-09 06:16:22,434 INFO   crossover  | C-P-P-P-P-P-P-P        | fitness=0.3356 | val_acc=0.7179 | bal_acc=0.7018 | min_recall=0.6667 | params=56
2026-09-09 06:16:22,436 INFO   crossover  | C-P-P-P-P-P-P-P-C-C    | fitness=0.3677 | val_acc=0.7179 | bal_acc=0.6867 | min_recall=0.6190 | params=56
2026-09-09 06:16:22,437 INFO   crossover  | C-P-C-P-C-P-P-P-P-C-P-P-P-P | fitness=0.3219 | val_acc=0.7179 | bal_acc=0.7168 | min_recall=0.7143 | params=78
2026-09-09 06:16:22,438 INFO   crossover  | C-P-C-P-C-C            | fitness=0.3602 | val_acc=0.7179 | bal_acc=0.6867 | min_recall=0.6190 | params=65
2026-09-09 06:16:22,445 INFO   crossover  | C-P-C-P-C-P-P-P-P-C-C  | fitness=0.3555 | val_acc=0.6923 | bal_acc=0.6842 | min_recall=0.6667 | params=84
2026-09-09 06:16:22,446 INFO   crossover  | C-P-C-P-C-P-P-P-P-P-P-C-P-P | fitness=0.3176 | val_acc=0.7308 | bal_acc=0.7256 | min_recall=0.7143 | params=84
2026-09-09 06:16:22,448 INFO   mutate     | C-P-P-P-P-C-C          | fitness=0.2599 | val_acc=0.6923 | bal_acc=0.7293 | min_recall=0.6491 | params=56
2026-09-09 06:16:22,450 INFO   mutate     | C-P-C-P-C-P-P-P-P-C-P-P-P-P | fitness=0.3061 | val_acc=0.7564 | bal_acc=0.7431 | min_recall=0.7143 | params=78
2026-09-09 06:16:22,455 INFO   mutate     | C-P-C-P-C-P-P-P-P-P-C-P-C | fitness=0.3314 | val_acc=0.6923 | bal_acc=0.6992 | min_recall=0.6842 | params=84
2026-09-09 06:16:22,455 INFO Best so far → val_acc=0.7436  bal_acc=0.7644  min_recall=0.7193  fitness=0.2409  params=56  id=36320221…
2026-09-09 06:16:22,456 INFO Memory table saved.
2026-09-09 06:16:22,456 INFO 
=== Evo step 4/10 ===
2026-09-09 06:16:22,456 INFO Top-3: 36320221… fit=0.2409  |  -4829619… fit=0.2500  |  63730432… fit=0.3332
2026-09-09 06:16:22,470 INFO Generated 9 valid novel children
2026-09-09 06:18:09,470 INFO   crossover  | C-P-P-P-P-P-C-P-P-C-P-P-P-P | fitness=0.2757 | val_acc=0.7564 | bal_acc=0.7581 | min_recall=0.7544 | params=56
2026-09-09 06:18:09,472 INFO   crossover  | C-P-P-P-P-C-P-P-P-P    | fitness=0.3640 | val_acc=0.7308 | bal_acc=0.6955 | min_recall=0.6190 | params=72
2026-09-09 06:18:09,499 INFO   crossover  | C-P-C-P-C-P-P-P-P-C-P-P-P-P | fitness=0.3061 | val_acc=0.7564 | bal_acc=0.7431 | min_recall=0.7143 | params=78
2026-09-09 06:18:09,500 INFO   crossover  | C-P-C-P-C-P-C-P-C-P-P-P-P-C | fitness=0.3016 | val_acc=0.7051 | bal_acc=0.7231 | min_recall=0.6842 | params=98
2026-09-09 06:18:09,504 INFO   crossover  | C-P-C-P-P-C-C          | fitness=0.3503 | val_acc=0.6795 | bal_acc=0.6754 | min_recall=0.6667 | params=67
2026-09-09 06:18:09,505 INFO   crossover  | C-P-C-P-C-P-P-P-P-C-P-P-P-P | fitness=0.3114 | val_acc=0.7436 | bal_acc=0.7343 | min_recall=0.7143 | params=78
2026-09-09 06:18:09,511 INFO   mutate     | C-P-P-P-P-P-P-P-P-P-C  | fitness=0.2750 | val_acc=0.7436 | bal_acc=0.7494 | min_recall=0.7368 | params=56
2026-09-09 06:18:09,512 INFO   mutate     | C-P-C-P-C-P-P-P-P-P-P-P-P | fitness=0.3041 | val_acc=0.7564 | bal_acc=0.7431 | min_recall=0.7143 | params=78
2026-09-09 06:18:09,514 INFO   mutate     | C-P-C-P-C-P-P-P-P-C-P-P-P-P | fitness=0.3451 | val_acc=0.7308 | bal_acc=0.7105 | min_recall=0.6667 | params=82
2026-09-09 06:18:09,514 INFO Best so far → val_acc=0.7436  bal_acc=0.7644  min_recall=0.7193  fitness=0.2409  params=56  id=36320221…
2026-09-09 06:18:09,515 INFO Memory table saved.
2026-09-09 06:18:09,515 INFO 
=== Evo step 5/10 ===
2026-09-09 06:18:09,515 INFO Top-3: 36320221… fit=0.2409  |  -4829619… fit=0.2500  |  -1616334… fit=0.3157
2026-09-09 06:18:09,527 INFO Generated 9 valid novel children
2026-09-09 06:20:06,532 INFO   crossover  | C-P-P-P-P-P-C-C-P-P-P  | fitness=0.3188 | val_acc=0.7051 | bal_acc=0.7080 | min_recall=0.7018 | params=56
2026-09-09 06:20:06,542 INFO   crossover  | C-P-P-P-P-P-P-P-C-P-P  | fitness=0.3294 | val_acc=0.6795 | bal_acc=0.6905 | min_recall=0.6667 | params=56
2026-09-09 06:20:06,544 INFO   crossover  | C-P-C-P-C-P-P-P-P-C-P-P-P-P | fitness=0.3219 | val_acc=0.7179 | bal_acc=0.7168 | min_recall=0.7143 | params=78
2026-09-09 06:20:06,546 INFO   crossover  | C-P-C-P-C-P-C-P-P      | fitness=0.3624 | val_acc=0.7308 | bal_acc=0.6955 | min_recall=0.6190 | params=74
2026-09-09 06:20:06,555 INFO   crossover  | C-P-C-P-C-C-P-P-P-P-P-C-C | fitness=0.3163 | val_acc=0.7308 | bal_acc=0.7256 | min_recall=0.7143 | params=90
2026-09-09 06:20:06,558 INFO   crossover  | C-P-C-P-C-P-P-P-P-C-P-P-P-P | fitness=0.3394 | val_acc=0.7436 | bal_acc=0.7193 | min_recall=0.6667 | params=78
2026-09-09 06:20:06,560 INFO   mutate     | C-P-P-P-P-P-C          | fitness=0.3722 | val_acc=0.6923 | bal_acc=0.6692 | min_recall=0.6190 | params=56
2026-09-09 06:20:06,562 INFO   mutate     | C-P-C-P-C-P-P-P-P-C-P-P-P | fitness=0.3427 | val_acc=0.7308 | bal_acc=0.7105 | min_recall=0.6667 | params=78
2026-09-09 06:20:06,569 INFO   mutate     | C-P-C-P-C-P-P-P-P-C-P-P | fitness=0.3288 | val_acc=0.6923 | bal_acc=0.6992 | min_recall=0.6842 | params=82
2026-09-09 06:20:06,569 INFO Best so far → val_acc=0.7436  bal_acc=0.7644  min_recall=0.7193  fitness=0.2409  params=56  id=36320221…
2026-09-09 06:20:06,571 INFO Memory table saved.
2026-09-09 06:20:06,571 INFO 
=== Evo step 6/10 ===
2026-09-09 06:20:06,571 INFO Top-3: 36320221… fit=0.2409  |  -4829619… fit=0.2500  |  -6058455… fit=0.2500
2026-09-09 06:20:06,587 INFO Generated 9 valid novel children
2026-09-09 06:22:34,198 INFO   crossover  | C-C-P-C-P-P-P-P-C-P-P-P-P | fitness=0.2924 | val_acc=0.7308 | bal_acc=0.7406 | min_recall=0.7193 | params=126
2026-09-09 06:22:34,199 INFO   crossover  | C-P-P-P-P-C-P-P-P-P-C-P-P-P | fitness=0.3248 | val_acc=0.7051 | bal_acc=0.7080 | min_recall=0.7018 | params=56
2026-09-09 06:22:34,200 INFO   crossover  | C-P-C-C-P-P-P-P-P-C-C  | fitness=0.2843 | val_acc=0.7308 | bal_acc=0.7406 | min_recall=0.7193 | params=90
2026-09-09 06:22:34,201 INFO   crossover  | C-P-C-P-P-P-P          | fitness=0.3011 | val_acc=0.7308 | bal_acc=0.7256 | min_recall=0.7143 | params=64
2026-09-09 06:22:34,206 INFO   crossover  | C-P-C-P-C-P-P-P-P-C-P-P-P-P | fitness=0.2605 | val_acc=0.7308 | bal_acc=0.7556 | min_recall=0.7018 | params=78
2026-09-09 06:22:34,207 INFO   crossover  | C-P-C-P-C-P-P-P-P-P-C-P-P-P | fitness=0.2938 | val_acc=0.7179 | bal_acc=0.7318 | min_recall=0.7018 | params=78
2026-09-09 06:22:34,209 INFO   mutate     | C-P-P-P-P-C-C          | fitness=0.3038 | val_acc=0.6538 | bal_acc=0.6880 | min_recall=0.6140 | params=56
2026-09-09 06:22:34,210 INFO   mutate     | C-P-C-P-C-C-P-P-P-P-P  | fitness=0.3051 | val_acc=0.7436 | bal_acc=0.7343 | min_recall=0.7143 | params=75
2026-09-09 06:22:34,215 INFO   mutate     | C-P-C-C-P-P-P-P-C-P-P-P-P | fitness=0.3866 | val_acc=0.6923 | bal_acc=0.6692 | min_recall=0.6190 | params=78
2026-09-09 06:22:34,215 INFO Best so far → val_acc=0.7436  bal_acc=0.7644  min_recall=0.7193  fitness=0.2409  params=56  id=36320221…
2026-09-09 06:22:34,216 INFO Memory table saved.
2026-09-09 06:22:34,216 INFO 
=== Evo step 7/10 ===
2026-09-09 06:22:34,217 INFO Top-3: 36320221… fit=0.2409  |  -4829619… fit=0.2500  |  82364637… fit=0.3722
2026-09-09 06:22:34,230 INFO Generated 9 valid novel children
2026-09-09 06:24:57,439 INFO   crossover  | C-P-P-P-P-P-P-P-P-C-P-P-P-P | fitness=0.3354 | val_acc=0.6795 | bal_acc=0.6905 | min_recall=0.6667 | params=56
2026-09-09 06:24:57,440 INFO   crossover  | C-P-P-P-P-P-P-P-P      | fitness=0.2604 | val_acc=0.7692 | bal_acc=0.7669 | min_recall=0.7619 | params=56
2026-09-09 06:24:57,442 INFO   crossover  | C-P-C-P-C-P-P-P-P-C-P-P-P-P | fitness=0.2991 | val_acc=0.7051 | bal_acc=0.7231 | min_recall=0.6842 | params=78
2026-09-09 06:24:57,450 INFO   crossover  | C-P-C-P-C-P-P-P-P-C-P-P-P-P | fitness=0.3114 | val_acc=0.7436 | bal_acc=0.7343 | min_recall=0.7143 | params=78
2026-09-09 06:24:57,451 INFO   crossover  | C-P-C-P-C-P-P-P-P-P-P-P-P-P | fitness=0.3219 | val_acc=0.7179 | bal_acc=0.7168 | min_recall=0.7143 | params=78
2026-09-09 06:24:57,453 INFO   crossover  | C-P-C-P-C-P-P-C-P-P-P-P | fitness=0.3617 | val_acc=0.6795 | bal_acc=0.6754 | min_recall=0.6667 | params=76
2026-09-09 06:24:57,458 INFO   mutate     | C-P-C-C-C-C-P-P-C-P    | fitness=0.3248 | val_acc=0.7179 | bal_acc=0.7168 | min_recall=0.7143 | params=175
2026-09-09 06:24:57,459 INFO   mutate     | C-P-C-P-C-P-P-P-C-P-P-P-P | fitness=0.3129 | val_acc=0.6667 | bal_acc=0.6967 | min_recall=0.6316 | params=78
2026-09-09 06:24:57,461 INFO   mutate     | C-P-C-P-C-P-P-P-P-C-P-P-P | fitness=0.2760 | val_acc=0.7564 | bal_acc=0.7581 | min_recall=0.7544 | params=78
2026-09-09 06:24:57,461 INFO Best so far → val_acc=0.7436  bal_acc=0.7644  min_recall=0.7193  fitness=0.2409  params=56  id=36320221…
2026-09-09 06:24:57,462 INFO Memory table saved.
2026-09-09 06:24:57,462 INFO 
=== Evo step 8/10 ===
2026-09-09 06:24:57,462 INFO Top-3: 36320221… fit=0.2409  |  -4829619… fit=0.2500  |  33067946… fit=0.3640
2026-09-09 06:24:57,479 INFO Generated 9 valid novel children
2026-09-09 06:26:47,087 INFO   crossover  | C-P-P-P-P-P            | fitness=0.3141 | val_acc=0.6923 | bal_acc=0.6992 | min_recall=0.6842 | params=56
2026-09-09 06:26:47,094 INFO   crossover  | C-P-P-P-P-P-P-P        | fitness=0.3409 | val_acc=0.7051 | bal_acc=0.6930 | min_recall=0.6667 | params=56
2026-09-09 06:26:47,095 INFO   crossover  | C-P-C-P-C-P-P-P-P-C-P-P-P-P | fitness=0.2780 | val_acc=0.7564 | bal_acc=0.7581 | min_recall=0.7544 | params=78
2026-09-09 06:26:47,097 INFO   crossover  | C-P-C-P-C-P-P-P-P-C-P-P-P-P | fitness=0.3271 | val_acc=0.7051 | bal_acc=0.7080 | min_recall=0.7018 | params=78
2026-09-09 06:26:47,098 INFO   crossover  | C-P-P-P-P-P-P-C-C      | fitness=0.2710 | val_acc=0.7436 | bal_acc=0.7494 | min_recall=0.7368 | params=56
2026-09-09 06:26:47,103 INFO   crossover  | C-C-P-P-P-P-C-P-P-P-P  | fitness=0.3552 | val_acc=0.6923 | bal_acc=0.6842 | min_recall=0.6667 | params=84
2026-09-09 06:26:47,104 INFO   mutate     | C-P-P-P-P-P-P-C-C      | fitness=0.3271 | val_acc=0.7436 | bal_acc=0.7193 | min_recall=0.6667 | params=56
2026-09-09 06:26:47,105 INFO   mutate     | C-P-C-P-C-P-P-P-P-C-P-P-P-P | fitness=0.2886 | val_acc=0.7308 | bal_acc=0.7406 | min_recall=0.7193 | params=78
2026-09-09 06:26:47,107 INFO   mutate     | C-P-P-P-P-P-P-P-P      | fitness=0.3376 | val_acc=0.7179 | bal_acc=0.7018 | min_recall=0.6667 | params=56
2026-09-09 06:26:47,107 INFO Best so far → val_acc=0.7436  bal_acc=0.7644  min_recall=0.7193  fitness=0.2409  params=56  id=36320221…
2026-09-09 06:26:47,108 INFO Memory table saved.
2026-09-09 06:26:47,109 INFO 
=== Evo step 9/10 ===
2026-09-09 06:26:47,109 INFO Top-3: 36320221… fit=0.2409  |  -4829619… fit=0.2500  |  -6058455… fit=0.2500
2026-09-09 06:26:47,154 INFO Generated 9 valid novel children
2026-09-09 06:28:05,954 INFO   crossover  | C-P-P-P-P-P-P          | fitness=0.2880 | val_acc=0.6923 | bal_acc=0.7143 | min_recall=0.6667 | params=56
2026-09-09 06:28:05,957 INFO   crossover  | C-P-P-P-P-P-P-P-P      | fitness=0.4078 | val_acc=0.6154 | bal_acc=0.6165 | min_recall=0.6140 | params=56
2026-09-09 06:28:05,961 INFO   crossover  | C-P-C-P-C-P-P-P-P-P-P-P-P-C | fitness=0.3447 | val_acc=0.7308 | bal_acc=0.7105 | min_recall=0.6667 | params=78
2026-09-09 06:28:05,962 INFO   crossover  | C-P-P-P-P-P-P-P        | fitness=0.4158 | val_acc=0.5128 | bal_acc=0.5614 | min_recall=0.4561 | params=22
2026-09-09 06:28:05,967 INFO   crossover  | C-P-P-P-P-P-P-P-P-P-P-C-C | fitness=0.3123 | val_acc=0.7308 | bal_acc=0.7256 | min_recall=0.7143 | params=56
2026-09-09 06:28:05,968 INFO   crossover  | C-P-P-P-P-C-P-P-P-P-C-P-P-P | fitness=0.2968 | val_acc=0.7051 | bal_acc=0.7231 | min_recall=0.6842 | params=56
2026-09-09 06:28:05,970 INFO   mutate     | C-P-P-P-P-P            | fitness=0.2983 | val_acc=0.7308 | bal_acc=0.7256 | min_recall=0.7143 | params=56
2026-09-09 06:28:05,980 INFO   mutate     | C-P-C-P-C-P-P-P-P-C-P-P-P | fitness=0.4708 | val_acc=0.6923 | bal_acc=0.6241 | min_recall=0.4762 | params=78
2026-09-09 06:28:05,981 INFO   mutate     | C-P-P-P-P-P-P-P        | fitness=0.3251 | val_acc=0.7436 | bal_acc=0.7193 | min_recall=0.6667 | params=56
2026-09-09 06:28:05,981 INFO Best so far → val_acc=0.7436  bal_acc=0.7644  min_recall=0.7193  fitness=0.2409  params=56  id=36320221…
2026-09-09 06:28:05,984 INFO Memory table saved.
2026-09-09 06:28:05,984 INFO 
=== Evo step 10/10 ===
2026-09-09 06:28:05,984 INFO Top-3: 36320221… fit=0.2409  |  -4829619… fit=0.2500  |  78858867… fit=0.3077
2026-09-09 06:28:05,998 INFO Generated 9 valid novel children
2026-09-09 06:29:46,425 INFO   crossover  | C-P-P-P-P-P            | fitness=0.2755 | val_acc=0.7179 | bal_acc=0.7318 | min_recall=0.7018 | params=56
2026-09-09 06:29:46,427 INFO   crossover  | C-P-P-P-P-P-P-C-P-P-P-P | fitness=0.3489 | val_acc=0.7051 | bal_acc=0.6930 | min_recall=0.6667 | params=56
2026-09-09 06:29:46,428 INFO   crossover  | C-P-C-P-C-P-C          | fitness=0.3225 | val_acc=0.6795 | bal_acc=0.6905 | min_recall=0.6667 | params=69
2026-09-09 06:29:46,429 INFO   crossover  | C-P-C-P-C-P-P-P-P      | fitness=0.2756 | val_acc=0.6667 | bal_acc=0.7118 | min_recall=0.6140 | params=66
2026-09-09 06:29:46,431 INFO   crossover  | C-P-C-P-C-P-P-C        | fitness=0.2758 | val_acc=0.7308 | bal_acc=0.7406 | min_recall=0.7193 | params=72
2026-09-09 06:29:46,438 INFO   crossover  | C-C-P-P-P-P            | fitness=0.3216 | val_acc=0.6667 | bal_acc=0.6817 | min_recall=0.6491 | params=28
2026-09-09 06:29:46,441 INFO   mutate     | C-P-P-P-P-P            | fitness=0.3422 | val_acc=0.6923 | bal_acc=0.6842 | min_recall=0.6667 | params=56
2026-09-09 06:29:46,442 INFO   mutate     | C-P-C-P-C-P-P-P-P-C-P-P-P-P | fitness=0.3886 | val_acc=0.6923 | bal_acc=0.6692 | min_recall=0.6190 | params=78
2026-09-09 06:29:46,447 INFO   mutate     | P-C-P-C-P-P-P-P-C-P-P-P-P | fitness=0.3136 | val_acc=0.7308 | bal_acc=0.7256 | min_recall=0.7143 | params=70
2026-09-09 06:29:46,447 INFO Best so far → val_acc=0.7436  bal_acc=0.7644  min_recall=0.7193  fitness=0.2409  params=56  id=36320221…
2026-09-09 06:29:46,449 INFO Memory table saved.
2026-09-09 06:29:46,450 INFO 
=== SEARCH COMPLETE ===
2026-09-09 06:29:46,450 INFO Best val_acc  : 0.7436
2026-09-09 06:29:46,450 INFO Best bal_acc  : 0.7644  (mean per-class recall)
2026-09-09 06:29:46,450 INFO Min recall    : 0.7193  (worst class)
2026-09-09 06:29:46,450 INFO Best fitness  : 0.2409
2026-09-09 06:29:46,450 INFO Params        : 56
2026-09-09 06:29:46,450 INFO Layers        : 8  (3 conv + 5 pool)
2026-09-09 06:29:46,450 INFO Circuit structure:
2026-09-09 06:29:46,450 INFO   Structure: C-P-P-P-P-P-C-C  (8 layers = 3 conv + 5 pool)
2026-09-09 06:29:46,450 INFO   Layer 0 CONV  gate=U_14       stride=1 step=1 offset=0 boundary=open
2026-09-09 06:29:46,450 INFO   Layer 1 POOL  gate=pool_ansatz  pattern=!0
2026-09-09 06:29:46,450 INFO   Layer 2 POOL  gate=pool_ansatz  pattern=1*1
2026-09-09 06:29:46,450 INFO   Layer 3 POOL  gate=pool_U       pattern=010
2026-09-09 06:29:46,450 INFO   Layer 4 POOL  gate=pool_ansatz  pattern=*!
2026-09-09 06:29:46,450 INFO   Layer 5 POOL  gate=pool_U       pattern=1*
2026-09-09 06:29:46,450 INFO   Layer 6 CONV  gate=U_13       stride=7 step=2 offset=1 boundary=open
2026-09-09 06:29:46,450 INFO   Layer 7 CONV  gate=U_gate     stride=2 step=7 offset=1 boundary=open
2026-09-09 06:29:46,450 INFO   Qubits surviving: 1 → [7]  | readout wires = [7]
2026-09-09 06:29:46,451 INFO 
============================================================
2026-09-09 06:29:46,451 INFO FINAL TRAINING — BreastMNIST binary QCNN
2026-09-09 06:29:46,451 INFO ============================================================
2026-09-09 06:29:46,451 INFO   Structure: C-P-P-P-P-P-C-C  (8 layers = 3 conv + 5 pool)
2026-09-09 06:29:46,451 INFO   Layer 0 CONV  gate=U_14       stride=1 step=1 offset=0 boundary=open
2026-09-09 06:29:46,451 INFO   Layer 1 POOL  gate=pool_ansatz  pattern=!0
2026-09-09 06:29:46,451 INFO   Layer 2 POOL  gate=pool_ansatz  pattern=1*1
2026-09-09 06:29:46,451 INFO   Layer 3 POOL  gate=pool_U       pattern=010
2026-09-09 06:29:46,451 INFO   Layer 4 POOL  gate=pool_ansatz  pattern=*!
2026-09-09 06:29:46,451 INFO   Layer 5 POOL  gate=pool_U       pattern=1*
2026-09-09 06:29:46,451 INFO   Layer 6 CONV  gate=U_13       stride=7 step=2 offset=1 boundary=open
2026-09-09 06:29:46,451 INFO   Layer 7 CONV  gate=U_gate     stride=2 step=7 offset=1 boundary=open
2026-09-09 06:29:46,451 INFO   Qubits surviving: 1 → [7]  | readout wires = [7]
2026-09-09 06:29:46,452 INFO Circuit: 8 layers (3 conv + 5 pool), 56 trainable parameters.
2026-09-09 06:29:58,833 INFO Epoch    1/200 | loss=0.7957 | val_acc=0.3974 | bal_acc=0.5426 | min_recall=0.228 | lr=0.005000
2026-09-09 06:33:35,302 INFO Epoch   20/200 | loss=0.6086 | val_acc=0.6923 | bal_acc=0.7143 | min_recall=0.667 | lr=0.005000
2026-09-09 06:37:55,089 INFO Epoch   40/200 | loss=0.6028 | val_acc=0.7179 | bal_acc=0.7318 | min_recall=0.702 | lr=0.005000
2026-09-09 06:42:31,428 INFO Epoch   60/200 | loss=0.6048 | val_acc=0.7179 | bal_acc=0.7318 | min_recall=0.702 | lr=0.002500
2026-09-09 06:48:54,881 INFO Epoch   80/200 | loss=0.6004 | val_acc=0.7051 | bal_acc=0.7231 | min_recall=0.684 | lr=0.002500
2026-09-09 06:55:29,871 INFO Epoch  100/200 | loss=0.5974 | val_acc=0.7179 | bal_acc=0.7318 | min_recall=0.702 | lr=0.001250
2026-09-09 07:02:00,833 INFO Epoch  120/200 | loss=0.5946 | val_acc=0.6923 | bal_acc=0.7143 | min_recall=0.667 | lr=0.001250
2026-09-09 07:08:29,844 INFO Epoch  140/200 | loss=0.5993 | val_acc=0.7436 | bal_acc=0.7494 | min_recall=0.737 | lr=0.001250
2026-09-09 07:15:02,312 INFO Epoch  160/200 | loss=0.5965 | val_acc=0.7308 | bal_acc=0.7406 | min_recall=0.719 | lr=0.000625
2026-09-09 07:21:29,561 INFO Epoch  180/200 | loss=0.5957 | val_acc=0.7179 | bal_acc=0.7318 | min_recall=0.702 | lr=0.000625
2026-09-09 07:28:03,603 INFO Epoch  200/200 | loss=0.5930 | val_acc=0.7436 | bal_acc=0.7494 | min_recall=0.737 | lr=0.000313
2026-09-09 07:28:03,603 INFO Training log saved → experiments/pca16/sweep/pool_required_001/training_log.csv
2026-09-09 07:28:03,603 INFO Best val fitness: 0.2456
2026-09-09 07:28:03,603 INFO 
--- Test evaluation (best-val checkpoint) ---
2026-09-09 07:28:05,137 INFO Test accuracy    : 0.7627
Test bal. acc    : 0.7391  (mean per-class recall)
Per-class recall : ['0.6875', '0.7907']
Min recall       : 0.6875
Test ROC-AUC OvR : 0.7740
2026-09-09 07:28:05,144 INFO 
               precision    recall  f1-score   support

    Malignant       0.55      0.69      0.61        32
Normal/Benign       0.87      0.79      0.83        86

     accuracy                           0.76       118
    macro avg       0.71      0.74      0.72       118
 weighted avg       0.78      0.76      0.77       118

2026-09-09 07:28:05,472 INFO Plots saved.
2026-09-09 07:28:05,871 INFO Failed to extract font properties from /usr/share/fonts/truetype/noto/NotoColorEmoji.ttf: Can not load face (unknown file format; error code 0x2)
2026-09-09 07:28:06,563 INFO Circuit diagram saved.
2026-09-09 07:28:06,566 INFO 
Run 'pool_required' complete → {'accuracy': 0.7627118644067796, 'bal_acc': 0.7390988370559097, 'per_class_recalls': [0.6874999997851562, 0.7906976743266632], 'roc_auc_ovr': 0.7739825581395349}
2026-09-09 07:28:06,566 INFO 
>>> PCA-16 sweep run 9/11: malignant_focused
