2026-09-07 20:06:44,287 INFO 
============================================================
2026-09-07 20:06:44,287 INFO SWEEP RUN: deep_circuits  (PCA-16)
2026-09-07 20:06:44,287 INFO Params: {'label': 'deep_circuits', 'LR_EVAL': 0.003, 'N_EPOCHS_EVAL': 60, 'INIT_POP': 10, 'MAX_EVO_STEPS': 10, 'MIN_LAYERS': 6, 'MAX_LAYERS': 14, 'W_CLASS': [0.08, 0.14, 0.125, 0.125, 0.28, 0.125, 0.125]}
2026-09-07 20:06:44,287 INFO ============================================================
2026-09-07 20:06:44,287 INFO 
--- Linear classifier baseline (on 16 PCA features) ---
2026-09-07 20:06:46,586 INFO   val   | acc=0.4529 | bal_acc=0.4023 | min_recall=0.1818 | auc=0.7940
2026-09-07 20:06:46,586 INFO          per-class: ['0.562', '0.510', '0.394', '0.182', '0.414', '0.467', '0.286']
2026-09-07 20:06:46,590 INFO   test  | acc=0.4380 | bal_acc=0.3478 | min_recall=0.2727 | auc=0.7673
2026-09-07 20:06:46,590 INFO          per-class: ['0.300', '0.385', '0.289', '0.278', '0.429', '0.482', '0.273']
2026-09-07 20:06:46,590 INFO Linear baseline saved → experiments/pca16/sweep/deep_circuits_001/linear_baseline.json
2026-09-07 20:06:46,590 INFO Subsampling search training set: 35196 → 2000
2026-09-07 20:06:46,590 INFO Evaluating initial population...
2026-09-07 20:06:46,591 INFO Config: LR=0.003  epochs=60  pop=10  steps=10  W_CLASS=[0.08, 0.14, 0.125, 0.125, 0.28, 0.125, 0.125]
2026-09-07 20:06:46,591 INFO Encoding: dense (RX + RY per qubit), 16 PCA components → 8 qubits
2026-09-07 20:06:46,591 INFO Structure: variable length 6–14 layers  | P_CONV=0.6  | min conv=1  | min pool=0  | readout qubits=3
2026-09-07 20:06:46,923 INFO Initial population: 10 valid genotypes
2026-09-07 20:11:47,403 INFO   random     | C-C-C-C-C-C-C-C        | fitness=0.8880 | val_acc=0.3988 | bal_acc=0.3314 | min_recall=0.0000 | params=136
2026-09-07 20:11:47,407 INFO   random     | C-C-C-C-C-P            | fitness=0.7597 | val_acc=0.4238 | bal_acc=0.3258 | min_recall=0.0625 | params=240
2026-09-07 20:11:47,411 INFO   random     | C-C-C-C-C-P            | fitness=0.9623 | val_acc=0.1944 | bal_acc=0.2707 | min_recall=0.0000 | params=72
2026-09-07 20:11:47,413 INFO   random     | P-C-C-C-C-P            | fitness=0.7269 | val_acc=0.4178 | bal_acc=0.2993 | min_recall=0.0909 | params=157
2026-09-07 20:11:47,415 INFO   random     | C-P-C-C-C-C-C          | fitness=0.9675 | val_acc=0.3036 | bal_acc=0.2693 | min_recall=0.0000 | params=116
2026-09-07 20:11:47,417 INFO   random     | C-C-C-C-C-C-P-C-C      | fitness=0.8443 | val_acc=0.3407 | bal_acc=0.2819 | min_recall=0.0312 | params=112
2026-09-07 20:11:47,418 INFO   random     | P-P-C-C-C-P-C-C        | fitness=1.0440 | val_acc=0.1273 | bal_acc=0.1928 | min_recall=0.0000 | params=56
2026-09-07 20:11:47,424 INFO   random     | C-C-C-C-P-C-C          | fitness=0.7924 | val_acc=0.1733 | bal_acc=0.2863 | min_recall=0.0537 | params=92
2026-09-07 20:11:47,426 INFO   random     | C-C-C-C-C-C            | fitness=0.8008 | val_acc=0.3086 | bal_acc=0.2566 | min_recall=0.0714 | params=142
2026-09-07 20:11:47,430 INFO   random     | C-C-C-C-C-C-C-P-C      | fitness=0.9397 | val_acc=0.3848 | bal_acc=0.2808 | min_recall=0.0000 | params=148
2026-09-07 20:11:47,430 INFO 
=== Evo step 1/10 ===
2026-09-07 20:11:47,430 INFO Top-3: 64270824… fit=0.7269  |  -5778603… fit=0.7597  |  -4953275… fit=0.7924
2026-09-07 20:11:47,433 INFO Generated 9 valid novel children
2026-09-07 20:19:34,086 INFO   crossover  | P-C-C-C-C-C-C-C-P      | fitness=0.9329 | val_acc=0.4128 | bal_acc=0.2979 | min_recall=0.0000 | params=245
2026-09-07 20:19:34,091 INFO   crossover  | P-C-C-C-C-P-C-C        | fitness=0.7545 | val_acc=0.3076 | bal_acc=0.2974 | min_recall=0.1171 | params=88
2026-09-07 20:19:34,095 INFO   crossover  | C-C-C-C-C-C-P          | fitness=0.8735 | val_acc=0.4800 | bal_acc=0.3643 | min_recall=0.0000 | params=302
2026-09-07 20:19:34,099 INFO   crossover  | C-C-C-C-C-P-C-C-C-C-P-C-C | fitness=0.9122 | val_acc=0.3587 | bal_acc=0.3142 | min_recall=0.0000 | params=291
2026-09-07 20:19:34,107 INFO   crossover  | C-C-C-P-C-C-C-C-P      | fitness=0.9100 | val_acc=0.4008 | bal_acc=0.3052 | min_recall=0.0000 | params=205
2026-09-07 20:19:34,111 INFO   crossover  | C-C-C-C-C-C-C-C-C-P    | fitness=0.7818 | val_acc=0.4038 | bal_acc=0.3154 | min_recall=0.0625 | params=294
2026-09-07 20:19:34,116 INFO   mutate     | P-C-C-P-C-C-P          | fitness=0.7673 | val_acc=0.4108 | bal_acc=0.3833 | min_recall=0.0312 | params=129
2026-09-07 20:19:34,119 INFO   mutate     | C-C-C-C-C-P-P          | fitness=0.7533 | val_acc=0.4739 | bal_acc=0.3691 | min_recall=0.0312 | params=242
2026-09-07 20:19:34,124 INFO   mutate     | C-C-C-C-C-P-C-C        | fitness=0.7536 | val_acc=0.3106 | bal_acc=0.2836 | min_recall=0.0909 | params=164
2026-09-07 20:19:34,124 INFO Best so far → val_acc=0.4178  bal_acc=0.2993  min_recall=0.0909  fitness=0.7269  params=157  id=64270824…
2026-09-07 20:19:34,124 INFO Memory table saved.
2026-09-07 20:19:34,124 INFO 
=== Evo step 2/10 ===
2026-09-07 20:19:34,124 INFO Top-3: 64270824… fit=0.7269  |  73668728… fit=0.7533  |  -7686635… fit=0.9675
2026-09-07 20:19:34,128 INFO Generated 9 valid novel children
2026-09-07 20:29:35,387 INFO   crossover  | P-C-C-C-C-C-P-P        | fitness=0.7414 | val_acc=0.4309 | bal_acc=0.3270 | min_recall=0.0714 | params=144
2026-09-07 20:29:35,396 INFO   crossover  | P-C-C-C-C-C-C-C-P-C-C  | fitness=0.8633 | val_acc=0.4729 | bal_acc=0.3530 | min_recall=0.0000 | params=256
2026-09-07 20:29:35,400 INFO   crossover  | C-C-C-C-C-C-C-C-C-P    | fitness=0.8803 | val_acc=0.4489 | bal_acc=0.2912 | min_recall=0.0312 | params=390
2026-09-07 20:29:35,404 INFO   crossover  | C-C-C-C-C-C-P-C-C      | fitness=0.8128 | val_acc=0.3397 | bal_acc=0.3239 | min_recall=0.0312 | params=284
2026-09-07 20:29:35,409 INFO   crossover  | C-C-C-C-C-P-C-C-C-P    | fitness=0.9212 | val_acc=0.4399 | bal_acc=0.2703 | min_recall=0.0000 | params=247
2026-09-07 20:29:35,411 INFO   crossover  | C-C-C-C-C-P-C-C-C-C-P-P | fitness=0.8017 | val_acc=0.3216 | bal_acc=0.3103 | min_recall=0.0625 | params=230
2026-09-07 20:29:35,413 INFO   mutate     | P-C-C-C-C-C-P          | fitness=0.9109 | val_acc=0.4178 | bal_acc=0.2823 | min_recall=0.0000 | params=159
2026-09-07 20:29:35,419 INFO   mutate     | C-C-C-C-C-C            | fitness=0.7350 | val_acc=0.4259 | bal_acc=0.3453 | min_recall=0.0625 | params=224
2026-09-07 20:29:35,421 INFO   mutate     | C-C-C-C-C-P-C-C        | fitness=0.7395 | val_acc=0.2064 | bal_acc=0.3087 | min_recall=0.0909 | params=158
2026-09-07 20:29:35,421 INFO Best so far → val_acc=0.4178  bal_acc=0.2993  min_recall=0.0909  fitness=0.7269  params=157  id=64270824…
2026-09-07 20:29:35,422 INFO Memory table saved.
2026-09-07 20:29:35,422 INFO 
=== Evo step 3/10 ===
2026-09-07 20:29:35,422 INFO Top-3: 64270824… fit=0.7269  |  -8808870… fit=0.7350  |  73668728… fit=0.7533
2026-09-07 20:29:35,428 INFO Generated 9 valid novel children
2026-09-07 20:36:35,689 INFO   crossover  | P-C-C-C-C-C-C-C        | fitness=0.6852 | val_acc=0.4218 | bal_acc=0.3352 | min_recall=0.0909 | params=205
2026-09-07 20:36:35,693 INFO   crossover  | P-C-C-C-C-P-C-C        | fitness=0.9345 | val_acc=0.3527 | bal_acc=0.2552 | min_recall=0.0000 | params=199
2026-09-07 20:36:35,697 INFO   crossover  | C-C-C-C-C-C-P          | fitness=0.8186 | val_acc=0.4569 | bal_acc=0.3306 | min_recall=0.0312 | params=332
2026-09-07 20:36:35,703 INFO   crossover  | C-C-C-C-C-C-C          | fitness=0.8892 | val_acc=0.4279 | bal_acc=0.3605 | min_recall=0.0000 | params=292
2026-09-07 20:36:35,707 INFO   crossover  | C-P-C-C-P-C-C-C-C-P    | fitness=0.8254 | val_acc=0.1964 | bal_acc=0.2973 | min_recall=0.0312 | params=147
2026-09-07 20:36:35,715 INFO   crossover  | C-P-C-C-C-C-C-C        | fitness=0.7426 | val_acc=0.2405 | bal_acc=0.2793 | min_recall=0.0909 | params=124
2026-09-07 20:36:35,720 INFO   mutate     | P-C-C-C-C-C-C-C-P-C-P-C-C | fitness=0.7049 | val_acc=0.3778 | bal_acc=0.3276 | min_recall=0.1429 | params=218
2026-09-07 20:36:35,724 INFO   mutate     | C-P-C-C-C-C            | fitness=0.7127 | val_acc=0.4259 | bal_acc=0.3383 | min_recall=0.0714 | params=155
2026-09-07 20:36:35,729 INFO   mutate     | C-P-C-C-C-C            | fitness=0.9083 | val_acc=0.3287 | bal_acc=0.2838 | min_recall=0.0000 | params=96
2026-09-07 20:36:35,729 INFO Best so far → val_acc=0.4218  bal_acc=0.3352  min_recall=0.0909  fitness=0.6852  params=205  id=-5015212…
2026-09-07 20:36:35,730 INFO Memory table saved.
2026-09-07 20:36:35,730 INFO 
=== Evo step 4/10 ===
2026-09-07 20:36:35,730 INFO Top-3: -5015212… fit=0.6852  |  16826923… fit=0.7049  |  68186230… fit=0.7536
2026-09-07 20:36:35,740 INFO Generated 9 valid novel children
2026-09-07 20:44:29,277 INFO   crossover  | P-C-C-C-C-C-C-C-P-C-C  | fitness=0.8914 | val_acc=0.4118 | bal_acc=0.3044 | min_recall=0.0000 | params=230
2026-09-07 20:44:29,280 INFO   crossover  | P-C-C-C-C-C            | fitness=0.9196 | val_acc=0.1523 | bal_acc=0.2659 | min_recall=0.0000 | params=56
2026-09-07 20:44:29,286 INFO   crossover  | P-C-C-C-C-C-C-C-C-C-C-C-C-C | fitness=0.9291 | val_acc=0.4078 | bal_acc=0.3152 | min_recall=0.0000 | params=342
2026-09-07 20:44:29,289 INFO   crossover  | P-C-C-C-C-C-C-C-C-C    | fitness=0.7473 | val_acc=0.4549 | bal_acc=0.3375 | min_recall=0.0625 | params=200
2026-09-07 20:44:29,292 INFO   crossover  | C-P-C-C-C-C-C-C        | fitness=0.8495 | val_acc=0.4479 | bal_acc=0.3749 | min_recall=0.0000 | params=165
2026-09-07 20:44:29,293 INFO   crossover  | C-C-C-C-C-C-C-P-C-P-C-C | fitness=0.8721 | val_acc=0.4900 | bal_acc=0.3376 | min_recall=0.0000 | params=323
2026-09-07 20:44:29,297 INFO   mutate     | P-C-C-C-C-C-C-C        | fitness=0.7725 | val_acc=0.3497 | bal_acc=0.3232 | min_recall=0.0625 | params=169
2026-09-07 20:44:29,306 INFO   mutate     | P-C-C-C-C-C-C-C-C-P-C-P-C-C | fitness=0.7264 | val_acc=0.4349 | bal_acc=0.3255 | min_recall=0.0909 | params=220
2026-09-07 20:44:29,309 INFO   mutate     | C-P-C-C-C-C            | fitness=0.9382 | val_acc=0.3717 | bal_acc=0.2695 | min_recall=0.0000 | params=155
2026-09-07 20:44:29,309 INFO Best so far → val_acc=0.4218  bal_acc=0.3352  min_recall=0.0909  fitness=0.6852  params=205  id=-5015212…
2026-09-07 20:44:29,311 INFO Memory table saved.
2026-09-07 20:44:29,311 INFO 
=== Evo step 5/10 ===
2026-09-07 20:44:29,311 INFO Top-3: -5015212… fit=0.6852  |  16826923… fit=0.7049  |  45180954… fit=0.7545
2026-09-07 20:44:29,319 INFO Generated 9 valid novel children
2026-09-07 20:52:37,565 INFO   crossover  | P-C-C-C-C-C-C-C-C-C-C-P-C-P | fitness=0.9049 | val_acc=0.4259 | bal_acc=0.3252 | min_recall=0.0000 | params=316
2026-09-07 20:52:37,570 INFO   crossover  | P-C-C-C-C-C-P-C-C-C-C  | fitness=0.9188 | val_acc=0.4399 | bal_acc=0.3014 | min_recall=0.0000 | params=224
2026-09-07 20:52:37,574 INFO   crossover  | P-C-C-C-C-C-C-C-P-C-C-C-C-C | fitness=0.9142 | val_acc=0.4218 | bal_acc=0.3266 | min_recall=0.0000 | params=339
2026-09-07 20:52:37,582 INFO   crossover  | P-C-C-C-C-C-C-C-P-C-P-C-C-C | fitness=0.6806 | val_acc=0.4329 | bal_acc=0.3725 | min_recall=0.1562 | params=224
2026-09-07 20:52:37,587 INFO   crossover  | C-C-C-C-C-C            | fitness=0.8857 | val_acc=0.3978 | bal_acc=0.2779 | min_recall=0.0312 | params=300
2026-09-07 20:52:37,590 INFO   crossover  | C-P-C-P-C-C            | fitness=0.7857 | val_acc=0.4339 | bal_acc=0.3197 | min_recall=0.0625 | params=159
2026-09-07 20:52:37,595 INFO   mutate     | C-C-C-C-C-C-C          | fitness=0.6548 | val_acc=0.3317 | bal_acc=0.3604 | min_recall=0.1429 | params=226
2026-09-07 20:52:37,598 INFO   mutate     | P-C-C-C-C-C-C-C-P-C    | fitness=0.8816 | val_acc=0.3717 | bal_acc=0.3388 | min_recall=0.0000 | params=185
2026-09-07 20:52:37,603 INFO   mutate     | C-P-C-C-P-C            | fitness=0.8209 | val_acc=0.4088 | bal_acc=0.3061 | min_recall=0.0312 | params=152
2026-09-07 20:52:37,603 INFO Best so far → val_acc=0.3317  bal_acc=0.3604  min_recall=0.1429  fitness=0.6548  params=226  id=-2587111…
2026-09-07 20:52:37,604 INFO Memory table saved.
2026-09-07 20:52:37,604 INFO 
=== Evo step 6/10 ===
2026-09-07 20:52:37,604 INFO Top-3: -2587111… fit=0.6548  |  -7959193… fit=0.6806  |  81810622… fit=0.8128
2026-09-07 20:52:37,609 INFO Generated 9 valid novel children
2026-09-07 20:59:35,265 INFO   crossover  | C-C-C-C-C-C            | fitness=0.7895 | val_acc=0.3457 | bal_acc=0.2698 | min_recall=0.0625 | params=210
2026-09-07 20:59:35,270 INFO   crossover  | C-C-C-C-C-C            | fitness=0.8795 | val_acc=0.1673 | bal_acc=0.2479 | min_recall=0.0312 | params=98
2026-09-07 20:59:35,273 INFO   crossover  | P-C-C-C-C-C-C-C-P-C-C-C | fitness=0.7862 | val_acc=0.3707 | bal_acc=0.3163 | min_recall=0.0625 | params=229
2026-09-07 20:59:35,282 INFO   crossover  | P-C-C-C-C-C-C-C-P-C-C-C-C-C | fitness=0.8893 | val_acc=0.4499 | bal_acc=0.3270 | min_recall=0.0000 | params=245
2026-09-07 20:59:35,287 INFO   crossover  | P-C-C-C-C-C-C-C-C-C-C-C | fitness=0.6572 | val_acc=0.4679 | bal_acc=0.3663 | min_recall=0.1562 | params=219
2026-09-07 20:59:35,291 INFO   crossover  | P-C-C-C-C-C-C          | fitness=0.7102 | val_acc=0.3808 | bal_acc=0.3697 | min_recall=0.0625 | params=62
2026-09-07 20:59:35,295 INFO   mutate     | C-C-C-C-C-C            | fitness=0.8084 | val_acc=0.3577 | bal_acc=0.2621 | min_recall=0.0625 | params=214
2026-09-07 20:59:35,299 INFO   mutate     | P-C-C-C-C-C-C-C-P-C-C-C | fitness=0.6835 | val_acc=0.4299 | bal_acc=0.3607 | min_recall=0.1429 | params=209
2026-09-07 20:59:35,303 INFO   mutate     | P-C-C-C-C-C            | fitness=0.9355 | val_acc=0.3477 | bal_acc=0.2476 | min_recall=0.0000 | params=99
2026-09-07 20:59:35,303 INFO Best so far → val_acc=0.3317  bal_acc=0.3604  min_recall=0.1429  fitness=0.6548  params=226  id=-2587111…
2026-09-07 20:59:35,305 INFO Memory table saved.
2026-09-07 20:59:35,305 INFO 
=== Evo step 7/10 ===
2026-09-07 20:59:35,305 INFO Top-3: -2587111… fit=0.6548  |  -8420400… fit=0.6572  |  12314240… fit=0.9049
2026-09-07 20:59:35,313 INFO Generated 9 valid novel children
2026-09-07 21:09:00,009 INFO   crossover  | C-C-C-C-C-C-C-C-C-C-C-C-C | fitness=0.9155 | val_acc=0.3727 | bal_acc=0.2881 | min_recall=0.0000 | params=400
2026-09-07 21:09:00,018 INFO   crossover  | C-C-C-C-C-C-P-C-P-C-C-C | fitness=0.7501 | val_acc=0.3928 | bal_acc=0.3274 | min_recall=0.0714 | params=247
2026-09-07 21:09:00,023 INFO   crossover  | P-C-C-C-C-C-C-C-C-C-C  | fitness=0.8416 | val_acc=0.4058 | bal_acc=0.3165 | min_recall=0.0312 | params=213
2026-09-07 21:09:00,028 INFO   crossover  | P-C-C-C-C-C-C-C-C-C-P-C-C-C | fitness=0.8618 | val_acc=0.4038 | bal_acc=0.3433 | min_recall=0.0000 | params=263
2026-09-07 21:09:00,033 INFO   crossover  | P-C-C-C-C-C            | fitness=0.7683 | val_acc=0.3958 | bal_acc=0.3097 | min_recall=0.0625 | params=159
2026-09-07 21:09:00,036 INFO   crossover  | P-C-C-C-C-C-C-C-C-C-C-C-C-C | fitness=0.8556 | val_acc=0.4118 | bal_acc=0.3169 | min_recall=0.0312 | params=332
2026-09-07 21:09:00,041 INFO   mutate     | C-C-C-C-C-C-C          | fitness=0.7331 | val_acc=0.3778 | bal_acc=0.3158 | min_recall=0.0909 | params=230
2026-09-07 21:09:00,050 INFO   mutate     | C-C-C-C-C-C-C-C-C-C-C  | fitness=0.8641 | val_acc=0.3968 | bal_acc=0.3386 | min_recall=0.0000 | params=240
2026-09-07 21:09:00,052 INFO   mutate     | P-C-C-C-C-C-P-C-P-C    | fitness=0.8061 | val_acc=0.3607 | bal_acc=0.3016 | min_recall=0.0625 | params=200
2026-09-07 21:09:00,052 INFO Best so far → val_acc=0.3317  bal_acc=0.3604  min_recall=0.1429  fitness=0.6548  params=226  id=-2587111…
2026-09-07 21:09:00,053 INFO Memory table saved.
2026-09-07 21:09:00,053 INFO 
=== Evo step 8/10 ===
2026-09-07 21:09:00,053 INFO Top-3: -2587111… fit=0.6548  |  -8420400… fit=0.6572  |  -7959193… fit=0.6806
2026-09-07 21:09:00,058 INFO Generated 9 valid novel children
2026-09-07 21:19:00,576 INFO   crossover  | C-C-C-C-C-C-C-C-C-C-C-C-C-C | fitness=0.9403 | val_acc=0.4248 | bal_acc=0.3090 | min_recall=0.0000 | params=412
2026-09-07 21:19:00,580 INFO   crossover  | C-C-C-C-C-C-C-C-C      | fitness=0.8877 | val_acc=0.4098 | bal_acc=0.3218 | min_recall=0.0000 | params=338
2026-09-07 21:19:00,584 INFO   crossover  | P-C-C-C-C-C-C-C        | fitness=0.9219 | val_acc=0.2665 | bal_acc=0.2954 | min_recall=0.0000 | params=68
2026-09-07 21:19:00,588 INFO   crossover  | P-C-C-C-C-C-C-C-C-C-C-C | fitness=0.9229 | val_acc=0.4058 | bal_acc=0.2901 | min_recall=0.0000 | params=318
2026-09-07 21:19:00,599 INFO   crossover  | C-C-C-C-C-C-C-C-C-C-C  | fitness=0.9043 | val_acc=0.3337 | bal_acc=0.3220 | min_recall=0.0000 | params=390
2026-09-07 21:19:00,604 INFO   crossover  | C-C-C-C-C-C-C-C-C-C    | fitness=0.6827 | val_acc=0.4028 | bal_acc=0.3510 | min_recall=0.1818 | params=236
2026-09-07 21:19:00,607 INFO   mutate     | C-C-C-C-C-C-C          | fitness=0.8368 | val_acc=0.4479 | bal_acc=0.3018 | min_recall=0.0312 | params=240
2026-09-07 21:19:00,612 INFO   mutate     | P-C-C-C-C-C-C-C-C-C-C  | fitness=0.8889 | val_acc=0.3427 | bal_acc=0.2925 | min_recall=0.0000 | params=114
2026-09-07 21:19:00,615 INFO   mutate     | C-C-C-C-C-C            | fitness=0.7651 | val_acc=0.3627 | bal_acc=0.3209 | min_recall=0.0625 | params=212
2026-09-07 21:19:00,616 INFO Best so far → val_acc=0.3317  bal_acc=0.3604  min_recall=0.1429  fitness=0.6548  params=226  id=-2587111…
2026-09-07 21:19:00,618 INFO Memory table saved.
2026-09-07 21:19:00,618 INFO 
=== Evo step 9/10 ===
2026-09-07 21:19:00,618 INFO Top-3: -2587111… fit=0.6548  |  -8420400… fit=0.6572  |  -7959193… fit=0.6806
2026-09-07 21:19:00,624 INFO Generated 9 valid novel children
2026-09-07 21:29:55,514 INFO   crossover  | C-C-C-C-C-C-C-C-C-C-C-C-C-C | fitness=0.7646 | val_acc=0.4128 | bal_acc=0.3235 | min_recall=0.0714 | params=426
2026-09-07 21:29:55,519 INFO   crossover  | C-C-C-C-C-C-C-C-P-C-P-C-C-C | fitness=0.9214 | val_acc=0.3246 | bal_acc=0.3002 | min_recall=0.0000 | params=291
2026-09-07 21:29:55,528 INFO   crossover  | P-C-C-C-C-C-C-C-C-C-C-C-C-C | fitness=0.6605 | val_acc=0.4269 | bal_acc=0.3514 | min_recall=0.1429 | params=320
2026-09-07 21:29:55,531 INFO   crossover  | P-C-C-C-C-C-C-C-C-C-C-C-C-C | fitness=0.8281 | val_acc=0.4369 | bal_acc=0.3317 | min_recall=0.0312 | params=251
2026-09-07 21:29:55,536 INFO   crossover  | P-C-C-C-C-C-C-C-P-C-C-C-C-C | fitness=0.7172 | val_acc=0.3988 | bal_acc=0.3309 | min_recall=0.0937 | params=333
2026-09-07 21:29:55,540 INFO   crossover  | P-C-C-C-P-C-C-C-C-C-C-C-C-C | fitness=0.9211 | val_acc=0.3808 | bal_acc=0.3048 | min_recall=0.0000 | params=254
2026-09-07 21:29:55,544 INFO   mutate     | C-C-C-C-C-C-C          | fitness=0.9170 | val_acc=0.4950 | bal_acc=0.3003 | min_recall=0.0000 | params=234
2026-09-07 21:29:55,548 INFO   mutate     | P-C-C-C-C-C-C-C-C-C-C  | fitness=0.6633 | val_acc=0.4569 | bal_acc=0.3553 | min_recall=0.1429 | params=219
2026-09-07 21:29:55,557 INFO   mutate     | P-C-C-C-C-C-C-P-C-P-C-C-C | fitness=0.8934 | val_acc=0.4078 | bal_acc=0.3127 | min_recall=0.0000 | params=220
2026-09-07 21:29:55,557 INFO Best so far → val_acc=0.3317  bal_acc=0.3604  min_recall=0.1429  fitness=0.6548  params=226  id=-2587111…
2026-09-07 21:29:55,559 INFO Memory table saved.
2026-09-07 21:29:55,559 INFO 
=== Evo step 10/10 ===
2026-09-07 21:29:55,559 INFO Top-3: -2587111… fit=0.6548  |  -8420400… fit=0.6572  |  -4263834… fit=0.9170
2026-09-07 21:29:55,565 INFO Generated 9 valid novel children
2026-09-07 21:40:25,057 INFO   crossover  | C-C-C-C-C-C-C-C-C-C-C-C | fitness=0.9203 | val_acc=0.3196 | bal_acc=0.2948 | min_recall=0.0000 | params=402
2026-09-07 21:40:25,060 INFO   crossover  | C-C-C-C-C-C-C-C-C-C-C-C-C-C | fitness=0.8943 | val_acc=0.4529 | bal_acc=0.3357 | min_recall=0.0000 | params=398
2026-09-07 21:40:25,062 INFO   crossover  | P-C-C-C-C-C-C-C-C-C    | fitness=0.8961 | val_acc=0.4599 | bal_acc=0.3119 | min_recall=0.0000 | params=114
2026-09-07 21:40:25,064 INFO   crossover  | P-C-C-C-C-C-C-C-C      | fitness=0.6735 | val_acc=0.4469 | bal_acc=0.3500 | min_recall=0.0909 | params=306
2026-09-07 21:40:25,065 INFO   crossover  | P-C-C-C-C-C            | fitness=0.8641 | val_acc=0.4609 | bal_acc=0.3209 | min_recall=0.0000 | params=165
2026-09-07 21:40:25,071 INFO   crossover  | P-C-C-C-C-C            | fitness=0.9018 | val_acc=0.4619 | bal_acc=0.3026 | min_recall=0.0000 | params=100
2026-09-07 21:40:25,073 INFO   mutate     | C-C-C-C-C-P-C-C        | fitness=0.6932 | val_acc=0.3878 | bal_acc=0.3495 | min_recall=0.1818 | params=240
2026-09-07 21:40:25,075 INFO   mutate     | P-C-C-C-C-C-C-C-C-C-C-C-C-C | fitness=0.7039 | val_acc=0.4279 | bal_acc=0.3372 | min_recall=0.0909 | params=291
2026-09-07 21:40:25,077 INFO   mutate     | P-C-C-C-C-C-C-C-C-C-C-C-C-P | fitness=0.6481 | val_acc=0.4168 | bal_acc=0.4110 | min_recall=0.2143 | params=332
2026-09-07 21:40:25,077 INFO Best so far → val_acc=0.4168  bal_acc=0.4110  min_recall=0.2143  fitness=0.6481  params=332  id=-7104916…
2026-09-07 21:40:25,080 INFO Memory table saved.
2026-09-07 21:40:25,080 INFO 
=== SEARCH COMPLETE ===
2026-09-07 21:40:25,080 INFO Best val_acc  : 0.4168
2026-09-07 21:40:25,080 INFO Best bal_acc  : 0.4110  (mean per-class recall)
2026-09-07 21:40:25,080 INFO Min recall    : 0.2143  (worst class)
2026-09-07 21:40:25,080 INFO Best fitness  : 0.6481
2026-09-07 21:40:25,080 INFO Params        : 332
2026-09-07 21:40:25,080 INFO Layers        : 14  (12 conv + 2 pool)
2026-09-07 21:40:25,080 INFO Circuit structure:
2026-09-07 21:40:25,080 INFO   Structure: P-C-C-C-C-C-C-C-C-C-C-C-C-P  (14 layers = 12 conv + 2 pool)
2026-09-07 21:40:25,080 INFO   Layer 0 POOL  gate=pool_U       pattern=*1
2026-09-07 21:40:25,080 INFO   Layer 1 CONV  gate=U_SO4      stride=5 step=1 offset=1 boundary=periodic
2026-09-07 21:40:25,080 INFO   Layer 2 CONV  gate=U_9        stride=2 step=3 offset=1 boundary=open
2026-09-07 21:40:25,080 INFO   Layer 3 CONV  gate=U_5        stride=6 step=2 offset=2 boundary=open
2026-09-07 21:40:25,080 INFO   Layer 4 CONV  gate=U_14       stride=5 step=7 offset=1 boundary=periodic
2026-09-07 21:40:25,080 INFO   Layer 5 CONV  gate=U_9        stride=6 step=5 offset=1 boundary=periodic
2026-09-07 21:40:25,080 INFO   Layer 6 CONV  gate=U_9        stride=2 step=3 offset=1 boundary=open
2026-09-07 21:40:25,081 INFO   Layer 7 CONV  gate=U_5        stride=6 step=2 offset=2 boundary=open
2026-09-07 21:40:25,081 INFO   Layer 8 CONV  gate=U_SU4      stride=3 step=1 offset=0 boundary=periodic
2026-09-07 21:40:25,081 INFO   Layer 9 CONV  gate=U_9        stride=2 step=3 offset=1 boundary=open
2026-09-07 21:40:25,081 INFO   Layer 10 CONV  gate=U_5        stride=6 step=2 offset=2 boundary=open
2026-09-07 21:40:25,081 INFO   Layer 11 CONV  gate=U_SU4      stride=3 step=1 offset=0 boundary=periodic
2026-09-07 21:40:25,081 INFO   Layer 12 CONV  gate=U_6        stride=2 step=2 offset=0 boundary=periodic
2026-09-07 21:40:25,081 INFO   Layer 13 POOL  gate=pool_U       pattern=01
2026-09-07 21:40:25,081 INFO   Qubits surviving: 4 → [0, 2, 4, 6]  | readout wires = [0, 2, 4]
2026-09-07 21:40:25,081 INFO 
============================================================
2026-09-07 21:40:25,082 INFO FINAL TRAINING — DermaMNIST 7-class QCNN
2026-09-07 21:40:25,082 INFO ============================================================
2026-09-07 21:40:25,082 INFO   Structure: P-C-C-C-C-C-C-C-C-C-C-C-C-P  (14 layers = 12 conv + 2 pool)
2026-09-07 21:40:25,082 INFO   Layer 0 POOL  gate=pool_U       pattern=*1
2026-09-07 21:40:25,082 INFO   Layer 1 CONV  gate=U_SO4      stride=5 step=1 offset=1 boundary=periodic
2026-09-07 21:40:25,082 INFO   Layer 2 CONV  gate=U_9        stride=2 step=3 offset=1 boundary=open
2026-09-07 21:40:25,082 INFO   Layer 3 CONV  gate=U_5        stride=6 step=2 offset=2 boundary=open
2026-09-07 21:40:25,082 INFO   Layer 4 CONV  gate=U_14       stride=5 step=7 offset=1 boundary=periodic
2026-09-07 21:40:25,082 INFO   Layer 5 CONV  gate=U_9        stride=6 step=5 offset=1 boundary=periodic
2026-09-07 21:40:25,082 INFO   Layer 6 CONV  gate=U_9        stride=2 step=3 offset=1 boundary=open
2026-09-07 21:40:25,082 INFO   Layer 7 CONV  gate=U_5        stride=6 step=2 offset=2 boundary=open
2026-09-07 21:40:25,082 INFO   Layer 8 CONV  gate=U_SU4      stride=3 step=1 offset=0 boundary=periodic
2026-09-07 21:40:25,082 INFO   Layer 9 CONV  gate=U_9        stride=2 step=3 offset=1 boundary=open
2026-09-07 21:40:25,082 INFO   Layer 10 CONV  gate=U_5        stride=6 step=2 offset=2 boundary=open
2026-09-07 21:40:25,082 INFO   Layer 11 CONV  gate=U_SU4      stride=3 step=1 offset=0 boundary=periodic
2026-09-07 21:40:25,082 INFO   Layer 12 CONV  gate=U_6        stride=2 step=2 offset=0 boundary=periodic
2026-09-07 21:40:25,082 INFO   Layer 13 POOL  gate=pool_U       pattern=01
2026-09-07 21:40:25,083 INFO   Qubits surviving: 4 → [0, 2, 4, 6]  | readout wires = [0, 2, 4]
2026-09-07 21:40:25,083 INFO Circuit: 14 layers (12 conv + 2 pool), 332 trainable parameters.
2026-09-07 21:44:09,978 INFO Epoch    1/100 | loss=1.7850 | val_acc=0.3918 | bal_acc=0.3378 | min_recall=0.214 | lr=0.005000
2026-09-07 23:01:17,489 INFO Epoch   20/100 | loss=1.7074 | val_acc=0.4469 | bal_acc=0.3639 | min_recall=0.091 | lr=0.005000
2026-09-08 00:00:55,309 INFO Epoch   40/100 | loss=1.7050 | val_acc=0.4319 | bal_acc=0.3635 | min_recall=0.091 | lr=0.005000
2026-09-08 00:51:52,093 INFO Epoch   60/100 | loss=1.6981 | val_acc=0.4529 | bal_acc=0.4028 | min_recall=0.182 | lr=0.002500
2026-09-08 02:06:50,052 INFO Epoch   80/100 | loss=1.6982 | val_acc=0.4579 | bal_acc=0.3855 | min_recall=0.182 | lr=0.002500
2026-09-08 03:29:58,884 INFO Epoch  100/100 | loss=1.6971 | val_acc=0.4920 | bal_acc=0.3655 | min_recall=0.187 | lr=0.001250
2026-09-08 03:29:58,884 INFO Training log saved → experiments/pca16/sweep/deep_circuits_001/training_log.csv
2026-09-08 03:29:58,884 INFO Best val fitness: 0.5850
2026-09-08 03:29:58,884 INFO 
--- Test evaluation (best-val checkpoint) ---
2026-09-08 03:30:01,331 INFO Test accuracy    : 0.4380
Test bal. acc    : 0.3704  (mean per-class recall)
Per-class recall : ['0.5000', '0.3462', '0.2048', '0.1667', '0.5952', '0.4618', '0.3182']
Min recall       : 0.1667
Test ROC-AUC OvR : 0.7433
2026-09-08 03:30:01,336 INFO 
              precision    recall  f1-score   support

       akiec       0.13      0.50      0.20        50
         bcc       0.22      0.35      0.27        78
         bkl       0.37      0.20      0.26       166
          df       0.05      0.17      0.08        18
         mel       0.25      0.60      0.36       168
          nv       0.95      0.46      0.62      1007
        vasc       0.04      0.32      0.08        22

    accuracy                           0.44      1509
   macro avg       0.29      0.37      0.27      1509
weighted avg       0.72      0.44      0.51      1509

2026-09-08 03:30:01,951 INFO Plots saved.
2026-09-08 03:30:04,160 INFO Failed to extract font properties from /usr/share/fonts/truetype/noto/NotoColorEmoji.ttf: Can not load face (unknown file format; error code 0x2)
2026-09-08 03:30:07,314 INFO Circuit diagram saved.
2026-09-08 03:30:07,322 INFO 
Run 'deep_circuits' complete → {'accuracy': 0.43803843605036447, 'bal_acc': 0.3704039042183728, 'per_class_recalls': [0.4999999999, 0.3461538461094675, 0.2048192770960952, 0.16666666657407406, 0.5952380952026644, 0.46176762660911846, 0.3181818180371901], 'roc_auc_ovr': 0.7432812128363996}
2026-09-08 03:30:07,322 INFO 
>>> PCA-16 sweep run 7/11: conv_heavy
