2026-08-29 04:35:52,491 INFO 
============================================================
2026-08-29 04:35:52,491 INFO SWEEP RUN: pool_required  (PCA-8)
2026-08-29 04:35:52,491 INFO Params: {'label': 'pool_required', 'LR_EVAL': 0.003, 'N_EPOCHS_EVAL': 60, 'INIT_POP': 10, 'MAX_EVO_STEPS': 10, 'P_CONV': 0.5, 'MIN_POOL_LAYERS': 2, 'W_CLASS': [0.1, 0.2, 0.3, 0.4]}
2026-08-29 04:35:52,491 INFO ============================================================
2026-08-29 04:35:52,492 INFO 
--- Linear classifier baseline (on 8 PCA features) ---
2026-08-29 04:35:52,561 INFO   val   | acc=0.5570 | bal_acc=0.4800 | min_recall=0.1875 | auc=0.7735
2026-08-29 04:35:52,562 INFO          per-class: ['0.775', '0.444', '0.187', '0.514']
2026-08-29 04:35:52,564 INFO   test  | acc=0.5615 | bal_acc=0.4779 | min_recall=0.2200 | auc=0.7486
2026-08-29 04:35:52,564 INFO          per-class: ['0.731', '0.276', '0.220', '0.684']
2026-08-29 04:35:52,564 INFO Linear baseline saved → experiments/pca8/sweep/pool_required_001/linear_baseline.json
2026-08-29 04:35:52,564 INFO Subsampling search training set: 2140 → 2000
2026-08-29 04:35:52,573 INFO Evaluating initial population...
2026-08-29 04:35:52,573 INFO Config: LR=0.003  epochs=60  pop=10  steps=10  W_CLASS=[0.1, 0.2, 0.3, 0.4]
2026-08-29 04:35:52,573 INFO Encoding: single (RY per qubit), 8 PCA components → 8 qubits
2026-08-29 04:35:52,573 INFO Structure: variable length 3–10 layers  | P_CONV=0.5  | min conv=1  | min pool=2  | readout qubits=2
2026-08-29 04:35:52,674 INFO Initial population: 10 valid genotypes
2026-08-29 05:32:53,632 INFO   random     | C-C-P-C-P              | fitness=0.6682 | val_acc=0.4937 | bal_acc=0.3889 | min_recall=0.1111 | params=38
2026-08-29 05:32:53,635 INFO   random     | P-C-C-P-C-P            | fitness=0.6272 | val_acc=0.5380 | bal_acc=0.4276 | min_recall=0.1111 | params=68
2026-08-29 05:32:53,636 INFO   random     | C-P-P-C-C              | fitness=0.5602 | val_acc=0.5759 | bal_acc=0.5038 | min_recall=0.3889 | params=78
2026-08-29 05:32:53,638 INFO   random     | C-C-C-P-C-P-C          | fitness=0.6000 | val_acc=0.5316 | bal_acc=0.4602 | min_recall=0.3333 | params=81
2026-08-29 05:32:53,640 INFO   random     | C-C-C-P-P-C-P-C        | fitness=0.7048 | val_acc=0.5253 | bal_acc=0.4414 | min_recall=0.0625 | params=95
2026-08-29 05:32:53,642 INFO   random     | P-C-P                  | fitness=0.6433 | val_acc=0.3481 | bal_acc=0.3506 | min_recall=0.3125 | params=22
2026-08-29 05:32:53,644 INFO   random     | C-P-P                  | fitness=0.6895 | val_acc=0.2405 | bal_acc=0.2554 | min_recall=0.1268 | params=14
2026-08-29 05:32:53,649 INFO   random     | P-C-C-C-C-C-C-P        | fitness=0.6476 | val_acc=0.4620 | bal_acc=0.4281 | min_recall=0.2703 | params=79
2026-08-29 05:32:53,651 INFO   random     | P-C-P                  | fitness=0.6808 | val_acc=0.4051 | bal_acc=0.3542 | min_recall=0.1667 | params=54
2026-08-29 05:32:53,653 INFO   random     | C-P-C-P                | fitness=0.7181 | val_acc=0.4114 | bal_acc=0.3387 | min_recall=0.1111 | params=24
2026-08-29 05:32:53,653 INFO 
=== Evo step 1/10 ===
2026-08-29 05:32:53,653 INFO Top-3: -4235444… fit=0.5602  |  75976094… fit=0.6000  |  16715973… fit=0.6895
2026-08-29 05:32:53,655 INFO Generated 9 valid novel children
2026-08-29 07:00:06,500 INFO   crossover  | C-P-C-P-C              | fitness=0.7592 | val_acc=0.5127 | bal_acc=0.3849 | min_recall=0.0556 | params=59
2026-08-29 07:00:06,502 INFO   crossover  | C-P-C-C-P              | fitness=0.6436 | val_acc=0.4367 | bal_acc=0.4119 | min_recall=0.3243 | params=70
2026-08-29 07:00:06,504 INFO   crossover  | C-P-P-C-C              | fitness=0.6667 | val_acc=0.5316 | bal_acc=0.4617 | min_recall=0.0625 | params=82
2026-08-29 07:00:06,506 INFO   crossover  | C-C-C-P-C-C-C-C-C-P    | fitness=0.6138 | val_acc=0.5380 | bal_acc=0.4726 | min_recall=0.2812 | params=109
2026-08-29 07:00:06,508 INFO   crossover  | P-C-C-C-C-C-C-P-P-P    | fitness=0.6384 | val_acc=0.5000 | bal_acc=0.4215 | min_recall=0.2187 | params=103
2026-08-29 07:00:06,514 INFO   crossover  | P-C-C-C-C-C-C-C-C-P    | fitness=0.6194 | val_acc=0.5316 | bal_acc=0.4749 | min_recall=0.1250 | params=131
2026-08-29 07:00:06,516 INFO   mutate     | C-P-C-P-C-C            | fitness=0.5633 | val_acc=0.5759 | bal_acc=0.4942 | min_recall=0.2187 | params=80
2026-08-29 07:00:06,517 INFO   mutate     | C-C-P-C-P-C            | fitness=0.6224 | val_acc=0.4937 | bal_acc=0.4387 | min_recall=0.3125 | params=71
2026-08-29 07:00:06,519 INFO   mutate     | P-C-C-C-C-C-C-P        | fitness=0.5939 | val_acc=0.5316 | bal_acc=0.4834 | min_recall=0.1875 | params=83
2026-08-29 07:00:06,520 INFO Best so far → val_acc=0.5759  bal_acc=0.5038  min_recall=0.3889  fitness=0.5602  params=78  id=-4235444…
2026-08-29 07:00:06,520 INFO 
=== Evo step 2/10 ===
2026-08-29 07:00:06,520 INFO Top-3: -4235444… fit=0.5602  |  -2036747… fit=0.5633  |  -7134703… fit=0.5939
2026-08-29 07:00:06,522 INFO Generated 9 valid novel children
2026-08-29 08:24:42,846 INFO   crossover  | C-P-P-C-P-C-C          | fitness=0.6506 | val_acc=0.5253 | bal_acc=0.4248 | min_recall=0.1875 | params=78
2026-08-29 08:24:42,848 INFO   crossover  | C-P-C-C-C-C-C-P        | fitness=0.5700 | val_acc=0.5759 | bal_acc=0.5095 | min_recall=0.2500 | params=94
2026-08-29 08:24:42,855 INFO   crossover  | C-P-C-P-C-P-C-C        | fitness=0.6153 | val_acc=0.5063 | bal_acc=0.4489 | min_recall=0.3125 | params=80
2026-08-29 08:24:42,856 INFO   crossover  | C-P-C-C-P              | fitness=0.5937 | val_acc=0.5443 | bal_acc=0.4801 | min_recall=0.1875 | params=72
2026-08-29 08:24:42,859 INFO   crossover  | P-C-C-C-C-P-P-C-C      | fitness=0.8428 | val_acc=0.5127 | bal_acc=0.4504 | min_recall=0.0000 | params=118
2026-08-29 08:24:42,860 INFO   crossover  | P-C-C-C-C-C-C-P-C-P    | fitness=0.6891 | val_acc=0.5443 | bal_acc=0.4798 | min_recall=0.0625 | params=131
2026-08-29 08:24:42,862 INFO   mutate     | C-P-P-C-C              | fitness=0.6404 | val_acc=0.5316 | bal_acc=0.4644 | min_recall=0.2703 | params=78
2026-08-29 08:24:42,864 INFO   mutate     | C-P-C-P-C-C-C          | fitness=0.5988 | val_acc=0.5380 | bal_acc=0.4684 | min_recall=0.1562 | params=80
2026-08-29 08:24:42,866 INFO   mutate     | P-C-C-C-C-C-P          | fitness=0.5847 | val_acc=0.5633 | bal_acc=0.4511 | min_recall=0.1667 | params=63
2026-08-29 08:24:42,866 INFO Best so far → val_acc=0.5759  bal_acc=0.5038  min_recall=0.3889  fitness=0.5602  params=78  id=-4235444…
2026-08-29 08:24:42,866 INFO 
=== Evo step 3/10 ===
2026-08-29 08:24:42,866 INFO Top-3: -4235444… fit=0.5602  |  -2036747… fit=0.5633  |  -7012733… fit=0.6891
2026-08-29 08:24:42,874 INFO Generated 8 valid novel children
2026-08-29 09:35:06,721 INFO   crossover  | C-C-P-C-P-C-C          | fitness=0.5533 | val_acc=0.5759 | bal_acc=0.5099 | min_recall=0.2812 | params=112
2026-08-29 09:35:06,723 INFO   crossover  | C-P-P                  | fitness=0.6572 | val_acc=0.5443 | bal_acc=0.4830 | min_recall=0.0625 | params=60
2026-08-29 09:35:06,725 INFO   crossover  | C-P-C-P-P-C-C          | fitness=0.6801 | val_acc=0.5443 | bal_acc=0.4441 | min_recall=0.0625 | params=94
2026-08-29 09:35:06,726 INFO   crossover  | C-P-C-P                | fitness=0.6331 | val_acc=0.5127 | bal_acc=0.4214 | min_recall=0.2222 | params=62
2026-08-29 09:35:06,729 INFO   crossover  | C-C-P-P-C-C            | fitness=0.5723 | val_acc=0.5759 | bal_acc=0.4852 | min_recall=0.2778 | params=90
2026-08-29 09:35:06,730 INFO   mutate     | C-P-P-C                | fitness=0.5951 | val_acc=0.5000 | bal_acc=0.4405 | min_recall=0.2812 | params=52
2026-08-29 09:35:06,732 INFO   mutate     | C-P-C-P-C-C            | fitness=0.6202 | val_acc=0.5443 | bal_acc=0.4625 | min_recall=0.2812 | params=80
2026-08-29 09:35:06,734 INFO   mutate     | C-P-C-P-P              | fitness=0.6041 | val_acc=0.5190 | bal_acc=0.4403 | min_recall=0.1562 | params=38
2026-08-29 09:35:06,734 INFO Best so far → val_acc=0.5759  bal_acc=0.5099  min_recall=0.2812  fitness=0.5533  params=112  id=-2158897…
2026-08-29 09:35:06,734 INFO 
=== Evo step 4/10 ===
2026-08-29 09:35:06,734 INFO Top-3: -2158897… fit=0.5533  |  -4235444… fit=0.5602  |  -4598501… fit=0.6138
2026-08-29 09:35:06,740 INFO Generated 9 valid novel children
2026-08-29 11:13:30,774 INFO   crossover  | C-C-P-C-P-P-C-C        | fitness=0.6926 | val_acc=0.5506 | bal_acc=0.4444 | min_recall=0.0625 | params=112
2026-08-29 11:13:30,775 INFO   crossover  | C-C-P-C-P-C-C-P-C-C    | fitness=0.6348 | val_acc=0.5000 | bal_acc=0.4565 | min_recall=0.3125 | params=122
2026-08-29 11:13:30,778 INFO   crossover  | C-C-C-P-C-P-C-C        | fitness=0.6103 | val_acc=0.5443 | bal_acc=0.4812 | min_recall=0.2187 | params=144
2026-08-29 11:13:30,779 INFO   crossover  | C-P-P-C-C-C-C          | fitness=0.7044 | val_acc=0.5633 | bal_acc=0.4367 | min_recall=0.0556 | params=88
2026-08-29 11:13:30,781 INFO   crossover  | C-P-C-P-C-C-C          | fitness=0.6007 | val_acc=0.5380 | bal_acc=0.4837 | min_recall=0.1875 | params=90
2026-08-29 11:13:30,783 INFO   crossover  | C-P-C-P-C-C-C          | fitness=0.5257 | val_acc=0.5949 | bal_acc=0.5341 | min_recall=0.2812 | params=80
2026-08-29 11:13:30,785 INFO   mutate     | C-C-P-P-C-C            | fitness=0.5884 | val_acc=0.5506 | bal_acc=0.4787 | min_recall=0.1562 | params=110
2026-08-29 11:13:30,787 INFO   mutate     | C-P-P-C                | fitness=0.6952 | val_acc=0.4747 | bal_acc=0.4144 | min_recall=0.1892 | params=78
2026-08-29 11:13:30,792 INFO   mutate     | C-P-C-P-C-C-C          | fitness=0.5924 | val_acc=0.5380 | bal_acc=0.4513 | min_recall=0.1875 | params=86
2026-08-29 11:13:30,792 INFO Best so far → val_acc=0.5949  bal_acc=0.5341  min_recall=0.2812  fitness=0.5257  params=80  id=37991995…
2026-08-29 11:13:30,792 INFO 
=== Evo step 5/10 ===
2026-08-29 11:13:30,793 INFO Top-3: 37991995… fit=0.5257  |  -2158897… fit=0.5533  |  -5760969… fit=0.6224
2026-08-29 11:13:30,798 INFO Generated 9 valid novel children
2026-08-29 12:48:18,916 INFO   crossover  | C-P-C-P-C-P-C-C        | fitness=0.6029 | val_acc=0.5506 | bal_acc=0.4715 | min_recall=0.2500 | params=82
2026-08-29 12:48:18,919 INFO   crossover  | C-P-C-P-C              | fitness=0.6128 | val_acc=0.5443 | bal_acc=0.4512 | min_recall=0.1562 | params=80
2026-08-29 12:48:18,920 INFO   crossover  | C-C-P-C-P-C-C-C        | fitness=0.6115 | val_acc=0.5443 | bal_acc=0.4676 | min_recall=0.1250 | params=112
2026-08-29 12:48:18,923 INFO   crossover  | C-C-P-C-P-C            | fitness=0.6218 | val_acc=0.5443 | bal_acc=0.4533 | min_recall=0.2187 | params=112
2026-08-29 12:48:18,924 INFO   crossover  | C-P-C-P-C-P-C-C-C      | fitness=0.6586 | val_acc=0.5063 | bal_acc=0.4418 | min_recall=0.1562 | params=96
2026-08-29 12:48:18,926 INFO   crossover  | C-P-P-C-C-C            | fitness=0.5635 | val_acc=0.5696 | bal_acc=0.5039 | min_recall=0.1875 | params=88
2026-08-29 12:48:18,932 INFO   mutate     | C-P-C-C-C-C-C-P        | fitness=0.6444 | val_acc=0.5316 | bal_acc=0.4319 | min_recall=0.2222 | params=130
2026-08-29 12:48:18,934 INFO   mutate     | C-C-P-C-P-C-C          | fitness=0.5712 | val_acc=0.5696 | bal_acc=0.4989 | min_recall=0.2500 | params=104
2026-08-29 12:48:18,936 INFO   mutate     | C-P-P-C-C-C            | fitness=0.6174 | val_acc=0.5316 | bal_acc=0.4584 | min_recall=0.1562 | params=84
2026-08-29 12:48:18,936 INFO Best so far → val_acc=0.5949  bal_acc=0.5341  min_recall=0.2812  fitness=0.5257  params=80  id=37991995…
2026-08-29 12:48:18,937 INFO Memory table saved.
2026-08-29 12:48:18,937 INFO 
=== Evo step 6/10 ===
2026-08-29 12:48:18,937 INFO Top-3: 37991995… fit=0.5257  |  -2158897… fit=0.5533  |  -4235444… fit=0.5602
2026-08-29 12:48:18,943 INFO Generated 9 valid novel children
2026-08-29 14:27:01,373 INFO   crossover  | C-P-C-C-P-C-C          | fitness=0.5606 | val_acc=0.5886 | bal_acc=0.5098 | min_recall=0.3750 | params=82
2026-08-29 14:27:01,376 INFO   crossover  | C-P-P-P-C-C            | fitness=0.6158 | val_acc=0.5380 | bal_acc=0.4559 | min_recall=0.0937 | params=78
2026-08-29 14:27:01,378 INFO   crossover  | C-C-P-C-P-C-C-C-C-C    | fitness=0.6517 | val_acc=0.5316 | bal_acc=0.4612 | min_recall=0.2187 | params=122
2026-08-29 14:27:01,382 INFO   crossover  | C-C-P-C-P-C-C-C        | fitness=0.6538 | val_acc=0.5253 | bal_acc=0.4170 | min_recall=0.1667 | params=122
2026-08-29 14:27:01,388 INFO   crossover  | C-P-P-P-C-C-C          | fitness=0.7107 | val_acc=0.5190 | bal_acc=0.4489 | min_recall=0.0625 | params=78
2026-08-29 14:27:01,389 INFO   crossover  | C-P-P-C-C-P-C-C        | fitness=0.5988 | val_acc=0.5570 | bal_acc=0.4800 | min_recall=0.1875 | params=88
2026-08-29 14:27:01,391 INFO   mutate     | C-C-P-C-P-C-C-C-C-C    | fitness=0.6554 | val_acc=0.5380 | bal_acc=0.4504 | min_recall=0.2187 | params=166
2026-08-29 14:27:01,393 INFO   mutate     | C-C-P-C-C-P            | fitness=0.5899 | val_acc=0.5696 | bal_acc=0.4863 | min_recall=0.2812 | params=106
2026-08-29 14:27:01,395 INFO   mutate     | C-C-P-P-C-C            | fitness=0.6035 | val_acc=0.5506 | bal_acc=0.4604 | min_recall=0.2778 | params=80
2026-08-29 14:27:01,395 INFO Best so far → val_acc=0.5949  bal_acc=0.5341  min_recall=0.2812  fitness=0.5257  params=80  id=37991995…
2026-08-29 14:27:01,395 INFO 
=== Evo step 7/10 ===
2026-08-29 14:27:01,395 INFO Top-3: 37991995… fit=0.5257  |  -2158897… fit=0.5533  |  -4235444… fit=0.5602
2026-08-29 14:27:01,402 INFO Generated 9 valid novel children
2026-08-29 15:46:51,456 INFO   crossover  | C-P-P-C-P-C-C          | fitness=0.6246 | val_acc=0.5506 | bal_acc=0.4468 | min_recall=0.2222 | params=80
2026-08-29 15:46:51,458 INFO   crossover  | C-P-C-P-P-C-C          | fitness=0.5943 | val_acc=0.5633 | bal_acc=0.4907 | min_recall=0.1875 | params=80
2026-08-29 15:46:51,464 INFO   crossover  | C-C-P-C-P-C-C-P-C-C    | fitness=0.6125 | val_acc=0.5570 | bal_acc=0.4700 | min_recall=0.3125 | params=112
2026-08-29 15:46:51,465 INFO   crossover  | C-C-P-C-P-C-P-C-C      | fitness=0.6107 | val_acc=0.5380 | bal_acc=0.4858 | min_recall=0.2500 | params=112
2026-08-29 15:46:51,467 INFO   crossover  | C-P-P-C-P-C-C-C        | fitness=0.6077 | val_acc=0.5633 | bal_acc=0.4742 | min_recall=0.2187 | params=80
2026-08-29 15:46:51,469 INFO   crossover  | C-P-C-P-C-P-C-C        | fitness=0.8720 | val_acc=0.4937 | bal_acc=0.4016 | min_recall=0.0000 | params=96
2026-08-29 15:46:51,472 INFO   mutate     | C-P-C-P-C-C-C          | fitness=0.6379 | val_acc=0.5253 | bal_acc=0.4616 | min_recall=0.1250 | params=86
2026-08-29 15:46:51,473 INFO   mutate     | C-C-P-C-P-C-C          | fitness=0.5527 | val_acc=0.5823 | bal_acc=0.5121 | min_recall=0.1250 | params=102
2026-08-29 15:46:51,479 INFO   mutate     | C-C-P-P-C-C            | fitness=0.7268 | val_acc=0.5506 | bal_acc=0.4712 | min_recall=0.0312 | params=90
2026-08-29 15:46:51,479 INFO Best so far → val_acc=0.5949  bal_acc=0.5341  min_recall=0.2812  fitness=0.5257  params=80  id=37991995…
2026-08-29 15:46:51,479 INFO 
=== Evo step 8/10 ===
2026-08-29 15:46:51,479 INFO Top-3: 37991995… fit=0.5257  |  14927952… fit=0.5527  |  -2886125… fit=0.6125
2026-08-29 15:46:51,484 INFO Generated 9 valid novel children
2026-08-29 17:25:05,325 INFO   crossover  | C-C-C-P-C-P-C-C        | fitness=0.6016 | val_acc=0.5443 | bal_acc=0.4783 | min_recall=0.2500 | params=134
2026-08-29 17:25:05,327 INFO   crossover  | C-P-C-C-C-P-P-C-C      | fitness=0.5971 | val_acc=0.5696 | bal_acc=0.4850 | min_recall=0.1250 | params=102
2026-08-29 17:25:05,329 INFO   crossover  | C-C-P-C-P-C-P-C-C-C    | fitness=0.6482 | val_acc=0.5316 | bal_acc=0.4602 | min_recall=0.0937 | params=114
2026-08-29 17:25:05,336 INFO   crossover  | C-C-P-C-C-P-P-C-C      | fitness=0.5855 | val_acc=0.5759 | bal_acc=0.5134 | min_recall=0.2500 | params=128
2026-08-29 17:25:05,338 INFO   crossover  | C-C-P-P-C-C-C          | fitness=0.5909 | val_acc=0.5570 | bal_acc=0.4701 | min_recall=0.2187 | params=100
2026-08-29 17:25:05,343 INFO   crossover  | C-C-P-P-C-P-C-C        | fitness=0.5639 | val_acc=0.5570 | bal_acc=0.4879 | min_recall=0.2500 | params=82
2026-08-29 17:25:05,345 INFO   mutate     | C-P-C-P-C-C-C          | fitness=0.6262 | val_acc=0.5316 | bal_acc=0.4637 | min_recall=0.3125 | params=80
2026-08-29 17:25:05,347 INFO   mutate     | C-C-P-C-P-C            | fitness=0.5516 | val_acc=0.5823 | bal_acc=0.5156 | min_recall=0.3437 | params=102
2026-08-29 17:25:05,349 INFO   mutate     | C-C-P-P-C-C-C          | fitness=0.6390 | val_acc=0.5570 | bal_acc=0.4926 | min_recall=0.0625 | params=100
2026-08-29 17:25:05,349 INFO Best so far → val_acc=0.5949  bal_acc=0.5341  min_recall=0.2812  fitness=0.5257  params=80  id=37991995…
2026-08-29 17:25:05,349 INFO 
=== Evo step 9/10 ===
2026-08-29 17:25:05,349 INFO Top-3: 37991995… fit=0.5257  |  35481668… fit=0.5516  |  14927952… fit=0.5527
2026-08-29 17:25:05,352 INFO Generated 9 valid novel children
2026-08-29 19:16:07,522 INFO   crossover  | C-P-C-P-C-P-C          | fitness=0.5835 | val_acc=0.5506 | bal_acc=0.4801 | min_recall=0.3125 | params=70
2026-08-29 19:16:07,524 INFO   crossover  | C-P-C-P-C-P-C-C        | fitness=0.5509 | val_acc=0.5823 | bal_acc=0.5002 | min_recall=0.3125 | params=72
2026-08-29 19:16:07,526 INFO   crossover  | C-C-P-C-P-C-C-C-C      | fitness=0.6388 | val_acc=0.5253 | bal_acc=0.4385 | min_recall=0.0937 | params=112
2026-08-29 19:16:07,528 INFO   crossover  | C-C-P-C-C-P-C-C        | fitness=0.6107 | val_acc=0.5443 | bal_acc=0.4676 | min_recall=0.1250 | params=104
2026-08-29 19:16:07,530 INFO   crossover  | C-C-P-P-C-C-C          | fitness=0.6233 | val_acc=0.5506 | bal_acc=0.4790 | min_recall=0.1250 | params=90
2026-08-29 19:16:07,538 INFO   crossover  | C-C-C-P-C-P-C          | fitness=0.5857 | val_acc=0.5506 | bal_acc=0.4922 | min_recall=0.2500 | params=114
2026-08-29 19:16:07,540 INFO   mutate     | C-P-C-P-C              | fitness=0.5597 | val_acc=0.5506 | bal_acc=0.4926 | min_recall=0.2812 | params=76
2026-08-29 19:16:07,542 INFO   mutate     | C-P-C-P-C              | fitness=0.7414 | val_acc=0.4873 | bal_acc=0.4144 | min_recall=0.0625 | params=70
2026-08-29 19:16:07,544 INFO   mutate     | C-C-P-C-P-C-C          | fitness=0.7075 | val_acc=0.5570 | bal_acc=0.4884 | min_recall=0.0312 | params=82
2026-08-29 19:16:07,544 INFO Best so far → val_acc=0.5949  bal_acc=0.5341  min_recall=0.2812  fitness=0.5257  params=80  id=37991995…
2026-08-29 19:16:07,544 INFO 
=== Evo step 10/10 ===
2026-08-29 19:16:07,544 INFO Top-3: 37991995… fit=0.5257  |  26054793… fit=0.5509  |  -3139397… fit=0.5909
2026-08-29 19:16:07,554 INFO Generated 9 valid novel children
2026-08-29 21:01:26,421 INFO   crossover  | C-P-C-P-C-C            | fitness=0.6103 | val_acc=0.5443 | bal_acc=0.4515 | min_recall=0.2778 | params=70
2026-08-29 21:01:26,424 INFO   crossover  | C-P-C-C-P-C-P-C        | fitness=0.6257 | val_acc=0.5316 | bal_acc=0.4616 | min_recall=0.2500 | params=81
2026-08-29 21:01:26,426 INFO   crossover  | C-P-C-P-P-C-C-C        | fitness=0.6327 | val_acc=0.5253 | bal_acc=0.4303 | min_recall=0.1562 | params=80
2026-08-29 21:01:26,431 INFO   crossover  | C-P-C-P-C              | fitness=0.5396 | val_acc=0.5949 | bal_acc=0.5123 | min_recall=0.2500 | params=79
2026-08-29 21:01:26,434 INFO   crossover  | C-C-P-C-P-C-C-P-C-P    | fitness=0.6160 | val_acc=0.5633 | bal_acc=0.4671 | min_recall=0.2187 | params=111
2026-08-29 21:01:26,435 INFO   crossover  | C-C-P-C-P-C-P-C-P-C    | fitness=0.5978 | val_acc=0.5443 | bal_acc=0.4701 | min_recall=0.2187 | params=84
2026-08-29 21:01:26,438 INFO   mutate     | C-C-P-C-P-C-P-C-C      | fitness=0.5811 | val_acc=0.5633 | bal_acc=0.4890 | min_recall=0.1562 | params=105
2026-08-29 21:01:26,439 INFO   mutate     | C-C-P-C-P-C-P-C-C      | fitness=0.5743 | val_acc=0.5506 | bal_acc=0.4912 | min_recall=0.1250 | params=114
2026-08-29 21:01:26,441 INFO   mutate     | C-C-C-P-C-P            | fitness=0.5715 | val_acc=0.5443 | bal_acc=0.4848 | min_recall=0.2500 | params=83
2026-08-29 21:01:26,442 INFO Best so far → val_acc=0.5949  bal_acc=0.5341  min_recall=0.2812  fitness=0.5257  params=80  id=37991995…
2026-08-29 21:01:26,444 INFO Memory table saved.
2026-08-29 21:01:26,444 INFO 
=== SEARCH COMPLETE ===
2026-08-29 21:01:26,444 INFO Best val_acc  : 0.5949
2026-08-29 21:01:26,444 INFO Best bal_acc  : 0.5341  (mean per-class recall)
2026-08-29 21:01:26,444 INFO Min recall    : 0.2812  (worst class)
2026-08-29 21:01:26,444 INFO Best fitness  : 0.5257
2026-08-29 21:01:26,444 INFO Params        : 80
2026-08-29 21:01:26,444 INFO Layers        : 7  (5 conv + 2 pool)
2026-08-29 21:01:26,444 INFO Circuit structure:
2026-08-29 21:01:26,444 INFO   Structure: C-P-C-P-C-C-C  (7 layers = 5 conv + 2 pool)
2026-08-29 21:01:26,444 INFO   Layer 0 CONV  gate=U_15       stride=7 step=1 offset=0 boundary=periodic
2026-08-29 21:01:26,444 INFO   Layer 1 POOL  gate=pool_U       pattern=!*
2026-08-29 21:01:26,444 INFO   Layer 2 CONV  gate=U_9        stride=1 step=7 offset=0 boundary=periodic
2026-08-29 21:01:26,444 INFO   Layer 3 POOL  gate=pool_U       pattern=0!0
2026-08-29 21:01:26,444 INFO   Layer 4 CONV  gate=U_TTN      stride=7 step=4 offset=0 boundary=open
2026-08-29 21:01:26,444 INFO   Layer 5 CONV  gate=U_TTN      stride=7 step=4 offset=0 boundary=open
2026-08-29 21:01:26,444 INFO   Layer 6 CONV  gate=U_6        stride=2 step=3 offset=0 boundary=periodic
2026-08-29 21:01:26,445 INFO   Qubits surviving: 2 → [4, 7]  | readout wires = [4, 7]
2026-08-29 21:01:26,445 INFO 
============================================================
2026-08-29 21:01:26,445 INFO FINAL TRAINING — RetinaMNIST 4-class QCNN
2026-08-29 21:01:26,445 INFO ============================================================
2026-08-29 21:01:26,445 INFO   Structure: C-P-C-P-C-C-C  (7 layers = 5 conv + 2 pool)
2026-08-29 21:01:26,445 INFO   Layer 0 CONV  gate=U_15       stride=7 step=1 offset=0 boundary=periodic
2026-08-29 21:01:26,445 INFO   Layer 1 POOL  gate=pool_U       pattern=!*
2026-08-29 21:01:26,445 INFO   Layer 2 CONV  gate=U_9        stride=1 step=7 offset=0 boundary=periodic
2026-08-29 21:01:26,445 INFO   Layer 3 POOL  gate=pool_U       pattern=0!0
2026-08-29 21:01:26,445 INFO   Layer 4 CONV  gate=U_TTN      stride=7 step=4 offset=0 boundary=open
2026-08-29 21:01:26,445 INFO   Layer 5 CONV  gate=U_TTN      stride=7 step=4 offset=0 boundary=open
2026-08-29 21:01:26,445 INFO   Layer 6 CONV  gate=U_6        stride=2 step=3 offset=0 boundary=periodic
2026-08-29 21:01:26,445 INFO   Qubits surviving: 2 → [4, 7]  | readout wires = [4, 7]
2026-08-29 21:01:26,446 INFO Circuit: 7 layers (5 conv + 2 pool), 80 trainable parameters.
2026-08-29 21:02:12,642 INFO Epoch    1/200 | loss=1.3313 | val_acc=0.4684 | bal_acc=0.3788 | min_recall=0.000 | lr=0.005000
2026-08-29 21:16:32,833 INFO Epoch   20/200 | loss=1.2242 | val_acc=0.5570 | bal_acc=0.4576 | min_recall=0.062 | lr=0.005000
2026-08-29 21:31:34,770 INFO Epoch   40/200 | loss=1.2171 | val_acc=0.5443 | bal_acc=0.4816 | min_recall=0.156 | lr=0.005000
2026-08-29 21:46:37,747 INFO Epoch   60/200 | loss=1.2129 | val_acc=0.5506 | bal_acc=0.4869 | min_recall=0.187 | lr=0.002500
2026-08-29 22:01:41,221 INFO Epoch   80/200 | loss=1.2104 | val_acc=0.5570 | bal_acc=0.4904 | min_recall=0.187 | lr=0.002500
2026-08-29 22:16:43,707 INFO Epoch  100/200 | loss=1.2094 | val_acc=0.5696 | bal_acc=0.4800 | min_recall=0.094 | lr=0.001250
2026-08-29 22:32:24,554 INFO Epoch  120/200 | loss=1.2077 | val_acc=0.5506 | bal_acc=0.4836 | min_recall=0.187 | lr=0.001250
2026-08-29 22:47:50,283 INFO Epoch  140/200 | loss=1.2067 | val_acc=0.5949 | bal_acc=0.5206 | min_recall=0.187 | lr=0.001250
2026-08-29 23:02:53,087 INFO Epoch  160/200 | loss=1.2065 | val_acc=0.5633 | bal_acc=0.4972 | min_recall=0.187 | lr=0.000625
2026-08-29 23:17:58,894 INFO Epoch  180/200 | loss=1.2050 | val_acc=0.5696 | bal_acc=0.4946 | min_recall=0.219 | lr=0.000625
2026-08-29 23:37:15,839 INFO Epoch  200/200 | loss=1.2054 | val_acc=0.5886 | bal_acc=0.5138 | min_recall=0.187 | lr=0.000313
2026-08-29 23:37:15,839 INFO Training log saved → experiments/pca8/sweep/pool_required_001/training_log.csv
2026-08-29 23:37:15,839 INFO Best val fitness: 0.5043
2026-08-29 23:37:15,839 INFO 
--- Test evaluation (best-val checkpoint) ---
2026-08-29 23:37:21,552 INFO Test accuracy    : 0.5574
Test bal. acc    : 0.4672  (mean per-class recall)
Per-class recall : ['0.6944', '0.1724', '0.1600', '0.8421']
Min recall       : 0.1600
Test ROC-AUC OvR : 0.7217
2026-08-29 23:37:21,555 INFO 
               precision    recall  f1-score   support

        No DR       0.82      0.69      0.75       108
    Mild NPDR       0.15      0.17      0.16        29
Moderate NPDR       0.40      0.16      0.23        50
   Severe+PDR       0.48      0.84      0.62        57

     accuracy                           0.56       244
    macro avg       0.46      0.47      0.44       244
 weighted avg       0.57      0.56      0.54       244

2026-08-29 23:37:21,813 INFO Plots saved.
2026-08-29 23:37:22,604 INFO Failed to extract font properties from /usr/share/fonts/truetype/noto/NotoColorEmoji.ttf: Can not load face (unknown file format; error code 0x2)
2026-08-29 23:37:23,027 INFO Circuit diagram saved.
2026-08-29 23:37:23,040 INFO 
Run 'pool_required' complete → {'accuracy': 0.5573770491803278, 'bal_acc': 0.4672408751005741, 'per_class_recalls': [0.6944444443801441, 0.17241379304399523, 0.159999999968, 0.842105263010157], 'roc_auc_ovr': 0.7216581095606415}
2026-08-29 23:37:23,040 INFO 
Sweep summary saved → experiments/pca8/sweep/sweep_summary.csv
