2026-09-05 12:27:26,607 INFO 
============================================================
2026-09-05 12:27:26,607 INFO SWEEP RUN: short_circuits  (PCA-16)
2026-09-05 12:27:26,607 INFO Params: {'label': 'short_circuits', 'LR_EVAL': 0.003, 'N_EPOCHS_EVAL': 60, 'INIT_POP': 10, 'MAX_EVO_STEPS': 10, 'MIN_LAYERS': 2, 'MAX_LAYERS': 5, 'W_CLASS': [0.7, 0.3]}
2026-09-05 12:27:26,607 INFO ============================================================
2026-09-05 12:27:26,607 INFO 
--- Linear classifier baseline (on 16 PCA features) ---
2026-09-05 12:27:26,613 INFO   val   | acc=0.7179 | bal_acc=0.7469 | min_recall=0.6842 | auc=0.8655
2026-09-05 12:27:26,613 INFO          per-class: ['0.810', '0.684']
2026-09-05 12:27:26,616 INFO   test  | acc=0.7288 | bal_acc=0.7158 | min_recall=0.6875 | auc=0.8161
2026-09-05 12:27:26,616 INFO          per-class: ['0.687', '0.744']
2026-09-05 12:27:26,616 INFO Linear baseline saved → experiments/pca16/sweep/short_circuits_001/linear_baseline.json
2026-09-05 12:27:26,616 INFO Evaluating initial population...
2026-09-05 12:27:26,616 INFO Config: LR=0.003  epochs=60  pop=10  steps=10  W_CLASS=[0.7, 0.3]
2026-09-05 12:27:26,616 INFO Encoding: dense (RX + RY per qubit), 16 PCA components → 8 qubits
2026-09-05 12:27:26,616 INFO Structure: variable length 2–5 layers  | P_CONV=0.6  | min conv=1  | min pool=0  | readout qubits=1
2026-09-05 12:27:26,624 INFO Initial population: 10 valid genotypes
2026-09-05 13:25:23,516 INFO   random     | C-C-C-C                | fitness=0.4132 | val_acc=0.5897 | bal_acc=0.5990 | min_recall=0.5789 | params=110
2026-09-05 13:25:23,517 INFO   random     | C-P                    | fitness=0.5321 | val_acc=0.5385 | bal_acc=0.5038 | min_recall=0.4286 | params=14
2026-09-05 13:25:23,518 INFO   random     | C-C                    | fitness=0.3807 | val_acc=0.6538 | bal_acc=0.6429 | min_recall=0.6190 | params=88
2026-09-05 13:25:23,520 INFO   random     | C-C-C-C                | fitness=0.3837 | val_acc=0.6410 | bal_acc=0.6341 | min_recall=0.6190 | params=28
2026-09-05 13:25:23,521 INFO   random     | P-C                    | fitness=0.3351 | val_acc=0.6282 | bal_acc=0.6554 | min_recall=0.5965 | params=92
2026-09-05 13:25:23,523 INFO   random     | C-C                    | fitness=0.3946 | val_acc=0.3974 | bal_acc=0.5125 | min_recall=0.2632 | params=18
2026-09-05 13:25:23,524 INFO   random     | C-C-C-C                | fitness=0.3170 | val_acc=0.6923 | bal_acc=0.6992 | min_recall=0.6842 | params=129
2026-09-05 13:25:23,525 INFO   random     | P-C-C                  | fitness=0.2890 | val_acc=0.6667 | bal_acc=0.6967 | min_recall=0.6316 | params=48
2026-09-05 13:25:23,527 INFO   random     | C-C-C-C                | fitness=0.4156 | val_acc=0.6410 | bal_acc=0.6190 | min_recall=0.5714 | params=66
2026-09-05 13:25:23,528 INFO   random     | C-C-P-P-P              | fitness=0.2339 | val_acc=0.7436 | bal_acc=0.7644 | min_recall=0.7193 | params=50
2026-09-05 13:25:23,528 INFO 
=== Evo step 1/10 ===
2026-09-05 13:25:23,528 INFO Top-3: 25749032… fit=0.2339  |  34756405… fit=0.2890  |  -6134832… fit=0.3351
2026-09-05 13:25:23,534 INFO Generated 9 valid novel children
2026-09-05 15:18:32,453 INFO   crossover  | C-C-C-C                | fitness=0.3082 | val_acc=0.7179 | bal_acc=0.7168 | min_recall=0.7143 | params=141
2026-09-05 15:18:32,455 INFO   crossover  | C-C-C-C-C              | fitness=0.2937 | val_acc=0.7564 | bal_acc=0.7431 | min_recall=0.7143 | params=135
2026-09-05 15:18:32,456 INFO   crossover  | P-C-C-P                | fitness=0.3197 | val_acc=0.6667 | bal_acc=0.6817 | min_recall=0.6491 | params=52
2026-09-05 15:18:32,461 INFO   crossover  | P-C-C-C-C              | fitness=0.3350 | val_acc=0.5769 | bal_acc=0.6353 | min_recall=0.5088 | params=95
2026-09-05 15:18:32,462 INFO   crossover  | C-C-C-C-P              | fitness=0.3428 | val_acc=0.7051 | bal_acc=0.6930 | min_recall=0.6667 | params=135
2026-09-05 15:18:32,464 INFO   crossover  | C-C-C-C-C              | fitness=0.3037 | val_acc=0.6923 | bal_acc=0.7143 | min_recall=0.6667 | params=244
2026-09-05 15:18:32,465 INFO   mutate     | C-C-C                  | fitness=0.4098 | val_acc=0.5897 | bal_acc=0.5990 | min_recall=0.5789 | params=94
2026-09-05 15:18:32,466 INFO   mutate     | C-C                    | fitness=0.2793 | val_acc=0.7051 | bal_acc=0.7231 | min_recall=0.6842 | params=125
2026-09-05 15:18:32,468 INFO   mutate     | C-C-C-C-C              | fitness=0.3249 | val_acc=0.6795 | bal_acc=0.6905 | min_recall=0.6667 | params=133
2026-09-05 15:18:32,468 INFO Best so far → val_acc=0.7436  bal_acc=0.7644  min_recall=0.7193  fitness=0.2339  params=50  id=25749032…
2026-09-05 15:18:32,469 INFO Memory table saved.
2026-09-05 15:18:32,469 INFO 
=== Evo step 2/10 ===
2026-09-05 15:18:32,469 INFO Top-3: 25749032… fit=0.2339  |  16209114… fit=0.2793  |  34756405… fit=0.2890
2026-09-05 15:18:32,474 INFO Generated 9 valid novel children
2026-09-05 16:37:27,566 INFO   crossover  | C-C-C                  | fitness=0.3662 | val_acc=0.6282 | bal_acc=0.6404 | min_recall=0.6140 | params=96
2026-09-05 16:37:27,567 INFO   crossover  | C-C-P                  | fitness=0.5347 | val_acc=0.5385 | bal_acc=0.5038 | min_recall=0.4286 | params=18
2026-09-05 16:37:27,569 INFO   crossover  | C-C-P-P-P              | fitness=0.3329 | val_acc=0.7179 | bal_acc=0.7018 | min_recall=0.6667 | params=91
2026-09-05 16:37:27,570 INFO   crossover  | C-P                    | fitness=0.4022 | val_acc=0.5897 | bal_acc=0.5990 | min_recall=0.5789 | params=47
2026-09-05 16:37:27,572 INFO   crossover  | C-P-P                  | fitness=0.4634 | val_acc=0.6538 | bal_acc=0.5977 | min_recall=0.4762 | params=54
2026-09-05 16:37:27,603 INFO   crossover  | C-P-C-C                | fitness=0.2876 | val_acc=0.6923 | bal_acc=0.7143 | min_recall=0.6667 | params=114
2026-09-05 16:37:27,604 INFO   mutate     | C-C-C-P-P              | fitness=0.2287 | val_acc=0.7692 | bal_acc=0.7820 | min_recall=0.7544 | params=99
2026-09-05 16:37:27,606 INFO   mutate     | C-C                    | fitness=0.3521 | val_acc=0.6538 | bal_acc=0.6579 | min_recall=0.6491 | params=84
2026-09-05 16:37:27,607 INFO   mutate     | C-P                    | fitness=0.3360 | val_acc=0.7436 | bal_acc=0.7043 | min_recall=0.6190 | params=18
2026-09-05 16:37:27,607 INFO Best so far → val_acc=0.7692  bal_acc=0.7820  min_recall=0.7544  fitness=0.2287  params=99  id=21290904…
2026-09-05 16:37:27,609 INFO Memory table saved.
2026-09-05 16:37:27,609 INFO 
=== Evo step 3/10 ===
2026-09-05 16:37:27,609 INFO Top-3: 21290904… fit=0.2287  |  25749032… fit=0.2339  |  89737243… fit=0.3249
2026-09-05 16:37:27,617 INFO Generated 9 valid novel children
2026-09-05 17:53:46,600 INFO   crossover  | C-C-C-P-P              | fitness=0.2794 | val_acc=0.7051 | bal_acc=0.7231 | min_recall=0.6842 | params=67
2026-09-05 17:53:46,602 INFO   crossover  | C-C-C-C                | fitness=0.3235 | val_acc=0.6667 | bal_acc=0.6817 | min_recall=0.6491 | params=91
2026-09-05 17:53:46,603 INFO   crossover  | C-C-P                  | fitness=0.2939 | val_acc=0.5897 | bal_acc=0.6591 | min_recall=0.5088 | params=58
2026-09-05 17:53:46,604 INFO   crossover  | C-C-P-C-C              | fitness=0.3276 | val_acc=0.7308 | bal_acc=0.7105 | min_recall=0.6667 | params=90
2026-09-05 17:53:46,606 INFO   crossover  | C-C-C-C-C              | fitness=0.4605 | val_acc=0.5513 | bal_acc=0.5576 | min_recall=0.5439 | params=122
2026-09-05 17:53:46,607 INFO   crossover  | C-C-C-C-P              | fitness=0.3656 | val_acc=0.6410 | bal_acc=0.6491 | min_recall=0.6316 | params=100
2026-09-05 17:53:46,608 INFO   mutate     | C-C-C-P-P              | fitness=0.3639 | val_acc=0.7051 | bal_acc=0.6779 | min_recall=0.6190 | params=69
2026-09-05 17:53:46,613 INFO   mutate     | C-C-P-P-P              | fitness=0.2234 | val_acc=0.7692 | bal_acc=0.7820 | min_recall=0.7544 | params=50
2026-09-05 17:53:46,615 INFO   mutate     | C-P-C-P                | fitness=0.2720 | val_acc=0.6538 | bal_acc=0.7030 | min_recall=0.5965 | params=84
2026-09-05 17:53:46,615 INFO Best so far → val_acc=0.7692  bal_acc=0.7820  min_recall=0.7544  fitness=0.2234  params=50  id=20167177…
2026-09-05 17:53:46,616 INFO Memory table saved.
2026-09-05 17:53:46,616 INFO 
=== Evo step 4/10 ===
2026-09-05 17:53:46,616 INFO Top-3: 20167177… fit=0.2234  |  21290904… fit=0.2287  |  47810995… fit=0.2939
2026-09-05 17:53:46,625 INFO Generated 9 valid novel children
2026-09-05 19:08:46,648 INFO   crossover  | C-C-C-C-P              | fitness=0.3022 | val_acc=0.7179 | bal_acc=0.7168 | min_recall=0.7143 | params=67
2026-09-05 19:08:46,650 INFO   crossover  | C-C-P-P-P              | fitness=0.3006 | val_acc=0.7179 | bal_acc=0.7168 | min_recall=0.7143 | params=50
2026-09-05 19:08:46,655 INFO   crossover  | C-C-C-P-P              | fitness=0.2248 | val_acc=0.7692 | bal_acc=0.7820 | min_recall=0.7544 | params=62
2026-09-05 19:08:46,656 INFO   crossover  | C-C-C-C-P              | fitness=0.3026 | val_acc=0.6410 | bal_acc=0.6792 | min_recall=0.5965 | params=36
2026-09-05 19:08:46,658 INFO   crossover  | C-C-P-P                | fitness=0.2941 | val_acc=0.7308 | bal_acc=0.7256 | min_recall=0.7143 | params=58
2026-09-05 19:08:46,659 INFO   crossover  | C-C-P-C-P              | fitness=0.4058 | val_acc=0.6667 | bal_acc=0.6366 | min_recall=0.5714 | params=52
2026-09-05 19:08:46,661 INFO   mutate     | C-C-P                  | fitness=0.3677 | val_acc=0.6795 | bal_acc=0.6604 | min_recall=0.6190 | params=34
2026-09-05 19:08:46,666 INFO   mutate     | C-C-C-P-P              | fitness=0.3452 | val_acc=0.6923 | bal_acc=0.6842 | min_recall=0.6667 | params=105
2026-09-05 19:08:46,668 INFO   mutate     | C-C-C-P-P              | fitness=0.2826 | val_acc=0.7692 | bal_acc=0.7519 | min_recall=0.7143 | params=78
2026-09-05 19:08:46,668 INFO Best so far → val_acc=0.7692  bal_acc=0.7820  min_recall=0.7544  fitness=0.2234  params=50  id=20167177…
2026-09-05 19:08:46,671 INFO Memory table saved.
2026-09-05 19:08:46,671 INFO 
=== Evo step 5/10 ===
2026-09-05 19:08:46,671 INFO Top-3: 20167177… fit=0.2234  |  -3411257… fit=0.2248  |  -1986930… fit=0.3026
2026-09-05 19:08:46,679 INFO Generated 9 valid novel children
2026-09-05 20:09:10,441 INFO   crossover  | C-C-P-P                | fitness=0.2828 | val_acc=0.7564 | bal_acc=0.7431 | min_recall=0.7143 | params=50
2026-09-05 20:09:10,443 INFO   crossover  | C-C-P-P-P              | fitness=0.3207 | val_acc=0.7308 | bal_acc=0.7105 | min_recall=0.6667 | params=26
2026-09-05 20:09:10,444 INFO   crossover  | C-C-C-P-P              | fitness=0.2976 | val_acc=0.7308 | bal_acc=0.7256 | min_recall=0.7143 | params=70
2026-09-05 20:09:10,446 INFO   crossover  | C-C-C-P-P              | fitness=0.4215 | val_acc=0.6923 | bal_acc=0.6391 | min_recall=0.5238 | params=34
2026-09-05 20:09:10,447 INFO   crossover  | C-C-C-P-P              | fitness=0.3002 | val_acc=0.7308 | bal_acc=0.7256 | min_recall=0.7143 | params=95
2026-09-05 20:09:10,449 INFO   crossover  | C-C-C-P-C              | fitness=0.3293 | val_acc=0.6538 | bal_acc=0.6729 | min_recall=0.6316 | params=75
2026-09-05 20:09:10,454 INFO   mutate     | C-C-P-P-P              | fitness=0.2287 | val_acc=0.7564 | bal_acc=0.7732 | min_recall=0.7368 | params=50
2026-09-05 20:09:10,455 INFO   mutate     | C-C-C-C                | fitness=0.3260 | val_acc=0.6538 | bal_acc=0.6729 | min_recall=0.6316 | params=65
2026-09-05 20:09:10,457 INFO   mutate     | C-C-C-P-P              | fitness=0.2883 | val_acc=0.6923 | bal_acc=0.7143 | min_recall=0.6667 | params=100
2026-09-05 20:09:10,457 INFO Best so far → val_acc=0.7692  bal_acc=0.7820  min_recall=0.7544  fitness=0.2234  params=50  id=20167177…
2026-09-05 20:09:10,460 INFO Memory table saved.
2026-09-05 20:09:10,460 INFO 
=== Evo step 6/10 ===
2026-09-05 20:09:10,460 INFO Top-3: 20167177… fit=0.2234  |  -3411257… fit=0.2248  |  -6674405… fit=0.2287
2026-09-05 20:09:10,473 INFO Generated 9 valid novel children
2026-09-05 21:03:59,546 INFO   crossover  | C-P                    | fitness=0.2869 | val_acc=0.6667 | bal_acc=0.6967 | min_recall=0.6316 | params=46
2026-09-05 21:03:59,548 INFO   crossover  | C-C-C-P-P              | fitness=0.2854 | val_acc=0.7564 | bal_acc=0.7431 | min_recall=0.7143 | params=54
2026-09-05 21:03:59,549 INFO   crossover  | C-C-C-P                | fitness=0.3416 | val_acc=0.6795 | bal_acc=0.6754 | min_recall=0.6667 | params=40
2026-09-05 21:03:59,551 INFO   crossover  | C-C-P-P                | fitness=0.2555 | val_acc=0.7564 | bal_acc=0.7581 | min_recall=0.7544 | params=58
2026-09-05 21:03:59,552 INFO   crossover  | C-C-P                  | fitness=0.2399 | val_acc=0.7821 | bal_acc=0.7757 | min_recall=0.7619 | params=28
2026-09-05 21:03:59,554 INFO   crossover  | C-C-C-C-C              | fitness=0.5420 | val_acc=0.5385 | bal_acc=0.5038 | min_recall=0.4286 | params=44
2026-09-05 21:03:59,555 INFO   mutate     | C-C-P-P-P              | fitness=0.2799 | val_acc=0.7692 | bal_acc=0.7519 | min_recall=0.7143 | params=54
2026-09-05 21:03:59,560 INFO   mutate     | C-C-C-P-P              | fitness=0.2697 | val_acc=0.6667 | bal_acc=0.7118 | min_recall=0.6140 | params=82
2026-09-05 21:03:59,561 INFO   mutate     | C-P-P-P                | fitness=0.3357 | val_acc=0.6923 | bal_acc=0.6842 | min_recall=0.6667 | params=38
2026-09-05 21:03:59,562 INFO Best so far → val_acc=0.7692  bal_acc=0.7820  min_recall=0.7544  fitness=0.2234  params=50  id=20167177…
2026-09-05 21:03:59,565 INFO Memory table saved.
2026-09-05 21:03:59,566 INFO 
=== Evo step 7/10 ===
2026-09-05 21:03:59,566 INFO Top-3: 20167177… fit=0.2234  |  -3411257… fit=0.2248  |  -6674405… fit=0.2287
2026-09-05 21:03:59,580 INFO Generated 9 valid novel children
2026-09-05 21:43:36,056 INFO   crossover  | C-P-P                  | fitness=0.3162 | val_acc=0.6667 | bal_acc=0.6817 | min_recall=0.6491 | params=38
2026-09-05 21:43:36,058 INFO   crossover  | C-C-P-P-P              | fitness=0.3331 | val_acc=0.7051 | bal_acc=0.6930 | min_recall=0.6667 | params=42
2026-09-05 21:43:36,059 INFO   crossover  | C-C-C-P-P              | fitness=0.2920 | val_acc=0.6667 | bal_acc=0.6967 | min_recall=0.6316 | params=36
2026-09-05 21:43:36,061 INFO   crossover  | C-C-C-C-C              | fitness=0.5420 | val_acc=0.5385 | bal_acc=0.5038 | min_recall=0.4286 | params=44
2026-09-05 21:43:36,062 INFO   crossover  | C-P-P                  | fitness=0.2801 | val_acc=0.7564 | bal_acc=0.7431 | min_recall=0.7143 | params=46
2026-09-05 21:43:36,063 INFO   crossover  | C-C-C-C-P              | fitness=0.3542 | val_acc=0.6538 | bal_acc=0.6579 | min_recall=0.6491 | params=44
2026-09-05 21:43:36,065 INFO   mutate     | C-C-C-P-C              | fitness=0.3039 | val_acc=0.6410 | bal_acc=0.6792 | min_recall=0.5965 | params=51
2026-09-05 21:43:36,066 INFO   mutate     | C-C-C                  | fitness=0.2647 | val_acc=0.4487 | bal_acc=0.6078 | min_recall=0.2632 | params=34
2026-09-05 21:43:36,097 INFO   mutate     | C-C-P-C                | fitness=0.2631 | val_acc=0.7308 | bal_acc=0.7406 | min_recall=0.7193 | params=32
2026-09-05 21:43:36,097 INFO Best so far → val_acc=0.7692  bal_acc=0.7820  min_recall=0.7544  fitness=0.2234  params=50  id=20167177…
2026-09-05 21:43:36,100 INFO Memory table saved.
2026-09-05 21:43:36,101 INFO 
=== Evo step 8/10 ===
2026-09-05 21:43:36,101 INFO Top-3: 20167177… fit=0.2234  |  -3411257… fit=0.2248  |  -3271507… fit=0.2555
2026-09-05 21:43:36,111 INFO Generated 9 valid novel children
2026-09-05 23:31:40,188 INFO   crossover  | C-C-P-P-P              | fitness=0.3164 | val_acc=0.6795 | bal_acc=0.6905 | min_recall=0.6667 | params=50
2026-09-05 23:31:40,190 INFO   crossover  | C-C-C-C-C              | fitness=0.2836 | val_acc=0.7179 | bal_acc=0.7318 | min_recall=0.7018 | params=153
2026-09-05 23:31:40,192 INFO   crossover  | C-P                    | fitness=0.3978 | val_acc=0.5256 | bal_acc=0.5702 | min_recall=0.4737 | params=16
2026-09-05 23:31:40,193 INFO   crossover  | C-C-C-C-C              | fitness=0.3577 | val_acc=0.6538 | bal_acc=0.6579 | min_recall=0.6491 | params=77
2026-09-05 23:31:40,194 INFO   crossover  | C-C-C-C-P              | fitness=0.2819 | val_acc=0.7308 | bal_acc=0.7406 | min_recall=0.7193 | params=183
2026-09-05 23:31:40,196 INFO   crossover  | C-C-P                  | fitness=0.3360 | val_acc=0.6923 | bal_acc=0.6842 | min_recall=0.6667 | params=58
2026-09-05 23:31:40,197 INFO   mutate     | C-C-P-P-P              | fitness=0.3081 | val_acc=0.7051 | bal_acc=0.7080 | min_recall=0.7018 | params=70
2026-09-05 23:31:40,199 INFO   mutate     | C-C-C-P-P              | fitness=0.3317 | val_acc=0.7179 | bal_acc=0.7018 | min_recall=0.6667 | params=78
2026-09-05 23:31:40,200 INFO   mutate     | C-P                    | fitness=0.3286 | val_acc=0.6282 | bal_acc=0.6554 | min_recall=0.5965 | params=28
2026-09-05 23:31:40,200 INFO Best so far → val_acc=0.7692  bal_acc=0.7820  min_recall=0.7544  fitness=0.2234  params=50  id=20167177…
2026-09-05 23:31:40,205 INFO Memory table saved.
2026-09-05 23:31:40,205 INFO 
=== Evo step 9/10 ===
2026-09-05 23:31:40,205 INFO Top-3: 20167177… fit=0.2234  |  -3411257… fit=0.2248  |  63902745… fit=0.3329
2026-09-05 23:31:40,223 INFO Generated 8 valid novel children
2026-09-06 01:13:40,877 INFO   crossover  | C-C-P-P-P              | fitness=0.2795 | val_acc=0.7692 | bal_acc=0.7519 | min_recall=0.7143 | params=50
2026-09-06 01:13:40,905 INFO   crossover  | C-P-P-P                | fitness=0.2568 | val_acc=0.6795 | bal_acc=0.7206 | min_recall=0.6316 | params=38
2026-09-06 01:13:40,906 INFO   crossover  | C-C-C-P-P              | fitness=0.3426 | val_acc=0.6795 | bal_acc=0.6754 | min_recall=0.6667 | params=34
2026-09-06 01:13:40,908 INFO   crossover  | P-C-P-P-P              | fitness=0.3381 | val_acc=0.6923 | bal_acc=0.6842 | min_recall=0.6667 | params=42
2026-09-06 01:13:40,910 INFO   crossover  | P-C-C-C-C              | fitness=0.3724 | val_acc=0.6282 | bal_acc=0.6404 | min_recall=0.6140 | params=118
2026-09-06 01:13:40,911 INFO   mutate     | C-C-P-P-P              | fitness=0.3497 | val_acc=0.6667 | bal_acc=0.6667 | min_recall=0.6667 | params=50
2026-09-06 01:13:40,913 INFO   mutate     | C-C-C-P-P              | fitness=0.3081 | val_acc=0.7051 | bal_acc=0.7080 | min_recall=0.7018 | params=70
2026-09-06 01:13:40,914 INFO   mutate     | C-P-C                  | fitness=0.3644 | val_acc=0.6410 | bal_acc=0.6491 | min_recall=0.6316 | params=132
2026-09-06 01:13:40,914 INFO Best so far → val_acc=0.7692  bal_acc=0.7820  min_recall=0.7544  fitness=0.2234  params=50  id=20167177…
2026-09-06 01:13:40,919 INFO Memory table saved.
2026-09-06 01:13:40,919 INFO 
=== Evo step 10/10 ===
2026-09-06 01:13:40,919 INFO Top-3: 20167177… fit=0.2234  |  -3411257… fit=0.2248  |  18125040… fit=0.2399
2026-09-06 01:13:40,945 INFO Generated 8 valid novel children
2026-09-06 02:20:27,599 INFO   crossover  | C-C-C-C-P              | fitness=0.3096 | val_acc=0.6923 | bal_acc=0.6992 | min_recall=0.6842 | params=36
2026-09-06 02:20:27,601 INFO   crossover  | C-P-C                  | fitness=0.5052 | val_acc=0.4744 | bal_acc=0.4900 | min_recall=0.4561 | params=20
2026-09-06 02:20:27,740 INFO   crossover  | C-C-C-P-C              | fitness=0.3209 | val_acc=0.6667 | bal_acc=0.6817 | min_recall=0.6491 | params=44
2026-09-06 02:20:27,742 INFO   crossover  | C-C-P-C-P              | fitness=0.1997 | val_acc=0.7564 | bal_acc=0.7882 | min_recall=0.7193 | params=40
2026-09-06 02:20:27,744 INFO   crossover  | C-C-P-C-P              | fitness=0.2582 | val_acc=0.7564 | bal_acc=0.7581 | min_recall=0.7544 | params=62
2026-09-06 02:20:27,746 INFO   mutate     | C-C-P-P-P              | fitness=0.2538 | val_acc=0.6923 | bal_acc=0.7293 | min_recall=0.6491 | params=40
2026-09-06 02:20:27,747 INFO   mutate     | C-C-C-P-P              | fitness=0.3106 | val_acc=0.6923 | bal_acc=0.6992 | min_recall=0.6842 | params=42
2026-09-06 02:20:27,749 INFO   mutate     | C-C-P                  | fitness=0.3035 | val_acc=0.6923 | bal_acc=0.6992 | min_recall=0.6842 | params=20
2026-09-06 02:20:27,749 INFO Best so far → val_acc=0.7564  bal_acc=0.7882  min_recall=0.7193  fitness=0.1997  params=40  id=-1635934…
2026-09-06 02:20:27,754 INFO Memory table saved.
2026-09-06 02:20:27,754 INFO 
=== SEARCH COMPLETE ===
2026-09-06 02:20:27,754 INFO Best val_acc  : 0.7564
2026-09-06 02:20:27,754 INFO Best bal_acc  : 0.7882  (mean per-class recall)
2026-09-06 02:20:27,754 INFO Min recall    : 0.7193  (worst class)
2026-09-06 02:20:27,754 INFO Best fitness  : 0.1997
2026-09-06 02:20:27,754 INFO Params        : 40
2026-09-06 02:20:27,754 INFO Layers        : 5  (3 conv + 2 pool)
2026-09-06 02:20:27,754 INFO Circuit structure:
2026-09-06 02:20:27,754 INFO   Structure: C-C-P-C-P  (5 layers = 3 conv + 2 pool)
2026-09-06 02:20:27,755 INFO   Layer 0 CONV  gate=U_9        stride=3 step=1 offset=3 boundary=open
2026-09-06 02:20:27,755 INFO   Layer 1 CONV  gate=U_14       stride=4 step=5 offset=1 boundary=periodic
2026-09-06 02:20:27,755 INFO   Layer 2 POOL  gate=pool_ansatz  pattern=1*1
2026-09-06 02:20:27,755 INFO   Layer 3 CONV  gate=U_13       stride=6 step=2 offset=1 boundary=open
2026-09-06 02:20:27,755 INFO   Layer 4 POOL  gate=pool_ansatz  pattern=0!0
2026-09-06 02:20:27,755 INFO   Qubits surviving: 2 → [1, 6]  | readout wires = [1]
2026-09-06 02:20:27,756 INFO 
============================================================
2026-09-06 02:20:27,756 INFO FINAL TRAINING — BreastMNIST binary QCNN
2026-09-06 02:20:27,756 INFO ============================================================
2026-09-06 02:20:27,756 INFO   Structure: C-C-P-C-P  (5 layers = 3 conv + 2 pool)
2026-09-06 02:20:27,756 INFO   Layer 0 CONV  gate=U_9        stride=3 step=1 offset=3 boundary=open
2026-09-06 02:20:27,756 INFO   Layer 1 CONV  gate=U_14       stride=4 step=5 offset=1 boundary=periodic
2026-09-06 02:20:27,756 INFO   Layer 2 POOL  gate=pool_ansatz  pattern=1*1
2026-09-06 02:20:27,756 INFO   Layer 3 CONV  gate=U_13       stride=6 step=2 offset=1 boundary=open
2026-09-06 02:20:27,756 INFO   Layer 4 POOL  gate=pool_ansatz  pattern=0!0
2026-09-06 02:20:27,757 INFO   Qubits surviving: 2 → [1, 6]  | readout wires = [1]
2026-09-06 02:20:27,758 INFO Circuit: 5 layers (3 conv + 2 pool), 40 trainable parameters.
2026-09-06 02:20:58,372 INFO Epoch    1/200 | loss=0.8800 | val_acc=0.6923 | bal_acc=0.5188 | min_recall=0.143 | lr=0.005000
2026-09-06 02:32:29,585 INFO Epoch   20/200 | loss=0.6295 | val_acc=0.7564 | bal_acc=0.7431 | min_recall=0.714 | lr=0.005000
2026-09-06 02:49:44,579 INFO Epoch   40/200 | loss=0.6160 | val_acc=0.7821 | bal_acc=0.7607 | min_recall=0.714 | lr=0.005000
2026-09-06 03:11:12,667 INFO Epoch   60/200 | loss=0.6145 | val_acc=0.7821 | bal_acc=0.7757 | min_recall=0.762 | lr=0.002500
2026-09-06 03:35:47,640 INFO Epoch   80/200 | loss=0.6173 | val_acc=0.7821 | bal_acc=0.7757 | min_recall=0.762 | lr=0.002500
2026-09-09 01:28:55,038 INFO 
============================================================
2026-09-09 01:28:55,048 INFO RESUMING SWEEP RUN: short_circuits  (PCA-16)  → experiments/pca16/sweep/short_circuits_001
2026-09-09 01:28:55,048 INFO ============================================================
2026-09-09 01:28:55,048 INFO 
--- Linear classifier baseline (on 16 PCA features) ---
2026-09-09 01:28:55,110 INFO   val   | acc=0.7179 | bal_acc=0.7469 | min_recall=0.6842 | auc=0.8655
2026-09-09 01:28:55,110 INFO          per-class: ['0.810', '0.684']
2026-09-09 01:28:55,111 INFO   test  | acc=0.7288 | bal_acc=0.7158 | min_recall=0.6875 | auc=0.8161
2026-09-09 01:28:55,111 INFO          per-class: ['0.687', '0.744']
2026-09-09 01:28:55,112 INFO Linear baseline saved → experiments/pca16/sweep/short_circuits_001/linear_baseline.json
2026-09-09 01:28:55,120 INFO Resumed from checkpoint → 98 genotypes, evo_step=10/10, 98 motifs loaded from disk cache
2026-09-09 01:28:55,121 INFO 
=== SEARCH COMPLETE ===
2026-09-09 01:28:55,121 INFO Best val_acc  : 0.7564
2026-09-09 01:28:55,121 INFO Best bal_acc  : 0.7882  (mean per-class recall)
2026-09-09 01:28:55,121 INFO Min recall    : 0.7193  (worst class)
2026-09-09 01:28:55,121 INFO Best fitness  : 0.1997
2026-09-09 01:28:55,121 INFO Params        : 40
2026-09-09 01:28:55,121 INFO Layers        : 5  (3 conv + 2 pool)
2026-09-09 01:28:55,121 INFO Circuit structure:
2026-09-09 01:28:55,121 INFO   Structure: C-C-P-C-P  (5 layers = 3 conv + 2 pool)
2026-09-09 01:28:55,121 INFO   Layer 0 CONV  gate=U_9        stride=3 step=1 offset=3 boundary=open
2026-09-09 01:28:55,121 INFO   Layer 1 CONV  gate=U_14       stride=4 step=5 offset=1 boundary=periodic
2026-09-09 01:28:55,121 INFO   Layer 2 POOL  gate=pool_ansatz  pattern=1*1
2026-09-09 01:28:55,121 INFO   Layer 3 CONV  gate=U_13       stride=6 step=2 offset=1 boundary=open
2026-09-09 01:28:55,121 INFO   Layer 4 POOL  gate=pool_ansatz  pattern=0!0
2026-09-09 01:28:55,121 INFO   Qubits surviving: 2 → [1, 6]  | readout wires = [1]
2026-09-09 01:28:55,121 INFO 
============================================================
2026-09-09 01:28:55,121 INFO FINAL TRAINING — BreastMNIST binary QCNN
2026-09-09 01:28:55,121 INFO ============================================================
2026-09-09 01:28:55,121 INFO   Structure: C-C-P-C-P  (5 layers = 3 conv + 2 pool)
2026-09-09 01:28:55,121 INFO   Layer 0 CONV  gate=U_9        stride=3 step=1 offset=3 boundary=open
2026-09-09 01:28:55,121 INFO   Layer 1 CONV  gate=U_14       stride=4 step=5 offset=1 boundary=periodic
2026-09-09 01:28:55,121 INFO   Layer 2 POOL  gate=pool_ansatz  pattern=1*1
2026-09-09 01:28:55,121 INFO   Layer 3 CONV  gate=U_13       stride=6 step=2 offset=1 boundary=open
2026-09-09 01:28:55,121 INFO   Layer 4 POOL  gate=pool_ansatz  pattern=0!0
2026-09-09 01:28:55,123 INFO   Qubits surviving: 2 → [1, 6]  | readout wires = [1]
2026-09-09 01:28:55,124 INFO Circuit: 5 layers (3 conv + 2 pool), 40 trainable parameters.
2026-09-09 01:29:08,401 INFO Epoch    1/200 | loss=0.9381 | val_acc=0.7308 | bal_acc=0.5150 | min_recall=0.048 | lr=0.005000
2026-09-09 01:32:26,869 INFO Epoch   20/200 | loss=0.6380 | val_acc=0.7051 | bal_acc=0.6930 | min_recall=0.667 | lr=0.005000
2026-09-09 01:35:39,279 INFO Epoch   40/200 | loss=0.6182 | val_acc=0.7436 | bal_acc=0.7494 | min_recall=0.737 | lr=0.005000
2026-09-09 01:38:53,405 INFO Epoch   60/200 | loss=0.6137 | val_acc=0.7821 | bal_acc=0.7757 | min_recall=0.762 | lr=0.002500
2026-09-09 01:42:20,936 INFO Epoch   80/200 | loss=0.6231 | val_acc=0.7692 | bal_acc=0.7669 | min_recall=0.762 | lr=0.002500
2026-09-09 01:45:35,985 INFO Epoch  100/200 | loss=0.6125 | val_acc=0.7692 | bal_acc=0.7669 | min_recall=0.762 | lr=0.001250
2026-09-09 01:48:57,539 INFO Epoch  120/200 | loss=0.6195 | val_acc=0.7692 | bal_acc=0.7669 | min_recall=0.762 | lr=0.001250
2026-09-09 01:52:22,256 INFO Epoch  140/200 | loss=0.6122 | val_acc=0.7692 | bal_acc=0.7669 | min_recall=0.762 | lr=0.001250
2026-09-09 01:55:54,916 INFO Epoch  160/200 | loss=0.6187 | val_acc=0.7692 | bal_acc=0.7669 | min_recall=0.762 | lr=0.000625
2026-09-09 02:00:34,670 INFO Epoch  180/200 | loss=0.6141 | val_acc=0.7821 | bal_acc=0.7757 | min_recall=0.762 | lr=0.000625
2026-09-09 02:05:15,559 INFO Epoch  200/200 | loss=0.6099 | val_acc=0.7821 | bal_acc=0.7757 | min_recall=0.762 | lr=0.000313
2026-09-09 02:05:15,560 INFO Training log saved → experiments/pca16/sweep/short_circuits_001/training_log.csv
2026-09-09 02:05:15,560 INFO Best val fitness: 0.2298
2026-09-09 02:05:15,560 INFO 
--- Test evaluation (best-val checkpoint) ---
2026-09-09 02:05:16,839 INFO Test accuracy    : 0.7373
Test bal. acc    : 0.7118  (mean per-class recall)
Per-class recall : ['0.6562', '0.7674']
Min recall       : 0.6562
Test ROC-AUC OvR : 0.7696
2026-09-09 02:05:16,854 INFO 
               precision    recall  f1-score   support

    Malignant       0.51      0.66      0.58        32
Normal/Benign       0.86      0.77      0.81        86

     accuracy                           0.74       118
    macro avg       0.68      0.71      0.69       118
 weighted avg       0.76      0.74      0.75       118

2026-09-09 02:05:17,298 INFO Plots saved.
2026-09-09 02:05:18,042 INFO Failed to extract font properties from /usr/share/fonts/truetype/noto/NotoColorEmoji.ttf: Can not load face (unknown file format; error code 0x2)
2026-09-09 02:05:18,555 INFO Circuit diagram saved.
2026-09-09 02:05:18,558 INFO 
Run 'short_circuits' complete → {'accuracy': 0.7372881355932204, 'bal_acc': 0.7118459300854003, 'per_class_recalls': [0.6562499997949218, 0.7674418603758789], 'roc_auc_ovr': 0.7696220930232558}
2026-09-09 02:05:18,558 INFO 
>>> PCA-16 sweep run 6/11: deep_circuits
