2026-09-09 11:18:09,670 INFO 
============================================================
2026-09-09 11:18:09,670 INFO SWEEP RUN: large_pop  (PCA-16)
2026-09-09 11:18:09,670 INFO Params: {'label': 'large_pop', 'LR_EVAL': 0.003, 'N_EPOCHS_EVAL': 60, 'INIT_POP': 20, 'MAX_EVO_STEPS': 15, 'W_CLASS': [0.1, 0.2, 0.3, 0.4]}
2026-09-09 11:18:09,670 INFO ============================================================
2026-09-09 11:18:09,670 INFO 
--- Linear classifier baseline (on 16 PCA features) ---
2026-09-09 11:18:09,768 INFO   val   | acc=0.5696 | bal_acc=0.4957 | min_recall=0.2500 | auc=0.7838
2026-09-09 11:18:09,768 INFO          per-class: ['0.775', '0.444', '0.250', '0.514']
2026-09-09 11:18:09,770 INFO   test  | acc=0.5574 | bal_acc=0.4849 | min_recall=0.3103 | auc=0.7656
2026-09-09 11:18:09,770 INFO          per-class: ['0.713', '0.310', '0.320', '0.596']
2026-09-09 11:18:09,770 INFO Linear baseline saved → experiments/pca16/sweep/large_pop_001/linear_baseline.json
2026-09-09 11:18:09,770 INFO Subsampling search training set: 2140 → 2000
2026-09-09 11:18:09,774 INFO Evaluating initial population...
2026-09-09 11:18:09,774 INFO Config: LR=0.003  epochs=60  pop=20  steps=15  W_CLASS=[0.1, 0.2, 0.3, 0.4]
2026-09-09 11:18:09,774 INFO Encoding: dense (RX + RY per qubit), 16 PCA components → 8 qubits
2026-09-09 11:18:09,774 INFO Structure: variable length 3–10 layers  | P_CONV=0.6  | min conv=1  | min pool=0  | readout qubits=2
2026-09-09 11:18:09,839 INFO Initial population: 20 valid genotypes
2026-09-09 13:32:22,881 INFO   random     | C-C-C-C-P-P            | fitness=0.8267 | val_acc=0.3797 | bal_acc=0.3365 | min_recall=0.0541 | params=62
2026-09-09 13:32:22,886 INFO   random     | C-C-C-P                | fitness=0.6003 | val_acc=0.5316 | bal_acc=0.4467 | min_recall=0.2500 | params=89
2026-09-09 13:32:22,889 INFO   random     | C-C-P-P-C-P            | fitness=0.6034 | val_acc=0.5570 | bal_acc=0.4710 | min_recall=0.3333 | params=90
2026-09-09 13:32:22,894 INFO   random     | C-C-P-P-C-C            | fitness=0.6314 | val_acc=0.4494 | bal_acc=0.4151 | min_recall=0.3437 | params=48
2026-09-09 13:32:22,897 INFO   random     | C-C-C-P-C-P-C          | fitness=0.5588 | val_acc=0.6013 | bal_acc=0.5269 | min_recall=0.2500 | params=155
2026-09-09 13:32:22,902 INFO   random     | C-P-C-C-C-P            | fitness=0.6699 | val_acc=0.4747 | bal_acc=0.4067 | min_recall=0.1562 | params=98
2026-09-09 13:32:22,906 INFO   random     | C-C-C-C-P-P-C-C        | fitness=0.6765 | val_acc=0.5190 | bal_acc=0.4305 | min_recall=0.2703 | params=136
2026-09-09 13:32:22,915 INFO   random     | P-P-C-C-C-C            | fitness=0.6171 | val_acc=0.5000 | bal_acc=0.4401 | min_recall=0.2500 | params=64
2026-09-09 13:32:22,919 INFO   random     | C-C-C-C-C-C-C          | fitness=0.7013 | val_acc=0.4367 | bal_acc=0.3918 | min_recall=0.1351 | params=89
2026-09-09 13:32:22,924 INFO   random     | P-C-C-P-C-C-C-C-C      | fitness=0.6237 | val_acc=0.5380 | bal_acc=0.4469 | min_recall=0.2500 | params=141
2026-09-09 13:32:22,928 INFO   random     | C-P-P                  | fitness=0.6621 | val_acc=0.4051 | bal_acc=0.3579 | min_recall=0.1875 | params=18
2026-09-09 13:32:22,933 INFO   random     | C-C-C-P-C-P-C          | fitness=0.6131 | val_acc=0.4810 | bal_acc=0.4310 | min_recall=0.3125 | params=113
2026-09-09 13:32:22,937 INFO   random     | C-C-P-C-P-C            | fitness=0.6720 | val_acc=0.5253 | bal_acc=0.4390 | min_recall=0.2812 | params=178
2026-09-09 13:32:22,941 INFO   random     | C-C-P-P-C-C            | fitness=0.6506 | val_acc=0.4494 | bal_acc=0.4136 | min_recall=0.2812 | params=79
2026-09-09 13:32:22,950 INFO   random     | C-P-C-P-C-C-C-P        | fitness=0.6286 | val_acc=0.5443 | bal_acc=0.4533 | min_recall=0.2187 | params=148
2026-09-09 13:32:22,953 INFO   random     | P-C-C                  | fitness=0.6288 | val_acc=0.4873 | bal_acc=0.4305 | min_recall=0.1562 | params=75
2026-09-09 13:32:22,955 INFO   random     | C-C-P                  | fitness=0.7309 | val_acc=0.4557 | bal_acc=0.3693 | min_recall=0.0556 | params=27
2026-09-09 13:32:22,957 INFO   random     | C-C-C-C-C-C-C-C-P      | fitness=0.5954 | val_acc=0.5253 | bal_acc=0.4710 | min_recall=0.2500 | params=118
2026-09-09 13:32:22,959 INFO   random     | C-C-C-C-C-C-C-P-C      | fitness=0.5681 | val_acc=0.5886 | bal_acc=0.5201 | min_recall=0.3750 | params=207
2026-09-09 13:32:22,961 INFO   random     | C-C-C-C-C-C-C          | fitness=0.6143 | val_acc=0.5570 | bal_acc=0.4586 | min_recall=0.2778 | params=119
2026-09-09 13:32:22,961 INFO 
=== Evo step 1/15 ===
2026-09-09 13:32:22,961 INFO Top-3: 89219695… fit=0.5588  |  35485859… fit=0.5681  |  -1887337… fit=0.6720
2026-09-09 13:32:22,977 INFO Generated 9 valid novel children
2026-09-09 15:38:58,051 INFO   crossover  | C-C-C-P-C-P-C-C-C-C    | fitness=0.6364 | val_acc=0.5570 | bal_acc=0.4757 | min_recall=0.2500 | params=204
2026-09-09 15:38:58,054 INFO   crossover  | C-C-C-P-C-C-C-C-C-C    | fitness=0.6172 | val_acc=0.5696 | bal_acc=0.4746 | min_recall=0.1250 | params=187
2026-09-09 15:38:58,060 INFO   crossover  | C-C-C-C-C-C-C-P-C-P    | fitness=0.5715 | val_acc=0.5886 | bal_acc=0.5034 | min_recall=0.1875 | params=209
2026-09-09 15:38:58,062 INFO   crossover  | C-C-C-C-C-C-C-C-C      | fitness=0.5968 | val_acc=0.5823 | bal_acc=0.4895 | min_recall=0.2812 | params=235
2026-09-09 15:38:58,064 INFO   crossover  | C-C-P-C-P-C            | fitness=0.6649 | val_acc=0.5316 | bal_acc=0.4344 | min_recall=0.2500 | params=134
2026-09-09 15:38:58,066 INFO   crossover  | C-C-C-C-C-C-C-P-C      | fitness=0.6968 | val_acc=0.4241 | bal_acc=0.3788 | min_recall=0.2812 | params=223
2026-09-09 15:38:58,068 INFO   mutate     | C-C-C-P-C-C-P-C        | fitness=0.6890 | val_acc=0.5316 | bal_acc=0.4268 | min_recall=0.2187 | params=157
2026-09-09 15:38:58,071 INFO   mutate     | C-C-C-C-C-C-C-P-C      | fitness=0.6968 | val_acc=0.4937 | bal_acc=0.4161 | min_recall=0.2187 | params=215
2026-09-09 15:38:58,075 INFO   mutate     | C-C-C-C-C-C-P          | fitness=0.5967 | val_acc=0.5443 | bal_acc=0.4708 | min_recall=0.2778 | params=197
2026-09-09 15:38:58,075 INFO Best so far → val_acc=0.6013  bal_acc=0.5269  min_recall=0.2500  fitness=0.5588  params=155  id=89219695…
2026-09-09 15:38:58,075 INFO 
=== Evo step 2/15 ===
2026-09-09 15:38:58,075 INFO Top-3: 89219695… fit=0.5588  |  35485859… fit=0.5681  |  -4281768… fit=0.5715
2026-09-09 15:38:58,084 INFO Generated 9 valid novel children
2026-09-09 17:52:07,898 INFO   crossover  | C-C-C-P-C-P-P-C        | fitness=0.6465 | val_acc=0.5380 | bal_acc=0.4647 | min_recall=0.2187 | params=135
2026-09-09 17:52:07,900 INFO   crossover  | C-C-C-P-P              | fitness=0.6560 | val_acc=0.4620 | bal_acc=0.3889 | min_recall=0.2222 | params=83
2026-09-09 17:52:07,902 INFO   crossover  | C-C-C-C-C-C-C-P-C-P    | fitness=0.5809 | val_acc=0.5633 | bal_acc=0.4979 | min_recall=0.3437 | params=267
2026-09-09 17:52:07,903 INFO   crossover  | C-C-C-C-C-C-C-P        | fitness=0.6148 | val_acc=0.5380 | bal_acc=0.4790 | min_recall=0.3750 | params=204
2026-09-09 17:52:07,905 INFO   crossover  | C-P-C-P-C-C-C-P-C      | fitness=0.6628 | val_acc=0.5506 | bal_acc=0.4313 | min_recall=0.1111 | params=154
2026-09-09 17:52:07,907 INFO   crossover  | C-P-C-C-C-P-C          | fitness=0.6507 | val_acc=0.4810 | bal_acc=0.4230 | min_recall=0.2500 | params=144
2026-09-09 17:52:07,913 INFO   mutate     | C-C-C-P-C-P-P          | fitness=0.7350 | val_acc=0.4430 | bal_acc=0.3528 | min_recall=0.1622 | params=73
2026-09-09 17:52:07,915 INFO   mutate     | C-C-C-C-C-C-C-C        | fitness=0.5887 | val_acc=0.5886 | bal_acc=0.5137 | min_recall=0.3750 | params=241
2026-09-09 17:52:07,917 INFO   mutate     | C-P-C-P-C-C-P          | fitness=0.6515 | val_acc=0.5190 | bal_acc=0.4302 | min_recall=0.2222 | params=130
2026-09-09 17:52:07,917 INFO Best so far → val_acc=0.6013  bal_acc=0.5269  min_recall=0.2500  fitness=0.5588  params=155  id=89219695…
2026-09-09 17:52:07,917 INFO 
=== Evo step 3/15 ===
2026-09-09 17:52:07,917 INFO Top-3: 89219695… fit=0.5588  |  35485859… fit=0.5681  |  -8467902… fit=0.8267
2026-09-09 17:52:07,927 INFO Generated 9 valid novel children
2026-09-09 20:30:13,438 INFO   crossover  | C-C-C-P-C-P-C-C-C-C    | fitness=0.5700 | val_acc=0.5949 | bal_acc=0.5091 | min_recall=0.2500 | params=183
2026-09-09 20:30:13,442 INFO   crossover  | C-C-P-C-P              | fitness=0.6405 | val_acc=0.4241 | bal_acc=0.3746 | min_recall=0.1667 | params=66
2026-09-09 20:30:13,446 INFO   crossover  | C-P-C-P-C              | fitness=0.5903 | val_acc=0.5443 | bal_acc=0.4997 | min_recall=0.2500 | params=112
2026-09-09 20:30:13,450 INFO   crossover  | C-C-C-C-C-C-C-C-C-C    | fitness=0.6354 | val_acc=0.5506 | bal_acc=0.4693 | min_recall=0.2812 | params=250
2026-09-09 20:30:13,459 INFO   crossover  | C-C-C-C-P-C-P-C        | fitness=0.5962 | val_acc=0.5570 | bal_acc=0.4925 | min_recall=0.2500 | params=129
2026-09-09 20:30:13,462 INFO   crossover  | C-C-C-C-C-C-C-C-P-C    | fitness=0.6058 | val_acc=0.5759 | bal_acc=0.4899 | min_recall=0.1875 | params=327
2026-09-09 20:30:13,467 INFO   mutate     | C-C-C-P-C-P-C          | fitness=0.6190 | val_acc=0.5570 | bal_acc=0.4881 | min_recall=0.3125 | params=158
2026-09-09 20:30:13,471 INFO   mutate     | C-C-C-C-C-C            | fitness=0.6296 | val_acc=0.5570 | bal_acc=0.4706 | min_recall=0.3125 | params=186
2026-09-09 20:30:13,473 INFO   mutate     | C-C-C-C-C-C-P-C-P      | fitness=0.5792 | val_acc=0.5823 | bal_acc=0.5049 | min_recall=0.2187 | params=189
2026-09-09 20:30:13,473 INFO Best so far → val_acc=0.6013  bal_acc=0.5269  min_recall=0.2500  fitness=0.5588  params=155  id=89219695…
2026-09-09 20:30:13,474 INFO 
=== Evo step 4/15 ===
2026-09-09 20:30:13,474 INFO Top-3: 89219695… fit=0.5588  |  35485859… fit=0.5681  |  21307600… fit=0.5700
2026-09-09 20:30:13,487 INFO Generated 9 valid novel children
2026-09-09 22:33:19,393 INFO   crossover  | C-C-C-P-C-P-C-C-P-C    | fitness=0.5787 | val_acc=0.5759 | bal_acc=0.5003 | min_recall=0.1875 | params=165
2026-09-09 22:33:19,395 INFO   crossover  | C-C-C-P-P-C-P-C-C-C    | fitness=0.6040 | val_acc=0.5570 | bal_acc=0.4793 | min_recall=0.2812 | params=146
2026-09-09 22:33:19,401 INFO   crossover  | C-C-C-C-C-C-C-C-P-C    | fitness=0.6093 | val_acc=0.5696 | bal_acc=0.4938 | min_recall=0.3889 | params=256
2026-09-09 22:33:19,402 INFO   crossover  | C-C-C-C-P-C-P-C-C-C    | fitness=0.6544 | val_acc=0.5253 | bal_acc=0.4213 | min_recall=0.1667 | params=173
2026-09-09 22:33:19,404 INFO   crossover  | C-C-C-P-C-P-C-C-C-P    | fitness=0.6428 | val_acc=0.5380 | bal_acc=0.4611 | min_recall=0.3437 | params=177
2026-09-09 22:33:19,406 INFO   crossover  | C-C-C-P-C-C-C-P-C      | fitness=0.6260 | val_acc=0.5316 | bal_acc=0.4673 | min_recall=0.3243 | params=162
2026-09-09 22:33:19,408 INFO   mutate     | C-C-C-P                | fitness=0.6627 | val_acc=0.3797 | bal_acc=0.3509 | min_recall=0.1667 | params=59
2026-09-09 22:33:19,410 INFO   mutate     | C-C-C-C-C-C-C-P-C-C    | fitness=0.6163 | val_acc=0.5570 | bal_acc=0.4800 | min_recall=0.1875 | params=213
2026-09-09 22:33:19,415 INFO   mutate     | C-C-C-P-C-P-C-C-C      | fitness=0.5703 | val_acc=0.5886 | bal_acc=0.5209 | min_recall=0.2812 | params=183
2026-09-09 22:33:19,415 INFO Best so far → val_acc=0.6013  bal_acc=0.5269  min_recall=0.2500  fitness=0.5588  params=155  id=89219695…
2026-09-09 22:33:19,416 INFO 
=== Evo step 5/15 ===
2026-09-09 22:33:19,416 INFO Top-3: 89219695… fit=0.5588  |  35485859… fit=0.5681  |  21307600… fit=0.5700
2026-09-09 22:33:19,424 INFO Generated 9 valid novel children
2026-09-10 00:42:45,588 INFO   crossover  | C-C-C-C-C-C-C-C-P-C    | fitness=0.6341 | val_acc=0.5127 | bal_acc=0.4514 | min_recall=0.2812 | params=244
2026-09-10 00:42:45,593 INFO   crossover  | C-C-C-C-C-C            | fitness=0.7095 | val_acc=0.4937 | bal_acc=0.3935 | min_recall=0.2162 | params=146
2026-09-10 00:42:45,596 INFO   crossover  | C-C-C-C-C-C-C-P-C-C    | fitness=0.5568 | val_acc=0.5949 | bal_acc=0.5248 | min_recall=0.3125 | params=209
2026-09-10 00:42:45,601 INFO   crossover  | C-C-C-C-C-C-C-C-C-P    | fitness=0.6741 | val_acc=0.5380 | bal_acc=0.4565 | min_recall=0.2812 | params=236
2026-09-10 00:42:45,604 INFO   crossover  | C-C-C-P-C-P-P-C-P-C    | fitness=0.6012 | val_acc=0.5696 | bal_acc=0.4853 | min_recall=0.2500 | params=160
2026-09-10 00:42:45,609 INFO   crossover  | C-C-C-P-C-P-C-C-C-C    | fitness=0.5922 | val_acc=0.5696 | bal_acc=0.5124 | min_recall=0.3514 | params=175
2026-09-10 00:42:45,616 INFO   mutate     | C-C-C-C-C-C-P-C-P-C    | fitness=0.5943 | val_acc=0.5633 | bal_acc=0.4982 | min_recall=0.2187 | params=178
2026-09-10 00:42:45,618 INFO   mutate     | C-C-C-C                | fitness=0.6169 | val_acc=0.5316 | bal_acc=0.4527 | min_recall=0.3125 | params=140
2026-09-10 00:42:45,620 INFO   mutate     | C-C-P-C-P-C-C-C-C      | fitness=0.6109 | val_acc=0.5633 | bal_acc=0.4775 | min_recall=0.2187 | params=181
2026-09-10 00:42:45,620 INFO Best so far → val_acc=0.5949  bal_acc=0.5248  min_recall=0.3125  fitness=0.5568  params=209  id=-6853810…
2026-09-10 00:42:45,625 INFO Memory table saved.
2026-09-10 00:42:45,625 INFO 
=== Evo step 6/15 ===
2026-09-10 00:42:45,625 INFO Top-3: -6853810… fit=0.5568  |  89219695… fit=0.5588  |  35485859… fit=0.5681
2026-09-10 00:42:45,637 INFO Generated 9 valid novel children
2026-09-10 02:50:17,224 INFO   crossover  | C-C-C-C                | fitness=0.6249 | val_acc=0.5570 | bal_acc=0.4731 | min_recall=0.2703 | params=182
2026-09-10 02:50:17,226 INFO   crossover  | C-C-C-C-C-C-C-C        | fitness=0.6320 | val_acc=0.4810 | bal_acc=0.4362 | min_recall=0.3333 | params=205
2026-09-10 02:50:17,228 INFO   crossover  | C-C-C                  | fitness=0.5954 | val_acc=0.5000 | bal_acc=0.4401 | min_recall=0.1562 | params=51
2026-09-10 02:50:17,230 INFO   crossover  | C-C-C-P-C-P-C-C-C-C    | fitness=0.6051 | val_acc=0.5886 | bal_acc=0.5101 | min_recall=0.2500 | params=240
2026-09-10 02:50:17,231 INFO   crossover  | C-C-C-C-C-P-C-C        | fitness=0.6535 | val_acc=0.5506 | bal_acc=0.4511 | min_recall=0.1250 | params=172
2026-09-10 02:50:17,233 INFO   crossover  | C-C-P-C-P-C            | fitness=0.5911 | val_acc=0.5570 | bal_acc=0.4854 | min_recall=0.2500 | params=118
2026-09-10 02:50:17,239 INFO   mutate     | C-C-C-C-C-C-P-C-C      | fitness=0.5949 | val_acc=0.5823 | bal_acc=0.4952 | min_recall=0.1250 | params=199
2026-09-10 02:50:17,241 INFO   mutate     | C-C-C-P-C-P-C-C-C-C    | fitness=0.5761 | val_acc=0.5696 | bal_acc=0.4971 | min_recall=0.3125 | params=161
2026-09-10 02:50:17,243 INFO   mutate     | C-C-C-C-C-C-C-P-C      | fitness=0.6254 | val_acc=0.5570 | bal_acc=0.4789 | min_recall=0.2500 | params=203
2026-09-10 02:50:17,243 INFO Best so far → val_acc=0.5949  bal_acc=0.5248  min_recall=0.3125  fitness=0.5568  params=209  id=-6853810…
2026-09-10 02:50:17,243 INFO 
=== Evo step 7/15 ===
2026-09-10 02:50:17,243 INFO Top-3: -6853810… fit=0.5568  |  89219695… fit=0.5588  |  64370301… fit=0.6169
2026-09-10 02:50:17,254 INFO Generated 9 valid novel children
2026-09-10 05:43:16,859 INFO   crossover  | C-C-C-C-C-C-C-C-P-C    | fitness=0.5823 | val_acc=0.5506 | bal_acc=0.4980 | min_recall=0.3437 | params=257
2026-09-10 05:43:16,861 INFO   crossover  | C-C-C-C-C-C-C-C-C-C    | fitness=0.6576 | val_acc=0.5506 | bal_acc=0.4600 | min_recall=0.3125 | params=352
2026-09-10 05:43:16,863 INFO   crossover  | C-C-C-P-C-C-C-C-C-P    | fitness=0.6414 | val_acc=0.5190 | bal_acc=0.4585 | min_recall=0.1562 | params=211
2026-09-10 05:43:16,868 INFO   crossover  | C-C-C-P-C-C-C-C-C-C    | fitness=0.6387 | val_acc=0.5506 | bal_acc=0.4857 | min_recall=0.3243 | params=261
2026-09-10 05:43:16,870 INFO   crossover  | C-C-C-C-C-C-P-C-C      | fitness=0.5601 | val_acc=0.5886 | bal_acc=0.5173 | min_recall=0.3889 | params=203
2026-09-10 05:43:16,875 INFO   crossover  | C-C-C-C-C-C-P-C        | fitness=0.6472 | val_acc=0.5253 | bal_acc=0.4363 | min_recall=0.1250 | params=231
2026-09-10 05:43:16,879 INFO   mutate     | C-C-C-C-P-P-C-C-C      | fitness=0.6012 | val_acc=0.5633 | bal_acc=0.4736 | min_recall=0.2187 | params=172
2026-09-10 05:43:16,883 INFO   mutate     | C-C-C-C-P-C-P-C        | fitness=0.6008 | val_acc=0.5696 | bal_acc=0.4850 | min_recall=0.1250 | params=161
2026-09-10 05:43:16,887 INFO   mutate     | C-C-C-C-C-C-C-P-C      | fitness=0.5938 | val_acc=0.5633 | bal_acc=0.4818 | min_recall=0.1562 | params=223
2026-09-10 05:43:16,887 INFO Best so far → val_acc=0.5949  bal_acc=0.5248  min_recall=0.3125  fitness=0.5568  params=209  id=-6853810…
2026-09-10 05:43:16,887 INFO 
=== Evo step 8/15 ===
2026-09-10 05:43:16,887 INFO Top-3: -6853810… fit=0.5568  |  89219695… fit=0.5588  |  23872757… fit=0.6320
2026-09-10 05:43:16,900 INFO Generated 9 valid novel children
2026-09-10 07:56:10,203 INFO   crossover  | C-C-C-C-C-P-C-P-C      | fitness=0.5757 | val_acc=0.5759 | bal_acc=0.5096 | min_recall=0.1562 | params=260
2026-09-10 07:56:10,204 INFO   crossover  | C-C-C-C-C-C-C-P-C-P    | fitness=0.6877 | val_acc=0.5380 | bal_acc=0.4339 | min_recall=0.2778 | params=241
2026-09-10 07:56:10,206 INFO   crossover  | C-C-C-C-C-C-P-C-C      | fitness=0.5563 | val_acc=0.5506 | bal_acc=0.4727 | min_recall=0.2222 | params=235
2026-09-10 07:56:10,208 INFO   crossover  | C-C-C                  | fitness=0.7259 | val_acc=0.4241 | bal_acc=0.3604 | min_recall=0.1622 | params=76
2026-09-10 07:56:10,210 INFO   crossover  | C-C-C-P-C-C            | fitness=0.6576 | val_acc=0.4557 | bal_acc=0.3786 | min_recall=0.1111 | params=93
2026-09-10 07:56:10,212 INFO   crossover  | C-C-C-P-C              | fitness=0.5395 | val_acc=0.6076 | bal_acc=0.5318 | min_recall=0.3125 | params=172
2026-09-10 07:56:10,214 INFO   mutate     | C-C-C-C-C-C-C-P-C-C    | fitness=0.5925 | val_acc=0.5506 | bal_acc=0.4904 | min_recall=0.3125 | params=188
2026-09-10 07:56:10,216 INFO   mutate     | C-C-C-P-C-C            | fitness=0.7071 | val_acc=0.5063 | bal_acc=0.4077 | min_recall=0.1892 | params=155
2026-09-10 07:56:10,222 INFO   mutate     | C-C-C-P-C-P-C-C-C      | fitness=0.5679 | val_acc=0.6076 | bal_acc=0.5251 | min_recall=0.0937 | params=165
2026-09-10 07:56:10,222 INFO Best so far → val_acc=0.6076  bal_acc=0.5318  min_recall=0.3125  fitness=0.5395  params=172  id=-5514961…
2026-09-10 07:56:10,222 INFO 
=== Evo step 9/15 ===
2026-09-10 07:56:10,222 INFO Top-3: -5514961… fit=0.5395  |  -6948029… fit=0.5563  |  -6853810… fit=0.5568
2026-09-10 07:56:10,228 INFO Generated 9 valid novel children
2026-09-10 10:42:50,693 INFO   crossover  | C-C-C-P-C-C-C-C-C-P    | fitness=0.5906 | val_acc=0.5696 | bal_acc=0.4928 | min_recall=0.2812 | params=218
2026-09-10 10:42:50,697 INFO   crossover  | C-C-P-C-P-C-C-C        | fitness=0.6126 | val_acc=0.5759 | bal_acc=0.4874 | min_recall=0.0937 | params=181
2026-09-10 10:42:50,701 INFO   crossover  | C-C-C-C-C-C-P-C-P-C    | fitness=0.5993 | val_acc=0.5823 | bal_acc=0.5051 | min_recall=0.3889 | params=260
2026-09-10 10:42:50,705 INFO   crossover  | C-C-C-C-C-C-C-C-C      | fitness=0.7111 | val_acc=0.5127 | bal_acc=0.4152 | min_recall=0.1875 | params=314
2026-09-10 10:42:50,709 INFO   crossover  | C-C-P-C                | fitness=0.6801 | val_acc=0.4810 | bal_acc=0.4122 | min_recall=0.2432 | params=97
2026-09-10 10:42:50,714 INFO   crossover  | C-C-C-P-C-P-C-C-C-C    | fitness=0.5907 | val_acc=0.5886 | bal_acc=0.5001 | min_recall=0.2812 | params=173
2026-09-10 10:42:50,721 INFO   mutate     | C-C-C-P                | fitness=0.6787 | val_acc=0.4241 | bal_acc=0.3905 | min_recall=0.1622 | params=136
2026-09-10 10:42:50,723 INFO   mutate     | C-C-C-C-C-C-C-P-C-C    | fitness=0.6685 | val_acc=0.5443 | bal_acc=0.4558 | min_recall=0.1562 | params=247
2026-09-10 10:42:50,726 INFO   mutate     | C-C-C-C-P-C-P-C-C-C    | fitness=0.6089 | val_acc=0.5696 | bal_acc=0.4885 | min_recall=0.3437 | params=189
2026-09-10 10:42:50,726 INFO Best so far → val_acc=0.6076  bal_acc=0.5318  min_recall=0.3125  fitness=0.5395  params=172  id=-5514961…
2026-09-10 10:42:50,726 INFO 
=== Evo step 10/15 ===
2026-09-10 10:42:50,726 INFO Top-3: -5514961… fit=0.5395  |  -6948029… fit=0.5563  |  -6853810… fit=0.5568
2026-09-10 10:42:50,737 INFO Generated 9 valid novel children
2026-09-10 13:23:17,144 INFO   crossover  | C-C-C-C-C-C-C-P-C-C    | fitness=0.6205 | val_acc=0.5443 | bal_acc=0.4751 | min_recall=0.2500 | params=199
2026-09-10 13:23:17,147 INFO   crossover  | C-C-C-C                | fitness=0.6462 | val_acc=0.4557 | bal_acc=0.4100 | min_recall=0.2812 | params=97
2026-09-10 13:23:17,148 INFO   crossover  | C-C-C-C-C-C            | fitness=0.6910 | val_acc=0.5316 | bal_acc=0.4261 | min_recall=0.2778 | params=257
2026-09-10 13:23:17,151 INFO   crossover  | C-C-C-C-C-C-C-C-C-C    | fitness=0.6365 | val_acc=0.5506 | bal_acc=0.4601 | min_recall=0.2187 | params=283
2026-09-10 13:23:17,152 INFO   crossover  | C-C-C-C-C-C-C-C        | fitness=0.6518 | val_acc=0.5316 | bal_acc=0.4612 | min_recall=0.2187 | params=167
2026-09-10 13:23:17,158 INFO   crossover  | C-C-C-C-C-C-C-C-C-P    | fitness=0.6005 | val_acc=0.5633 | bal_acc=0.4829 | min_recall=0.1875 | params=249
2026-09-10 13:23:17,160 INFO   mutate     | C-C-P-C                | fitness=0.5565 | val_acc=0.5633 | bal_acc=0.4822 | min_recall=0.1875 | params=132
2026-09-10 13:23:17,163 INFO   mutate     | C-C-C-C-C-C-P-C-C      | fitness=0.5850 | val_acc=0.5759 | bal_acc=0.5017 | min_recall=0.3437 | params=261
2026-09-10 13:23:17,167 INFO   mutate     | C-C-C-C-C-C-C          | fitness=0.5568 | val_acc=0.5949 | bal_acc=0.5009 | min_recall=0.2187 | params=123
2026-09-10 13:23:17,168 INFO Best so far → val_acc=0.6076  bal_acc=0.5318  min_recall=0.3125  fitness=0.5395  params=172  id=-5514961…
2026-09-10 13:23:17,174 INFO Memory table saved.
2026-09-10 13:23:17,174 INFO 
=== Evo step 11/15 ===
2026-09-10 13:23:17,174 INFO Top-3: -5514961… fit=0.5395  |  -6948029… fit=0.5563  |  -5596199… fit=0.5565
2026-09-10 13:23:17,181 INFO Generated 9 valid novel children
2026-09-10 15:48:01,373 INFO   crossover  | C-C-C-P-C-C-C          | fitness=0.5939 | val_acc=0.5570 | bal_acc=0.4611 | min_recall=0.2222 | params=186
2026-09-10 15:48:01,378 INFO   crossover  | C-C-P-C                | fitness=0.6282 | val_acc=0.4810 | bal_acc=0.4473 | min_recall=0.2703 | params=163
2026-09-10 15:48:01,381 INFO   crossover  | C-C-C-C-C-C-P-C-C-P    | fitness=0.6119 | val_acc=0.5506 | bal_acc=0.4869 | min_recall=0.0937 | params=260
2026-09-10 15:48:01,386 INFO   crossover  | C-C-C-C-C              | fitness=0.6336 | val_acc=0.5380 | bal_acc=0.4604 | min_recall=0.3243 | params=230
2026-09-10 15:48:01,395 INFO   crossover  | C-C-P-C-C-C-P-C        | fitness=0.5906 | val_acc=0.5633 | bal_acc=0.4890 | min_recall=0.1562 | params=216
2026-09-10 15:48:01,399 INFO   crossover  | C-C-P-C-C-C-C-C-C-P    | fitness=0.6383 | val_acc=0.5759 | bal_acc=0.4852 | min_recall=0.2187 | params=268
2026-09-10 15:48:01,405 INFO   mutate     | C-P-C-C-P-C            | fitness=0.6578 | val_acc=0.4810 | bal_acc=0.4069 | min_recall=0.2222 | params=153
2026-09-10 15:48:01,409 INFO   mutate     | C-C-C-C-C-C-P-C        | fitness=0.6202 | val_acc=0.5570 | bal_acc=0.4700 | min_recall=0.3125 | params=229
2026-09-10 15:48:01,413 INFO   mutate     | C-C-P-C                | fitness=0.7542 | val_acc=0.3481 | bal_acc=0.3057 | min_recall=0.2162 | params=100
2026-09-10 15:48:01,413 INFO Best so far → val_acc=0.6076  bal_acc=0.5318  min_recall=0.3125  fitness=0.5395  params=172  id=-5514961…
2026-09-10 15:48:01,414 INFO 
=== Evo step 12/15 ===
2026-09-10 15:48:01,414 INFO Top-3: -5514961… fit=0.5395  |  -6948029… fit=0.5563  |  21791609… fit=0.6260
2026-09-10 15:48:01,426 INFO Generated 9 valid novel children
2026-09-10 18:47:33,644 INFO   crossover  | C-C-C-P-C-C-C-C-C-P    | fitness=0.6370 | val_acc=0.4873 | bal_acc=0.4627 | min_recall=0.1875 | params=272
2026-09-10 18:47:33,648 INFO   crossover  | C-C-C                  | fitness=0.6935 | val_acc=0.4430 | bal_acc=0.3668 | min_recall=0.1667 | params=97
2026-09-10 18:47:33,652 INFO   crossover  | C-C-C-C-C-P-C          | fitness=0.6770 | val_acc=0.5190 | bal_acc=0.4417 | min_recall=0.1562 | params=332
2026-09-10 18:47:33,661 INFO   crossover  | C-C-C-C-C-C-C-C-P-C    | fitness=0.5658 | val_acc=0.5886 | bal_acc=0.5184 | min_recall=0.3437 | params=351
2026-09-10 18:47:33,665 INFO   crossover  | C-C-P-C-C-C-C-P-C      | fitness=0.6188 | val_acc=0.5506 | bal_acc=0.4683 | min_recall=0.1562 | params=252
2026-09-10 18:47:33,669 INFO   crossover  | C-C-P-C-C              | fitness=0.5776 | val_acc=0.5253 | bal_acc=0.4981 | min_recall=0.3514 | params=134
2026-09-10 18:47:33,673 INFO   mutate     | C-C-C-P-C-C-C          | fitness=0.5841 | val_acc=0.5823 | bal_acc=0.4834 | min_recall=0.2778 | params=142
2026-09-10 18:47:33,677 INFO   mutate     | C-C-C-C-C-C-C-P-C      | fitness=0.6860 | val_acc=0.5253 | bal_acc=0.4380 | min_recall=0.2500 | params=261
2026-09-10 18:47:33,682 INFO   mutate     | C-C-C-C-P-C-P-C-C      | fitness=0.5717 | val_acc=0.5759 | bal_acc=0.4956 | min_recall=0.3333 | params=122
2026-09-10 18:47:33,682 INFO Best so far → val_acc=0.6076  bal_acc=0.5318  min_recall=0.3125  fitness=0.5395  params=172  id=-5514961…
2026-09-10 18:47:33,682 INFO 
=== Evo step 13/15 ===
2026-09-10 18:47:33,682 INFO Top-3: -5514961… fit=0.5395  |  -6948029… fit=0.5563  |  -5596199… fit=0.5565
2026-09-10 18:47:33,708 INFO Generated 9 valid novel children
2026-09-10 21:51:45,254 INFO   crossover  | C-C-C-C-C-C-C-P-C-C    | fitness=0.5956 | val_acc=0.5696 | bal_acc=0.4846 | min_recall=0.2500 | params=275
2026-09-10 21:51:45,260 INFO   crossover  | C-C-C-P-C-P-C          | fitness=0.6348 | val_acc=0.5506 | bal_acc=0.4732 | min_recall=0.2812 | params=217
2026-09-10 21:51:45,262 INFO   crossover  | C-C-C-C-C-C-C-P-C      | fitness=0.5951 | val_acc=0.5696 | bal_acc=0.4971 | min_recall=0.3125 | params=354
2026-09-10 21:51:45,264 INFO   crossover  | C-C-C-C-C-C-C          | fitness=0.6204 | val_acc=0.5570 | bal_acc=0.4832 | min_recall=0.2812 | params=267
2026-09-10 21:51:45,266 INFO   crossover  | C-C-P-C-P-C            | fitness=0.6369 | val_acc=0.5316 | bal_acc=0.4658 | min_recall=0.2973 | params=177
2026-09-10 21:51:45,267 INFO   crossover  | C-C-P-C-C-C-P-C-C      | fitness=0.6685 | val_acc=0.5253 | bal_acc=0.4494 | min_recall=0.2812 | params=174
2026-09-10 21:51:45,269 INFO   mutate     | C-C-C-P-C-C            | fitness=0.8596 | val_acc=0.3481 | bal_acc=0.3042 | min_recall=0.0541 | params=148
2026-09-10 21:51:45,271 INFO   mutate     | C-C-C-C-C-C-C-C-C      | fitness=0.6370 | val_acc=0.5506 | bal_acc=0.4511 | min_recall=0.2222 | params=235
2026-09-10 21:51:45,276 INFO   mutate     | P-C-C-P-C              | fitness=0.5745 | val_acc=0.4494 | bal_acc=0.4338 | min_recall=0.3333 | params=113
2026-09-10 21:51:45,276 INFO Best so far → val_acc=0.6076  bal_acc=0.5318  min_recall=0.3125  fitness=0.5395  params=172  id=-5514961…
2026-09-10 21:51:45,276 INFO 
=== Evo step 14/15 ===
2026-09-10 21:51:45,277 INFO Top-3: -5514961… fit=0.5395  |  -6948029… fit=0.5563  |  76327168… fit=0.5761
2026-09-10 21:51:45,282 INFO Generated 9 valid novel children
2026-09-11 01:05:45,962 INFO   crossover  | C-C-C-P-C-C-P-C-C      | fitness=0.6403 | val_acc=0.5443 | bal_acc=0.4636 | min_recall=0.3125 | params=196
2026-09-11 01:05:45,966 INFO   crossover  | C-C-C-P                | fitness=0.6678 | val_acc=0.4747 | bal_acc=0.3827 | min_recall=0.1111 | params=91
2026-09-11 01:05:45,970 INFO   crossover  | C-C-C-C-C-C-C-C-P-C    | fitness=0.6193 | val_acc=0.5570 | bal_acc=0.4743 | min_recall=0.2500 | params=381
2026-09-11 01:05:45,974 INFO   crossover  | C-C-C-C-C-C-C-P-C-C    | fitness=0.6922 | val_acc=0.5380 | bal_acc=0.4443 | min_recall=0.2973 | params=371
2026-09-11 01:05:45,978 INFO   crossover  | C-P-C-P-C              | fitness=0.7225 | val_acc=0.4873 | bal_acc=0.4099 | min_recall=0.1081 | params=140
2026-09-11 01:05:45,982 INFO   crossover  | C-P-C-P-C-C            | fitness=0.6398 | val_acc=0.5000 | bal_acc=0.4254 | min_recall=0.2187 | params=114
2026-09-11 01:05:45,986 INFO   mutate     | C-C-C-C                | fitness=0.5542 | val_acc=0.5633 | bal_acc=0.4947 | min_recall=0.2500 | params=172
2026-09-11 01:05:45,995 INFO   mutate     | C-C-C-C-C-C-P-C-C-C    | fitness=0.6210 | val_acc=0.5443 | bal_acc=0.4648 | min_recall=0.1562 | params=241
2026-09-11 01:05:45,999 INFO   mutate     | C-P-C-P-C-C-C          | fitness=0.6716 | val_acc=0.5127 | bal_acc=0.4309 | min_recall=0.2500 | params=142
2026-09-11 01:05:45,999 INFO Best so far → val_acc=0.6076  bal_acc=0.5318  min_recall=0.3125  fitness=0.5395  params=172  id=-5514961…
2026-09-11 01:05:46,000 INFO 
=== Evo step 15/15 ===
2026-09-11 01:05:46,000 INFO Top-3: -5514961… fit=0.5395  |  -2419895… fit=0.5542  |  -6948029… fit=0.5563
2026-09-11 01:05:46,014 INFO Generated 9 valid novel children
2026-09-11 03:27:05,943 INFO   crossover  | C-C-C-P-C-C-C          | fitness=0.6369 | val_acc=0.5380 | bal_acc=0.4722 | min_recall=0.2500 | params=226
2026-09-11 03:27:05,948 INFO   crossover  | C-C-C-P-C-C-C-C-P-C    | fitness=0.6160 | val_acc=0.5316 | bal_acc=0.4488 | min_recall=0.2187 | params=222
2026-09-11 03:27:05,951 INFO   crossover  | C-C-C-C-C-P-C          | fitness=0.7735 | val_acc=0.4937 | bal_acc=0.4076 | min_recall=0.0625 | params=256
2026-09-11 03:27:05,956 INFO   crossover  | C-C-C-C-C-C            | fitness=0.5868 | val_acc=0.5823 | bal_acc=0.4977 | min_recall=0.3125 | params=186
2026-09-11 03:27:05,959 INFO   crossover  | C-C-C-C-C-C-P-C-C-C    | fitness=0.6043 | val_acc=0.5506 | bal_acc=0.4769 | min_recall=0.2187 | params=248
2026-09-11 03:27:05,964 INFO   crossover  | C-C-C-C-C              | fitness=0.6290 | val_acc=0.5380 | bal_acc=0.4630 | min_recall=0.1875 | params=212
2026-09-11 03:27:05,970 INFO   mutate     | C-C-C-P-P              | fitness=0.5531 | val_acc=0.5633 | bal_acc=0.4947 | min_recall=0.2500 | params=144
2026-09-11 03:27:05,972 INFO   mutate     | C-C-C-C                | fitness=0.7185 | val_acc=0.4241 | bal_acc=0.3416 | min_recall=0.1111 | params=107
2026-09-11 03:27:05,974 INFO   mutate     | C-C-C-C-C-C-P-C-C      | fitness=0.6458 | val_acc=0.5506 | bal_acc=0.4536 | min_recall=0.2187 | params=212
2026-09-11 03:27:05,974 INFO Best so far → val_acc=0.6076  bal_acc=0.5318  min_recall=0.3125  fitness=0.5395  params=172  id=-5514961…
2026-09-11 03:27:05,982 INFO Memory table saved.
2026-09-11 03:27:05,982 INFO 
=== SEARCH COMPLETE ===
2026-09-11 03:27:05,982 INFO Best val_acc  : 0.6076
2026-09-11 03:27:05,982 INFO Best bal_acc  : 0.5318  (mean per-class recall)
2026-09-11 03:27:05,982 INFO Min recall    : 0.3125  (worst class)
2026-09-11 03:27:05,982 INFO Best fitness  : 0.5395
2026-09-11 03:27:05,982 INFO Params        : 172
2026-09-11 03:27:05,982 INFO Layers        : 5  (4 conv + 1 pool)
2026-09-11 03:27:05,982 INFO Circuit structure:
2026-09-11 03:27:05,982 INFO   Structure: C-C-C-P-C  (5 layers = 4 conv + 1 pool)
2026-09-11 03:27:05,982 INFO   Layer 0 CONV  gate=U_5        stride=1 step=2 offset=0 boundary=periodic
2026-09-11 03:27:05,982 INFO   Layer 1 CONV  gate=U_gate     stride=5 step=3 offset=0 boundary=open
2026-09-11 03:27:05,982 INFO   Layer 2 CONV  gate=U_SU4      stride=1 step=1 offset=3 boundary=periodic
2026-09-11 03:27:05,982 INFO   Layer 3 POOL  gate=pool_U       pattern=1*1
2026-09-11 03:27:05,982 INFO   Layer 4 CONV  gate=U_14       stride=6 step=1 offset=0 boundary=periodic
2026-09-11 03:27:05,982 INFO   Qubits surviving: 6 → [1, 2, 3, 4, 5, 6]  | readout wires = [1, 2]
2026-09-11 03:27:05,982 INFO 
============================================================
2026-09-11 03:27:05,982 INFO FINAL TRAINING — RetinaMNIST 4-class QCNN
2026-09-11 03:27:05,982 INFO ============================================================
2026-09-11 03:27:05,982 INFO   Structure: C-C-C-P-C  (5 layers = 4 conv + 1 pool)
2026-09-11 03:27:05,982 INFO   Layer 0 CONV  gate=U_5        stride=1 step=2 offset=0 boundary=periodic
2026-09-11 03:27:05,982 INFO   Layer 1 CONV  gate=U_gate     stride=5 step=3 offset=0 boundary=open
2026-09-11 03:27:05,982 INFO   Layer 2 CONV  gate=U_SU4      stride=1 step=1 offset=3 boundary=periodic
2026-09-11 03:27:05,983 INFO   Layer 3 POOL  gate=pool_U       pattern=1*1
2026-09-11 03:27:05,983 INFO   Layer 4 CONV  gate=U_14       stride=6 step=1 offset=0 boundary=periodic
2026-09-11 03:27:05,983 INFO   Qubits surviving: 6 → [1, 2, 3, 4, 5, 6]  | readout wires = [1, 2]
2026-09-11 03:27:05,983 INFO Circuit: 5 layers (4 conv + 1 pool), 172 trainable parameters.
2026-09-11 03:28:26,721 INFO Epoch    1/200 | loss=1.3799 | val_acc=0.5000 | bal_acc=0.4189 | min_recall=0.219 | lr=0.005000
2026-09-11 03:53:46,212 INFO Epoch   20/200 | loss=1.2690 | val_acc=0.4937 | bal_acc=0.4172 | min_recall=0.222 | lr=0.005000
2026-09-11 04:20:24,014 INFO Epoch   40/200 | loss=1.2274 | val_acc=0.5190 | bal_acc=0.4386 | min_recall=0.219 | lr=0.005000
2026-09-11 04:47:02,290 INFO Epoch   60/200 | loss=1.2163 | val_acc=0.5823 | bal_acc=0.4978 | min_recall=0.125 | lr=0.002500
2026-09-11 05:13:40,806 INFO Epoch   80/200 | loss=1.2091 | val_acc=0.5949 | bal_acc=0.5344 | min_recall=0.156 | lr=0.002500
2026-09-11 05:40:19,788 INFO Epoch  100/200 | loss=1.2002 | val_acc=0.5759 | bal_acc=0.4849 | min_recall=0.250 | lr=0.001250
2026-09-11 06:06:57,841 INFO Epoch  120/200 | loss=1.1930 | val_acc=0.5759 | bal_acc=0.5035 | min_recall=0.187 | lr=0.001250
2026-09-11 06:33:35,872 INFO Epoch  140/200 | loss=1.1914 | val_acc=0.5759 | bal_acc=0.5024 | min_recall=0.250 | lr=0.001250
2026-09-11 07:00:15,412 INFO Epoch  160/200 | loss=1.1901 | val_acc=0.5759 | bal_acc=0.5014 | min_recall=0.219 | lr=0.000625
2026-09-11 07:26:53,130 INFO Epoch  180/200 | loss=1.1894 | val_acc=0.5823 | bal_acc=0.5092 | min_recall=0.250 | lr=0.000625
2026-09-11 07:53:32,515 INFO Epoch  200/200 | loss=1.1894 | val_acc=0.6013 | bal_acc=0.5405 | min_recall=0.250 | lr=0.000313
2026-09-11 07:53:32,515 INFO Training log saved → experiments/pca16/sweep/large_pop_001/training_log.csv
2026-09-11 07:53:32,515 INFO Best val fitness: 0.4659
2026-09-11 07:53:32,515 INFO 
--- Test evaluation (best-val checkpoint) ---
2026-09-11 07:53:40,152 INFO Test accuracy    : 0.5697
Test bal. acc    : 0.4850  (mean per-class recall)
Per-class recall : ['0.7222', '0.2759', '0.1000', '0.8421']
Min recall       : 0.1000
Test ROC-AUC OvR : 0.7261
2026-09-11 07:53:40,154 INFO 
               precision    recall  f1-score   support

        No DR       0.86      0.72      0.78       108
    Mild NPDR       0.25      0.28      0.26        29
Moderate NPDR       0.36      0.10      0.16        50
   Severe+PDR       0.45      0.84      0.59        57

     accuracy                           0.57       244
    macro avg       0.48      0.49      0.45       244
 weighted avg       0.59      0.57      0.55       244

2026-09-11 07:53:40,385 INFO Plots saved.
2026-09-11 07:53:41,181 INFO Failed to extract font properties from /usr/share/fonts/truetype/noto/NotoColorEmoji.ttf: Can not load face (unknown file format; error code 0x2)
2026-09-11 07:53:41,822 INFO Circuit diagram saved.
2026-09-11 07:53:41,847 INFO 
Run 'large_pop' complete → {'accuracy': 0.569672131147541, 'bal_acc': 0.4850473885039748, 'per_class_recalls': [0.7222222221553498, 0.2758620688703924, 0.09999999998, 0.842105263010157], 'roc_auc_ovr': 0.7260845404731607}
2026-09-11 07:53:41,847 INFO 
Sweep summary saved → experiments/pca16/sweep/sweep_summary_large_pop.csv
