2026-09-01 00:04:44,282 INFO 
============================================================
2026-09-01 00:04:44,282 INFO SWEEP RUN: combined_best  (PCA-8)
2026-09-01 00:04:44,282 INFO Params: {'label': 'combined_best', 'LR_EVAL': 0.01, 'N_EPOCHS_EVAL': 80, 'INIT_POP': 20, 'MAX_EVO_STEPS': 15, 'MAX_LAYERS': 12, 'P_CONV': 0.7, 'W_CLASS': [0.05, 0.1, 0.25, 0.6]}
2026-09-01 00:04:44,282 INFO ============================================================
2026-09-01 00:04:44,282 INFO 
--- Linear classifier baseline (on 8 PCA features) ---
2026-09-01 00:04:44,363 INFO   val   | acc=0.5570 | bal_acc=0.4800 | min_recall=0.1875 | auc=0.7735
2026-09-01 00:04:44,363 INFO          per-class: ['0.775', '0.444', '0.187', '0.514']
2026-09-01 00:04:44,365 INFO   test  | acc=0.5615 | bal_acc=0.4779 | min_recall=0.2200 | auc=0.7486
2026-09-01 00:04:44,365 INFO          per-class: ['0.731', '0.276', '0.220', '0.684']
2026-09-01 00:04:44,365 INFO Linear baseline saved → experiments/pca8/sweep/combined_best_001/linear_baseline.json
2026-09-01 00:04:44,365 INFO Subsampling search training set: 2140 → 2000
2026-09-01 00:04:44,373 INFO Evaluating initial population...
2026-09-01 00:04:44,374 INFO Config: LR=0.01  epochs=80  pop=20  steps=15  W_CLASS=[0.05, 0.1, 0.25, 0.6]
2026-09-01 00:04:44,374 INFO Encoding: single (RY per qubit), 8 PCA components → 8 qubits
2026-09-01 00:04:44,374 INFO Structure: variable length 3–12 layers  | P_CONV=0.7  | min conv=1  | min pool=0  | readout qubits=2
2026-09-01 00:04:44,411 INFO Initial population: 20 valid genotypes
2026-09-01 03:34:55,971 INFO   random     | C-C-P-C-C              | fitness=0.7470 | val_acc=0.5759 | bal_acc=0.5193 | min_recall=0.0000 | params=142
2026-09-01 03:34:55,975 INFO   random     | C-P-C-P-C              | fitness=0.6634 | val_acc=0.4747 | bal_acc=0.4166 | min_recall=0.3243 | params=53
2026-09-01 03:34:55,979 INFO   random     | C-P-C-C-C-C-C          | fitness=0.6585 | val_acc=0.5633 | bal_acc=0.4847 | min_recall=0.0312 | params=165
2026-09-01 03:34:55,983 INFO   random     | C-C-C-C-P              | fitness=0.5564 | val_acc=0.5506 | bal_acc=0.4551 | min_recall=0.1875 | params=128
2026-09-01 03:34:55,987 INFO   random     | C-C-C-C-P              | fitness=0.5474 | val_acc=0.3101 | bal_acc=0.3121 | min_recall=0.1250 | params=64
2026-09-01 03:34:55,991 INFO   random     | C-C-C-C-C-C-P-C        | fitness=0.5444 | val_acc=0.5506 | bal_acc=0.4809 | min_recall=0.1250 | params=109
2026-09-01 03:34:55,995 INFO   random     | C-C-P                  | fitness=0.5936 | val_acc=0.4810 | bal_acc=0.4059 | min_recall=0.2222 | params=30
2026-09-01 03:34:56,000 INFO   random     | C-C-C-C-C-C-C-C-C-P    | fitness=0.5610 | val_acc=0.5570 | bal_acc=0.4951 | min_recall=0.2500 | params=208
2026-09-01 03:34:56,008 INFO   random     | C-P-C-C-C              | fitness=0.5604 | val_acc=0.4620 | bal_acc=0.4501 | min_recall=0.1562 | params=101
2026-09-01 03:34:56,012 INFO   random     | C-C-C-P-C-C-C-C-C      | fitness=0.7976 | val_acc=0.5127 | bal_acc=0.4188 | min_recall=0.0625 | params=138
2026-09-01 03:34:56,015 INFO   random     | C-P-C                  | fitness=0.7478 | val_acc=0.5127 | bal_acc=0.4012 | min_recall=0.1351 | params=38
2026-09-01 03:34:56,016 INFO   random     | C-C-C-P-C-C-C-C        | fitness=0.6839 | val_acc=0.5127 | bal_acc=0.4238 | min_recall=0.2500 | params=101
2026-09-01 03:34:56,018 INFO   random     | C-C-P                  | fitness=0.5745 | val_acc=0.5506 | bal_acc=0.4486 | min_recall=0.1875 | params=58
2026-09-01 03:34:56,020 INFO   random     | P-C-C-C-C-C-C-C-C-C-P-C | fitness=0.7134 | val_acc=0.5633 | bal_acc=0.4766 | min_recall=0.0000 | params=166
2026-09-01 03:34:56,022 INFO   random     | C-C-C-C-C-C-P-C-C-P-C-C | fitness=0.6619 | val_acc=0.5696 | bal_acc=0.5002 | min_recall=0.2500 | params=206
2026-09-01 03:34:56,028 INFO   random     | C-C-C-C-C-C-C-C-C      | fitness=0.5487 | val_acc=0.5696 | bal_acc=0.4575 | min_recall=0.1562 | params=188
2026-09-01 03:34:56,032 INFO   random     | C-C-C-C-C-C-C-P-C-C-P-C | fitness=0.6783 | val_acc=0.5506 | bal_acc=0.4673 | min_recall=0.0312 | params=192
2026-09-01 03:34:56,036 INFO   random     | C-C-C-C-C-C-P-C        | fitness=0.6876 | val_acc=0.4557 | bal_acc=0.4125 | min_recall=0.2703 | params=105
2026-09-01 03:34:56,040 INFO   random     | P-C-C-C-C-C-P          | fitness=0.5862 | val_acc=0.5823 | bal_acc=0.5171 | min_recall=0.0625 | params=100
2026-09-01 03:34:56,045 INFO   random     | C-P-P                  | fitness=0.6199 | val_acc=0.3671 | bal_acc=0.3325 | min_recall=0.1111 | params=42
2026-09-01 03:34:56,045 INFO 
=== Evo step 1/15 ===
2026-09-01 03:34:56,045 INFO Top-3: -2073362… fit=0.5444  |  -9054811… fit=0.5474  |  65826237… fit=0.5487
2026-09-01 03:34:56,047 INFO Generated 9 valid novel children
2026-09-01 06:53:24,997 INFO   crossover  | C-C-C-C-P              | fitness=0.5482 | val_acc=0.2975 | bal_acc=0.3050 | min_recall=0.1250 | params=58
2026-09-01 06:53:25,002 INFO   crossover  | C-C-C-C-C-C-C-C-C-C-C-C | fitness=0.6502 | val_acc=0.5696 | bal_acc=0.4844 | min_recall=0.0312 | params=232
2026-09-01 06:53:25,009 INFO   crossover  | C-C-C-C-C-C-C-C-P-C    | fitness=0.6118 | val_acc=0.5190 | bal_acc=0.4878 | min_recall=0.2187 | params=131
2026-09-01 06:53:25,011 INFO   crossover  | C-C-C-C-C-C-C-C-C-C-C-C | fitness=0.6186 | val_acc=0.5506 | bal_acc=0.4879 | min_recall=0.2187 | params=250
2026-09-01 06:53:25,013 INFO   crossover  | C-C-C-C-C-C-C-C-P-C    | fitness=0.7052 | val_acc=0.5570 | bal_acc=0.4834 | min_recall=0.0000 | params=171
2026-09-01 06:53:25,014 INFO   crossover  | C-C-C-C-C-C-C-C-C-P    | fitness=0.6301 | val_acc=0.5380 | bal_acc=0.4333 | min_recall=0.2222 | params=224
2026-09-01 06:53:25,017 INFO   mutate     | C-C-C-C-C-C-P-C        | fitness=0.5959 | val_acc=0.5380 | bal_acc=0.4584 | min_recall=0.2812 | params=94
2026-09-01 06:53:25,018 INFO   mutate     | C-C-C-C-C              | fitness=0.6166 | val_acc=0.5759 | bal_acc=0.4841 | min_recall=0.1875 | params=138
2026-09-01 06:53:25,020 INFO   mutate     | C-C-C-C-C-C-C-C        | fitness=0.6064 | val_acc=0.5380 | bal_acc=0.4434 | min_recall=0.1250 | params=158
2026-09-01 06:53:25,020 INFO Best so far → val_acc=0.5506  bal_acc=0.4809  min_recall=0.1250  fitness=0.5444  params=109  id=-2073362…
2026-09-01 06:53:25,020 INFO 
=== Evo step 2/15 ===
2026-09-01 06:53:25,020 INFO Top-3: -2073362… fit=0.5444  |  -9054811… fit=0.5474  |  -8947117… fit=0.7470
2026-09-01 06:53:25,023 INFO Generated 9 valid novel children
2026-09-01 09:08:05,666 INFO   crossover  | C-C-C-C-C-C-P          | fitness=0.6299 | val_acc=0.5190 | bal_acc=0.4542 | min_recall=0.1250 | params=72
2026-09-01 09:08:05,670 INFO   crossover  | C-C-C-C-C-C-C-C-P      | fitness=0.6764 | val_acc=0.4620 | bal_acc=0.4253 | min_recall=0.2973 | params=112
2026-09-01 09:08:05,674 INFO   crossover  | C-C-C-C-C-C-C-P-C      | fitness=0.5830 | val_acc=0.5570 | bal_acc=0.4769 | min_recall=0.0937 | params=127
2026-09-01 09:08:05,676 INFO   crossover  | C-C-C-C-P-C-P          | fitness=0.5417 | val_acc=0.5570 | bal_acc=0.4958 | min_recall=0.1562 | params=86
2026-09-01 09:08:05,678 INFO   crossover  | C-C-C-C-P-C-C-C-C-C-P-C | fitness=0.6631 | val_acc=0.5380 | bal_acc=0.4662 | min_recall=0.2812 | params=155
2026-09-01 09:08:05,680 INFO   crossover  | C-C-C-C-C-C-P          | fitness=0.5464 | val_acc=0.3101 | bal_acc=0.3164 | min_recall=0.1562 | params=80
2026-09-01 09:08:05,686 INFO   mutate     | C-C-C-C-C-C-P-C-P      | fitness=0.5624 | val_acc=0.5633 | bal_acc=0.4900 | min_recall=0.1875 | params=113
2026-09-01 09:08:05,688 INFO   mutate     | C-C-C-P                | fitness=0.5515 | val_acc=0.3101 | bal_acc=0.3131 | min_recall=0.1562 | params=44
2026-09-01 09:08:05,689 INFO   mutate     | C-C-C-C-C-C-C-C-C      | fitness=0.6467 | val_acc=0.5506 | bal_acc=0.4932 | min_recall=0.3514 | params=177
2026-09-01 09:08:05,689 INFO Best so far → val_acc=0.5570  bal_acc=0.4958  min_recall=0.1562  fitness=0.5417  params=86  id=-6040390…
2026-09-01 09:08:05,689 INFO 
=== Evo step 3/15 ===
2026-09-01 09:08:05,689 INFO Top-3: -6040390… fit=0.5417  |  -2073362… fit=0.5444  |  34426664… fit=0.5464
2026-09-01 09:08:05,692 INFO Generated 9 valid novel children
2026-09-01 11:26:52,442 INFO   crossover  | C-C-C-C-P-C-C-C-C-P-C  | fitness=0.6070 | val_acc=0.5443 | bal_acc=0.4944 | min_recall=0.0937 | params=149
2026-09-01 11:26:52,444 INFO   crossover  | C-C-C-C-C-C-C-C-C-P    | fitness=0.5527 | val_acc=0.3228 | bal_acc=0.3338 | min_recall=0.1562 | params=138
2026-09-01 11:26:52,446 INFO   crossover  | C-C-C-P-C-P            | fitness=0.4761 | val_acc=0.6076 | bal_acc=0.5319 | min_recall=0.2187 | params=68
2026-09-01 11:26:52,448 INFO   crossover  | C-C-C-C-C-C-C-C-C-P    | fitness=0.7071 | val_acc=0.4557 | bal_acc=0.4092 | min_recall=0.2432 | params=108
2026-09-01 11:26:52,454 INFO   crossover  | C-C-C-C-C-C-P-C-P      | fitness=0.5259 | val_acc=0.5823 | bal_acc=0.5017 | min_recall=0.1250 | params=102
2026-09-01 11:26:52,456 INFO   crossover  | C-C-C-C-C-C-P-C-C-P-C  | fitness=0.5338 | val_acc=0.5759 | bal_acc=0.4921 | min_recall=0.1562 | params=145
2026-09-01 11:26:52,458 INFO   mutate     | C-C-C-C-P              | fitness=0.5462 | val_acc=0.3101 | bal_acc=0.3060 | min_recall=0.1562 | params=74
2026-09-01 11:26:52,460 INFO   mutate     | C-C-C-C-C-C-C          | fitness=0.5393 | val_acc=0.5380 | bal_acc=0.4670 | min_recall=0.2500 | params=100
2026-09-01 11:26:52,462 INFO   mutate     | C-C-C-C-C-C-P          | fitness=0.5825 | val_acc=0.3165 | bal_acc=0.3473 | min_recall=0.1250 | params=106
2026-09-01 11:26:52,462 INFO Best so far → val_acc=0.6076  bal_acc=0.5319  min_recall=0.2187  fitness=0.4761  params=68  id=-8171207…
2026-09-01 11:26:52,462 INFO 
=== Evo step 4/15 ===
2026-09-01 11:26:52,462 INFO Top-3: -8171207… fit=0.4761  |  23692513… fit=0.5259  |  -4279413… fit=0.5936
2026-09-01 11:26:52,464 INFO Generated 9 valid novel children
2026-09-01 13:38:58,641 INFO   crossover  | C-C-C-C-P-C-P          | fitness=0.5269 | val_acc=0.6076 | bal_acc=0.5222 | min_recall=0.2187 | params=88
2026-09-01 13:38:58,644 INFO   crossover  | C-C-C-P-C-C-C-P-C-C-P-C | fitness=0.5457 | val_acc=0.5570 | bal_acc=0.4866 | min_recall=0.0937 | params=161
2026-09-01 13:38:58,645 INFO   crossover  | C-C-C-C-C-C-C-P-C-P    | fitness=0.7135 | val_acc=0.5443 | bal_acc=0.4541 | min_recall=0.0312 | params=122
2026-09-01 13:38:58,651 INFO   crossover  | C-C-C-C-P-C-C-P-C      | fitness=0.6933 | val_acc=0.5570 | bal_acc=0.4644 | min_recall=0.0312 | params=105
2026-09-01 13:38:58,653 INFO   crossover  | C-C-C-C-C-P            | fitness=0.5761 | val_acc=0.3038 | bal_acc=0.3124 | min_recall=0.1250 | params=60
2026-09-01 13:38:58,655 INFO   crossover  | C-C-C-C-C-C-P-P        | fitness=0.9007 | val_acc=0.5443 | bal_acc=0.4797 | min_recall=0.0000 | params=82
2026-09-01 13:38:58,657 INFO   mutate     | C-C-P-C-P              | fitness=0.5851 | val_acc=0.5253 | bal_acc=0.4242 | min_recall=0.1875 | params=48
2026-09-01 13:38:58,659 INFO   mutate     | C-C-C-C-C-C-C-P        | fitness=0.5930 | val_acc=0.3038 | bal_acc=0.3135 | min_recall=0.1562 | params=100
2026-09-01 13:38:58,661 INFO   mutate     | C-C-C-C-C-C-P-C-C-C-P-C | fitness=0.4745 | val_acc=0.6076 | bal_acc=0.5287 | min_recall=0.1250 | params=163
2026-09-01 13:38:58,661 INFO Best so far → val_acc=0.6076  bal_acc=0.5287  min_recall=0.1250  fitness=0.4745  params=163  id=-1217474…
2026-09-01 13:38:58,661 INFO 
=== Evo step 5/15 ===
2026-09-01 13:38:58,661 INFO Top-3: -1217474… fit=0.4745  |  -8171207… fit=0.4761  |  23692513… fit=0.5259
2026-09-01 13:38:58,665 INFO Generated 9 valid novel children
2026-09-01 15:45:08,919 INFO   crossover  | C-C-C-C-P-C-P          | fitness=0.5714 | val_acc=0.5380 | bal_acc=0.4509 | min_recall=0.1562 | params=62
2026-09-01 15:45:08,925 INFO   crossover  | C-C-C-C-C-C-C-C-C-P-C-P | fitness=0.6468 | val_acc=0.5886 | bal_acc=0.5388 | min_recall=0.0625 | params=136
2026-09-01 15:45:08,927 INFO   crossover  | C-C-C-P-C              | fitness=0.7167 | val_acc=0.5316 | bal_acc=0.4717 | min_recall=0.0312 | params=77
2026-09-01 15:45:08,929 INFO   crossover  | C-C-C-C-C-P-C-P        | fitness=0.5920 | val_acc=0.5759 | bal_acc=0.5032 | min_recall=0.0625 | params=90
2026-09-01 15:45:08,931 INFO   crossover  | C-C-C-C-C-C-C-C-C-C-C-P | fitness=0.5650 | val_acc=0.3165 | bal_acc=0.3260 | min_recall=0.1250 | params=138
2026-09-01 15:45:08,932 INFO   crossover  | C-C-C-P-C-P            | fitness=0.5785 | val_acc=0.5190 | bal_acc=0.4135 | min_recall=0.1667 | params=58
2026-09-01 15:45:08,934 INFO   mutate     | C-C-C-C-C-P-C-C-C-P-C  | fitness=0.6601 | val_acc=0.5380 | bal_acc=0.4615 | min_recall=0.1250 | params=151
2026-09-01 15:45:08,936 INFO   mutate     | C-C-C-P-C-P            | fitness=0.7431 | val_acc=0.5570 | bal_acc=0.4808 | min_recall=0.0000 | params=74
2026-09-01 15:45:08,942 INFO   mutate     | C-C-C-C-C-C-C-P-C-P    | fitness=0.6124 | val_acc=0.5633 | bal_acc=0.5021 | min_recall=0.2187 | params=147
2026-09-01 15:45:08,942 INFO Best so far → val_acc=0.6076  bal_acc=0.5287  min_recall=0.1250  fitness=0.4745  params=163  id=-1217474…
2026-09-01 15:45:08,943 INFO Memory table saved.
2026-09-01 15:45:08,943 INFO 
=== Evo step 6/15 ===
2026-09-01 15:45:08,943 INFO Top-3: -1217474… fit=0.4745  |  -8171207… fit=0.4761  |  28387146… fit=0.6301
2026-09-01 15:45:08,945 INFO Generated 9 valid novel children
2026-09-01 18:16:48,886 INFO   crossover  | C-C-C-C-C-P-C-P        | fitness=0.7398 | val_acc=0.5506 | bal_acc=0.4702 | min_recall=0.0000 | params=98
2026-09-01 18:16:48,894 INFO   crossover  | C-C-C-C-C-C-C-C-C-C-P-C | fitness=0.6756 | val_acc=0.3418 | bal_acc=0.3342 | min_recall=0.2187 | params=138
2026-09-01 18:16:48,898 INFO   crossover  | C-C-C-C-C-C-C-P-C-C-C-P | fitness=0.6723 | val_acc=0.5316 | bal_acc=0.4583 | min_recall=0.2500 | params=168
2026-09-01 18:16:48,903 INFO   crossover  | C-C-C-C-C-C-C-C-C-P-C-P | fitness=0.6608 | val_acc=0.5443 | bal_acc=0.4697 | min_recall=0.2812 | params=146
2026-09-01 18:16:48,904 INFO   crossover  | C-C-C-C-C-C-C-C-P-C-C-C | fitness=0.5789 | val_acc=0.5380 | bal_acc=0.4588 | min_recall=0.2778 | params=170
2026-09-01 18:16:48,910 INFO   crossover  | C-C-C-C-C-C-P-C-P-P    | fitness=0.5676 | val_acc=0.5443 | bal_acc=0.4731 | min_recall=0.0937 | params=104
2026-09-01 18:16:48,912 INFO   mutate     | C-C-C-C-C-C-P-C-C-C-P-C | fitness=0.5804 | val_acc=0.5886 | bal_acc=0.5059 | min_recall=0.1250 | params=165
2026-09-01 18:16:48,914 INFO   mutate     | C-C-C-P-C-P            | fitness=0.5153 | val_acc=0.5633 | bal_acc=0.4726 | min_recall=0.0937 | params=60
2026-09-01 18:16:48,916 INFO   mutate     | C-C-C-C-C-C-P-C-P      | fitness=0.6017 | val_acc=0.5633 | bal_acc=0.4960 | min_recall=0.2500 | params=86
2026-09-01 18:16:48,916 INFO Best so far → val_acc=0.6076  bal_acc=0.5287  min_recall=0.1250  fitness=0.4745  params=163  id=-1217474…
2026-09-01 18:16:48,916 INFO 
=== Evo step 7/15 ===
2026-09-01 18:16:48,916 INFO Top-3: -1217474… fit=0.4745  |  -8171207… fit=0.4761  |  40760110… fit=0.5153
2026-09-01 18:16:48,918 INFO Generated 9 valid novel children
2026-09-01 20:37:30,490 INFO   crossover  | C-C-C-C-C-C-P-C-C-C-C-C | fitness=0.6777 | val_acc=0.5127 | bal_acc=0.4546 | min_recall=0.1250 | params=170
2026-09-01 20:37:30,492 INFO   crossover  | C-C-P                  | fitness=0.5367 | val_acc=0.3038 | bal_acc=0.3025 | min_recall=0.1562 | params=18
2026-09-01 20:37:30,494 INFO   crossover  | C-C-C-C                | fitness=0.6235 | val_acc=0.4873 | bal_acc=0.4073 | min_recall=0.2222 | params=74
2026-09-01 20:37:30,501 INFO   crossover  | C-C-C-P-C-C-C-P-C-P    | fitness=0.5715 | val_acc=0.5633 | bal_acc=0.4857 | min_recall=0.1562 | params=122
2026-09-01 20:37:30,503 INFO   crossover  | C-C-C-C-C-C-C-C-P-C-C-C | fitness=0.5696 | val_acc=0.5696 | bal_acc=0.5100 | min_recall=0.1562 | params=154
2026-09-01 20:37:30,506 INFO   crossover  | C-C-C-C-P-C-P          | fitness=0.5539 | val_acc=0.5886 | bal_acc=0.5102 | min_recall=0.1562 | params=88
2026-09-01 20:37:30,511 INFO   mutate     | C-C-C-C-C-C-P-C-C-C-P-C | fitness=0.6103 | val_acc=0.5633 | bal_acc=0.5064 | min_recall=0.2500 | params=148
2026-09-01 20:37:30,515 INFO   mutate     | C-C-C-P-C-C-P          | fitness=0.7291 | val_acc=0.5190 | bal_acc=0.4821 | min_recall=0.0312 | params=92
2026-09-01 20:37:30,517 INFO   mutate     | C-C-C-P-C              | fitness=0.6162 | val_acc=0.5316 | bal_acc=0.4709 | min_recall=0.2187 | params=58
2026-09-01 20:37:30,517 INFO Best so far → val_acc=0.6076  bal_acc=0.5287  min_recall=0.1250  fitness=0.4745  params=163  id=-1217474…
2026-09-01 20:37:30,517 INFO 
=== Evo step 8/15 ===
2026-09-01 20:37:30,517 INFO Top-3: -1217474… fit=0.4745  |  -8171207… fit=0.4761  |  40760110… fit=0.5153
2026-09-01 20:37:30,524 INFO Generated 9 valid novel children
2026-09-01 22:29:23,360 INFO   crossover  | C-C-P-C-P              | fitness=0.5917 | val_acc=0.5380 | bal_acc=0.4819 | min_recall=0.2500 | params=48
2026-09-01 22:29:23,368 INFO   crossover  | C-C-C-C-C-P            | fitness=0.5717 | val_acc=0.2911 | bal_acc=0.2879 | min_recall=0.1250 | params=60
2026-09-01 22:29:23,373 INFO   crossover  | C-C-C-C-P-C            | fitness=0.5499 | val_acc=0.5570 | bal_acc=0.4969 | min_recall=0.1875 | params=97
2026-09-01 22:29:23,376 INFO   crossover  | C-C-P-C-P              | fitness=0.5333 | val_acc=0.5380 | bal_acc=0.4170 | min_recall=0.0937 | params=40
2026-09-01 22:29:23,378 INFO   crossover  | C-C-C-P-C-C-C-P-C      | fitness=0.5603 | val_acc=0.5759 | bal_acc=0.5189 | min_recall=0.2187 | params=123
2026-09-01 22:29:23,380 INFO   crossover  | C-C-C-C-C-P-C-P        | fitness=0.5079 | val_acc=0.6013 | bal_acc=0.5209 | min_recall=0.1875 | params=108
2026-09-01 22:29:23,382 INFO   mutate     | C-C-C-C-C-C            | fitness=0.6376 | val_acc=0.5316 | bal_acc=0.4623 | min_recall=0.1562 | params=100
2026-09-01 22:29:23,384 INFO   mutate     | C-C-C-P-C-P            | fitness=0.5740 | val_acc=0.5570 | bal_acc=0.4843 | min_recall=0.2187 | params=60
2026-09-01 22:29:23,386 INFO   mutate     | C-C-C-P-C-C            | fitness=0.5146 | val_acc=0.5633 | bal_acc=0.4944 | min_recall=0.1250 | params=182
2026-09-01 22:29:23,386 INFO Best so far → val_acc=0.6076  bal_acc=0.5287  min_recall=0.1250  fitness=0.4745  params=163  id=-1217474…
2026-09-01 22:29:23,386 INFO 
=== Evo step 9/15 ===
2026-09-01 22:29:23,386 INFO Top-3: -1217474… fit=0.4745  |  -8171207… fit=0.4761  |  -3453378… fit=0.5079
2026-09-01 22:29:23,390 INFO Generated 9 valid novel children
2026-09-02 00:53:56,446 INFO   crossover  | C-C-C-C-C-P-C-P        | fitness=0.5409 | val_acc=0.5633 | bal_acc=0.4707 | min_recall=0.2500 | params=82
2026-09-02 00:53:56,451 INFO   crossover  | C-C-C-C-C-C-P-C-C-C-P-P | fitness=0.6008 | val_acc=0.5759 | bal_acc=0.4852 | min_recall=0.1250 | params=150
2026-09-02 00:53:56,455 INFO   crossover  | C-C-C-C-C-C-P-C-C-C-P-C | fitness=0.6634 | val_acc=0.5380 | bal_acc=0.4608 | min_recall=0.2187 | params=171
2026-09-02 00:53:56,459 INFO   crossover  | C-C-C-C-C-C-C-P-C-P    | fitness=0.5436 | val_acc=0.5759 | bal_acc=0.5107 | min_recall=0.1875 | params=130
2026-09-02 00:53:56,463 INFO   crossover  | C-C-C-C-C-C-C-C-C-P-C-C | fitness=0.6247 | val_acc=0.5443 | bal_acc=0.4533 | min_recall=0.2187 | params=160
2026-09-02 00:53:56,467 INFO   crossover  | C-C-C-P-C-P            | fitness=0.4858 | val_acc=0.5506 | bal_acc=0.4402 | min_recall=0.1111 | params=50
2026-09-02 00:53:56,475 INFO   mutate     | C-C-C-C-C-C-P-C-C-C-P  | fitness=0.6672 | val_acc=0.5253 | bal_acc=0.4446 | min_recall=0.0625 | params=148
2026-09-02 00:53:56,479 INFO   mutate     | C-C-C-P-C-C-P          | fitness=0.4734 | val_acc=0.6076 | bal_acc=0.5369 | min_recall=0.1562 | params=80
2026-09-02 00:53:56,483 INFO   mutate     | C-C-C-C-C-C            | fitness=0.6222 | val_acc=0.5633 | bal_acc=0.4285 | min_recall=0.1667 | params=78
2026-09-02 00:53:56,483 INFO Best so far → val_acc=0.6076  bal_acc=0.5369  min_recall=0.1562  fitness=0.4734  params=80  id=99541593…
2026-09-02 00:53:56,483 INFO 
=== Evo step 10/15 ===
2026-09-02 00:53:56,483 INFO Top-3: 99541593… fit=0.4734  |  -1217474… fit=0.4745  |  -8171207… fit=0.4761
2026-09-02 00:53:56,485 INFO Generated 9 valid novel children
2026-09-02 03:14:39,067 INFO   crossover  | C-C-C-P-C-C-P-C-C-C-P-C | fitness=0.5209 | val_acc=0.5886 | bal_acc=0.5131 | min_recall=0.2812 | params=142
2026-09-02 03:14:39,071 INFO   crossover  | C-P-C-P                | fitness=0.5611 | val_acc=0.5190 | bal_acc=0.4343 | min_recall=0.1875 | params=28
2026-09-02 03:14:39,075 INFO   crossover  | C-C-C-C-C-C-C-P-C-C-P  | fitness=0.5929 | val_acc=0.5633 | bal_acc=0.5157 | min_recall=0.2187 | params=134
2026-09-02 03:14:39,080 INFO   crossover  | C-C-C-C-C-P-C-P        | fitness=0.5093 | val_acc=0.5886 | bal_acc=0.4974 | min_recall=0.2187 | params=82
2026-09-02 03:14:39,089 INFO   crossover  | C-C-P                  | fitness=0.5286 | val_acc=0.3291 | bal_acc=0.3487 | min_recall=0.1875 | params=26
2026-09-02 03:14:39,091 INFO   crossover  | C-C-C-C-C-P-C-C-C-P-C  | fitness=0.5971 | val_acc=0.5570 | bal_acc=0.4889 | min_recall=0.3750 | params=169
2026-09-02 03:14:39,093 INFO   mutate     | C-C-C-C-C-C-C-C        | fitness=0.6102 | val_acc=0.5759 | bal_acc=0.4580 | min_recall=0.1667 | params=182
2026-09-02 03:14:39,094 INFO   mutate     | C-C-C-C-C-C-P-C-C-C-P-P | fitness=0.5703 | val_acc=0.5506 | bal_acc=0.4716 | min_recall=0.1562 | params=150
2026-09-02 03:14:39,096 INFO   mutate     | C-C-C                  | fitness=0.7117 | val_acc=0.5190 | bal_acc=0.3981 | min_recall=0.0556 | params=49
2026-09-02 03:14:39,096 INFO Best so far → val_acc=0.6076  bal_acc=0.5369  min_recall=0.1562  fitness=0.4734  params=80  id=99541593…
2026-09-02 03:14:39,098 INFO Memory table saved.
2026-09-02 03:14:39,098 INFO 
=== Evo step 11/15 ===
2026-09-02 03:14:39,098 INFO Top-3: 99541593… fit=0.4734  |  -1217474… fit=0.4745  |  -5034953… fit=0.7291
2026-09-02 03:14:39,100 INFO Generated 9 valid novel children
2026-09-02 05:08:30,751 INFO   crossover  | C-C-C-P-C-C-C-P-C      | fitness=0.5306 | val_acc=0.5696 | bal_acc=0.4947 | min_recall=0.1250 | params=129
2026-09-02 05:08:30,756 INFO   crossover  | C-C-C-P-P              | fitness=0.8048 | val_acc=0.5063 | bal_acc=0.4764 | min_recall=0.0312 | params=48
2026-09-02 05:08:30,760 INFO   crossover  | C-C-C-C-P              | fitness=0.5347 | val_acc=0.3101 | bal_acc=0.3267 | min_recall=0.1562 | params=56
2026-09-02 05:08:30,768 INFO   crossover  | C-C-C-P                | fitness=0.6980 | val_acc=0.2722 | bal_acc=0.2555 | min_recall=0.0556 | params=36
2026-09-02 05:08:30,773 INFO   crossover  | C-C-C-P                | fitness=0.5483 | val_acc=0.3291 | bal_acc=0.3455 | min_recall=0.1875 | params=46
2026-09-02 05:08:30,777 INFO   crossover  | C-C-C-P-C-P-C-C-C-P-C  | fitness=0.6141 | val_acc=0.5443 | bal_acc=0.4637 | min_recall=0.2187 | params=130
2026-09-02 05:08:30,781 INFO   mutate     | C-C-C-P-C-C-P          | fitness=0.5826 | val_acc=0.5570 | bal_acc=0.4840 | min_recall=0.0937 | params=72
2026-09-02 05:08:30,785 INFO   mutate     | C-C-C-C-C-C-P-C-C-P-C  | fitness=0.5696 | val_acc=0.5443 | bal_acc=0.4834 | min_recall=0.0937 | params=143
2026-09-02 05:08:30,790 INFO   mutate     | C-C-P-C-P              | fitness=0.5374 | val_acc=0.5380 | bal_acc=0.4627 | min_recall=0.2187 | params=64
2026-09-02 05:08:30,790 INFO Best so far → val_acc=0.6076  bal_acc=0.5369  min_recall=0.1562  fitness=0.4734  params=80  id=99541593…
2026-09-02 05:08:30,790 INFO 
=== Evo step 12/15 ===
2026-09-02 05:08:30,790 INFO Top-3: 99541593… fit=0.4734  |  -1217474… fit=0.4745  |  -8171207… fit=0.4761
2026-09-02 05:08:30,794 INFO Generated 9 valid novel children
2026-09-02 07:43:47,694 INFO   crossover  | C-C-C-C-C-C-C-C-P-C-C-C | fitness=0.5691 | val_acc=0.5886 | bal_acc=0.5205 | min_recall=0.1562 | params=170
2026-09-02 07:43:47,700 INFO   crossover  | C-C-C-P-C-P            | fitness=0.7378 | val_acc=0.5570 | bal_acc=0.4985 | min_recall=0.0625 | params=60
2026-09-02 07:43:47,702 INFO   crossover  | C-C-C-C-C-C-P-C-C-P    | fitness=0.6174 | val_acc=0.5253 | bal_acc=0.4653 | min_recall=0.1562 | params=120
2026-09-02 07:43:47,704 INFO   crossover  | C-C-C-C-C-P-C-P        | fitness=0.5308 | val_acc=0.5253 | bal_acc=0.4311 | min_recall=0.1667 | params=80
2026-09-02 07:43:47,706 INFO   crossover  | C-C-C-C-P-C-C-P        | fitness=0.4893 | val_acc=0.6076 | bal_acc=0.5276 | min_recall=0.1875 | params=84
2026-09-02 07:43:47,708 INFO   crossover  | C-C-C-P-C-P-C-C-P-C    | fitness=0.7139 | val_acc=0.5506 | bal_acc=0.4766 | min_recall=0.0000 | params=103
2026-09-02 07:43:47,710 INFO   mutate     | C-C-C-P-C-C-P-C        | fitness=0.5206 | val_acc=0.5886 | bal_acc=0.5045 | min_recall=0.2187 | params=88
2026-09-02 07:43:47,716 INFO   mutate     | C-C-C-C-C-C-P-C-C-C-P-C | fitness=0.6154 | val_acc=0.5570 | bal_acc=0.4872 | min_recall=0.1875 | params=155
2026-09-02 07:43:47,718 INFO   mutate     | C-C-C-C-P-C-P          | fitness=0.6540 | val_acc=0.5443 | bal_acc=0.4604 | min_recall=0.3125 | params=56
2026-09-02 07:43:47,718 INFO Best so far → val_acc=0.6076  bal_acc=0.5369  min_recall=0.1562  fitness=0.4734  params=80  id=99541593…
2026-09-02 07:43:47,718 INFO 
=== Evo step 13/15 ===
2026-09-02 07:43:47,718 INFO Top-3: 99541593… fit=0.4734  |  -1217474… fit=0.4745  |  -8171207… fit=0.4761
2026-09-02 07:43:47,722 INFO Generated 9 valid novel children
2026-09-02 10:05:19,663 INFO   crossover  | C-C-C-C-P-C-C-C-P-C    | fitness=0.6128 | val_acc=0.5823 | bal_acc=0.4970 | min_recall=0.1562 | params=133
2026-09-02 10:05:19,665 INFO   crossover  | C-C-C-P-P-C-C-C-C-P-C  | fitness=0.5161 | val_acc=0.5633 | bal_acc=0.4883 | min_recall=0.1562 | params=115
2026-09-02 10:05:19,667 INFO   crossover  | C-C-C-C-C-C-P-C-C-P    | fitness=0.5923 | val_acc=0.5949 | bal_acc=0.5290 | min_recall=0.1875 | params=114
2026-09-02 10:05:19,669 INFO   crossover  | C-C-C-C-C-C-P-C-C-C-C-C | fitness=0.7574 | val_acc=0.4873 | bal_acc=0.4248 | min_recall=0.0625 | params=154
2026-09-02 10:05:19,670 INFO   crossover  | C-C-C-C-P-C-C-P        | fitness=0.6277 | val_acc=0.5316 | bal_acc=0.4988 | min_recall=0.2187 | params=98
2026-09-02 10:05:19,676 INFO   crossover  | C-C-C-C-P-C-C-C-C-P-C-C | fitness=0.6040 | val_acc=0.5570 | bal_acc=0.4793 | min_recall=0.2812 | params=159
2026-09-02 10:05:19,678 INFO   mutate     | C-C-C-C-C              | fitness=0.7474 | val_acc=0.5190 | bal_acc=0.3975 | min_recall=0.0000 | params=74
2026-09-02 10:05:19,680 INFO   mutate     | C-C-C-C-C-C-P-C-C-C-C  | fitness=0.5789 | val_acc=0.5949 | bal_acc=0.5201 | min_recall=0.2500 | params=157
2026-09-02 10:05:19,682 INFO   mutate     | C-C-C-C-P-C-C-C-C-C    | fitness=0.6920 | val_acc=0.5000 | bal_acc=0.4446 | min_recall=0.2500 | params=116
2026-09-02 10:05:19,682 INFO Best so far → val_acc=0.6076  bal_acc=0.5369  min_recall=0.1562  fitness=0.4734  params=80  id=99541593…
2026-09-02 10:05:19,682 INFO 
=== Evo step 14/15 ===
2026-09-02 10:05:19,682 INFO Top-3: 99541593… fit=0.4734  |  -1217474… fit=0.4745  |  -8171207… fit=0.4761
2026-09-02 10:05:19,685 INFO Generated 9 valid novel children
2026-09-02 12:46:56,587 INFO   crossover  | C-C-C-P-C-C-C-C-C-P-C-C | fitness=0.6590 | val_acc=0.5316 | bal_acc=0.4837 | min_recall=0.3243 | params=135
2026-09-02 12:46:56,589 INFO   crossover  | C-C-C-C-C-C-C-C-C-C-P  | fitness=0.5694 | val_acc=0.3038 | bal_acc=0.3085 | min_recall=0.1250 | params=142
2026-09-02 12:46:56,596 INFO   crossover  | C-C-C-C-C-C-P-C-C-C-P  | fitness=0.6362 | val_acc=0.5443 | bal_acc=0.4880 | min_recall=0.0937 | params=132
2026-09-02 12:46:56,597 INFO   crossover  | C-C-C-C-C-C-P-C-C-C-P-C | fitness=0.6756 | val_acc=0.5696 | bal_acc=0.4969 | min_recall=0.0000 | params=158
2026-09-02 12:46:56,600 INFO   crossover  | C-C-C-C-C-C-C-C-C-P-C-C | fitness=0.6573 | val_acc=0.5506 | bal_acc=0.4610 | min_recall=0.3333 | params=162
2026-09-02 12:46:56,602 INFO   crossover  | C-C-C-C-C-C-C-C-C-P-C-C | fitness=0.6498 | val_acc=0.5443 | bal_acc=0.4966 | min_recall=0.0625 | params=168
2026-09-02 12:46:56,604 INFO   mutate     | C-C-P-C-C-P            | fitness=0.5012 | val_acc=0.5633 | bal_acc=0.5201 | min_recall=0.4062 | params=76
2026-09-02 12:46:56,605 INFO   mutate     | C-C-C-C-C-P-C-C-C-P-C  | fitness=0.6915 | val_acc=0.4873 | bal_acc=0.4147 | min_recall=0.1875 | params=145
2026-09-02 12:46:56,611 INFO   mutate     | C-C-C-C-C-C-C-C-C-P    | fitness=0.5591 | val_acc=0.3101 | bal_acc=0.3164 | min_recall=0.1562 | params=140
2026-09-02 12:46:56,611 INFO Best so far → val_acc=0.6076  bal_acc=0.5369  min_recall=0.1562  fitness=0.4734  params=80  id=99541593…
2026-09-02 12:46:56,611 INFO 
=== Evo step 15/15 ===
2026-09-02 12:46:56,612 INFO Top-3: 99541593… fit=0.4734  |  -1217474… fit=0.4745  |  36400153… fit=0.7135
2026-09-02 12:46:56,617 INFO Generated 9 valid novel children
2026-09-02 15:20:30,735 INFO   crossover  | C-C-C-C-C-C-P-C        | fitness=0.7729 | val_acc=0.5380 | bal_acc=0.4949 | min_recall=0.0000 | params=135
2026-09-02 15:20:30,738 INFO   crossover  | C-C-C-C-C-C-P-C-P      | fitness=0.5619 | val_acc=0.5696 | bal_acc=0.4989 | min_recall=0.2500 | params=112
2026-09-02 15:20:30,739 INFO   crossover  | C-C-C-C-C-C-P-C-C-C-P-C | fitness=0.5264 | val_acc=0.5633 | bal_acc=0.5058 | min_recall=0.1562 | params=138
2026-09-02 15:20:30,741 INFO   crossover  | C-C-C-C-C-C-P-C-C-P-C-P | fitness=0.5674 | val_acc=0.5506 | bal_acc=0.4716 | min_recall=0.1562 | params=124
2026-09-02 15:20:30,743 INFO   crossover  | C-C-C-C-C-P-C-C-P      | fitness=0.4726 | val_acc=0.5949 | bal_acc=0.5227 | min_recall=0.1562 | params=120
2026-09-02 15:20:30,749 INFO   crossover  | C-C-C-C-C-C-P-C-C-C-P-C | fitness=0.5699 | val_acc=0.5443 | bal_acc=0.4938 | min_recall=0.0937 | params=173
2026-09-02 15:20:30,751 INFO   mutate     | C-C-C-P-C-C-P          | fitness=0.5128 | val_acc=0.5949 | bal_acc=0.5348 | min_recall=0.1875 | params=112
2026-09-02 15:20:30,752 INFO   mutate     | C-C-C-C-C-C-P-C-C-C-P-C | fitness=0.7849 | val_acc=0.5443 | bal_acc=0.4705 | min_recall=0.0000 | params=183
2026-09-02 15:20:30,755 INFO   mutate     | C-C-C-P-C-P            | fitness=0.5665 | val_acc=0.5316 | bal_acc=0.4570 | min_recall=0.2500 | params=84
2026-09-02 15:20:30,755 INFO Best so far → val_acc=0.5949  bal_acc=0.5227  min_recall=0.1562  fitness=0.4726  params=120  id=-2840881…
2026-09-02 15:20:30,756 INFO Memory table saved.
2026-09-02 15:20:30,756 INFO 
=== SEARCH COMPLETE ===
2026-09-02 15:20:30,756 INFO Best val_acc  : 0.5949
2026-09-02 15:20:30,757 INFO Best bal_acc  : 0.5227  (mean per-class recall)
2026-09-02 15:20:30,757 INFO Min recall    : 0.1562  (worst class)
2026-09-02 15:20:30,757 INFO Best fitness  : 0.4726
2026-09-02 15:20:30,757 INFO Params        : 120
2026-09-02 15:20:30,757 INFO Layers        : 9  (7 conv + 2 pool)
2026-09-02 15:20:30,757 INFO Circuit structure:
2026-09-02 15:20:30,757 INFO   Structure: C-C-C-C-C-P-C-C-P  (9 layers = 7 conv + 2 pool)
2026-09-02 15:20:30,757 INFO   Layer 0 CONV  gate=U_TTN      stride=3 step=3 offset=0 boundary=open
2026-09-02 15:20:30,757 INFO   Layer 1 CONV  gate=U_5        stride=5 step=5 offset=1 boundary=periodic
2026-09-02 15:20:30,757 INFO   Layer 2 CONV  gate=U_6        stride=3 step=5 offset=1 boundary=periodic
2026-09-02 15:20:30,757 INFO   Layer 3 CONV  gate=U_5        stride=5 step=5 offset=1 boundary=periodic
2026-09-02 15:20:30,757 INFO   Layer 4 CONV  gate=U_6        stride=3 step=5 offset=1 boundary=periodic
2026-09-02 15:20:30,757 INFO   Layer 5 POOL  gate=pool_ansatz  pattern=1*
2026-09-02 15:20:30,757 INFO   Layer 6 CONV  gate=U_SO4      stride=5 step=5 offset=0 boundary=periodic
2026-09-02 15:20:30,757 INFO   Layer 7 CONV  gate=U_6        stride=3 step=5 offset=1 boundary=periodic
2026-09-02 15:20:30,757 INFO   Layer 8 POOL  gate=pool_ansatz  pattern=1*
2026-09-02 15:20:30,757 INFO   Qubits surviving: 6 → [2, 3, 4, 5, 6, 7]  | readout wires = [2, 3]
2026-09-02 15:20:30,757 INFO 
============================================================
2026-09-02 15:20:30,757 INFO FINAL TRAINING — RetinaMNIST 4-class QCNN
2026-09-02 15:20:30,757 INFO ============================================================
2026-09-02 15:20:30,757 INFO   Structure: C-C-C-C-C-P-C-C-P  (9 layers = 7 conv + 2 pool)
2026-09-02 15:20:30,757 INFO   Layer 0 CONV  gate=U_TTN      stride=3 step=3 offset=0 boundary=open
2026-09-02 15:20:30,757 INFO   Layer 1 CONV  gate=U_5        stride=5 step=5 offset=1 boundary=periodic
2026-09-02 15:20:30,757 INFO   Layer 2 CONV  gate=U_6        stride=3 step=5 offset=1 boundary=periodic
2026-09-02 15:20:30,757 INFO   Layer 3 CONV  gate=U_5        stride=5 step=5 offset=1 boundary=periodic
2026-09-02 15:20:30,757 INFO   Layer 4 CONV  gate=U_6        stride=3 step=5 offset=1 boundary=periodic
2026-09-02 15:20:30,757 INFO   Layer 5 POOL  gate=pool_ansatz  pattern=1*
2026-09-02 15:20:30,757 INFO   Layer 6 CONV  gate=U_SO4      stride=5 step=5 offset=0 boundary=periodic
2026-09-02 15:20:30,757 INFO   Layer 7 CONV  gate=U_6        stride=3 step=5 offset=1 boundary=periodic
2026-09-02 15:20:30,757 INFO   Layer 8 POOL  gate=pool_ansatz  pattern=1*
2026-09-02 15:20:30,757 INFO   Qubits surviving: 6 → [2, 3, 4, 5, 6, 7]  | readout wires = [2, 3]
2026-09-02 15:20:30,758 INFO Circuit: 9 layers (7 conv + 2 pool), 120 trainable parameters.
2026-09-02 15:21:37,829 INFO Epoch    1/200 | loss=1.5493 | val_acc=0.2848 | bal_acc=0.3148 | min_recall=0.062 | lr=0.005000
2026-09-02 15:42:41,421 INFO Epoch   20/200 | loss=1.2354 | val_acc=0.5316 | bal_acc=0.4784 | min_recall=0.250 | lr=0.005000
2026-09-02 16:04:47,851 INFO Epoch   40/200 | loss=1.2188 | val_acc=0.5759 | bal_acc=0.5046 | min_recall=0.219 | lr=0.005000
2026-09-02 16:26:55,032 INFO Epoch   60/200 | loss=1.2134 | val_acc=0.5759 | bal_acc=0.5110 | min_recall=0.312 | lr=0.002500
2026-09-02 16:49:03,270 INFO Epoch   80/200 | loss=1.2132 | val_acc=0.5823 | bal_acc=0.5145 | min_recall=0.312 | lr=0.002500
2026-09-02 17:11:11,772 INFO Epoch  100/200 | loss=1.2122 | val_acc=0.5633 | bal_acc=0.4997 | min_recall=0.281 | lr=0.001250
2026-09-02 17:33:23,188 INFO Epoch  120/200 | loss=1.2107 | val_acc=0.5633 | bal_acc=0.4997 | min_recall=0.281 | lr=0.001250
2026-09-02 17:55:31,297 INFO Epoch  140/200 | loss=1.2093 | val_acc=0.5696 | bal_acc=0.4967 | min_recall=0.281 | lr=0.001250
2026-09-02 18:17:40,640 INFO Epoch  160/200 | loss=1.2083 | val_acc=0.5696 | bal_acc=0.5032 | min_recall=0.281 | lr=0.000625
2026-09-02 18:39:53,771 INFO Epoch  180/200 | loss=1.2096 | val_acc=0.5633 | bal_acc=0.4964 | min_recall=0.281 | lr=0.000625
2026-09-02 19:02:01,750 INFO Epoch  200/200 | loss=1.2077 | val_acc=0.5633 | bal_acc=0.4954 | min_recall=0.250 | lr=0.000313
2026-09-02 19:02:01,750 INFO Training log saved → experiments/pca8/sweep/combined_best_001/training_log.csv
2026-09-02 19:02:01,750 INFO Best val fitness: 0.4411
2026-09-02 19:02:01,750 INFO 
--- Test evaluation (best-val checkpoint) ---
2026-09-02 19:02:07,987 INFO Test accuracy    : 0.5410
Test bal. acc    : 0.4671  (mean per-class recall)
Per-class recall : ['0.6574', '0.2069', '0.3200', '0.6842']
Min recall       : 0.2069
Test ROC-AUC OvR : 0.6969
2026-09-02 19:02:07,989 INFO 
               precision    recall  f1-score   support

        No DR       0.86      0.66      0.74       108
    Mild NPDR       0.20      0.21      0.20        29
Moderate NPDR       0.34      0.32      0.33        50
   Severe+PDR       0.46      0.68      0.55        57

     accuracy                           0.54       244
    macro avg       0.47      0.47      0.46       244
 weighted avg       0.58      0.54      0.55       244

2026-09-02 19:02:08,214 INFO Plots saved.
2026-09-02 19:02:09,036 INFO Failed to extract font properties from /usr/share/fonts/truetype/noto/NotoColorEmoji.ttf: Can not load face (unknown file format; error code 0x2)
2026-09-02 19:02:09,571 INFO Circuit diagram saved.
2026-09-02 19:02:09,593 INFO 
Run 'combined_best' complete → {'accuracy': 0.5409836065573771, 'bal_acc': 0.4671286212827708, 'per_class_recalls': [0.6574074073465364, 0.20689655165279427, 0.319999999936, 0.6842105261957525], 'roc_auc_ovr': 0.6969211755196499}
2026-09-02 19:02:09,594 INFO 
Sweep summary saved → experiments/pca8/sweep/sweep_summary_combined_best.csv
