2026-09-10 18:01:37,469 INFO 
============================================================
2026-09-10 18:01:37,469 INFO SWEEP RUN: short_circuits  (PCA-8)
2026-09-10 18:01:37,469 INFO Params: {'label': 'short_circuits', 'LR_EVAL': 0.003, 'N_EPOCHS_EVAL': 60, 'INIT_POP': 10, 'MAX_EVO_STEPS': 10, 'MIN_LAYERS': 2, 'MAX_LAYERS': 5, 'W_CLASS': [0.187, 0.073, 0.147, 0.079, 0.188, 0.161, 0.068, 0.097]}
2026-09-10 18:01:37,469 INFO ============================================================
2026-09-10 18:01:37,469 INFO 
--- Linear classifier baseline (on 8 PCA features) ---
2026-09-10 18:01:38,727 INFO   val   | acc=0.6311 | bal_acc=0.6426 | min_recall=0.2664 | auc=0.9187
2026-09-10 18:01:38,727 INFO          per-class: ['0.603', '0.640', '0.639', '0.266', '0.802', '0.528', '0.684', '0.979']
2026-09-10 18:01:38,735 INFO   test  | acc=0.6161 | bal_acc=0.6303 | min_recall=0.2322 | auc=0.9134
2026-09-10 18:01:38,735 INFO          per-class: ['0.679', '0.601', '0.644', '0.232', '0.732', '0.498', '0.685', '0.972']
2026-09-10 18:01:38,735 INFO Linear baseline saved → experiments/pca8/sweep/short_circuits_001/linear_baseline.json
2026-09-10 18:01:38,735 INFO Subsampling search training set: 19968 → 2000
2026-09-10 18:01:38,739 INFO Evaluating initial population...
2026-09-10 18:01:38,739 INFO Config: LR=0.003  epochs=60  pop=10  steps=10  W_CLASS=[0.187, 0.073, 0.147, 0.079, 0.188, 0.161, 0.068, 0.097]
2026-09-10 18:01:38,739 INFO Encoding: single (RY per qubit), 8 PCA components → 8 qubits
2026-09-10 18:01:38,739 INFO Structure: variable length 2–5 layers  | P_CONV=0.6  | min conv=1  | min pool=0  | readout qubits=3
2026-09-10 18:01:38,762 INFO Initial population: 10 valid genotypes
2026-09-10 18:02:49,801 INFO   random     | C-P                    | fitness=0.9089 | val_acc=0.3021 | bal_acc=0.2883 | min_recall=0.0129 | params=18
2026-09-10 18:02:49,803 INFO   random     | C-C-P-P-C              | fitness=0.9155 | val_acc=0.2282 | bal_acc=0.2529 | min_recall=0.0065 | params=64
2026-09-10 18:02:49,804 INFO   random     | C-C-C-P                | fitness=0.8488 | val_acc=0.3484 | bal_acc=0.3468 | min_recall=0.0141 | params=86
2026-09-10 18:02:49,805 INFO   random     | P-C-P-P                | fitness=0.9338 | val_acc=0.2739 | bal_acc=0.2604 | min_recall=0.0211 | params=56
2026-09-10 18:02:49,806 INFO   random     | P-C                    | fitness=0.8162 | val_acc=0.3484 | bal_acc=0.3577 | min_recall=0.0141 | params=46
2026-09-10 18:02:49,807 INFO   random     | C-C-P                  | fitness=0.9822 | val_acc=0.3155 | bal_acc=0.2746 | min_recall=0.0000 | params=20
2026-09-10 18:02:49,808 INFO   random     | C-C                    | fitness=0.8269 | val_acc=0.4240 | bal_acc=0.3974 | min_recall=0.0070 | params=50
2026-09-10 18:02:49,809 INFO   random     | C-C-C-C                | fitness=0.8379 | val_acc=0.3525 | bal_acc=0.3536 | min_recall=0.0141 | params=85
2026-09-10 18:02:49,810 INFO   random     | C-C                    | fitness=0.8337 | val_acc=0.3185 | bal_acc=0.3284 | min_recall=0.0211 | params=42
2026-09-10 18:02:49,811 INFO   random     | C-C-P-C                | fitness=0.8936 | val_acc=0.2933 | bal_acc=0.2633 | min_recall=0.0484 | params=40
2026-09-10 18:02:49,811 INFO 
=== Evo step 1/10 ===
2026-09-10 18:02:49,811 INFO Top-3: 56583022… fit=0.8162  |  -7241053… fit=0.8269  |  -6743736… fit=0.9155
2026-09-10 18:02:49,813 INFO Generated 9 valid novel children
2026-09-10 18:04:28,728 INFO   crossover  | P-C-C                  | fitness=0.7170 | val_acc=0.3842 | bal_acc=0.3742 | min_recall=0.0661 | params=50
2026-09-10 18:04:28,732 INFO   crossover  | P-C-C-C                | fitness=0.6526 | val_acc=0.4094 | bal_acc=0.3911 | min_recall=0.1107 | params=94
2026-09-10 18:04:28,733 INFO   crossover  | C-C                    | fitness=0.8657 | val_acc=0.2927 | bal_acc=0.3075 | min_recall=0.0141 | params=52
2026-09-10 18:04:28,734 INFO   crossover  | C-C-C-C-C              | fitness=0.7769 | val_acc=0.4493 | bal_acc=0.4380 | min_recall=0.0165 | params=108
2026-09-10 18:04:28,735 INFO   crossover  | C-C                    | fitness=0.8470 | val_acc=0.3554 | bal_acc=0.3536 | min_recall=0.0070 | params=54
2026-09-10 18:04:28,736 INFO   crossover  | C-C-C                  | fitness=0.6360 | val_acc=0.4082 | bal_acc=0.3990 | min_recall=0.1765 | params=76
2026-09-10 18:04:28,737 INFO   mutate     | P-C                    | fitness=0.8444 | val_acc=0.3273 | bal_acc=0.3318 | min_recall=0.0141 | params=26
2026-09-10 18:04:28,738 INFO   mutate     | C-C-C                  | fitness=0.8337 | val_acc=0.3478 | bal_acc=0.3604 | min_recall=0.0090 | params=74
2026-09-10 18:04:28,740 INFO   mutate     | C-C-C-C                | fitness=0.8811 | val_acc=0.3677 | bal_acc=0.3468 | min_recall=0.0070 | params=76
2026-09-10 18:04:28,740 INFO Best so far → val_acc=0.4082  bal_acc=0.3990  min_recall=0.1765  fitness=0.6360  params=76  id=20932206…
2026-09-10 18:04:28,740 INFO Memory table saved.
2026-09-10 18:04:28,740 INFO 
=== Evo step 2/10 ===
2026-09-10 18:04:28,740 INFO Top-3: 20932206… fit=0.6360  |  -3438150… fit=0.6526  |  37640972… fit=0.7170
2026-09-10 18:04:28,742 INFO Generated 9 valid novel children
2026-09-10 18:06:21,002 INFO   crossover  | C-P-C-C-C              | fitness=0.8196 | val_acc=0.3889 | bal_acc=0.3547 | min_recall=0.0423 | params=98
2026-09-10 18:06:21,003 INFO   crossover  | C-C-C-C                | fitness=0.7927 | val_acc=0.4364 | bal_acc=0.4057 | min_recall=0.0282 | params=106
2026-09-10 18:06:21,005 INFO   crossover  | P-C-C-C-C              | fitness=0.6195 | val_acc=0.4393 | bal_acc=0.4235 | min_recall=0.1831 | params=104
2026-09-10 18:06:21,006 INFO   crossover  | P-C-C-C-P              | fitness=0.7941 | val_acc=0.4147 | bal_acc=0.3942 | min_recall=0.0282 | params=100
2026-09-10 18:06:21,007 INFO   crossover  | P-C-C-C                | fitness=0.6656 | val_acc=0.4340 | bal_acc=0.4084 | min_recall=0.0915 | params=92
2026-09-10 18:06:21,012 INFO   crossover  | P-C-C                  | fitness=0.8138 | val_acc=0.3982 | bal_acc=0.3896 | min_recall=0.0138 | params=44
2026-09-10 18:06:21,013 INFO   mutate     | C-C                    | fitness=0.9816 | val_acc=0.2692 | bal_acc=0.2531 | min_recall=0.0000 | params=28
2026-09-10 18:06:21,014 INFO   mutate     | P-C-C-C-C              | fitness=0.7361 | val_acc=0.4839 | bal_acc=0.4647 | min_recall=0.0211 | params=124
2026-09-10 18:06:21,016 INFO   mutate     | P-C-P                  | fitness=0.9593 | val_acc=0.1760 | bal_acc=0.1896 | min_recall=0.0225 | params=28
2026-09-10 18:06:21,016 INFO Best so far → val_acc=0.4393  bal_acc=0.4235  min_recall=0.1831  fitness=0.6195  params=104  id=13598892…
2026-09-10 18:06:21,016 INFO Memory table saved.
2026-09-10 18:06:21,017 INFO 
=== Evo step 3/10 ===
2026-09-10 18:06:21,017 INFO Top-3: 13598892… fit=0.6195  |  20932206… fit=0.6360  |  -3438150… fit=0.6526
2026-09-10 18:06:21,019 INFO Generated 9 valid novel children
2026-09-10 18:08:24,662 INFO   crossover  | P-C-C-C                | fitness=0.7273 | val_acc=0.4522 | bal_acc=0.4337 | min_recall=0.0387 | params=112
2026-09-10 18:08:24,663 INFO   crossover  | P-C-C-C-C              | fitness=0.8469 | val_acc=0.3144 | bal_acc=0.3487 | min_recall=0.0000 | params=82
2026-09-10 18:08:24,664 INFO   crossover  | C-C-C-P-C              | fitness=0.6126 | val_acc=0.4428 | bal_acc=0.4350 | min_recall=0.0986 | params=122
2026-09-10 18:08:24,665 INFO   crossover  | C-C-C                  | fitness=0.8561 | val_acc=0.3449 | bal_acc=0.3440 | min_recall=0.0070 | params=56
2026-09-10 18:08:24,667 INFO   crossover  | C-C-C-C                | fitness=0.8208 | val_acc=0.3296 | bal_acc=0.3425 | min_recall=0.0211 | params=80
2026-09-10 18:08:24,668 INFO   crossover  | C-C-C-C                | fitness=0.5481 | val_acc=0.4821 | bal_acc=0.4834 | min_recall=0.2561 | params=124
2026-09-10 18:08:24,669 INFO   mutate     | P-C-C-C                | fitness=0.8448 | val_acc=0.3062 | bal_acc=0.3442 | min_recall=0.0000 | params=80
2026-09-10 18:08:24,673 INFO   mutate     | C-C-C                  | fitness=0.8311 | val_acc=0.3818 | bal_acc=0.3813 | min_recall=0.0069 | params=84
2026-09-10 18:08:24,674 INFO   mutate     | C-C-C                  | fitness=0.9880 | val_acc=0.2850 | bal_acc=0.2560 | min_recall=0.0000 | params=68
2026-09-10 18:08:24,674 INFO Best so far → val_acc=0.4821  bal_acc=0.4834  min_recall=0.2561  fitness=0.5481  params=124  id=33596234…
2026-09-10 18:08:24,675 INFO Memory table saved.
2026-09-10 18:08:24,675 INFO 
=== Evo step 4/10 ===
2026-09-10 18:08:24,675 INFO Top-3: 33596234… fit=0.5481  |  57219567… fit=0.6126  |  13598892… fit=0.6195
2026-09-10 18:08:24,676 INFO Generated 9 valid novel children
2026-09-10 18:10:33,827 INFO   crossover  | C-C-C-C                | fitness=0.6502 | val_acc=0.3584 | bal_acc=0.3709 | min_recall=0.1190 | params=126
2026-09-10 18:10:33,829 INFO   crossover  | C-P-C                  | fitness=0.8539 | val_acc=0.3355 | bal_acc=0.3065 | min_recall=0.0423 | params=22
2026-09-10 18:10:33,830 INFO   crossover  | C-C-C-C-C              | fitness=0.8142 | val_acc=0.4094 | bal_acc=0.4111 | min_recall=0.0000 | params=128
2026-09-10 18:10:33,832 INFO   crossover  | C-P-C                  | fitness=0.8319 | val_acc=0.3443 | bal_acc=0.3221 | min_recall=0.0452 | params=24
2026-09-10 18:10:33,833 INFO   crossover  | C-C-C                  | fitness=0.8634 | val_acc=0.4141 | bal_acc=0.3801 | min_recall=0.0083 | params=80
2026-09-10 18:10:33,834 INFO   crossover  | C-C-C-C-P              | fitness=0.5879 | val_acc=0.4287 | bal_acc=0.4392 | min_recall=0.2231 | params=90
2026-09-10 18:10:33,835 INFO   mutate     | C-C-C-C                | fitness=0.7518 | val_acc=0.3560 | bal_acc=0.3251 | min_recall=0.0903 | params=76
2026-09-10 18:10:33,837 INFO   mutate     | C-C-C-C                | fitness=0.5528 | val_acc=0.4229 | bal_acc=0.4532 | min_recall=0.2284 | params=148
2026-09-10 18:10:33,838 INFO   mutate     | C-C-P-C-C              | fitness=0.7786 | val_acc=0.3625 | bal_acc=0.3509 | min_recall=0.0554 | params=42
2026-09-10 18:10:33,838 INFO Best so far → val_acc=0.4821  bal_acc=0.4834  min_recall=0.2561  fitness=0.5481  params=124  id=33596234…
2026-09-10 18:10:33,839 INFO Memory table saved.
2026-09-10 18:10:33,839 INFO 
=== Evo step 5/10 ===
2026-09-10 18:10:33,839 INFO Top-3: 33596234… fit=0.5481  |  65861255… fit=0.5528  |  68018842… fit=0.8138
2026-09-10 18:10:33,841 INFO Generated 9 valid novel children
2026-09-10 18:12:46,357 INFO   crossover  | C-C-C-C                | fitness=0.5820 | val_acc=0.4633 | bal_acc=0.4697 | min_recall=0.0839 | params=148
2026-09-10 18:12:46,362 INFO   crossover  | C-C-C-C-C              | fitness=0.8215 | val_acc=0.3408 | bal_acc=0.3424 | min_recall=0.0282 | params=104
2026-09-10 18:12:46,363 INFO   crossover  | C-C-C-C                | fitness=0.6308 | val_acc=0.4205 | bal_acc=0.4128 | min_recall=0.1405 | params=124
2026-09-10 18:12:46,364 INFO   crossover  | C-C-C-P                | fitness=0.6210 | val_acc=0.4293 | bal_acc=0.4207 | min_recall=0.0992 | params=82
2026-09-10 18:12:46,365 INFO   crossover  | C-C-C-C-C              | fitness=0.7564 | val_acc=0.4557 | bal_acc=0.4323 | min_recall=0.0331 | params=88
2026-09-10 18:12:46,366 INFO   crossover  | C-C-C-C-C              | fitness=0.6436 | val_acc=0.4915 | bal_acc=0.4657 | min_recall=0.0710 | params=156
2026-09-10 18:12:46,367 INFO   mutate     | C-C-P-C                | fitness=0.9569 | val_acc=0.3079 | bal_acc=0.2756 | min_recall=0.0129 | params=79
2026-09-10 18:12:46,368 INFO   mutate     | C-C                    | fitness=1.0372 | val_acc=0.2856 | bal_acc=0.2349 | min_recall=0.0000 | params=24
2026-09-10 18:12:46,369 INFO   mutate     | C-C-C-C                | fitness=0.8435 | val_acc=0.3941 | bal_acc=0.3378 | min_recall=0.0496 | params=84
2026-09-10 18:12:46,369 INFO Best so far → val_acc=0.4821  bal_acc=0.4834  min_recall=0.2561  fitness=0.5481  params=124  id=33596234…
2026-09-10 18:12:46,370 INFO Memory table saved.
2026-09-10 18:12:46,370 INFO 
=== Evo step 6/10 ===
2026-09-10 18:12:46,370 INFO Top-3: 33596234… fit=0.5481  |  65861255… fit=0.5528  |  21682304… fit=0.8142
2026-09-10 18:12:46,372 INFO Generated 9 valid novel children
2026-09-10 18:15:42,618 INFO   crossover  | C-C-C-C-C              | fitness=0.6710 | val_acc=0.4868 | bal_acc=0.4768 | min_recall=0.0519 | params=172
2026-09-10 18:15:42,619 INFO   crossover  | C-C-C-C-C              | fitness=0.7909 | val_acc=0.4012 | bal_acc=0.3990 | min_recall=0.0242 | params=126
2026-09-10 18:15:42,620 INFO   crossover  | C-C-C-C                | fitness=0.7734 | val_acc=0.4217 | bal_acc=0.4353 | min_recall=0.0083 | params=100
2026-09-10 18:15:42,622 INFO   crossover  | C-C-C-C-C              | fitness=0.6444 | val_acc=0.4669 | bal_acc=0.4650 | min_recall=0.0634 | params=174
2026-09-10 18:15:42,623 INFO   crossover  | C-C-C                  | fitness=0.6674 | val_acc=0.4158 | bal_acc=0.3887 | min_recall=0.0969 | params=74
2026-09-10 18:15:42,624 INFO   crossover  | C-C-C-C-C              | fitness=0.5134 | val_acc=0.5384 | bal_acc=0.5298 | min_recall=0.1453 | params=196
2026-09-10 18:15:42,629 INFO   mutate     | C-C-C                  | fitness=0.8241 | val_acc=0.3507 | bal_acc=0.3675 | min_recall=0.0065 | params=100
2026-09-10 18:15:42,630 INFO   mutate     | C-C-C-C                | fitness=0.7483 | val_acc=0.4082 | bal_acc=0.4181 | min_recall=0.0311 | params=116
2026-09-10 18:15:42,631 INFO   mutate     | C-C-C-C-P              | fitness=0.8460 | val_acc=0.3683 | bal_acc=0.3712 | min_recall=0.0000 | params=92
2026-09-10 18:15:42,631 INFO Best so far → val_acc=0.5384  bal_acc=0.5298  min_recall=0.1453  fitness=0.5134  params=196  id=56660197…
2026-09-10 18:15:42,632 INFO Memory table saved.
2026-09-10 18:15:42,632 INFO 
=== Evo step 7/10 ===
2026-09-10 18:15:42,632 INFO Top-3: 56660197… fit=0.5134  |  33596234… fit=0.5481  |  -1362697… fit=0.7361
2026-09-10 18:15:42,634 INFO Generated 9 valid novel children
2026-09-10 18:18:25,593 INFO   crossover  | C-C-C-C-C              | fitness=0.8285 | val_acc=0.4428 | bal_acc=0.4226 | min_recall=0.0000 | params=148
2026-09-10 18:18:25,595 INFO   crossover  | C-C                    | fitness=0.7727 | val_acc=0.4188 | bal_acc=0.4129 | min_recall=0.0208 | params=74
2026-09-10 18:18:25,596 INFO   crossover  | C-C-C-C-C              | fitness=0.6135 | val_acc=0.4663 | bal_acc=0.4978 | min_recall=0.0484 | params=196
2026-09-10 18:18:25,597 INFO   crossover  | C-C-C                  | fitness=0.5482 | val_acc=0.4657 | bal_acc=0.4711 | min_recall=0.1972 | params=124
2026-09-10 18:18:25,598 INFO   crossover  | C-C-C-C-C              | fitness=0.5856 | val_acc=0.4651 | bal_acc=0.4559 | min_recall=0.2215 | params=152
2026-09-10 18:18:25,599 INFO   crossover  | C-C-C-C-C              | fitness=0.6016 | val_acc=0.4194 | bal_acc=0.4366 | min_recall=0.0900 | params=128
2026-09-10 18:18:25,601 INFO   mutate     | C-C-C                  | fitness=0.7849 | val_acc=0.3513 | bal_acc=0.3661 | min_recall=0.0258 | params=68
2026-09-10 18:18:25,602 INFO   mutate     | C-C-C                  | fitness=0.7244 | val_acc=0.4194 | bal_acc=0.4055 | min_recall=0.0554 | params=122
2026-09-10 18:18:25,603 INFO   mutate     | C-C-C-C                | fitness=0.8489 | val_acc=0.3296 | bal_acc=0.3351 | min_recall=0.0141 | params=58
2026-09-10 18:18:25,603 INFO Best so far → val_acc=0.5384  bal_acc=0.5298  min_recall=0.1453  fitness=0.5134  params=196  id=56660197…
2026-09-10 18:18:25,604 INFO Memory table saved.
2026-09-10 18:18:25,604 INFO 
=== Evo step 8/10 ===
2026-09-10 18:18:25,604 INFO Top-3: 56660197… fit=0.5134  |  33596234… fit=0.5481  |  56274210… fit=0.5482
2026-09-10 18:18:25,606 INFO Generated 9 valid novel children
2026-09-10 18:21:13,954 INFO   crossover  | C-C-C-C-C              | fitness=0.7346 | val_acc=0.3701 | bal_acc=0.3613 | min_recall=0.0775 | params=150
2026-09-10 18:21:13,956 INFO   crossover  | C-C-C-C-C              | fitness=0.5262 | val_acc=0.5038 | bal_acc=0.5055 | min_recall=0.1613 | params=198
2026-09-10 18:21:13,961 INFO   crossover  | C-C-C-C-C              | fitness=0.7790 | val_acc=0.4446 | bal_acc=0.4375 | min_recall=0.0065 | params=172
2026-09-10 18:21:13,962 INFO   crossover  | C-C-C-C                | fitness=0.7397 | val_acc=0.4651 | bal_acc=0.4651 | min_recall=0.0141 | params=174
2026-09-10 18:21:13,963 INFO   crossover  | C-C-C-C-C              | fitness=0.4865 | val_acc=0.5320 | bal_acc=0.5431 | min_recall=0.1073 | params=220
2026-09-10 18:21:13,964 INFO   crossover  | C-C-C-C-C              | fitness=0.6060 | val_acc=0.4862 | bal_acc=0.4861 | min_recall=0.0761 | params=196
2026-09-10 18:21:13,965 INFO   mutate     | C-C-C-C-C              | fitness=0.8824 | val_acc=0.3578 | bal_acc=0.3545 | min_recall=0.0000 | params=134
2026-09-10 18:21:13,966 INFO   mutate     | C-C-C-C                | fitness=0.8069 | val_acc=0.3437 | bal_acc=0.3502 | min_recall=0.0282 | params=82
2026-09-10 18:21:13,967 INFO   mutate     | C-C-C                  | fitness=0.8310 | val_acc=0.4106 | bal_acc=0.4028 | min_recall=0.0000 | params=82
2026-09-10 18:21:13,967 INFO Best so far → val_acc=0.5320  bal_acc=0.5431  min_recall=0.1073  fitness=0.4865  params=220  id=66057684…
2026-09-10 18:21:13,968 INFO Memory table saved.
2026-09-10 18:21:13,968 INFO 
=== Evo step 9/10 ===
2026-09-10 18:21:13,968 INFO Top-3: 66057684… fit=0.4865  |  56660197… fit=0.5134  |  29915470… fit=0.5262
2026-09-10 18:21:13,970 INFO Generated 9 valid novel children
2026-09-10 18:23:46,553 INFO   crossover  | C-C-C-C-C              | fitness=0.5427 | val_acc=0.4616 | bal_acc=0.4795 | min_recall=0.2149 | params=198
2026-09-10 18:23:46,554 INFO   crossover  | C-C                    | fitness=1.0095 | val_acc=0.2991 | bal_acc=0.2533 | min_recall=0.0000 | params=20
2026-09-10 18:23:46,555 INFO   crossover  | C-C-C-C-C              | fitness=0.6544 | val_acc=0.4739 | bal_acc=0.4939 | min_recall=0.0346 | params=220
2026-09-10 18:23:46,556 INFO   crossover  | C-C-C-C                | fitness=0.8232 | val_acc=0.3032 | bal_acc=0.3108 | min_recall=0.0387 | params=94
2026-09-10 18:23:46,557 INFO   crossover  | C-C-C                  | fitness=0.8336 | val_acc=0.4340 | bal_acc=0.4084 | min_recall=0.0000 | params=104
2026-09-10 18:23:46,558 INFO   crossover  | C-C                    | fitness=0.8723 | val_acc=0.3367 | bal_acc=0.3261 | min_recall=0.0141 | params=56
2026-09-10 18:23:46,560 INFO   mutate     | C-C-C-C                | fitness=0.6606 | val_acc=0.5114 | bal_acc=0.5152 | min_recall=0.0277 | params=196
2026-09-10 18:23:46,680 INFO   mutate     | C-C-C-C                | fitness=0.5057 | val_acc=0.4469 | bal_acc=0.4884 | min_recall=0.1003 | params=172
2026-09-10 18:23:46,681 INFO   mutate     | C-P-C-C                | fitness=0.8607 | val_acc=0.3367 | bal_acc=0.3296 | min_recall=0.0208 | params=30
2026-09-10 18:23:46,681 INFO Best so far → val_acc=0.5320  bal_acc=0.5431  min_recall=0.1073  fitness=0.4865  params=220  id=66057684…
2026-09-10 18:23:46,682 INFO Memory table saved.
2026-09-10 18:23:46,682 INFO 
=== Evo step 10/10 ===
2026-09-10 18:23:46,682 INFO Top-3: 66057684… fit=0.4865  |  60424453… fit=0.5057  |  -7000786… fit=0.5856
2026-09-10 18:23:46,686 INFO Generated 9 valid novel children
2026-09-10 18:26:52,176 INFO   crossover  | C-C-C-C-C              | fitness=0.7322 | val_acc=0.4686 | bal_acc=0.4569 | min_recall=0.0311 | params=174
2026-09-10 18:26:52,177 INFO   crossover  | C-C-C-C-C              | fitness=0.5348 | val_acc=0.5050 | bal_acc=0.5037 | min_recall=0.2145 | params=176
2026-09-10 18:26:52,178 INFO   crossover  | C-C-C-C-C              | fitness=0.5602 | val_acc=0.5056 | bal_acc=0.5134 | min_recall=0.0796 | params=246
2026-09-10 18:26:52,180 INFO   crossover  | C-C-C-C-C              | fitness=0.6722 | val_acc=0.4909 | bal_acc=0.4996 | min_recall=0.0242 | params=150
2026-09-10 18:26:52,181 INFO   crossover  | C-C-C-C-C              | fitness=0.6327 | val_acc=0.4815 | bal_acc=0.4693 | min_recall=0.0727 | params=150
2026-09-10 18:26:52,182 INFO   crossover  | C-C-C-C-C              | fitness=0.8424 | val_acc=0.4264 | bal_acc=0.3906 | min_recall=0.0129 | params=128
2026-09-10 18:26:52,183 INFO   mutate     | C-C-C-C-C              | fitness=0.5261 | val_acc=0.4985 | bal_acc=0.5053 | min_recall=0.1246 | params=234
2026-09-10 18:26:52,185 INFO   mutate     | C-C-P-C                | fitness=0.6433 | val_acc=0.3777 | bal_acc=0.4003 | min_recall=0.0830 | params=80
2026-09-10 18:26:52,186 INFO   mutate     | C-C-C-C-P              | fitness=0.9266 | val_acc=0.2047 | bal_acc=0.2556 | min_recall=0.0000 | params=112
2026-09-10 18:26:52,186 INFO Best so far → val_acc=0.5320  bal_acc=0.5431  min_recall=0.1073  fitness=0.4865  params=220  id=66057684…
2026-09-10 18:26:52,188 INFO Memory table saved.
2026-09-10 18:26:52,188 INFO 
=== SEARCH COMPLETE ===
2026-09-10 18:26:52,188 INFO Best val_acc  : 0.5320
2026-09-10 18:26:52,188 INFO Best bal_acc  : 0.5431  (mean per-class recall)
2026-09-10 18:26:52,188 INFO Min recall    : 0.1073  (worst class)
2026-09-10 18:26:52,188 INFO Best fitness  : 0.4865
2026-09-10 18:26:52,188 INFO Params        : 220
2026-09-10 18:26:52,188 INFO Layers        : 5  (5 conv + 0 pool)
2026-09-10 18:26:52,188 INFO Circuit structure:
2026-09-10 18:26:52,188 INFO   Structure: C-C-C-C-C  (5 layers = 5 conv + 0 pool)
2026-09-10 18:26:52,188 INFO   Layer 0 CONV  gate=U_TTN      stride=4 step=5 offset=1 boundary=open
2026-09-10 18:26:52,188 INFO   Layer 1 CONV  gate=U_6        stride=3 step=1 offset=3 boundary=periodic
2026-09-10 18:26:52,188 INFO   Layer 2 CONV  gate=U_gate     stride=7 step=1 offset=0 boundary=periodic
2026-09-10 18:26:52,188 INFO   Layer 3 CONV  gate=U_13       stride=4 step=2 offset=0 boundary=periodic
2026-09-10 18:26:52,188 INFO   Layer 4 CONV  gate=U_gate     stride=7 step=1 offset=0 boundary=periodic
2026-09-10 18:26:52,189 INFO   Qubits surviving: 8 → [0, 1, 2, 3, 4, 5, 6, 7]  | readout wires = [0, 1, 2]
2026-09-10 18:26:52,189 INFO 
============================================================
2026-09-10 18:26:52,189 INFO FINAL TRAINING — BloodMNIST 8-class QCNN
2026-09-10 18:26:52,189 INFO ============================================================
2026-09-10 18:26:52,189 INFO   Structure: C-C-C-C-C  (5 layers = 5 conv + 0 pool)
2026-09-10 18:26:52,189 INFO   Layer 0 CONV  gate=U_TTN      stride=4 step=5 offset=1 boundary=open
2026-09-10 18:26:52,189 INFO   Layer 1 CONV  gate=U_6        stride=3 step=1 offset=3 boundary=periodic
2026-09-10 18:26:52,189 INFO   Layer 2 CONV  gate=U_gate     stride=7 step=1 offset=0 boundary=periodic
2026-09-10 18:26:52,189 INFO   Layer 3 CONV  gate=U_13       stride=4 step=2 offset=0 boundary=periodic
2026-09-10 18:26:52,189 INFO   Layer 4 CONV  gate=U_gate     stride=7 step=1 offset=0 boundary=periodic
2026-09-10 18:26:52,189 INFO   Qubits surviving: 8 → [0, 1, 2, 3, 4, 5, 6, 7]  | readout wires = [0, 1, 2]
2026-09-10 18:26:52,189 INFO Circuit: 5 layers (5 conv + 0 pool), 220 trainable parameters.
2026-09-10 18:27:39,707 INFO Epoch    1/200 | loss=1.6966 | val_acc=0.4276 | bal_acc=0.4478 | min_recall=0.021 | lr=0.005000
2026-09-10 18:42:44,648 INFO Epoch   20/200 | loss=1.5190 | val_acc=0.4240 | bal_acc=0.4386 | min_recall=0.019 | lr=0.005000
2026-09-10 18:58:33,640 INFO Epoch   40/200 | loss=1.5170 | val_acc=0.4674 | bal_acc=0.5051 | min_recall=0.045 | lr=0.005000
2026-09-10 19:14:35,582 INFO Epoch   60/200 | loss=1.5141 | val_acc=0.4499 | bal_acc=0.4798 | min_recall=0.031 | lr=0.002500
2026-09-10 19:30:20,521 INFO Epoch   80/200 | loss=1.5147 | val_acc=0.4927 | bal_acc=0.5180 | min_recall=0.028 | lr=0.002500
2026-09-10 19:46:11,252 INFO Epoch  100/200 | loss=1.5142 | val_acc=0.4850 | bal_acc=0.5174 | min_recall=0.007 | lr=0.001250
2026-09-10 20:02:14,912 INFO Epoch  120/200 | loss=1.5127 | val_acc=0.4604 | bal_acc=0.4972 | min_recall=0.035 | lr=0.001250
2026-09-10 20:18:08,770 INFO Epoch  140/200 | loss=1.5125 | val_acc=0.4563 | bal_acc=0.4920 | min_recall=0.014 | lr=0.001250
2026-09-10 20:34:08,047 INFO Epoch  160/200 | loss=1.5117 | val_acc=0.4804 | bal_acc=0.5030 | min_recall=0.021 | lr=0.000625
2026-09-10 20:50:07,561 INFO Epoch  180/200 | loss=1.5114 | val_acc=0.4839 | bal_acc=0.5192 | min_recall=0.055 | lr=0.000625
2026-09-10 21:06:19,831 INFO Epoch  200/200 | loss=1.5116 | val_acc=0.4733 | bal_acc=0.5084 | min_recall=0.024 | lr=0.000313
2026-09-10 21:06:19,831 INFO Training log saved → experiments/pca8/sweep/short_circuits_001/training_log.csv
2026-09-10 21:06:19,831 INFO Best val fitness: 0.4172
2026-09-10 21:06:19,831 INFO 
--- Test evaluation (best-val checkpoint) ---
2026-09-10 21:06:19,989 INFO Test accuracy    : 0.5029
Test bal. acc    : 0.5478  (mean per-class recall)
Per-class recall : ['0.5978', '0.4350', '0.3562', '0.1103', '0.7541', '0.7324', '0.4132', '0.9830']
Min recall       : 0.1103
Test ROC-AUC OvR : 0.8617
2026-09-10 21:06:19,993 INFO 
              precision    recall  f1-score   support

    basophil       0.36      0.60      0.45       184
  eosinophil       0.56      0.43      0.49       469
erythroblast       0.65      0.36      0.46       233
          ig       0.32      0.11      0.16       435
  lymphocyte       0.47      0.75      0.58       183
    monocyte       0.24      0.73      0.37       213
  neutrophil       0.65      0.41      0.50       501
    platelet       0.94      0.98      0.96       353

    accuracy                           0.50      2571
   macro avg       0.52      0.55      0.50      2571
weighted avg       0.55      0.50      0.49      2571

2026-09-10 21:06:20,347 INFO Plots saved.
2026-09-10 21:06:20,559 INFO Failed to extract font properties from /usr/share/fonts/truetype/noto/NotoColorEmoji.ttf: Can not load face (unknown file format; error code 0x2)
2026-09-10 21:06:21,264 INFO Circuit diagram saved.
2026-09-10 21:06:21,267 INFO 
Run 'short_circuits' complete → {'accuracy': 0.5029171528588098, 'bal_acc': 0.547753914975426, 'per_class_recalls': [0.5978260869240312, 0.4349680170482949, 0.35622317595037667, 0.11034482758367023, 0.7540983606145301, 0.7323943661627984, 0.4131736526863638, 0.9830028328333427], 'roc_auc_ovr': 0.8617402949798971}
2026-09-10 21:06:21,267 INFO 
>>> PCA-8 sweep run 6/11: deep_circuits
