2026-09-07 19:15:55,174 INFO 
============================================================
2026-09-07 19:15:55,174 INFO SWEEP RUN: deep_circuits  (PCA-8)
2026-09-07 19:15:55,174 INFO Params: {'label': 'deep_circuits', 'LR_EVAL': 0.003, 'N_EPOCHS_EVAL': 60, 'INIT_POP': 10, 'MAX_EVO_STEPS': 10, 'MIN_LAYERS': 6, 'MAX_LAYERS': 14, 'W_CLASS': [0.08, 0.14, 0.125, 0.125, 0.28, 0.125, 0.125]}
2026-09-07 19:15:55,174 INFO ============================================================
2026-09-07 19:15:55,174 INFO 
--- Linear classifier baseline (on 8 PCA features) ---
2026-09-07 19:15:55,782 INFO   val   | acc=0.4709 | bal_acc=0.3737 | min_recall=0.2727 | auc=0.7808
2026-09-07 19:15:55,782 INFO          per-class: ['0.344', '0.392', '0.422', '0.273', '0.387', '0.512', '0.286']
2026-09-07 19:15:55,785 INFO   test  | acc=0.4639 | bal_acc=0.3481 | min_recall=0.1818 | auc=0.7501
2026-09-07 19:15:55,785 INFO          per-class: ['0.320', '0.372', '0.325', '0.278', '0.446', '0.513', '0.182']
2026-09-07 19:15:55,785 INFO Linear baseline saved → experiments/pca8/sweep/deep_circuits_001/linear_baseline.json
2026-09-07 19:15:55,798 INFO Subsampling search training set: 35196 → 2000
2026-09-07 19:15:55,819 INFO Evaluating initial population...
2026-09-07 19:15:55,819 INFO Config: LR=0.003  epochs=60  pop=10  steps=10  W_CLASS=[0.08, 0.14, 0.125, 0.125, 0.28, 0.125, 0.125]
2026-09-07 19:15:55,819 INFO Encoding: single (RY per qubit), 8 PCA components → 8 qubits
2026-09-07 19:15:55,819 INFO Structure: variable length 6–14 layers  | P_CONV=0.6  | min conv=1  | min pool=0  | readout qubits=3
2026-09-07 19:15:55,891 INFO Initial population: 10 valid genotypes
2026-09-07 19:19:38,547 INFO   random     | C-C-C-C-C-C-C-C-P-C-C  | fitness=0.6671 | val_acc=0.4950 | bal_acc=0.3883 | min_recall=0.1875 | params=154
2026-09-07 19:19:38,551 INFO   random     | C-C-C-C-C-P-C-C-C      | fitness=0.6743 | val_acc=0.4739 | bal_acc=0.3790 | min_recall=0.0937 | params=194
2026-09-07 19:19:38,555 INFO   random     | C-C-C-C-C-P-C-C-C      | fitness=0.8933 | val_acc=0.4780 | bal_acc=0.3617 | min_recall=0.0000 | params=221
2026-09-07 19:19:38,559 INFO   random     | C-P-C-C-C-C-C          | fitness=0.8431 | val_acc=0.2906 | bal_acc=0.2475 | min_recall=0.0625 | params=82
2026-09-07 19:19:38,563 INFO   random     | C-C-C-C-C-C-C-C        | fitness=0.6634 | val_acc=0.4770 | bal_acc=0.3746 | min_recall=0.2727 | params=126
2026-09-07 19:19:38,567 INFO   random     | C-C-C-C-C-C-P          | fitness=0.8835 | val_acc=0.3277 | bal_acc=0.3234 | min_recall=0.0000 | params=116
2026-09-07 19:19:38,575 INFO   random     | C-C-C-P-C-C-C-C-C-C-C-P-C | fitness=0.9083 | val_acc=0.4890 | bal_acc=0.3609 | min_recall=0.0000 | params=205
2026-09-07 19:19:38,579 INFO   random     | C-C-C-C-P-C-C-C-C-C-C  | fitness=0.6994 | val_acc=0.4469 | bal_acc=0.3670 | min_recall=0.0909 | params=236
2026-09-07 19:19:38,583 INFO   random     | P-C-C-C-C-C-P          | fitness=0.7281 | val_acc=0.3567 | bal_acc=0.3116 | min_recall=0.0937 | params=109
2026-09-07 19:19:38,587 INFO   random     | C-C-C-C-C-C            | fitness=0.9308 | val_acc=0.2866 | bal_acc=0.2961 | min_recall=0.0000 | params=172
2026-09-07 19:19:38,587 INFO 
=== Evo step 1/10 ===
2026-09-07 19:19:38,587 INFO Top-3: -4094103… fit=0.6634  |  35043820… fit=0.6671  |  17241338… fit=0.6743
2026-09-07 19:19:38,590 INFO Generated 9 valid novel children
2026-09-07 19:23:42,007 INFO   crossover  | C-C-C-C-C-C-C-C-C-P-C-C | fitness=0.6830 | val_acc=0.4569 | bal_acc=0.3604 | min_recall=0.1875 | params=164
2026-09-07 19:23:42,009 INFO   crossover  | C-C-C-C-C-C-C-C-C-C-P-C-C-C | fitness=0.6893 | val_acc=0.4770 | bal_acc=0.3550 | min_recall=0.1562 | params=179
2026-09-07 19:23:42,010 INFO   crossover  | C-C-C-C-C-C-C-C-C      | fitness=0.7312 | val_acc=0.3768 | bal_acc=0.3329 | min_recall=0.0909 | params=109
2026-09-07 19:23:42,016 INFO   crossover  | C-C-C-C-C-C-C-C-P-C-C-C | fitness=0.8701 | val_acc=0.4629 | bal_acc=0.3669 | min_recall=0.0000 | params=118
2026-09-07 19:23:42,018 INFO   crossover  | C-C-C-C-C-P-C-C-C-C-C  | fitness=0.7110 | val_acc=0.4960 | bal_acc=0.3501 | min_recall=0.0909 | params=196
2026-09-07 19:23:42,020 INFO   crossover  | C-C-C-C-C-C-C-C-C-C-P-C-C | fitness=0.7310 | val_acc=0.4238 | bal_acc=0.3312 | min_recall=0.1562 | params=289
2026-09-07 19:23:42,023 INFO   mutate     | C-C-C-C-C-C-C-C        | fitness=0.7402 | val_acc=0.4329 | bal_acc=0.3267 | min_recall=0.0909 | params=100
2026-09-07 19:23:42,025 INFO   mutate     | C-C-C-C-C-C-C-P-C-C    | fitness=0.7552 | val_acc=0.4800 | bal_acc=0.3260 | min_recall=0.0714 | params=134
2026-09-07 19:23:42,027 INFO   mutate     | C-C-C-C-C-P-C-C-C-C    | fitness=0.7004 | val_acc=0.4489 | bal_acc=0.3503 | min_recall=0.1818 | params=223
2026-09-07 19:23:42,027 INFO Best so far → val_acc=0.4770  bal_acc=0.3746  min_recall=0.2727  fitness=0.6634  params=126  id=-4094103…
2026-09-07 19:23:42,028 INFO Memory table saved.
2026-09-07 19:23:42,028 INFO 
=== Evo step 2/10 ===
2026-09-07 19:23:42,028 INFO Top-3: -4094103… fit=0.6634  |  35043820… fit=0.6671  |  17241338… fit=0.6743
2026-09-07 19:23:42,033 INFO Generated 9 valid novel children
2026-09-07 19:27:16,677 INFO   crossover  | C-C-C-C-C-C-C-C        | fitness=1.0027 | val_acc=0.0681 | bal_acc=0.2411 | min_recall=0.0090 | params=116
2026-09-07 19:27:16,679 INFO   crossover  | C-C-C-C-C-C-C-C        | fitness=0.8957 | val_acc=0.3657 | bal_acc=0.2901 | min_recall=0.0312 | params=142
2026-09-07 19:27:16,681 INFO   crossover  | C-C-C-C-C-C-C-C-C-C-C  | fitness=0.7007 | val_acc=0.4309 | bal_acc=0.3732 | min_recall=0.0909 | params=160
2026-09-07 19:27:16,683 INFO   crossover  | C-C-C-C-C-P-C-C-C      | fitness=0.9608 | val_acc=0.3918 | bal_acc=0.2746 | min_recall=0.0000 | params=77
2026-09-07 19:27:16,685 INFO   crossover  | C-C-C-C-C-C-C-C        | fitness=0.7139 | val_acc=0.3808 | bal_acc=0.3315 | min_recall=0.0909 | params=225
2026-09-07 19:27:16,687 INFO   crossover  | C-C-C-C-C-C-C-C-C-P-C-C | fitness=0.6555 | val_acc=0.4679 | bal_acc=0.4054 | min_recall=0.1818 | params=273
2026-09-07 19:27:16,689 INFO   mutate     | C-C-C-C-C-C-C-C-C      | fitness=0.7115 | val_acc=0.4459 | bal_acc=0.3436 | min_recall=0.0909 | params=132
2026-09-07 19:27:16,695 INFO   mutate     | C-C-C-C-C-C-C-C-P-P-C-C-C-C | fitness=0.7008 | val_acc=0.4669 | bal_acc=0.3599 | min_recall=0.0909 | params=182
2026-09-07 19:27:16,697 INFO   mutate     | C-C-C-C-C-P-C-C-C      | fitness=0.6727 | val_acc=0.3998 | bal_acc=0.3771 | min_recall=0.2703 | params=186
2026-09-07 19:27:16,697 INFO Best so far → val_acc=0.4679  bal_acc=0.4054  min_recall=0.1818  fitness=0.6555  params=273  id=-1360638…
2026-09-07 19:27:16,697 INFO Memory table saved.
2026-09-07 19:27:16,697 INFO 
=== Evo step 3/10 ===
2026-09-07 19:27:16,697 INFO Top-3: -1360638… fit=0.6555  |  -4094103… fit=0.6634  |  35043820… fit=0.6671
2026-09-07 19:27:16,701 INFO Generated 9 valid novel children
2026-09-07 19:31:22,510 INFO   crossover  | C-C-C-C-C-C-C-C-C      | fitness=0.8694 | val_acc=0.4459 | bal_acc=0.3379 | min_recall=0.0000 | params=233
2026-09-07 19:31:22,515 INFO   crossover  | C-C-C-C-C-C-P-C-C-C-C-C | fitness=0.6975 | val_acc=0.4459 | bal_acc=0.3642 | min_recall=0.0909 | params=244
2026-09-07 19:31:22,518 INFO   crossover  | C-C-C-C-C-C-C-C-C-C-C-C-C-C | fitness=0.7953 | val_acc=0.4880 | bal_acc=0.3612 | min_recall=0.0312 | params=231
2026-09-07 19:31:22,523 INFO   crossover  | C-C-C-C-C-C-C          | fitness=0.8694 | val_acc=0.4499 | bal_acc=0.3265 | min_recall=0.0092 | params=138
2026-09-07 19:31:22,531 INFO   crossover  | C-P-C-C-C-C-C-C-C-C-C-C-C-C | fitness=0.7446 | val_acc=0.2515 | bal_acc=0.3059 | min_recall=0.2254 | params=203
2026-09-07 19:31:22,535 INFO   crossover  | C-C-C-C-C-C-C-C        | fitness=0.7039 | val_acc=0.4539 | bal_acc=0.3591 | min_recall=0.1081 | params=124
2026-09-07 19:31:22,539 INFO   mutate     | C-C-C-C-C-C-C-C-C-P-C-C | fitness=0.7781 | val_acc=0.3928 | bal_acc=0.3114 | min_recall=0.0714 | params=281
2026-09-07 19:31:22,543 INFO   mutate     | C-C-C-C-C-C-C          | fitness=0.7550 | val_acc=0.4659 | bal_acc=0.3159 | min_recall=0.0901 | params=108
2026-09-07 19:31:22,547 INFO   mutate     | C-P-C-C-C-C            | fitness=0.8940 | val_acc=0.3327 | bal_acc=0.3328 | min_recall=0.0000 | params=64
2026-09-07 19:31:22,547 INFO Best so far → val_acc=0.4679  bal_acc=0.4054  min_recall=0.1818  fitness=0.6555  params=273  id=-1360638…
2026-09-07 19:31:22,548 INFO Memory table saved.
2026-09-07 19:31:22,548 INFO 
=== Evo step 4/10 ===
2026-09-07 19:31:22,548 INFO Top-3: -1360638… fit=0.6555  |  -4094103… fit=0.6634  |  40481470… fit=0.7039
2026-09-07 19:31:22,551 INFO Generated 9 valid novel children
2026-09-07 19:35:08,183 INFO   crossover  | C-C-C-C-C-C-C-C-C-C-C-C-C-C | fitness=0.7233 | val_acc=0.2415 | bal_acc=0.3398 | min_recall=0.1701 | params=308
2026-09-07 19:35:08,192 INFO   crossover  | C-C-C-C-C-C-P-C-C      | fitness=0.6799 | val_acc=0.4870 | bal_acc=0.3759 | min_recall=0.2187 | params=236
2026-09-07 19:35:08,196 INFO   crossover  | C-C-C-C-C-C-C-C        | fitness=0.9282 | val_acc=0.1132 | bal_acc=0.2217 | min_recall=0.0433 | params=130
2026-09-07 19:35:08,200 INFO   crossover  | C-C-C-P-C-C            | fitness=0.7757 | val_acc=0.4399 | bal_acc=0.3558 | min_recall=0.0631 | params=93
2026-09-07 19:35:08,204 INFO   crossover  | C-C-C-C-C-C-P-C-C      | fitness=0.6445 | val_acc=0.5140 | bal_acc=0.3938 | min_recall=0.1818 | params=132
2026-09-07 19:35:08,208 INFO   crossover  | C-C-C-C-C-C-C-C-C-C-C-C | fitness=0.7955 | val_acc=0.4499 | bal_acc=0.3208 | min_recall=0.0625 | params=169
2026-09-07 19:35:08,212 INFO   mutate     | C-C-C-C-C-C-C-C-C-P-C-C | fitness=0.9045 | val_acc=0.4930 | bal_acc=0.3212 | min_recall=0.0000 | params=273
2026-09-07 19:35:08,216 INFO   mutate     | C-C-C-C-C-C-C-C        | fitness=0.7226 | val_acc=0.4569 | bal_acc=0.3638 | min_recall=0.0909 | params=120
2026-09-07 19:35:08,220 INFO   mutate     | C-C-C-C-C-C-C-C-C-C    | fitness=0.8858 | val_acc=0.4770 | bal_acc=0.3504 | min_recall=0.0000 | params=155
2026-09-07 19:35:08,220 INFO Best so far → val_acc=0.5140  bal_acc=0.3938  min_recall=0.1818  fitness=0.6445  params=132  id=-6481186…
2026-09-07 19:35:08,222 INFO Memory table saved.
2026-09-07 19:35:08,222 INFO 
=== Evo step 5/10 ===
2026-09-07 19:35:08,222 INFO Top-3: -6481186… fit=0.6445  |  -1360638… fit=0.6555  |  57783353… fit=1.0027
2026-09-07 19:35:08,227 INFO Generated 9 valid novel children
2026-09-07 19:40:07,210 INFO   crossover  | C-C-C-C-C-C-C-C-C-C-C-C-C-C | fitness=0.7393 | val_acc=0.4910 | bal_acc=0.3418 | min_recall=0.0909 | params=321
2026-09-07 19:40:07,214 INFO   crossover  | C-C-C-C-C-C-C-C-C-C-C-C | fitness=0.8973 | val_acc=0.4930 | bal_acc=0.3613 | min_recall=0.0000 | params=207
2026-09-07 19:40:07,217 INFO   crossover  | C-C-C-C-C-C-C-C-C-P-C-C-C-C | fitness=0.7282 | val_acc=0.4459 | bal_acc=0.3548 | min_recall=0.0909 | params=297
2026-09-07 19:40:07,219 INFO   crossover  | C-C-C-C-C-C-C-C-C-P-C-C-C | fitness=0.6814 | val_acc=0.4960 | bal_acc=0.3887 | min_recall=0.2143 | params=284
2026-09-07 19:40:07,221 INFO   crossover  | C-C-C-C-C-C-C-C-P-C-C  | fitness=0.6796 | val_acc=0.3557 | bal_acc=0.3673 | min_recall=0.1818 | params=211
2026-09-07 19:40:07,222 INFO   crossover  | C-C-C-C-C-C-C          | fitness=0.7081 | val_acc=0.3697 | bal_acc=0.3123 | min_recall=0.0937 | params=140
2026-09-07 19:40:07,228 INFO   mutate     | C-C-C-C-C-C-C-P-C-C    | fitness=0.6879 | val_acc=0.4679 | bal_acc=0.3802 | min_recall=0.1351 | params=134
2026-09-07 19:40:07,230 INFO   mutate     | C-C-C-C-C-C-C-P-C-C-P  | fitness=0.7131 | val_acc=0.4419 | bal_acc=0.3397 | min_recall=0.0909 | params=216
2026-09-07 19:40:07,234 INFO   mutate     | C-C-C-C-C-C-C-C        | fitness=0.7577 | val_acc=0.4910 | bal_acc=0.3015 | min_recall=0.0714 | params=144
2026-09-07 19:40:07,235 INFO Best so far → val_acc=0.5140  bal_acc=0.3938  min_recall=0.1818  fitness=0.6445  params=132  id=-6481186…
2026-09-07 19:40:07,236 INFO Memory table saved.
2026-09-07 19:40:07,236 INFO 
=== Evo step 6/10 ===
2026-09-07 19:40:07,236 INFO Top-3: -6481186… fit=0.6445  |  -1360638… fit=0.6555  |  26201254… fit=0.7757
2026-09-07 19:40:07,244 INFO Generated 9 valid novel children
2026-09-07 19:45:12,348 INFO   crossover  | C-C-C-C-C-C-C-C-C-C-P-C-C | fitness=0.7248 | val_acc=0.4279 | bal_acc=0.3519 | min_recall=0.1171 | params=212
2026-09-07 19:45:12,352 INFO   crossover  | C-C-C-C-C-C-P-C-C-C    | fitness=0.8696 | val_acc=0.4800 | bal_acc=0.3551 | min_recall=0.0000 | params=150
2026-09-07 19:45:12,354 INFO   crossover  | C-C-C-C-C-C-C-C-C-C-P-C-C | fitness=0.6783 | val_acc=0.4529 | bal_acc=0.3935 | min_recall=0.1835 | params=293
2026-09-07 19:45:12,359 INFO   crossover  | C-C-C-C-C-C-C-C-C-C-C-C-P-C | fitness=0.7364 | val_acc=0.4760 | bal_acc=0.3562 | min_recall=0.0937 | params=363
2026-09-07 19:45:12,361 INFO   crossover  | C-C-C-C-C-P-C-C-C-C-P-C-C | fitness=0.7618 | val_acc=0.5030 | bal_acc=0.3407 | min_recall=0.0714 | params=296
2026-09-07 19:45:12,363 INFO   crossover  | C-C-C-C-C-C-P-C-C      | fitness=0.7358 | val_acc=0.4990 | bal_acc=0.3717 | min_recall=0.0625 | params=256
2026-09-07 19:45:12,365 INFO   mutate     | C-C-C-C-C-C-P-C-C      | fitness=0.6821 | val_acc=0.4659 | bal_acc=0.3852 | min_recall=0.0909 | params=142
2026-09-07 19:45:12,366 INFO   mutate     | C-C-C-C-C-C-C-C-C-P-C-C-C | fitness=0.7162 | val_acc=0.4659 | bal_acc=0.3552 | min_recall=0.0909 | params=275
2026-09-07 19:45:12,375 INFO   mutate     | C-C-C-C-C-P-C-C-C      | fitness=0.7292 | val_acc=0.4770 | bal_acc=0.3272 | min_recall=0.0909 | params=210
2026-09-07 19:45:12,375 INFO Best so far → val_acc=0.5140  bal_acc=0.3938  min_recall=0.1818  fitness=0.6445  params=132  id=-6481186…
2026-09-07 19:45:12,377 INFO Memory table saved.
2026-09-07 19:45:12,377 INFO 
=== Evo step 7/10 ===
2026-09-07 19:45:12,377 INFO Top-3: -6481186… fit=0.6445  |  -1360638… fit=0.6555  |  48030164… fit=0.8933
2026-09-07 19:45:12,382 INFO Generated 9 valid novel children
2026-09-07 19:50:28,330 INFO   crossover  | C-C-C-C-C-C-C-C-C-P-C-C | fitness=0.8640 | val_acc=0.4459 | bal_acc=0.3753 | min_recall=0.0000 | params=187
2026-09-07 19:50:28,334 INFO   crossover  | C-C-C-C-C-C-P-C-C-C    | fitness=0.8582 | val_acc=0.4719 | bal_acc=0.3541 | min_recall=0.0000 | params=143
2026-09-07 19:50:28,338 INFO   crossover  | C-C-C-C-C-C-C-C-C      | fitness=0.7140 | val_acc=0.4449 | bal_acc=0.3462 | min_recall=0.1429 | params=218
2026-09-07 19:50:28,342 INFO   crossover  | C-C-C-C-C-C-C-C-C-C-C-P-C-C | fitness=0.6930 | val_acc=0.4409 | bal_acc=0.3773 | min_recall=0.2752 | params=287
2026-09-07 19:50:28,346 INFO   crossover  | C-C-C-C-C-C-P-P-C-C    | fitness=0.6962 | val_acc=0.4559 | bal_acc=0.3704 | min_recall=0.1818 | params=193
2026-09-07 19:50:28,355 INFO   crossover  | C-C-C-C-C-C-C-C-C-C-C-C-C-C | fitness=0.7094 | val_acc=0.4399 | bal_acc=0.3724 | min_recall=0.1818 | params=407
2026-09-07 19:50:28,359 INFO   mutate     | C-C-C-C-C-P-C-C        | fitness=0.7671 | val_acc=0.4880 | bal_acc=0.3261 | min_recall=0.0714 | params=112
2026-09-07 19:50:28,363 INFO   mutate     | C-C-C-C-C-C-C-P-P-C    | fitness=0.7227 | val_acc=0.3687 | bal_acc=0.3333 | min_recall=0.0909 | params=212
2026-09-07 19:50:28,367 INFO   mutate     | C-C-C-C-C-P-C-C-C-C-C  | fitness=0.6767 | val_acc=0.4840 | bal_acc=0.3620 | min_recall=0.1818 | params=238
2026-09-07 19:50:28,367 INFO Best so far → val_acc=0.5140  bal_acc=0.3938  min_recall=0.1818  fitness=0.6445  params=132  id=-6481186…
2026-09-07 19:50:28,369 INFO Memory table saved.
2026-09-07 19:50:28,369 INFO 
=== Evo step 8/10 ===
2026-09-07 19:50:28,369 INFO Top-3: -6481186… fit=0.6445  |  -1360638… fit=0.6555  |  -4094103… fit=0.6634
2026-09-07 19:50:28,382 INFO Generated 9 valid novel children
2026-09-07 19:54:53,169 INFO   crossover  | C-C-C-C-C-C-C-C-C-P-C-C | fitness=0.7118 | val_acc=0.4780 | bal_acc=0.3691 | min_recall=0.0909 | params=164
2026-09-07 19:54:53,175 INFO   crossover  | C-C-C-C-C-C-C-C-C-C-C-C-P-C | fitness=0.9011 | val_acc=0.4880 | bal_acc=0.3659 | min_recall=0.0000 | params=224
2026-09-07 19:54:53,177 INFO   crossover  | C-C-C-C-C-C-C-C-C-C-C-C-C-C | fitness=0.7165 | val_acc=0.4970 | bal_acc=0.3554 | min_recall=0.1818 | params=321
2026-09-07 19:54:53,179 INFO   crossover  | C-C-C-C-C-C-C-C-C-P-C  | fitness=0.9269 | val_acc=0.4459 | bal_acc=0.3313 | min_recall=0.0000 | params=290
2026-09-07 19:54:53,181 INFO   crossover  | C-C-C-P-C-C-C-C-C      | fitness=0.6911 | val_acc=0.4178 | bal_acc=0.3319 | min_recall=0.1818 | params=136
2026-09-07 19:54:53,183 INFO   crossover  | C-C-C-P-C-C-C-C-P-C-C  | fitness=0.7015 | val_acc=0.4749 | bal_acc=0.3731 | min_recall=0.0909 | params=145
2026-09-07 19:54:53,185 INFO   mutate     | C-C-C-C-C-P-C-P-C-C    | fitness=0.9089 | val_acc=0.4409 | bal_acc=0.3296 | min_recall=0.0000 | params=130
2026-09-07 19:54:53,193 INFO   mutate     | C-C-C-C-C-C-C-C-C-C-P-C-C | fitness=0.7099 | val_acc=0.5000 | bal_acc=0.3511 | min_recall=0.1562 | params=279
2026-09-07 19:54:53,197 INFO   mutate     | C-C-C-C-P-C-C-C-C-C-C-C-P-C | fitness=0.6901 | val_acc=0.4900 | bal_acc=0.3589 | min_recall=0.1429 | params=229
2026-09-07 19:54:53,197 INFO Best so far → val_acc=0.5140  bal_acc=0.3938  min_recall=0.1818  fitness=0.6445  params=132  id=-6481186…
2026-09-07 19:54:53,198 INFO Memory table saved.
2026-09-07 19:54:53,198 INFO 
=== Evo step 9/10 ===
2026-09-07 19:54:53,198 INFO Top-3: -6481186… fit=0.6445  |  -1360638… fit=0.6555  |  -4094103… fit=0.6634
2026-09-07 19:54:53,203 INFO Generated 9 valid novel children
2026-09-07 19:59:18,944 INFO   crossover  | C-C-C-C-C-C-C-C-C-C-C-C-C-P | fitness=0.6606 | val_acc=0.4980 | bal_acc=0.3833 | min_recall=0.1562 | params=254
2026-09-07 19:59:18,949 INFO   crossover  | C-C-C-C-C-C-P-C-C      | fitness=0.6776 | val_acc=0.4659 | bal_acc=0.3827 | min_recall=0.1429 | params=125
2026-09-07 19:59:18,953 INFO   crossover  | C-C-C-C-C-C-C-C-C-P-C-C | fitness=0.7061 | val_acc=0.4148 | bal_acc=0.3772 | min_recall=0.2252 | params=279
2026-09-07 19:59:18,961 INFO   crossover  | C-C-C-C-C-C-C-C-C-P-C-C-C-C | fitness=0.8964 | val_acc=0.4659 | bal_acc=0.3121 | min_recall=0.0312 | params=298
2026-09-07 19:59:18,965 INFO   crossover  | C-C-C-C-C-C-C-P-C-C    | fitness=0.7494 | val_acc=0.4739 | bal_acc=0.3790 | min_recall=0.0625 | params=160
2026-09-07 19:59:18,969 INFO   crossover  | C-C-C-C-C-C-C-C-C-P-C-C | fitness=0.9059 | val_acc=0.4178 | bal_acc=0.3191 | min_recall=0.0000 | params=190
2026-09-07 19:59:18,972 INFO   mutate     | C-C-C-C-C-P-C-C        | fitness=0.7119 | val_acc=0.4749 | bal_acc=0.3348 | min_recall=0.1429 | params=112
2026-09-07 19:59:18,973 INFO   mutate     | C-C-C-C-C-C-C-C-C-C-C  | fitness=0.6806 | val_acc=0.4830 | bal_acc=0.3614 | min_recall=0.1562 | params=278
2026-09-07 19:59:18,975 INFO   mutate     | C-C-C-C-C-C-C          | fitness=1.0255 | val_acc=0.1082 | bal_acc=0.2249 | min_recall=0.0000 | params=112
2026-09-07 19:59:18,975 INFO Best so far → val_acc=0.5140  bal_acc=0.3938  min_recall=0.1818  fitness=0.6445  params=132  id=-6481186…
2026-09-07 19:59:18,976 INFO Memory table saved.
2026-09-07 19:59:18,976 INFO 
=== Evo step 10/10 ===
2026-09-07 19:59:18,976 INFO Top-3: -6481186… fit=0.6445  |  -1360638… fit=0.6555  |  13191539… fit=0.6606
2026-09-07 19:59:18,979 INFO Generated 9 valid novel children
2026-09-07 20:04:12,789 INFO   crossover  | C-C-C-C-C-C-C-C-C-C-P-C-C | fitness=0.6849 | val_acc=0.4509 | bal_acc=0.3897 | min_recall=0.1818 | params=229
2026-09-07 20:04:12,797 INFO   crossover  | C-C-C-C-C-C-C-C-C-C-C  | fitness=0.9035 | val_acc=0.3517 | bal_acc=0.3293 | min_recall=0.0000 | params=184
2026-09-07 20:04:12,802 INFO   crossover  | C-C-C-C-C-C-C-C-P-C-C  | fitness=0.6652 | val_acc=0.4749 | bal_acc=0.4000 | min_recall=0.2727 | params=267
2026-09-07 20:04:12,806 INFO   crossover  | C-C-C-C-C-C-C-C-C-P-C-C-C-C | fitness=0.6892 | val_acc=0.4920 | bal_acc=0.3558 | min_recall=0.1429 | params=311
2026-09-07 20:04:12,810 INFO   crossover  | C-C-C-C-C-C-C-C-C      | fitness=0.9028 | val_acc=0.4960 | bal_acc=0.3429 | min_recall=0.0000 | params=242
2026-09-07 20:04:12,813 INFO   crossover  | C-C-C-C-C-C-C-C-C      | fitness=0.7167 | val_acc=0.4449 | bal_acc=0.3485 | min_recall=0.0909 | params=212
2026-09-07 20:04:12,818 INFO   mutate     | C-C-C-C-C-C-P-C-C      | fitness=0.9092 | val_acc=0.4800 | bal_acc=0.3320 | min_recall=0.0000 | params=116
2026-09-07 20:04:12,821 INFO   mutate     | C-C-C-C-C-C-C-C-C-P-C-C | fitness=0.8777 | val_acc=0.4739 | bal_acc=0.3445 | min_recall=0.0000 | params=261
2026-09-07 20:04:12,830 INFO   mutate     | C-C-C-C-C-C-C-C-C-C-C-C-C-C | fitness=0.7358 | val_acc=0.4619 | bal_acc=0.3326 | min_recall=0.1250 | params=306
2026-09-07 20:04:12,830 INFO Best so far → val_acc=0.5140  bal_acc=0.3938  min_recall=0.1818  fitness=0.6445  params=132  id=-6481186…
2026-09-07 20:04:12,831 INFO Memory table saved.
2026-09-07 20:04:12,831 INFO 
=== SEARCH COMPLETE ===
2026-09-07 20:04:12,831 INFO Best val_acc  : 0.5140
2026-09-07 20:04:12,831 INFO Best bal_acc  : 0.3938  (mean per-class recall)
2026-09-07 20:04:12,831 INFO Min recall    : 0.1818  (worst class)
2026-09-07 20:04:12,831 INFO Best fitness  : 0.6445
2026-09-07 20:04:12,831 INFO Params        : 132
2026-09-07 20:04:12,831 INFO Layers        : 9  (8 conv + 1 pool)
2026-09-07 20:04:12,831 INFO Circuit structure:
2026-09-07 20:04:12,831 INFO   Structure: C-C-C-C-C-C-P-C-C  (9 layers = 8 conv + 1 pool)
2026-09-07 20:04:12,831 INFO   Layer 0 CONV  gate=U_13       stride=2 step=5 offset=1 boundary=periodic
2026-09-07 20:04:12,831 INFO   Layer 1 CONV  gate=U_9        stride=4 step=6 offset=2 boundary=open
2026-09-07 20:04:12,831 INFO   Layer 2 CONV  gate=U_SU4      stride=6 step=7 offset=1 boundary=periodic
2026-09-07 20:04:12,831 INFO   Layer 3 CONV  gate=U_5        stride=7 step=6 offset=1 boundary=periodic
2026-09-07 20:04:12,832 INFO   Layer 4 CONV  gate=U_6        stride=6 step=6 offset=0 boundary=periodic
2026-09-07 20:04:12,832 INFO   Layer 5 CONV  gate=U_SO4      stride=1 step=1 offset=0 boundary=open
2026-09-07 20:04:12,832 INFO   Layer 6 POOL  gate=pool_ansatz  pattern=!*
2026-09-07 20:04:12,832 INFO   Layer 7 CONV  gate=U_gate     stride=7 step=4 offset=1 boundary=periodic
2026-09-07 20:04:12,832 INFO   Layer 8 CONV  gate=U_15       stride=1 step=5 offset=1 boundary=open
2026-09-07 20:04:12,832 INFO   Qubits surviving: 4 → [4, 5, 6, 7]  | readout wires = [4, 5, 6]
2026-09-07 20:04:12,832 INFO 
============================================================
2026-09-07 20:04:12,832 INFO FINAL TRAINING — DermaMNIST 7-class QCNN
2026-09-07 20:04:12,832 INFO ============================================================
2026-09-07 20:04:12,832 INFO   Structure: C-C-C-C-C-C-P-C-C  (9 layers = 8 conv + 1 pool)
2026-09-07 20:04:12,832 INFO   Layer 0 CONV  gate=U_13       stride=2 step=5 offset=1 boundary=periodic
2026-09-07 20:04:12,832 INFO   Layer 1 CONV  gate=U_9        stride=4 step=6 offset=2 boundary=open
2026-09-07 20:04:12,832 INFO   Layer 2 CONV  gate=U_SU4      stride=6 step=7 offset=1 boundary=periodic
2026-09-07 20:04:12,832 INFO   Layer 3 CONV  gate=U_5        stride=7 step=6 offset=1 boundary=periodic
2026-09-07 20:04:12,832 INFO   Layer 4 CONV  gate=U_6        stride=6 step=6 offset=0 boundary=periodic
2026-09-07 20:04:12,832 INFO   Layer 5 CONV  gate=U_SO4      stride=1 step=1 offset=0 boundary=open
2026-09-07 20:04:12,832 INFO   Layer 6 POOL  gate=pool_ansatz  pattern=!*
2026-09-07 20:04:12,832 INFO   Layer 7 CONV  gate=U_gate     stride=7 step=4 offset=1 boundary=periodic
2026-09-07 20:04:12,832 INFO   Layer 8 CONV  gate=U_15       stride=1 step=5 offset=1 boundary=open
2026-09-07 20:04:12,832 INFO   Qubits surviving: 4 → [4, 5, 6, 7]  | readout wires = [4, 5, 6]
2026-09-07 20:04:12,833 INFO Circuit: 9 layers (8 conv + 1 pool), 132 trainable parameters.
2026-09-07 20:05:14,051 INFO Epoch    1/100 | loss=1.8427 | val_acc=0.2756 | bal_acc=0.2727 | min_recall=0.018 | lr=0.005000
2026-09-07 21:01:10,009 INFO Epoch   20/100 | loss=1.7417 | val_acc=0.5200 | bal_acc=0.3835 | min_recall=0.187 | lr=0.005000
2026-09-07 22:00:39,064 INFO Epoch   40/100 | loss=1.7383 | val_acc=0.5180 | bal_acc=0.3868 | min_recall=0.273 | lr=0.005000
2026-09-07 22:39:23,409 INFO Epoch   60/100 | loss=1.7316 | val_acc=0.4699 | bal_acc=0.3728 | min_recall=0.182 | lr=0.002500
2026-09-07 23:07:48,274 INFO Epoch   80/100 | loss=1.7308 | val_acc=0.4719 | bal_acc=0.3565 | min_recall=0.234 | lr=0.002500
2026-09-07 23:32:54,682 INFO Epoch  100/100 | loss=1.7305 | val_acc=0.4850 | bal_acc=0.3724 | min_recall=0.273 | lr=0.001250
2026-09-07 23:32:54,682 INFO Training log saved → experiments/pca8/sweep/deep_circuits_001/training_log.csv
2026-09-07 23:32:54,682 INFO Best val fitness: 0.5867
2026-09-07 23:32:54,682 INFO 
--- Test evaluation (best-val checkpoint) ---
2026-09-07 23:32:54,903 INFO Test accuracy    : 0.4758
Test bal. acc    : 0.3177  (mean per-class recall)
Per-class recall : ['0.2400', '0.3718', '0.2831', '0.1667', '0.4345', '0.5462', '0.1818']
Min recall       : 0.1667
Test ROC-AUC OvR : 0.7449
2026-09-07 23:32:54,909 INFO 
              precision    recall  f1-score   support

       akiec       0.15      0.24      0.19        50
         bcc       0.20      0.37      0.26        78
         bkl       0.32      0.28      0.30       166
          df       0.03      0.17      0.05        18
         mel       0.24      0.43      0.31       168
          nv       0.93      0.55      0.69      1007
        vasc       0.03      0.18      0.05        22

    accuracy                           0.48      1509
   macro avg       0.27      0.32      0.26      1509
weighted avg       0.70      0.48      0.55      1509

2026-09-07 23:32:55,196 INFO Plots saved.
2026-09-07 23:32:56,097 INFO Failed to extract font properties from /usr/share/fonts/truetype/noto/NotoColorEmoji.ttf: Can not load face (unknown file format; error code 0x2)
2026-09-07 23:32:56,709 INFO Circuit diagram saved.
2026-09-07 23:32:56,712 INFO 
Run 'deep_circuits' complete → {'accuracy': 0.4758117958913188, 'bal_acc': 0.31773040318087636, 'per_class_recalls': [0.239999999952, 0.3717948717472058, 0.28313253010342576, 0.16666666657407406, 0.434523809497945, 0.5461767626559466, 0.18181818173553718], 'roc_auc_ovr': 0.7449342431623799}
2026-09-07 23:32:56,712 INFO 
>>> PCA-8 sweep run 7/11: conv_heavy
