2026-08-20 02:11:57,158 INFO 
============================================================
2026-08-20 02:11:57,158 INFO SWEEP RUN: baseline  (PCA-8)
2026-08-20 02:11:57,158 INFO Params: {'label': 'baseline', 'LR_EVAL': 0.003, 'N_EPOCHS_EVAL': 60, 'INIT_POP': 10, 'MAX_EVO_STEPS': 10, 'W_CLASS': [0.1, 0.2, 0.3, 0.4]}
2026-08-20 02:11:57,158 INFO ============================================================
2026-08-20 02:11:57,159 INFO 
--- Linear classifier baseline (on 8 PCA features) ---
2026-08-20 02:11:57,245 INFO   val   | acc=0.5570 | bal_acc=0.4800 | min_recall=0.1875 | auc=0.7735
2026-08-20 02:11:57,245 INFO          per-class: ['0.775', '0.444', '0.187', '0.514']
2026-08-20 02:11:57,248 INFO   test  | acc=0.5615 | bal_acc=0.4779 | min_recall=0.2200 | auc=0.7486
2026-08-20 02:11:57,248 INFO          per-class: ['0.731', '0.276', '0.220', '0.684']
2026-08-20 02:11:57,248 INFO Linear baseline saved → experiments/pca8/sweep/baseline_001/linear_baseline.json
2026-08-20 02:11:57,248 INFO Subsampling search training set: 2140 → 2000
2026-08-20 02:11:57,258 INFO Evaluating initial population...
2026-08-20 02:11:57,258 INFO Config: LR=0.003  epochs=60  pop=10  steps=10  W_CLASS=[0.1, 0.2, 0.3, 0.4]
2026-08-20 02:11:57,258 INFO Encoding: single (RY per qubit), 8 PCA components → 8 qubits
2026-08-20 02:11:57,258 INFO Structure: variable length 3–10 layers  | P_CONV=0.6  | min conv=1  | min pool=0  | readout qubits=2
2026-08-20 02:11:57,289 INFO Initial population: 10 valid genotypes
2026-08-20 04:26:08,257 INFO   random     | C-C-C-P-C              | fitness=0.6689 | val_acc=0.4937 | bal_acc=0.4214 | min_recall=0.2812 | params=104
2026-08-20 04:26:08,259 INFO   random     | C-C-C-C-P-C-C-C        | fitness=0.6073 | val_acc=0.5506 | bal_acc=0.4665 | min_recall=0.2187 | params=216
2026-08-20 04:26:08,261 INFO   random     | C-C-C-C-C-P-C-C        | fitness=0.5995 | val_acc=0.5570 | bal_acc=0.4637 | min_recall=0.1250 | params=115
2026-08-20 04:26:08,263 INFO   random     | C-P-C-C                | fitness=0.6184 | val_acc=0.4557 | bal_acc=0.3919 | min_recall=0.1875 | params=40
2026-08-20 04:26:08,265 INFO   random     | C-C-C-P-P-P            | fitness=0.6021 | val_acc=0.4937 | bal_acc=0.4298 | min_recall=0.2778 | params=66
2026-08-20 04:26:08,267 INFO   random     | C-P-C-C-P-C            | fitness=0.5686 | val_acc=0.5443 | bal_acc=0.4756 | min_recall=0.1875 | params=82
2026-08-20 04:26:08,269 INFO   random     | C-P-P                  | fitness=0.7978 | val_acc=0.4304 | bal_acc=0.3778 | min_recall=0.0312 | params=36
2026-08-20 04:26:08,275 INFO   random     | C-C-C-P-C-C-C-P-C-C    | fitness=0.6332 | val_acc=0.5380 | bal_acc=0.4640 | min_recall=0.2187 | params=144
2026-08-20 04:26:08,277 INFO   random     | C-P-C-C                | fitness=0.6834 | val_acc=0.4430 | bal_acc=0.3629 | min_recall=0.1111 | params=70
2026-08-20 04:26:08,279 INFO   random     | C-C-P-C                | fitness=0.7224 | val_acc=0.4620 | bal_acc=0.3466 | min_recall=0.1111 | params=43
2026-08-20 04:26:08,279 INFO 
=== Evo step 1/10 ===
2026-08-20 04:26:08,279 INFO Top-3: 31335525… fit=0.5686  |  -6654737… fit=0.5995  |  -1308777… fit=0.6021
2026-08-20 04:26:08,293 INFO Generated 9 valid novel children
2026-08-20 05:47:18,769 INFO   crossover  | C-P-C-C-C-P-C-C        | fitness=0.6031 | val_acc=0.5443 | bal_acc=0.4723 | min_recall=0.2812 | params=146
2026-08-20 05:47:18,771 INFO   crossover  | C-P-C-C-C-C-P-P-P      | fitness=0.5895 | val_acc=0.5506 | bal_acc=0.4780 | min_recall=0.2500 | params=116
2026-08-20 05:47:18,772 INFO   crossover  | C-C-C-C-C              | fitness=0.6676 | val_acc=0.5000 | bal_acc=0.4189 | min_recall=0.2973 | params=83
2026-08-20 05:47:18,774 INFO   crossover  | C-C-C-C-C-P-C-C-C-C    | fitness=0.8482 | val_acc=0.4873 | bal_acc=0.4108 | min_recall=0.0312 | params=139
2026-08-20 05:47:18,780 INFO   crossover  | C-C-C-P-P-C-C-P-C      | fitness=0.6334 | val_acc=0.5063 | bal_acc=0.4454 | min_recall=0.1875 | params=108
2026-08-20 05:47:18,781 INFO   crossover  | C-C-C                  | fitness=0.5901 | val_acc=0.4684 | bal_acc=0.4190 | min_recall=0.2778 | params=52
2026-08-20 05:47:18,784 INFO   mutate     | C-P-C-C-P-C            | fitness=0.6459 | val_acc=0.4873 | bal_acc=0.4273 | min_recall=0.1562 | params=84
2026-08-20 05:47:18,785 INFO   mutate     | C-C-C-C-C-P-C          | fitness=0.5856 | val_acc=0.5759 | bal_acc=0.4796 | min_recall=0.1875 | params=105
2026-08-20 05:47:18,787 INFO   mutate     | C-C-C-P-P              | fitness=0.6007 | val_acc=0.5190 | bal_acc=0.4457 | min_recall=0.2187 | params=66
2026-08-20 05:47:18,787 INFO Best so far → val_acc=0.5443  bal_acc=0.4756  min_recall=0.1875  fitness=0.5686  params=82  id=31335525…
2026-08-20 05:47:18,787 INFO 
=== Evo step 2/10 ===
2026-08-20 05:47:18,787 INFO Top-3: 31335525… fit=0.5686  |  -2666012… fit=0.5856  |  51056869… fit=0.7224
2026-08-20 05:47:18,792 INFO Generated 9 valid novel children
2026-08-20 07:22:07,176 INFO   crossover  | C-P-C-C-C-C-C-C-C-P    | fitness=0.6428 | val_acc=0.5063 | bal_acc=0.4393 | min_recall=0.2187 | params=161
2026-08-20 07:22:07,180 INFO   crossover  | C-C-C-P-P-P            | fitness=0.6177 | val_acc=0.5443 | bal_acc=0.4533 | min_recall=0.2187 | params=84
2026-08-20 07:22:07,189 INFO   crossover  | C-C-C-C-P-C-C-P-C      | fitness=0.5976 | val_acc=0.5759 | bal_acc=0.4907 | min_recall=0.0937 | params=105
2026-08-20 07:22:07,193 INFO   crossover  | C-C-C-C-P-P-P          | fitness=0.6331 | val_acc=0.4873 | bal_acc=0.4309 | min_recall=0.2812 | params=66
2026-08-20 07:22:07,197 INFO   crossover  | C-P-C-C-C-C-P-C-P-C    | fitness=0.5542 | val_acc=0.5886 | bal_acc=0.5220 | min_recall=0.2187 | params=126
2026-08-20 07:22:07,201 INFO   crossover  | C-P-C-C-C-C-C-C-P-C    | fitness=0.6425 | val_acc=0.5380 | bal_acc=0.4670 | min_recall=0.0937 | params=166
2026-08-20 07:22:07,205 INFO   mutate     | P-C-C-P-C              | fitness=0.5921 | val_acc=0.5127 | bal_acc=0.4536 | min_recall=0.2500 | params=52
2026-08-20 07:22:07,209 INFO   mutate     | C-C-C-C-C-P-C          | fitness=0.5950 | val_acc=0.5380 | bal_acc=0.4524 | min_recall=0.2187 | params=97
2026-08-20 07:22:07,212 INFO   mutate     | C-P-C-C-C-P-P-P        | fitness=0.6215 | val_acc=0.5443 | bal_acc=0.4557 | min_recall=0.2778 | params=86
2026-08-20 07:22:07,212 INFO Best so far → val_acc=0.5886  bal_acc=0.5220  min_recall=0.2187  fitness=0.5542  params=126  id=-2210353…
2026-08-20 07:22:07,212 INFO 
=== Evo step 3/10 ===
2026-08-20 07:22:07,213 INFO Top-3: -2210353… fit=0.5542  |  31335525… fit=0.5686  |  -2666012… fit=0.5856
2026-08-20 07:22:07,221 INFO Generated 9 valid novel children
2026-08-20 08:50:09,143 INFO   crossover  | C-P-C-C-C-C-C-C-P-C    | fitness=0.7977 | val_acc=0.5063 | bal_acc=0.4375 | min_recall=0.0312 | params=148
2026-08-20 08:50:09,147 INFO   crossover  | C-P-C-C-C-C-P-C-P-P    | fitness=0.8480 | val_acc=0.5000 | bal_acc=0.4291 | min_recall=0.0000 | params=120
2026-08-20 08:50:09,151 INFO   crossover  | C-P-C-C-P-C-C-C-C-P    | fitness=0.5950 | val_acc=0.5696 | bal_acc=0.4832 | min_recall=0.1875 | params=128
2026-08-20 08:50:09,155 INFO   crossover  | C-P-C-C-C-C-P-C        | fitness=0.6236 | val_acc=0.5316 | bal_acc=0.4516 | min_recall=0.2812 | params=133
2026-08-20 08:50:09,158 INFO   crossover  | C-C-C-C-C-C-C-P-C-P    | fitness=0.6400 | val_acc=0.5380 | bal_acc=0.4526 | min_recall=0.1875 | params=123
2026-08-20 08:50:09,159 INFO   crossover  | C-C-C-C-C-P-C          | fitness=0.5651 | val_acc=0.5443 | bal_acc=0.5115 | min_recall=0.3125 | params=71
2026-08-20 08:50:09,165 INFO   mutate     | C-P-C-C-C-C-P-C-P-C    | fitness=0.5641 | val_acc=0.5823 | bal_acc=0.5071 | min_recall=0.0937 | params=138
2026-08-20 08:50:09,167 INFO   mutate     | C-P-C-C-C              | fitness=0.6158 | val_acc=0.5316 | bal_acc=0.4667 | min_recall=0.0937 | params=94
2026-08-20 08:50:09,169 INFO   mutate     | C-C-C-C-C-C-P-C        | fitness=0.6112 | val_acc=0.5633 | bal_acc=0.4803 | min_recall=0.1875 | params=121
2026-08-20 08:50:09,169 INFO Best so far → val_acc=0.5886  bal_acc=0.5220  min_recall=0.2187  fitness=0.5542  params=126  id=-2210353…
2026-08-20 08:50:09,169 INFO 
=== Evo step 4/10 ===
2026-08-20 08:50:09,169 INFO Top-3: -2210353… fit=0.5542  |  -4162769… fit=0.5641  |  81337599… fit=0.5651
2026-08-20 08:50:09,178 INFO Generated 9 valid novel children
2026-08-20 10:37:08,625 INFO   crossover  | C-P-C-C-C-C-P-C-C-P    | fitness=0.5506 | val_acc=0.5949 | bal_acc=0.5316 | min_recall=0.1875 | params=122
2026-08-20 10:37:08,629 INFO   crossover  | C-P-C-C-C-C-C-C-C-C    | fitness=0.5899 | val_acc=0.5696 | bal_acc=0.4946 | min_recall=0.2187 | params=153
2026-08-20 10:37:08,631 INFO   crossover  | C-P-C-C-C-C            | fitness=0.5902 | val_acc=0.5316 | bal_acc=0.4824 | min_recall=0.1562 | params=104
2026-08-20 10:37:08,636 INFO   crossover  | C-P-C-C-C-C-P-C-C-C    | fitness=0.6180 | val_acc=0.5570 | bal_acc=0.4747 | min_recall=0.1250 | params=162
2026-08-20 10:37:08,639 INFO   crossover  | C-C-C-C-C-C-C-C-P-C    | fitness=0.6418 | val_acc=0.5316 | bal_acc=0.4647 | min_recall=0.3243 | params=151
2026-08-20 10:37:08,640 INFO   crossover  | C-C-C-C-C-C-P-C-P-C    | fitness=0.5488 | val_acc=0.6013 | bal_acc=0.5354 | min_recall=0.3125 | params=141
2026-08-20 10:37:08,644 INFO   mutate     | C-C-C-C-C-P-C-P-C      | fitness=0.6508 | val_acc=0.5253 | bal_acc=0.4519 | min_recall=0.2973 | params=140
2026-08-20 10:37:08,647 INFO   mutate     | C-P-C-C-C-C-P-C        | fitness=0.7538 | val_acc=0.5380 | bal_acc=0.4720 | min_recall=0.0312 | params=112
2026-08-20 10:37:08,652 INFO   mutate     | C-C-C-C-C-C            | fitness=0.6748 | val_acc=0.5063 | bal_acc=0.4313 | min_recall=0.2500 | params=87
2026-08-20 10:37:08,652 INFO Best so far → val_acc=0.6013  bal_acc=0.5354  min_recall=0.3125  fitness=0.5488  params=141  id=-1770164…
2026-08-20 10:37:08,652 INFO 
=== Evo step 5/10 ===
2026-08-20 10:37:08,653 INFO Top-3: -1770164… fit=0.5488  |  -5298424… fit=0.5506  |  -2210353… fit=0.5542
2026-08-20 10:37:08,673 INFO Generated 9 valid novel children
2026-08-20 12:18:48,927 INFO   crossover  | C-C-C-C-C-C-P-C-P      | fitness=0.5577 | val_acc=0.5759 | bal_acc=0.4936 | min_recall=0.2187 | params=135
2026-08-20 12:18:48,935 INFO   crossover  | C-C-C-C-C-C-C-C-P-C    | fitness=0.5800 | val_acc=0.5759 | bal_acc=0.5014 | min_recall=0.2187 | params=161
2026-08-20 12:18:48,939 INFO   crossover  | C-P-C-C-C-C-P-C-C      | fitness=0.5844 | val_acc=0.5949 | bal_acc=0.4951 | min_recall=0.1250 | params=126
2026-08-20 12:18:48,943 INFO   crossover  | C-P-C-C-C-C-C-P-C      | fitness=0.5968 | val_acc=0.5443 | bal_acc=0.4906 | min_recall=0.0937 | params=130
2026-08-20 12:18:48,947 INFO   crossover  | C-P-C-C-C-C-P-C-P-C    | fitness=0.6002 | val_acc=0.5633 | bal_acc=0.4868 | min_recall=0.1875 | params=154
2026-08-20 12:18:48,951 INFO   crossover  | C-P-C-C-C-C-C-C-P-C    | fitness=0.6283 | val_acc=0.5443 | bal_acc=0.4608 | min_recall=0.3333 | params=138
2026-08-20 12:18:48,953 INFO   mutate     | C-C-C-C-C-P-C-P-C      | fitness=0.6152 | val_acc=0.5506 | bal_acc=0.4768 | min_recall=0.3514 | params=109
2026-08-20 12:18:48,959 INFO   mutate     | C-P-C-C-C-P-C-C-P      | fitness=0.6034 | val_acc=0.5506 | bal_acc=0.4541 | min_recall=0.1562 | params=104
2026-08-20 12:18:48,961 INFO   mutate     | C-P-C-C-C-C-C-P-P      | fitness=0.6299 | val_acc=0.5000 | bal_acc=0.4380 | min_recall=0.1875 | params=150
2026-08-20 12:18:48,961 INFO Best so far → val_acc=0.6013  bal_acc=0.5354  min_recall=0.3125  fitness=0.5488  params=141  id=-1770164…
2026-08-20 12:18:48,965 INFO Memory table saved.
2026-08-20 12:18:48,965 INFO 
=== Evo step 6/10 ===
2026-08-20 12:18:48,965 INFO Top-3: -1770164… fit=0.5488  |  -5298424… fit=0.5506  |  -8684273… fit=0.5950
2026-08-20 12:18:48,977 INFO Generated 9 valid novel children
2026-08-20 14:07:03,712 INFO   crossover  | C-C-P-C-C-P            | fitness=0.6284 | val_acc=0.4937 | bal_acc=0.4201 | min_recall=0.2778 | params=48
2026-08-20 14:07:03,716 INFO   crossover  | C-C-C-C-C-C-P-C-C-C    | fitness=0.6129 | val_acc=0.5443 | bal_acc=0.4730 | min_recall=0.1875 | params=147
2026-08-20 14:07:03,720 INFO   crossover  | C-P-C-C-C-C-C-C-P-C    | fitness=0.6356 | val_acc=0.5316 | bal_acc=0.4667 | min_recall=0.0937 | params=172
2026-08-20 14:07:03,724 INFO   crossover  | C-P-C-C-C-C-C-C-P-C    | fitness=0.6658 | val_acc=0.5949 | bal_acc=0.5399 | min_recall=0.0312 | params=160
2026-08-20 14:07:03,733 INFO   crossover  | C-C-C-P-C-P-C          | fitness=0.5798 | val_acc=0.5696 | bal_acc=0.5017 | min_recall=0.2187 | params=118
2026-08-20 14:07:03,736 INFO   crossover  | C-P-C-C-C-C-C-C-P-C    | fitness=0.6006 | val_acc=0.5506 | bal_acc=0.4737 | min_recall=0.2187 | params=126
2026-08-20 14:07:03,741 INFO   mutate     | C-C-C-C-C-C-C-C        | fitness=0.6350 | val_acc=0.5380 | bal_acc=0.4159 | min_recall=0.1111 | params=117
2026-08-20 14:07:03,745 INFO   mutate     | C-P-C-C-C-C-C          | fitness=0.6245 | val_acc=0.5443 | bal_acc=0.4330 | min_recall=0.1667 | params=109
2026-08-20 14:07:03,749 INFO   mutate     | C-P-C-C-C-C-C-C        | fitness=0.6230 | val_acc=0.5380 | bal_acc=0.4551 | min_recall=0.2812 | params=142
2026-08-20 14:07:03,750 INFO Best so far → val_acc=0.6013  bal_acc=0.5354  min_recall=0.3125  fitness=0.5488  params=141  id=-1770164…
2026-08-20 14:07:03,750 INFO 
=== Evo step 7/10 ===
2026-08-20 14:07:03,750 INFO Top-3: -1770164… fit=0.5488  |  -5298424… fit=0.5506  |  -7878012… fit=0.6152
2026-08-20 14:07:03,757 INFO Generated 9 valid novel children
2026-08-20 16:19:03,384 INFO   crossover  | C-C-C-C-C-C-C-C-C-P    | fitness=0.6126 | val_acc=0.5570 | bal_acc=0.4753 | min_recall=0.3333 | params=173
2026-08-20 16:19:03,386 INFO   crossover  | C-C-C-C-C-C-C-C-C-C    | fitness=0.6165 | val_acc=0.5380 | bal_acc=0.4816 | min_recall=0.1250 | params=201
2026-08-20 16:19:03,391 INFO   crossover  | C-P-C-C-C-C-C-C-P-C    | fitness=0.5946 | val_acc=0.5570 | bal_acc=0.4815 | min_recall=0.2500 | params=151
2026-08-20 16:19:03,393 INFO   crossover  | C-P-C-C-C-C-P-C        | fitness=0.7494 | val_acc=0.5190 | bal_acc=0.4646 | min_recall=0.0312 | params=118
2026-08-20 16:19:03,395 INFO   crossover  | C-C-C-C-C-P-C-P-C-P    | fitness=0.6050 | val_acc=0.5696 | bal_acc=0.4860 | min_recall=0.1562 | params=144
2026-08-20 16:19:03,396 INFO   crossover  | C-C-C-C-C-P-C-C-C-P    | fitness=0.6336 | val_acc=0.5506 | bal_acc=0.4721 | min_recall=0.2500 | params=158
2026-08-20 16:19:03,398 INFO   mutate     | C-C-C-C-C-C-C-P-C      | fitness=0.5874 | val_acc=0.5696 | bal_acc=0.5170 | min_recall=0.2500 | params=137
2026-08-20 16:19:03,400 INFO   mutate     | C-P-C-C-C-C-C          | fitness=0.5716 | val_acc=0.5633 | bal_acc=0.4946 | min_recall=0.3437 | params=148
2026-08-20 16:19:03,402 INFO   mutate     | C-C-C-C-C-P-C-P-C      | fitness=0.6361 | val_acc=0.5570 | bal_acc=0.4759 | min_recall=0.2432 | params=118
2026-08-20 16:19:03,402 INFO Best so far → val_acc=0.6013  bal_acc=0.5354  min_recall=0.3125  fitness=0.5488  params=141  id=-1770164…
2026-08-20 16:19:03,402 INFO 
=== Evo step 8/10 ===
2026-08-20 16:19:03,402 INFO Top-3: -1770164… fit=0.5488  |  -5298424… fit=0.5506  |  -2010398… fit=0.5844
2026-08-20 16:19:03,407 INFO Generated 9 valid novel children
2026-08-20 18:27:42,143 INFO   crossover  | C-C-C-C-C-C-P-C-C-C    | fitness=0.5897 | val_acc=0.5823 | bal_acc=0.4945 | min_recall=0.2187 | params=169
2026-08-20 18:27:42,144 INFO   crossover  | C-C-C-C-C-C-P-C-P-C    | fitness=0.6484 | val_acc=0.5316 | bal_acc=0.4441 | min_recall=0.2500 | params=155
2026-08-20 18:27:42,146 INFO   crossover  | C-P-C-C-C-C-C-C-C-P    | fitness=0.6732 | val_acc=0.5570 | bal_acc=0.4719 | min_recall=0.0625 | params=176
2026-08-20 18:27:42,148 INFO   crossover  | C-P-C-C-C-C-P-C-C-C    | fitness=0.6096 | val_acc=0.5506 | bal_acc=0.4694 | min_recall=0.0937 | params=146
2026-08-20 18:27:42,150 INFO   crossover  | C-P-C-C-C-C-C-C-P-C    | fitness=0.5641 | val_acc=0.5886 | bal_acc=0.5252 | min_recall=0.3125 | params=172
2026-08-20 18:27:42,151 INFO   crossover  | C-P-C-C-P-C-C-P        | fitness=0.5851 | val_acc=0.5633 | bal_acc=0.4918 | min_recall=0.1250 | params=92
2026-08-20 18:27:42,157 INFO   mutate     | C-C-C-C-C-C-P-C-P-C    | fitness=0.6016 | val_acc=0.5696 | bal_acc=0.4792 | min_recall=0.2812 | params=135
2026-08-20 18:27:42,160 INFO   mutate     | C-P-C-C-C-C-P-C-C-P    | fitness=0.5743 | val_acc=0.5696 | bal_acc=0.4982 | min_recall=0.3437 | params=124
2026-08-20 18:27:42,161 INFO   mutate     | C-P-C-C-C-C-P-C-P-C    | fitness=0.6231 | val_acc=0.5506 | bal_acc=0.4704 | min_recall=0.3125 | params=116
2026-08-20 18:27:42,161 INFO Best so far → val_acc=0.6013  bal_acc=0.5354  min_recall=0.3125  fitness=0.5488  params=141  id=-1770164…
2026-08-20 18:27:42,161 INFO 
=== Evo step 9/10 ===
2026-08-20 18:27:42,162 INFO Top-3: -1770164… fit=0.5488  |  -5298424… fit=0.5506  |  -2210353… fit=0.5542
2026-08-20 18:27:42,170 INFO Generated 9 valid novel children
2026-08-20 20:12:58,730 INFO   crossover  | C-C-C-C-C-C-C-C-P-C    | fitness=0.5951 | val_acc=0.5570 | bal_acc=0.4825 | min_recall=0.2812 | params=141
2026-08-20 20:12:58,732 INFO   crossover  | C-C-C-C-C-C-P-C-P-P    | fitness=0.5683 | val_acc=0.5949 | bal_acc=0.5244 | min_recall=0.2812 | params=147
2026-08-20 20:12:58,738 INFO   crossover  | C-P-C-C-C-C-P-C-P-C    | fitness=0.6157 | val_acc=0.5696 | bal_acc=0.4768 | min_recall=0.0937 | params=150
2026-08-20 20:12:58,740 INFO   crossover  | C-P-C-C-C-C-P-C-C-C    | fitness=0.7461 | val_acc=0.5127 | bal_acc=0.4715 | min_recall=0.0312 | params=126
2026-08-20 20:12:58,742 INFO   crossover  | C-C-P-C-P-C            | fitness=0.8067 | val_acc=0.5443 | bal_acc=0.4233 | min_recall=0.0000 | params=58
2026-08-20 20:12:58,744 INFO   crossover  | C-C-C-C-C-P            | fitness=0.5903 | val_acc=0.5633 | bal_acc=0.4921 | min_recall=0.3437 | params=79
2026-08-20 20:12:58,746 INFO   mutate     | C-C-C-C-C-C-P-C-P-P    | fitness=0.5939 | val_acc=0.5633 | bal_acc=0.4861 | min_recall=0.2812 | params=139
2026-08-20 20:12:58,748 INFO   mutate     | C-P-C-C-C-C-P-C-C-P    | fitness=0.6003 | val_acc=0.5759 | bal_acc=0.5049 | min_recall=0.0937 | params=118
2026-08-20 20:12:58,750 INFO   mutate     | C-C-C-C-C-P-C-C        | fitness=0.6074 | val_acc=0.5506 | bal_acc=0.4536 | min_recall=0.1667 | params=107
2026-08-20 20:12:58,750 INFO Best so far → val_acc=0.6013  bal_acc=0.5354  min_recall=0.3125  fitness=0.5488  params=141  id=-1770164…
2026-08-20 20:12:58,750 INFO 
=== Evo step 10/10 ===
2026-08-20 20:12:58,750 INFO Top-3: -1770164… fit=0.5488  |  -5298424… fit=0.5506  |  -1308777… fit=0.6021
2026-08-20 20:12:58,759 INFO Generated 9 valid novel children
2026-08-20 22:07:19,636 INFO   crossover  | C-C-C-C-C-P-C-C-P      | fitness=0.5860 | val_acc=0.5443 | bal_acc=0.4641 | min_recall=0.1562 | params=101
2026-08-20 22:07:19,638 INFO   crossover  | C-C-C-C-C-C-P-C-P-P    | fitness=0.6181 | val_acc=0.5443 | bal_acc=0.4701 | min_recall=0.3125 | params=137
2026-08-20 22:07:19,640 INFO   crossover  | C-P-C-C-C-C-C-C-C-P    | fitness=0.6276 | val_acc=0.5443 | bal_acc=0.4719 | min_recall=0.2500 | params=173
2026-08-20 22:07:19,642 INFO   crossover  | C-P-C-C-C-C-C-P-C-P    | fitness=0.6552 | val_acc=0.5127 | bal_acc=0.4496 | min_recall=0.0937 | params=144
2026-08-20 22:07:19,644 INFO   crossover  | C-C-P-C-C-C-C-P-C-P    | fitness=0.6190 | val_acc=0.5696 | bal_acc=0.4778 | min_recall=0.2187 | params=148
2026-08-20 22:07:19,645 INFO   crossover  | C-C-P-C-C-C-C-C-P-C    | fitness=0.6442 | val_acc=0.5506 | bal_acc=0.4578 | min_recall=0.3333 | params=122
2026-08-20 22:07:19,651 INFO   mutate     | C-C-C-C-C-C-P-C-P-C    | fitness=0.6526 | val_acc=0.5253 | bal_acc=0.4437 | min_recall=0.3333 | params=141
2026-08-20 22:07:19,653 INFO   mutate     | C-P-C-C-C-C-P-C-C-P    | fitness=0.5686 | val_acc=0.5886 | bal_acc=0.5052 | min_recall=0.1250 | params=122
2026-08-20 22:07:19,655 INFO   mutate     | C-C-P-C-P              | fitness=0.5968 | val_acc=0.4684 | bal_acc=0.4449 | min_recall=0.3243 | params=58
2026-08-20 22:07:19,655 INFO Best so far → val_acc=0.6013  bal_acc=0.5354  min_recall=0.3125  fitness=0.5488  params=141  id=-1770164…
2026-08-20 22:07:19,662 INFO Memory table saved.
2026-08-20 22:07:19,662 INFO 
=== SEARCH COMPLETE ===
2026-08-20 22:07:19,662 INFO Best val_acc  : 0.6013
2026-08-20 22:07:19,663 INFO Best bal_acc  : 0.5354  (mean per-class recall)
2026-08-20 22:07:19,663 INFO Min recall    : 0.3125  (worst class)
2026-08-20 22:07:19,663 INFO Best fitness  : 0.5488
2026-08-20 22:07:19,663 INFO Params        : 141
2026-08-20 22:07:19,663 INFO Layers        : 10  (8 conv + 2 pool)
2026-08-20 22:07:19,663 INFO Circuit structure:
2026-08-20 22:07:19,663 INFO   Structure: C-C-C-C-C-C-P-C-P-C  (10 layers = 8 conv + 2 pool)
2026-08-20 22:07:19,663 INFO   Layer 0 CONV  gate=U_13       stride=6 step=3 offset=2 boundary=open
2026-08-20 22:07:19,663 INFO   Layer 1 CONV  gate=U_SU4      stride=5 step=6 offset=0 boundary=open
2026-08-20 22:07:19,663 INFO   Layer 2 CONV  gate=U_14       stride=7 step=3 offset=0 boundary=open
2026-08-20 22:07:19,663 INFO   Layer 3 CONV  gate=U_15       stride=2 step=1 offset=0 boundary=periodic
2026-08-20 22:07:19,663 INFO   Layer 4 CONV  gate=U_14       stride=3 step=1 offset=0 boundary=open
2026-08-20 22:07:19,663 INFO   Layer 5 CONV  gate=U_13       stride=1 step=1 offset=1 boundary=open
2026-08-20 22:07:19,663 INFO   Layer 6 POOL  gate=pool_ansatz  pattern=*1
2026-08-20 22:07:19,663 INFO   Layer 7 CONV  gate=U_15       stride=4 step=4 offset=1 boundary=periodic
2026-08-20 22:07:19,663 INFO   Layer 8 POOL  gate=pool_ansatz  pattern=01
2026-08-20 22:07:19,663 INFO   Layer 9 CONV  gate=U_14       stride=3 step=1 offset=0 boundary=open
2026-08-20 22:07:19,664 INFO   Qubits surviving: 4 → [0, 2, 4, 6]  | readout wires = [0, 2]
2026-08-20 22:07:19,664 INFO 
============================================================
2026-08-20 22:07:19,664 INFO FINAL TRAINING — RetinaMNIST 4-class QCNN
2026-08-20 22:07:19,664 INFO ============================================================
2026-08-20 22:07:19,664 INFO   Structure: C-C-C-C-C-C-P-C-P-C  (10 layers = 8 conv + 2 pool)
2026-08-20 22:07:19,664 INFO   Layer 0 CONV  gate=U_13       stride=6 step=3 offset=2 boundary=open
2026-08-20 22:07:19,664 INFO   Layer 1 CONV  gate=U_SU4      stride=5 step=6 offset=0 boundary=open
2026-08-20 22:07:19,664 INFO   Layer 2 CONV  gate=U_14       stride=7 step=3 offset=0 boundary=open
2026-08-20 22:07:19,664 INFO   Layer 3 CONV  gate=U_15       stride=2 step=1 offset=0 boundary=periodic
2026-08-20 22:07:19,664 INFO   Layer 4 CONV  gate=U_14       stride=3 step=1 offset=0 boundary=open
2026-08-20 22:07:19,664 INFO   Layer 5 CONV  gate=U_13       stride=1 step=1 offset=1 boundary=open
2026-08-20 22:07:19,664 INFO   Layer 6 POOL  gate=pool_ansatz  pattern=*1
2026-08-20 22:07:19,664 INFO   Layer 7 CONV  gate=U_15       stride=4 step=4 offset=1 boundary=periodic
2026-08-20 22:07:19,664 INFO   Layer 8 POOL  gate=pool_ansatz  pattern=01
2026-08-20 22:07:19,664 INFO   Layer 9 CONV  gate=U_14       stride=3 step=1 offset=0 boundary=open
2026-08-20 22:07:19,664 INFO   Qubits surviving: 4 → [0, 2, 4, 6]  | readout wires = [0, 2]
2026-08-20 22:07:19,666 INFO Circuit: 10 layers (8 conv + 2 pool), 141 trainable parameters.
2026-08-20 22:08:46,828 INFO Epoch    1/200 | loss=1.3566 | val_acc=0.5190 | bal_acc=0.4423 | min_recall=0.156 | lr=0.005000
2026-08-20 22:36:23,787 INFO Epoch   20/200 | loss=1.2157 | val_acc=0.5886 | bal_acc=0.5246 | min_recall=0.219 | lr=0.005000
2026-08-20 23:05:28,822 INFO Epoch   40/200 | loss=1.2083 | val_acc=0.5823 | bal_acc=0.5088 | min_recall=0.333 | lr=0.005000
2026-08-20 23:34:39,052 INFO Epoch   60/200 | loss=1.2004 | val_acc=0.5823 | bal_acc=0.5167 | min_recall=0.281 | lr=0.002500
2026-08-21 00:03:51,605 INFO Epoch   80/200 | loss=1.1997 | val_acc=0.6013 | bal_acc=0.5101 | min_recall=0.278 | lr=0.002500
2026-08-21 00:33:11,693 INFO Epoch  100/200 | loss=1.1964 | val_acc=0.5886 | bal_acc=0.5055 | min_recall=0.344 | lr=0.001250
2026-08-21 01:02:49,379 INFO Epoch  120/200 | loss=1.1943 | val_acc=0.5696 | bal_acc=0.4917 | min_recall=0.344 | lr=0.001250
2026-08-21 01:32:19,014 INFO Epoch  140/200 | loss=1.1939 | val_acc=0.5949 | bal_acc=0.5187 | min_recall=0.344 | lr=0.001250
2026-08-21 02:01:41,502 INFO Epoch  160/200 | loss=1.1931 | val_acc=0.5759 | bal_acc=0.4996 | min_recall=0.281 | lr=0.000625
2026-08-21 02:30:58,959 INFO Epoch  180/200 | loss=1.1923 | val_acc=0.5759 | bal_acc=0.4974 | min_recall=0.312 | lr=0.000625
2026-08-21 03:00:01,434 INFO Epoch  200/200 | loss=1.1917 | val_acc=0.5696 | bal_acc=0.4928 | min_recall=0.281 | lr=0.000313
2026-08-21 03:00:01,434 INFO Training log saved → experiments/pca8/sweep/baseline_001/training_log.csv
2026-08-21 03:00:01,434 INFO Best val fitness: 0.4602
2026-08-21 03:00:01,434 INFO 
--- Test evaluation (best-val checkpoint) ---
2026-08-21 03:00:09,801 INFO Test accuracy    : 0.4959
Test bal. acc    : 0.4518  (mean per-class recall)
Per-class recall : ['0.5370', '0.3103', '0.1000', '0.8596']
Min recall       : 0.1000
Test ROC-AUC OvR : 0.7173
2026-08-21 03:00:09,803 INFO 
               precision    recall  f1-score   support

        No DR       0.88      0.54      0.67       108
    Mild NPDR       0.16      0.31      0.21        29
Moderate NPDR       0.42      0.10      0.16        50
   Severe+PDR       0.45      0.86      0.59        57

     accuracy                           0.50       244
    macro avg       0.48      0.45      0.41       244
 weighted avg       0.60      0.50      0.49       244

2026-08-21 03:00:10,030 INFO Plots saved.
2026-08-21 03:00:10,827 INFO Failed to extract font properties from /usr/share/fonts/truetype/noto/NotoColorEmoji.ttf: Can not load face (unknown file format; error code 0x2)
2026-08-21 03:00:11,549 INFO Circuit diagram saved.
2026-08-21 03:00:11,578 INFO 
Run 'baseline' complete → {'accuracy': 0.4959016393442623, 'bal_acc': 0.45175774677567615, 'per_class_recalls': [0.5370370369873114, 0.31034482747919145, 0.09999999998, 0.8596491226562019], 'roc_auc_ovr': 0.7173264263310911}
2026-08-21 03:00:11,578 INFO 
>>> PCA-8 sweep run 2/11: lr_high
