2026-08-31 15:46:11,509 INFO 
============================================================
2026-08-31 15:46:11,509 INFO SWEEP RUN: lr_high  (PCA-16)
2026-08-31 15:46:11,509 INFO Params: {'label': 'lr_high', 'LR_EVAL': 0.01, 'N_EPOCHS_EVAL': 60, 'INIT_POP': 10, 'MAX_EVO_STEPS': 10, 'W_CLASS': [0.7, 0.3]}
2026-08-31 15:46:11,509 INFO ============================================================
2026-08-31 15:46:11,509 INFO 
--- Linear classifier baseline (on 16 PCA features) ---
2026-08-31 15:46:11,562 INFO   val   | acc=0.7179 | bal_acc=0.7469 | min_recall=0.6842 | auc=0.8655
2026-08-31 15:46:11,562 INFO          per-class: ['0.810', '0.684']
2026-08-31 15:46:11,566 INFO   test  | acc=0.7288 | bal_acc=0.7158 | min_recall=0.6875 | auc=0.8161
2026-08-31 15:46:11,567 INFO          per-class: ['0.687', '0.744']
2026-08-31 15:46:11,567 INFO Linear baseline saved → experiments/pca16/sweep/lr_high_001/linear_baseline.json
2026-08-31 15:46:11,567 INFO Evaluating initial population...
2026-08-31 15:46:11,567 INFO Config: LR=0.01  epochs=60  pop=10  steps=10  W_CLASS=[0.7, 0.3]
2026-08-31 15:46:11,567 INFO Encoding: dense (RX + RY per qubit), 16 PCA components → 8 qubits
2026-08-31 15:46:11,567 INFO Structure: variable length 3–10 layers  | P_CONV=0.6  | min conv=1  | min pool=0  | readout qubits=1
2026-08-31 15:46:11,647 INFO Initial population: 10 valid genotypes
2026-08-31 18:11:35,777 INFO   random     | C-C-P-C-C-C-P-C-P      | fitness=0.2953 | val_acc=0.7051 | bal_acc=0.7231 | min_recall=0.6842 | params=135
2026-08-31 18:11:35,778 INFO   random     | C-C-P                  | fitness=0.3473 | val_acc=0.6538 | bal_acc=0.6579 | min_recall=0.6491 | params=20
2026-08-31 18:11:35,780 INFO   random     | C-C-C-C-C-C            | fitness=0.3141 | val_acc=0.7051 | bal_acc=0.7080 | min_recall=0.7018 | params=103
2026-08-31 18:11:35,781 INFO   random     | C-P-C-C-P-P            | fitness=0.5554 | val_acc=0.7179 | bal_acc=0.5815 | min_recall=0.2857 | params=48
2026-08-31 18:11:35,783 INFO   random     | C-P-P-P                | fitness=0.3646 | val_acc=0.6923 | bal_acc=0.6692 | min_recall=0.6190 | params=46
2026-08-31 18:11:35,784 INFO   random     | C-C-C-P                | fitness=0.3564 | val_acc=0.6410 | bal_acc=0.6491 | min_recall=0.6316 | params=34
2026-08-31 18:11:35,785 INFO   random     | C-C-C-C-P              | fitness=0.2721 | val_acc=0.7308 | bal_acc=0.7406 | min_recall=0.7193 | params=92
2026-08-31 18:11:35,787 INFO   random     | C-C-P-C-C              | fitness=0.2963 | val_acc=0.6282 | bal_acc=0.6855 | min_recall=0.5614 | params=193
2026-08-31 18:11:35,791 INFO   random     | C-C-P-C-P-P-P-P-P-C    | fitness=0.3262 | val_acc=0.6923 | bal_acc=0.6992 | min_recall=0.6842 | params=96
2026-08-31 18:11:35,793 INFO   random     | C-C-C                  | fitness=0.3233 | val_acc=0.7179 | bal_acc=0.7018 | min_recall=0.6667 | params=43
2026-08-31 18:11:35,793 INFO 
=== Evo step 1/10 ===
2026-08-31 18:11:35,793 INFO Top-3: 66087956… fit=0.2721  |  60102881… fit=0.2953  |  -5793607… fit=0.5554
2026-08-31 18:11:35,805 INFO Generated 9 valid novel children
2026-08-31 20:12:08,552 INFO   crossover  | C-C-C-C-P-C-C-C-P-C    | fitness=0.2834 | val_acc=0.8077 | bal_acc=0.7782 | min_recall=0.7143 | params=133
2026-08-31 20:12:08,554 INFO   crossover  | C-C-C-C-P-C-C          | fitness=0.2775 | val_acc=0.7308 | bal_acc=0.7406 | min_recall=0.7193 | params=104
2026-08-31 20:12:08,555 INFO   crossover  | C-C-P-C-C-C-C-C-P      | fitness=0.3044 | val_acc=0.7564 | bal_acc=0.7431 | min_recall=0.7143 | params=151
2026-08-31 20:12:08,557 INFO   crossover  | C-C-P-C-C              | fitness=0.2857 | val_acc=0.7564 | bal_acc=0.7431 | min_recall=0.7143 | params=60
2026-08-31 20:12:08,558 INFO   crossover  | C-C-C-C-C-P            | fitness=0.3481 | val_acc=0.6923 | bal_acc=0.6842 | min_recall=0.6667 | params=107
2026-08-31 20:12:08,563 INFO   crossover  | C-C-C-C-C-P-C-C-C-P    | fitness=0.2746 | val_acc=0.7692 | bal_acc=0.7669 | min_recall=0.7619 | params=166
2026-08-31 20:12:08,565 INFO   mutate     | C-C-C-C-P              | fitness=0.2836 | val_acc=0.7051 | bal_acc=0.7231 | min_recall=0.6842 | params=98
2026-08-31 20:12:08,566 INFO   mutate     | C-C-P-C-C-C-P-C-C-P    | fitness=0.3427 | val_acc=0.7308 | bal_acc=0.7105 | min_recall=0.6667 | params=131
2026-08-31 20:12:08,568 INFO   mutate     | C-C-C-C-C-C-C          | fitness=0.2882 | val_acc=0.7821 | bal_acc=0.7607 | min_recall=0.7143 | params=133
2026-08-31 20:12:08,568 INFO Best so far → val_acc=0.7308  bal_acc=0.7406  min_recall=0.7193  fitness=0.2721  params=92  id=66087956…
2026-08-31 20:12:08,569 INFO Memory table saved.
2026-08-31 20:12:08,569 INFO 
=== Evo step 2/10 ===
2026-08-31 20:12:08,569 INFO Top-3: 66087956… fit=0.2721  |  73101518… fit=0.2746  |  -5246826… fit=0.2775
2026-08-31 20:12:08,580 INFO Generated 9 valid novel children
2026-08-31 23:02:31,511 INFO   crossover  | C-C-C-C-P-C-P          | fitness=0.3398 | val_acc=0.7179 | bal_acc=0.7018 | min_recall=0.6667 | params=111
2026-08-31 23:02:31,513 INFO   crossover  | C-C-C-P                | fitness=0.3773 | val_acc=0.6026 | bal_acc=0.6228 | min_recall=0.5789 | params=80
2026-08-31 23:02:31,516 INFO   crossover  | C-C-C-C-C-P-C-C-C-C    | fitness=0.3465 | val_acc=0.7308 | bal_acc=0.7105 | min_recall=0.6667 | params=169
2026-08-31 23:02:31,522 INFO   crossover  | C-C-C-C-C-P-C-C-C-C    | fitness=0.2537 | val_acc=0.7564 | bal_acc=0.7732 | min_recall=0.7368 | params=184
2026-08-31 23:02:31,524 INFO   crossover  | C-C-P-C-C-C-P          | fitness=0.2960 | val_acc=0.7564 | bal_acc=0.7431 | min_recall=0.7143 | params=113
2026-08-31 23:02:31,526 INFO   crossover  | C-C-P-C-C-C-C-C-C-C    | fitness=0.3232 | val_acc=0.7179 | bal_acc=0.7168 | min_recall=0.7143 | params=164
2026-08-31 23:02:31,527 INFO   mutate     | C-C-C-C-C-P            | fitness=0.2569 | val_acc=0.7051 | bal_acc=0.7381 | min_recall=0.6667 | params=94
2026-08-31 23:02:31,529 INFO   mutate     | C-C-C-C-P-C-C-C-P      | fitness=0.3014 | val_acc=0.7564 | bal_acc=0.7431 | min_recall=0.7143 | params=126
2026-08-31 23:02:31,530 INFO   mutate     | C-C-P-C-C-C-C-C-P      | fitness=0.2741 | val_acc=0.7564 | bal_acc=0.7581 | min_recall=0.7544 | params=131
2026-08-31 23:02:31,530 INFO Best so far → val_acc=0.7564  bal_acc=0.7732  min_recall=0.7368  fitness=0.2537  params=184  id=-2943443…
2026-08-31 23:02:31,533 INFO Memory table saved.
2026-08-31 23:02:31,533 INFO 
=== Evo step 3/10 ===
2026-08-31 23:02:31,533 INFO Top-3: -2943443… fit=0.2537  |  -1715032… fit=0.2569  |  66087956… fit=0.2721
2026-08-31 23:02:31,548 INFO Generated 9 valid novel children
2026-09-01 02:06:32,196 INFO   crossover  | C-C-C-C-C-P-C-C-C-C    | fitness=0.3059 | val_acc=0.6923 | bal_acc=0.7143 | min_recall=0.6667 | params=162
2026-09-01 02:06:32,201 INFO   crossover  | C-C-P-C                | fitness=0.2560 | val_acc=0.6795 | bal_acc=0.7206 | min_recall=0.6316 | params=29
2026-09-01 02:06:32,203 INFO   crossover  | C-C-C-C-C-P-C-C-C-C    | fitness=0.2656 | val_acc=0.7308 | bal_acc=0.7556 | min_recall=0.7018 | params=197
2026-09-01 02:06:32,205 INFO   crossover  | C-C-C-C-C-C-C-P-C      | fitness=0.3162 | val_acc=0.7308 | bal_acc=0.7256 | min_recall=0.7143 | params=164
2026-09-01 02:06:32,206 INFO   crossover  | C-C-C-C-P-C-C-C-C-P    | fitness=0.2692 | val_acc=0.7051 | bal_acc=0.7381 | min_recall=0.6667 | params=132
2026-09-01 02:06:32,208 INFO   crossover  | C-C-C-C-P-C-C-C-P-C    | fitness=0.2928 | val_acc=0.7179 | bal_acc=0.7318 | min_recall=0.7018 | params=139
2026-09-01 02:06:32,210 INFO   mutate     | C-C-C-C-P-C-C-C-C      | fitness=0.3399 | val_acc=0.7436 | bal_acc=0.7193 | min_recall=0.6667 | params=176
2026-09-01 02:06:32,215 INFO   mutate     | C-C-C-C-C-P-C-C        | fitness=0.2812 | val_acc=0.8077 | bal_acc=0.7782 | min_recall=0.7143 | params=152
2026-09-01 02:06:32,216 INFO   mutate     | C-C-C-C-P-C-C-C        | fitness=0.3046 | val_acc=0.7436 | bal_acc=0.7343 | min_recall=0.7143 | params=125
2026-09-01 02:06:32,216 INFO Best so far → val_acc=0.7564  bal_acc=0.7732  min_recall=0.7368  fitness=0.2537  params=184  id=-2943443…
2026-09-01 02:06:32,219 INFO Memory table saved.
2026-09-01 02:06:32,220 INFO 
=== Evo step 4/10 ===
2026-09-01 02:06:32,220 INFO Top-3: -2943443… fit=0.2537  |  -3850151… fit=0.2560  |  -1715032… fit=0.2569
2026-09-01 02:06:32,230 INFO Generated 9 valid novel children
2026-09-01 05:09:26,222 INFO   crossover  | C-C-C-C-C-P-C          | fitness=0.2739 | val_acc=0.7308 | bal_acc=0.7406 | min_recall=0.7193 | params=69
2026-09-01 05:09:26,223 INFO   crossover  | C-C-C-C-P-C-C-C-C-C    | fitness=0.3398 | val_acc=0.7436 | bal_acc=0.7193 | min_recall=0.6667 | params=152
2026-09-01 05:09:26,225 INFO   crossover  | C-C-C-C                | fitness=0.4146 | val_acc=0.6538 | bal_acc=0.6278 | min_recall=0.5714 | params=105
2026-09-01 05:09:26,226 INFO   crossover  | C-C-C-P                | fitness=0.4338 | val_acc=0.5256 | bal_acc=0.5551 | min_recall=0.4912 | params=49
2026-09-01 05:09:26,228 INFO   crossover  | C-C-P-C-C-C-C          | fitness=0.3118 | val_acc=0.7179 | bal_acc=0.7168 | min_recall=0.7143 | params=117
2026-09-01 05:09:26,229 INFO   crossover  | C-C-P-C-C-C-C          | fitness=0.2937 | val_acc=0.7564 | bal_acc=0.7431 | min_recall=0.7143 | params=97
2026-09-01 05:09:26,234 INFO   mutate     | C-C-C-C-C-P-C-C-C      | fitness=0.3182 | val_acc=0.7179 | bal_acc=0.7168 | min_recall=0.7143 | params=136
2026-09-01 05:09:26,236 INFO   mutate     | C-C-P                  | fitness=0.4184 | val_acc=0.5513 | bal_acc=0.5727 | min_recall=0.5263 | params=25
2026-09-01 05:09:26,238 INFO   mutate     | C-C-P-C-C-C-C-P        | fitness=0.3090 | val_acc=0.7308 | bal_acc=0.7256 | min_recall=0.7143 | params=119
2026-09-01 05:09:26,238 INFO Best so far → val_acc=0.7564  bal_acc=0.7732  min_recall=0.7368  fitness=0.2537  params=184  id=-2943443…
2026-09-01 05:09:26,240 INFO Memory table saved.
2026-09-01 05:09:26,240 INFO 
=== Evo step 5/10 ===
2026-09-01 05:09:26,241 INFO Top-3: -2943443… fit=0.2537  |  -3850151… fit=0.2560  |  -5793607… fit=0.5554
2026-09-01 05:09:26,250 INFO Generated 9 valid novel children
2026-09-01 07:53:10,909 INFO   crossover  | C-C-C-C-C-P-C-C-C      | fitness=0.3127 | val_acc=0.7308 | bal_acc=0.7256 | min_recall=0.7143 | params=134
2026-09-01 07:53:10,911 INFO   crossover  | C-C-C-C-C-P            | fitness=0.3607 | val_acc=0.6538 | bal_acc=0.6579 | min_recall=0.6491 | params=81
2026-09-01 07:53:10,913 INFO   crossover  | C-C-C-P-C-C-C-C        | fitness=0.3627 | val_acc=0.7436 | bal_acc=0.7043 | min_recall=0.6190 | params=146
2026-09-01 07:53:10,915 INFO   crossover  | C-C-C-C-C-P            | fitness=0.4396 | val_acc=0.6026 | bal_acc=0.5927 | min_recall=0.5714 | params=94
2026-09-01 07:53:10,922 INFO   crossover  | C-C-P-C-C-C-C          | fitness=0.3491 | val_acc=0.7692 | bal_acc=0.7218 | min_recall=0.6190 | params=137
2026-09-01 07:53:10,924 INFO   crossover  | C-C-P-C                | fitness=0.2217 | val_acc=0.7692 | bal_acc=0.7820 | min_recall=0.7544 | params=54
2026-09-01 07:53:10,926 INFO   mutate     | C-C-C-C-C-P-C-C-C      | fitness=0.3435 | val_acc=0.7308 | bal_acc=0.7105 | min_recall=0.6667 | params=160
2026-09-01 07:53:10,927 INFO   mutate     | C-C-P-C                | fitness=0.4043 | val_acc=0.5256 | bal_acc=0.5702 | min_recall=0.4737 | params=37
2026-09-01 07:53:10,929 INFO   mutate     | C-C-P-C-C-P-C-P        | fitness=0.3362 | val_acc=0.7308 | bal_acc=0.7105 | min_recall=0.6667 | params=109
2026-09-01 07:53:10,929 INFO Best so far → val_acc=0.7692  bal_acc=0.7820  min_recall=0.7544  fitness=0.2217  params=54  id=91562551…
2026-09-01 07:53:10,935 INFO Memory table saved.
2026-09-01 07:53:10,935 INFO 
=== Evo step 6/10 ===
2026-09-01 07:53:10,935 INFO Top-3: 91562551… fit=0.2217  |  -2943443… fit=0.2537  |  11045598… fit=0.3090
2026-09-01 07:53:10,957 INFO Generated 9 valid novel children
2026-09-03 13:15:53,216 INFO 
============================================================
2026-09-03 13:15:53,216 INFO RESUMING SWEEP RUN: lr_high  (PCA-16)  → experiments/pca16/sweep/lr_high_001
2026-09-03 13:15:53,216 INFO ============================================================
2026-09-03 13:15:53,220 INFO 
--- Linear classifier baseline (on 16 PCA features) ---
2026-09-03 13:15:53,543 INFO   val   | acc=0.7179 | bal_acc=0.7469 | min_recall=0.6842 | auc=0.8655
2026-09-03 13:15:53,543 INFO          per-class: ['0.810', '0.684']
2026-09-03 13:15:53,560 INFO   test  | acc=0.7288 | bal_acc=0.7158 | min_recall=0.6875 | auc=0.8161
2026-09-03 13:15:53,567 INFO          per-class: ['0.687', '0.744']
2026-09-03 13:15:53,567 INFO Linear baseline saved → experiments/pca16/sweep/lr_high_001/linear_baseline.json
2026-09-03 13:15:53,584 INFO Resumed from checkpoint → 55 genotypes, evo_step=5/10, 55 motifs loaded from disk cache
2026-09-03 13:15:53,584 INFO 
=== Evo step 6/10 ===
2026-09-03 13:15:53,585 INFO Top-3: 91562551… fit=0.2217  |  -2943443… fit=0.2537  |  -3748248… fit=0.3044
2026-09-03 13:15:53,602 INFO Generated 9 valid novel children
2026-09-03 15:23:44,772 INFO   crossover  | C-C-C-C-C              | fitness=0.2748 | val_acc=0.6667 | bal_acc=0.7118 | min_recall=0.6140 | params=138
2026-09-03 15:23:44,774 INFO   crossover  | C-C-P-C-C              | fitness=0.2865 | val_acc=0.7564 | bal_acc=0.7431 | min_recall=0.7143 | params=66
2026-09-03 15:23:44,776 INFO   crossover  | C-C-C-C-C-C            | fitness=0.3673 | val_acc=0.6410 | bal_acc=0.6491 | min_recall=0.6316 | params=97
2026-09-03 15:23:44,777 INFO   crossover  | C-C-C-C-C-P-C-C-C-C    | fitness=0.3462 | val_acc=0.7308 | bal_acc=0.7105 | min_recall=0.6667 | params=162
2026-09-03 15:23:44,782 INFO   crossover  | C-C-C-C-C-P-C-C-C-P    | fitness=0.3267 | val_acc=0.7051 | bal_acc=0.7080 | min_recall=0.7018 | params=144
2026-09-03 15:23:44,784 INFO   crossover  | C-C-C-C                | fitness=0.3725 | val_acc=0.6154 | bal_acc=0.6316 | min_recall=0.5965 | params=86
2026-09-03 15:23:44,785 INFO   mutate     | C-C-C-P                | fitness=0.3987 | val_acc=0.6282 | bal_acc=0.6253 | min_recall=0.6190 | params=114
2026-09-03 15:23:44,787 INFO   mutate     | C-C-C-C-C-P-C-C-C-C    | fitness=0.3466 | val_acc=0.7308 | bal_acc=0.7105 | min_recall=0.6667 | params=170
2026-09-03 15:23:44,788 INFO   mutate     | C-C-C-C-C-P-C-C-C-C    | fitness=0.2835 | val_acc=0.7436 | bal_acc=0.7494 | min_recall=0.7368 | params=151
2026-09-03 15:23:44,788 INFO Best so far → val_acc=0.7692  bal_acc=0.7820  min_recall=0.7544  fitness=0.2217  params=54  id=91562551…
2026-09-03 15:23:44,791 INFO Memory table saved.
2026-09-03 15:23:44,792 INFO 
=== Evo step 7/10 ===
2026-09-03 15:23:44,792 INFO Top-3: 91562551… fit=0.2217  |  -2943443… fit=0.2537  |  -2371908… fit=0.4184
2026-09-03 15:23:44,802 INFO Generated 9 valid novel children
2026-09-03 17:39:13,692 INFO   crossover  | C-C-C-C-C-P-C-C-C-C    | fitness=0.3439 | val_acc=0.6795 | bal_acc=0.6905 | min_recall=0.6667 | params=209
2026-09-03 17:39:13,694 INFO   crossover  | C-C-P-C-P-P            | fitness=0.3156 | val_acc=0.6923 | bal_acc=0.6992 | min_recall=0.6842 | params=72
2026-09-03 17:39:13,728 INFO   crossover  | C-C-C-C-C-P-C-C        | fitness=0.3620 | val_acc=0.6667 | bal_acc=0.6667 | min_recall=0.6667 | params=107
2026-09-03 17:39:13,730 INFO   crossover  | C-C-P-P-P              | fitness=0.2955 | val_acc=0.7308 | bal_acc=0.7256 | min_recall=0.7143 | params=51
2026-09-03 17:39:13,731 INFO   crossover  | C-C-P-C                | fitness=0.2210 | val_acc=0.7051 | bal_acc=0.7531 | min_recall=0.6491 | params=64
2026-09-03 17:39:13,732 INFO   crossover  | C-C-C-C-P-C-C-C-C      | fitness=0.3683 | val_acc=0.7436 | bal_acc=0.7043 | min_recall=0.6190 | params=179
2026-09-03 17:39:13,734 INFO   mutate     | C-C-P-C                | fitness=0.3061 | val_acc=0.7051 | bal_acc=0.7080 | min_recall=0.7018 | params=66
2026-09-03 17:39:13,735 INFO   mutate     | C-C-C-C-C-P-C-C-C-P    | fitness=0.3194 | val_acc=0.7308 | bal_acc=0.7256 | min_recall=0.7143 | params=172
2026-09-03 17:39:13,736 INFO   mutate     | C-P-P                  | fitness=0.2854 | val_acc=0.7436 | bal_acc=0.7343 | min_recall=0.7143 | params=46
2026-09-03 17:39:13,736 INFO Best so far → val_acc=0.7051  bal_acc=0.7531  min_recall=0.6491  fitness=0.2210  params=64  id=-6735948…
2026-09-03 17:39:13,739 INFO Memory table saved.
2026-09-03 17:39:13,739 INFO 
=== Evo step 8/10 ===
2026-09-03 17:39:13,739 INFO Top-3: -6735948… fit=0.2210  |  91562551… fit=0.2217  |  -2943443… fit=0.2537
2026-09-03 17:39:13,746 INFO Generated 9 valid novel children
2026-09-03 18:35:58,040 INFO   crossover  | C-C-C-P-C              | fitness=0.2409 | val_acc=0.7308 | bal_acc=0.7556 | min_recall=0.7018 | params=66
2026-09-03 18:35:58,045 INFO   crossover  | C-C-P-C-C              | fitness=0.3587 | val_acc=0.7179 | bal_acc=0.6867 | min_recall=0.6190 | params=70
2026-09-03 18:35:58,047 INFO   crossover  | C-C-C-C-P-C            | fitness=0.2755 | val_acc=0.7308 | bal_acc=0.7406 | min_recall=0.7193 | params=106
2026-09-03 18:35:58,048 INFO   crossover  | C-C-C-C-P-C-C          | fitness=0.3559 | val_acc=0.7436 | bal_acc=0.7043 | min_recall=0.6190 | params=102
2026-09-03 18:35:58,049 INFO   crossover  | C-C-P-C-C-P-C          | fitness=0.2631 | val_acc=0.7564 | bal_acc=0.7581 | min_recall=0.7544 | params=70
2026-09-03 18:35:58,051 INFO   crossover  | C-C-P-C-C-C-P-C        | fitness=0.1737 | val_acc=0.7821 | bal_acc=0.8208 | min_recall=0.7368 | params=100
2026-09-03 18:35:58,052 INFO   mutate     | C-C-P-C-C              | fitness=0.2317 | val_acc=0.7564 | bal_acc=0.7732 | min_recall=0.7368 | params=79
2026-09-03 18:35:58,053 INFO   mutate     | C-C-P-C                | fitness=0.2815 | val_acc=0.6923 | bal_acc=0.7143 | min_recall=0.6667 | params=56
2026-09-03 18:35:58,055 INFO   mutate     | C-C-P-C                | fitness=0.3103 | val_acc=0.7564 | bal_acc=0.7281 | min_recall=0.6667 | params=48
2026-09-03 18:35:58,055 INFO Best so far → val_acc=0.7821  bal_acc=0.8208  min_recall=0.7368  fitness=0.1737  params=100  id=40954382…
2026-09-03 18:35:58,058 INFO Memory table saved.
2026-09-03 18:35:58,058 INFO 
=== Evo step 9/10 ===
2026-09-03 18:35:58,058 INFO Top-3: 40954382… fit=0.1737  |  -6735948… fit=0.2210  |  91287492… fit=0.3398
2026-09-03 18:35:58,063 INFO Generated 9 valid novel children
2026-09-03 20:00:07,718 INFO   crossover  | C-C-P-C-C              | fitness=0.2013 | val_acc=0.7564 | bal_acc=0.7882 | min_recall=0.7193 | params=60
2026-09-03 20:00:07,723 INFO   crossover  | C-C-P-C-C-P-C          | fitness=0.2834 | val_acc=0.7821 | bal_acc=0.7607 | min_recall=0.7143 | params=96
2026-09-03 20:00:07,724 INFO   crossover  | C-C-P-C-C-C-P-C        | fitness=0.2907 | val_acc=0.7051 | bal_acc=0.7231 | min_recall=0.6842 | params=110
2026-09-03 20:00:07,726 INFO   crossover  | C-C-C                  | fitness=0.3235 | val_acc=0.6538 | bal_acc=0.6729 | min_recall=0.6316 | params=60
2026-09-03 20:00:07,727 INFO   crossover  | C-C-C-P-C-C-C-P-C      | fitness=0.2761 | val_acc=0.7436 | bal_acc=0.7494 | min_recall=0.7368 | params=102
2026-09-03 20:00:07,731 INFO   crossover  | C-C-P-P-C              | fitness=0.2120 | val_acc=0.7308 | bal_acc=0.7707 | min_recall=0.6842 | params=58
2026-09-03 20:00:07,732 INFO   mutate     | C-C-C-P-C-C-C-P-C      | fitness=0.3538 | val_acc=0.7179 | bal_acc=0.7018 | min_recall=0.6667 | params=205
2026-09-03 20:00:07,734 INFO   mutate     | C-C-P-C                | fitness=0.2006 | val_acc=0.7564 | bal_acc=0.7882 | min_recall=0.7193 | params=70
2026-09-03 20:00:07,735 INFO   mutate     | C-C-P-C-P              | fitness=0.2243 | val_acc=0.7692 | bal_acc=0.7820 | min_recall=0.7544 | params=58
2026-09-03 20:00:07,735 INFO Best so far → val_acc=0.7821  bal_acc=0.8208  min_recall=0.7368  fitness=0.1737  params=100  id=40954382…
2026-09-03 20:00:07,743 INFO Memory table saved.
2026-09-03 20:00:07,743 INFO 
=== Evo step 10/10 ===
2026-09-03 20:00:07,743 INFO Top-3: 40954382… fit=0.1737  |  71585519… fit=0.2006  |  84423676… fit=0.2013
2026-09-03 20:00:07,753 INFO Generated 9 valid novel children
2026-09-03 21:29:51,660 INFO   crossover  | C-C-P-C-C-C-C-P-C      | fitness=0.2721 | val_acc=0.6923 | bal_acc=0.7293 | min_recall=0.6491 | params=130
2026-09-03 21:29:51,662 INFO   crossover  | C-C-P-C-C-C-C-C-P-C    | fitness=0.3073 | val_acc=0.7564 | bal_acc=0.7431 | min_recall=0.7143 | params=161
2026-09-03 21:29:51,663 INFO   crossover  | C-C-C-C-C-P-C          | fitness=0.2981 | val_acc=0.7564 | bal_acc=0.7431 | min_recall=0.7143 | params=132
2026-09-03 21:29:51,665 INFO   crossover  | C-C-C-C-C-P-C          | fitness=0.3448 | val_acc=0.7179 | bal_acc=0.7018 | min_recall=0.6667 | params=160
2026-09-03 21:29:51,667 INFO   crossover  | C-C-C-C-C-C-C-P-C-C    | fitness=0.2982 | val_acc=0.7051 | bal_acc=0.7231 | min_recall=0.6842 | params=140
2026-09-03 21:29:51,668 INFO   crossover  | C-C-C-C-C-C-C-P-C      | fitness=0.2531 | val_acc=0.6795 | bal_acc=0.7356 | min_recall=0.6140 | params=164
2026-09-03 21:29:51,673 INFO   mutate     | C-C-P-C-C-P-P          | fitness=0.3239 | val_acc=0.7564 | bal_acc=0.7281 | min_recall=0.6667 | params=110
2026-09-03 21:29:51,675 INFO   mutate     | C-C-P-C                | fitness=0.2905 | val_acc=0.7436 | bal_acc=0.7343 | min_recall=0.7143 | params=72
2026-09-03 21:29:51,676 INFO   mutate     | C-C-C-C-C-C-C-P        | fitness=0.2979 | val_acc=0.7692 | bal_acc=0.7519 | min_recall=0.7143 | params=160
2026-09-03 21:29:51,677 INFO Best so far → val_acc=0.7821  bal_acc=0.8208  min_recall=0.7368  fitness=0.1737  params=100  id=40954382…
2026-09-03 21:29:51,682 INFO Memory table saved.
2026-09-03 21:29:51,682 INFO 
=== SEARCH COMPLETE ===
2026-09-03 21:29:51,682 INFO Best val_acc  : 0.7821
2026-09-03 21:29:51,682 INFO Best bal_acc  : 0.8208  (mean per-class recall)
2026-09-03 21:29:51,682 INFO Min recall    : 0.7368  (worst class)
2026-09-03 21:29:51,682 INFO Best fitness  : 0.1737
2026-09-03 21:29:51,682 INFO Params        : 100
2026-09-03 21:29:51,682 INFO Layers        : 8  (6 conv + 2 pool)
2026-09-03 21:29:51,683 INFO Circuit structure:
2026-09-03 21:29:51,683 INFO   Structure: C-C-P-C-C-C-P-C  (8 layers = 6 conv + 2 pool)
2026-09-03 21:29:51,683 INFO   Layer 0 CONV  gate=U_9        stride=5 step=7 offset=2 boundary=open
2026-09-03 21:29:51,683 INFO   Layer 1 CONV  gate=U_5        stride=3 step=2 offset=1 boundary=periodic
2026-09-03 21:29:51,683 INFO   Layer 2 POOL  gate=pool_ansatz  pattern=1*
2026-09-03 21:29:51,683 INFO   Layer 3 CONV  gate=U_14       stride=5 step=1 offset=0 boundary=open
2026-09-03 21:29:51,683 INFO   Layer 4 CONV  gate=U_9        stride=1 step=5 offset=0 boundary=periodic
2026-09-03 21:29:51,683 INFO   Layer 5 CONV  gate=U_5        stride=3 step=2 offset=1 boundary=periodic
2026-09-03 21:29:51,683 INFO   Layer 6 POOL  gate=pool_ansatz  pattern=!*
2026-09-03 21:29:51,683 INFO   Layer 7 CONV  gate=U_15       stride=7 step=7 offset=0 boundary=periodic
2026-09-03 21:29:51,684 INFO   Qubits surviving: 4 → [4, 5, 6, 7]  | readout wires = [4]
2026-09-03 21:29:51,684 INFO 
============================================================
2026-09-03 21:29:51,684 INFO FINAL TRAINING — BreastMNIST binary QCNN
2026-09-03 21:29:51,684 INFO ============================================================
2026-09-03 21:29:51,684 INFO   Structure: C-C-P-C-C-C-P-C  (8 layers = 6 conv + 2 pool)
2026-09-03 21:29:51,684 INFO   Layer 0 CONV  gate=U_9        stride=5 step=7 offset=2 boundary=open
2026-09-03 21:29:51,684 INFO   Layer 1 CONV  gate=U_5        stride=3 step=2 offset=1 boundary=periodic
2026-09-03 21:29:51,684 INFO   Layer 2 POOL  gate=pool_ansatz  pattern=1*
2026-09-03 21:29:51,684 INFO   Layer 3 CONV  gate=U_14       stride=5 step=1 offset=0 boundary=open
2026-09-03 21:29:51,684 INFO   Layer 4 CONV  gate=U_9        stride=1 step=5 offset=0 boundary=periodic
2026-09-03 21:29:51,684 INFO   Layer 5 CONV  gate=U_5        stride=3 step=2 offset=1 boundary=periodic
2026-09-03 21:29:51,685 INFO   Layer 6 POOL  gate=pool_ansatz  pattern=!*
2026-09-03 21:29:51,685 INFO   Layer 7 CONV  gate=U_15       stride=7 step=7 offset=0 boundary=periodic
2026-09-03 21:29:51,685 INFO   Qubits surviving: 4 → [4, 5, 6, 7]  | readout wires = [4]
2026-09-03 21:29:51,688 INFO Circuit: 8 layers (6 conv + 2 pool), 100 trainable parameters.
2026-09-03 21:31:03,544 INFO Epoch    1/200 | loss=0.6669 | val_acc=0.7179 | bal_acc=0.7018 | min_recall=0.667 | lr=0.005000
2026-09-03 21:46:16,586 INFO Epoch   20/200 | loss=0.6042 | val_acc=0.7436 | bal_acc=0.7343 | min_recall=0.714 | lr=0.005000
2026-09-03 21:59:37,765 INFO Epoch   40/200 | loss=0.6044 | val_acc=0.7179 | bal_acc=0.7318 | min_recall=0.702 | lr=0.005000
2026-09-03 22:15:55,448 INFO Epoch   60/200 | loss=0.5887 | val_acc=0.6923 | bal_acc=0.7143 | min_recall=0.667 | lr=0.002500
2026-09-03 22:30:25,778 INFO Epoch   80/200 | loss=0.5943 | val_acc=0.7051 | bal_acc=0.7231 | min_recall=0.684 | lr=0.002500
2026-09-03 22:43:28,300 INFO Epoch  100/200 | loss=0.5833 | val_acc=0.7179 | bal_acc=0.7018 | min_recall=0.667 | lr=0.001250
2026-09-03 22:59:03,685 INFO Epoch  120/200 | loss=0.5855 | val_acc=0.7308 | bal_acc=0.7105 | min_recall=0.667 | lr=0.001250
2026-09-03 23:18:21,367 INFO Epoch  140/200 | loss=0.5922 | val_acc=0.7308 | bal_acc=0.7105 | min_recall=0.667 | lr=0.001250
2026-09-03 23:32:50,321 INFO Epoch  160/200 | loss=0.5799 | val_acc=0.7179 | bal_acc=0.7018 | min_recall=0.667 | lr=0.000625
2026-09-03 23:47:58,808 INFO Epoch  180/200 | loss=0.5811 | val_acc=0.7179 | bal_acc=0.7318 | min_recall=0.702 | lr=0.000625
2026-09-04 00:12:14,602 INFO Epoch  200/200 | loss=0.5779 | val_acc=0.7051 | bal_acc=0.6930 | min_recall=0.667 | lr=0.000313
2026-09-04 00:12:14,602 INFO Training log saved → experiments/pca16/sweep/lr_high_001/training_log.csv
2026-09-04 00:12:14,602 INFO Best val fitness: 0.1930
2026-09-04 00:12:14,602 INFO 
--- Test evaluation (best-val checkpoint) ---
2026-09-04 00:12:23,361 INFO Test accuracy    : 0.6525
Test bal. acc    : 0.6733  (mean per-class recall)
Per-class recall : ['0.7187', '0.6279']
Min recall       : 0.6279
Test ROC-AUC OvR : 0.7522
2026-09-04 00:12:23,369 INFO 
               precision    recall  f1-score   support

    Malignant       0.42      0.72      0.53        32
Normal/Benign       0.86      0.63      0.72        86

     accuracy                           0.65       118
    macro avg       0.64      0.67      0.63       118
 weighted avg       0.74      0.65      0.67       118

2026-09-04 00:12:24,104 INFO Plots saved.
2026-09-04 00:12:24,800 INFO Failed to extract font properties from /usr/share/fonts/truetype/noto/NotoColorEmoji.ttf: Non-scalable fonts are not supported
2026-09-04 00:12:26,111 INFO Circuit diagram saved.
2026-09-04 00:12:26,120 INFO 
Run 'lr_high' complete → {'accuracy': 0.652542372881356, 'bal_acc': 0.6733284882232822, 'per_class_recalls': [0.7187499997753906, 0.6279069766711737], 'roc_auc_ovr': 0.7521802325581395}
2026-09-04 00:12:26,121 INFO 
>>> PCA-16 sweep run 3/11: lr_low
