2026-09-06 00:46:59,470 INFO 
============================================================
2026-09-06 00:46:59,470 INFO SWEEP RUN: lr_high  (PCA-16)
2026-09-06 00:46:59,470 INFO Params: {'label': 'lr_high', 'LR_EVAL': 0.01, 'N_EPOCHS_EVAL': 60, 'INIT_POP': 10, 'MAX_EVO_STEPS': 10, 'W_CLASS': [0.1, 0.2, 0.3, 0.4]}
2026-09-06 00:46:59,470 INFO ============================================================
2026-09-06 00:46:59,470 INFO 
--- Linear classifier baseline (on 16 PCA features) ---
2026-09-06 00:46:59,546 INFO   val   | acc=0.5696 | bal_acc=0.4957 | min_recall=0.2500 | auc=0.7838
2026-09-06 00:46:59,546 INFO          per-class: ['0.775', '0.444', '0.250', '0.514']
2026-09-06 00:46:59,549 INFO   test  | acc=0.5574 | bal_acc=0.4849 | min_recall=0.3103 | auc=0.7656
2026-09-06 00:46:59,549 INFO          per-class: ['0.713', '0.310', '0.320', '0.596']
2026-09-06 00:46:59,550 INFO Linear baseline saved → experiments/pca16/sweep/lr_high_001/linear_baseline.json
2026-09-06 00:46:59,550 INFO Subsampling search training set: 2140 → 2000
2026-09-06 00:46:59,566 INFO Evaluating initial population...
2026-09-06 00:46:59,566 INFO Config: LR=0.01  epochs=60  pop=10  steps=10  W_CLASS=[0.1, 0.2, 0.3, 0.4]
2026-09-06 00:46:59,566 INFO Encoding: dense (RX + RY per qubit), 16 PCA components → 8 qubits
2026-09-06 00:46:59,566 INFO Structure: variable length 3–10 layers  | P_CONV=0.6  | min conv=1  | min pool=0  | readout qubits=2
2026-09-06 00:46:59,594 INFO Initial population: 10 valid genotypes
2026-09-06 03:05:07,342 INFO   random     | C-C-P                  | fitness=0.6642 | val_acc=0.5000 | bal_acc=0.4043 | min_recall=0.1875 | params=56
2026-09-06 03:05:07,344 INFO   random     | P-C-P                  | fitness=0.6424 | val_acc=0.3228 | bal_acc=0.3265 | min_recall=0.2222 | params=32
2026-09-06 03:05:07,346 INFO   random     | C-P-C-C                | fitness=0.8069 | val_acc=0.3418 | bal_acc=0.2898 | min_recall=0.0556 | params=44
2026-09-06 03:05:07,349 INFO   random     | C-C-C-C-C-P            | fitness=0.7147 | val_acc=0.4557 | bal_acc=0.3507 | min_recall=0.1111 | params=80
2026-09-06 03:05:07,353 INFO   random     | C-C-C-C-P              | fitness=0.6408 | val_acc=0.5190 | bal_acc=0.4399 | min_recall=0.2187 | params=94
2026-09-06 03:05:07,357 INFO   random     | C-C-C-C-P-C-C-P        | fitness=0.6627 | val_acc=0.5253 | bal_acc=0.4359 | min_recall=0.1875 | params=85
2026-09-06 03:05:07,361 INFO   random     | C-C-C-C-C-P-C-C        | fitness=0.6121 | val_acc=0.5633 | bal_acc=0.4874 | min_recall=0.1875 | params=140
2026-09-06 03:05:07,363 INFO   random     | C-C-P-C                | fitness=0.6077 | val_acc=0.5253 | bal_acc=0.4499 | min_recall=0.1250 | params=116
2026-09-06 03:05:07,369 INFO   random     | C-C-P-C-C-C            | fitness=0.6422 | val_acc=0.5063 | bal_acc=0.4503 | min_recall=0.2187 | params=156
2026-09-06 03:05:07,371 INFO   random     | C-C-C-C-C              | fitness=0.5500 | val_acc=0.5759 | bal_acc=0.5060 | min_recall=0.3750 | params=82
2026-09-06 03:05:07,371 INFO 
=== Evo step 1/10 ===
2026-09-06 03:05:07,371 INFO Top-3: 59068309… fit=0.5500  |  -2032901… fit=0.6077  |  -9100361… fit=0.6121
2026-09-06 03:05:07,373 INFO Generated 9 valid novel children
2026-09-06 05:15:57,531 INFO   crossover  | C-C-C-C-C-C-P-C        | fitness=0.6288 | val_acc=0.5506 | bal_acc=0.4593 | min_recall=0.2778 | params=153
2026-09-06 05:15:57,535 INFO   crossover  | C-C-C-C-C-C-P          | fitness=0.6154 | val_acc=0.5380 | bal_acc=0.4530 | min_recall=0.2187 | params=110
2026-09-06 05:15:57,539 INFO   crossover  | C-C-C                  | fitness=0.5779 | val_acc=0.5633 | bal_acc=0.4892 | min_recall=0.3750 | params=95
2026-09-06 05:15:57,543 INFO   crossover  | C-C-P-C-C-C-P          | fitness=0.6603 | val_acc=0.5253 | bal_acc=0.4576 | min_recall=0.2432 | params=123
2026-09-06 05:15:57,547 INFO   crossover  | C-C-C-C                | fitness=0.6558 | val_acc=0.4430 | bal_acc=0.3926 | min_recall=0.2812 | params=68
2026-09-06 05:15:57,551 INFO   crossover  | C-C-C-P-C              | fitness=0.6402 | val_acc=0.5127 | bal_acc=0.4510 | min_recall=0.2973 | params=107
2026-09-06 05:15:57,555 INFO   mutate     | C-C-C-C                | fitness=0.6045 | val_acc=0.5316 | bal_acc=0.4516 | min_recall=0.2812 | params=34
2026-09-06 05:15:57,559 INFO   mutate     | C-C-P-C                | fitness=0.6455 | val_acc=0.4684 | bal_acc=0.3978 | min_recall=0.2222 | params=78
2026-09-06 05:15:57,568 INFO   mutate     | C-C-C-C-P              | fitness=0.6407 | val_acc=0.4430 | bal_acc=0.4215 | min_recall=0.3125 | params=76
2026-09-06 05:15:57,568 INFO Best so far → val_acc=0.5759  bal_acc=0.5060  min_recall=0.3750  fitness=0.5500  params=82  id=59068309…
2026-09-06 05:15:57,568 INFO 
=== Evo step 2/10 ===
2026-09-06 05:15:57,568 INFO Top-3: 59068309… fit=0.5500  |  25869358… fit=0.5779  |  -7190325… fit=0.6045
2026-09-06 05:15:57,569 INFO Generated 9 valid novel children
2026-09-06 08:01:19,103 INFO   crossover  | C-C-C-C-C-C-C-C        | fitness=0.6327 | val_acc=0.5253 | bal_acc=0.4420 | min_recall=0.2778 | params=177
2026-09-06 08:01:19,107 INFO   crossover  | C-C-C-C-C-C-C-C        | fitness=0.6176 | val_acc=0.5570 | bal_acc=0.4739 | min_recall=0.3125 | params=112
2026-09-06 08:01:19,111 INFO   crossover  | C-C-C-C-C-C-C          | fitness=0.6221 | val_acc=0.5506 | bal_acc=0.4646 | min_recall=0.2778 | params=173
2026-09-06 08:01:19,115 INFO   crossover  | C-C-C-C                | fitness=0.6187 | val_acc=0.5380 | bal_acc=0.4458 | min_recall=0.2778 | params=75
2026-09-06 08:01:19,119 INFO   crossover  | C-C-C-C                | fitness=0.5729 | val_acc=0.5696 | bal_acc=0.4835 | min_recall=0.3125 | params=66
2026-09-06 08:01:19,123 INFO   crossover  | C-C-C-C                | fitness=0.5654 | val_acc=0.5570 | bal_acc=0.4837 | min_recall=0.2187 | params=99
2026-09-06 08:01:19,127 INFO   mutate     | C-C-C-C                | fitness=0.6065 | val_acc=0.5570 | bal_acc=0.4572 | min_recall=0.1250 | params=80
2026-09-06 08:01:19,131 INFO   mutate     | C-C-C-C                | fitness=0.5972 | val_acc=0.5759 | bal_acc=0.4969 | min_recall=0.3514 | params=107
2026-09-06 08:01:19,135 INFO   mutate     | C-C-C                  | fitness=0.6284 | val_acc=0.5316 | bal_acc=0.4266 | min_recall=0.2222 | params=22
2026-09-06 08:01:19,135 INFO Best so far → val_acc=0.5759  bal_acc=0.5060  min_recall=0.3750  fitness=0.5500  params=82  id=59068309…
2026-09-06 08:01:19,135 INFO 
=== Evo step 3/10 ===
2026-09-06 08:01:19,135 INFO Top-3: 59068309… fit=0.5500  |  -8366038… fit=0.5654  |  -4582124… fit=0.5729
2026-09-06 08:01:19,136 INFO Generated 9 valid novel children
2026-09-06 10:24:24,379 INFO   crossover  | C-C-C-C-C-C            | fitness=0.6382 | val_acc=0.5443 | bal_acc=0.4550 | min_recall=0.2500 | params=84
2026-09-06 10:24:24,383 INFO   crossover  | C-C-C-C-C-C            | fitness=0.6261 | val_acc=0.5570 | bal_acc=0.4788 | min_recall=0.3243 | params=130
2026-09-06 10:24:24,392 INFO   crossover  | C-C-C-C-C-C            | fitness=0.6067 | val_acc=0.5506 | bal_acc=0.4519 | min_recall=0.1875 | params=86
2026-09-06 10:24:24,396 INFO   crossover  | C-C-C-C-C-C            | fitness=0.6020 | val_acc=0.5633 | bal_acc=0.4764 | min_recall=0.1875 | params=159
2026-09-06 10:24:24,400 INFO   crossover  | C-C-C-C-C-C-C          | fitness=0.5653 | val_acc=0.5886 | bal_acc=0.5005 | min_recall=0.3125 | params=142
2026-09-06 10:24:24,404 INFO   crossover  | C-C-C-C-C              | fitness=0.5658 | val_acc=0.5633 | bal_acc=0.4822 | min_recall=0.2812 | params=68
2026-09-06 10:24:24,408 INFO   mutate     | C-C-C-C-C-C            | fitness=0.6160 | val_acc=0.5380 | bal_acc=0.4419 | min_recall=0.2222 | params=92
2026-09-06 10:24:24,412 INFO   mutate     | C-C-C                  | fitness=0.5595 | val_acc=0.5633 | bal_acc=0.4957 | min_recall=0.3750 | params=97
2026-09-06 10:24:24,416 INFO   mutate     | C-C-C                  | fitness=0.5785 | val_acc=0.5506 | bal_acc=0.4832 | min_recall=0.3889 | params=62
2026-09-06 10:24:24,416 INFO Best so far → val_acc=0.5759  bal_acc=0.5060  min_recall=0.3750  fitness=0.5500  params=82  id=59068309…
2026-09-06 10:24:24,416 INFO 
=== Evo step 4/10 ===
2026-09-06 10:24:24,416 INFO Top-3: 59068309… fit=0.5500  |  21361182… fit=0.5595  |  -7190325… fit=0.6045
2026-09-06 10:24:24,421 INFO Generated 9 valid novel children
2026-09-06 12:54:40,730 INFO   crossover  | C-C-C-C-C-C            | fitness=0.5273 | val_acc=0.5949 | bal_acc=0.5249 | min_recall=0.2187 | params=130
2026-09-06 12:54:40,734 INFO   crossover  | C-C-C-C                | fitness=0.6263 | val_acc=0.5316 | bal_acc=0.4370 | min_recall=0.2500 | params=72
2026-09-06 12:54:40,738 INFO   crossover  | C-C-C-C-C-C-C          | fitness=0.6354 | val_acc=0.5443 | bal_acc=0.4612 | min_recall=0.1250 | params=175
2026-09-06 12:54:40,742 INFO   crossover  | C-C-C-C-C              | fitness=0.6003 | val_acc=0.5443 | bal_acc=0.4744 | min_recall=0.3437 | params=145
2026-09-06 12:54:40,746 INFO   crossover  | C-C-P-C-C-C-C          | fitness=0.5959 | val_acc=0.5127 | bal_acc=0.4761 | min_recall=0.1875 | params=170
2026-09-06 12:54:40,755 INFO   crossover  | C-C-P-C-C-C            | fitness=0.5841 | val_acc=0.5570 | bal_acc=0.4937 | min_recall=0.0937 | params=179
2026-09-06 12:54:40,757 INFO   mutate     | C-C-C-C                | fitness=0.6796 | val_acc=0.4494 | bal_acc=0.3928 | min_recall=0.2432 | params=87
2026-09-06 12:54:40,759 INFO   mutate     | C-C-C-C-P-C-C-C-C-C    | fitness=0.5942 | val_acc=0.5570 | bal_acc=0.4783 | min_recall=0.1562 | params=189
2026-09-06 12:54:40,761 INFO   mutate     | C-C-C-P-C-C-C          | fitness=0.6375 | val_acc=0.5380 | bal_acc=0.4456 | min_recall=0.0937 | params=174
2026-09-06 12:54:40,761 INFO Best so far → val_acc=0.5949  bal_acc=0.5249  min_recall=0.2187  fitness=0.5273  params=130  id=-4240426…
2026-09-06 12:54:40,761 INFO 
=== Evo step 5/10 ===
2026-09-06 12:54:40,761 INFO Top-3: -4240426… fit=0.5273  |  59068309… fit=0.5500  |  66259627… fit=0.6284
2026-09-06 12:54:40,763 INFO Generated 9 valid novel children
2026-09-06 15:32:23,737 INFO   crossover  | C-C-C-C-C-C-C-C        | fitness=0.5776 | val_acc=0.5696 | bal_acc=0.4910 | min_recall=0.3333 | params=180
2026-09-06 15:32:23,741 INFO   crossover  | C-C-C-C-C-C            | fitness=0.6076 | val_acc=0.5696 | bal_acc=0.4802 | min_recall=0.3333 | params=129
2026-09-06 15:32:23,745 INFO   crossover  | C-C-C-C                | fitness=0.6046 | val_acc=0.5506 | bal_acc=0.4622 | min_recall=0.2812 | params=70
2026-09-06 15:32:23,750 INFO   crossover  | C-C-C-C                | fitness=0.6649 | val_acc=0.5190 | bal_acc=0.4305 | min_recall=0.2703 | params=101
2026-09-06 15:32:23,753 INFO   crossover  | C-C-C                  | fitness=0.6472 | val_acc=0.5063 | bal_acc=0.4342 | min_recall=0.2162 | params=54
2026-09-06 15:32:23,758 INFO   crossover  | C-C-C                  | fitness=0.5508 | val_acc=0.5949 | bal_acc=0.5083 | min_recall=0.3333 | params=54
2026-09-06 15:32:23,766 INFO   mutate     | C-C-C-C-P-C-C-C        | fitness=0.6067 | val_acc=0.5190 | bal_acc=0.4782 | min_recall=0.1250 | params=115
2026-09-06 15:32:23,769 INFO   mutate     | C-C-C-C-C              | fitness=0.6021 | val_acc=0.5506 | bal_acc=0.4818 | min_recall=0.3437 | params=96
2026-09-06 15:32:23,771 INFO   mutate     | C-C-C                  | fitness=0.7207 | val_acc=0.5127 | bal_acc=0.4010 | min_recall=0.0556 | params=52
2026-09-06 15:32:23,771 INFO Best so far → val_acc=0.5949  bal_acc=0.5249  min_recall=0.2187  fitness=0.5273  params=130  id=-4240426…
2026-09-06 15:32:23,773 INFO Memory table saved.
2026-09-06 15:32:23,773 INFO 
=== Evo step 6/10 ===
2026-09-06 15:32:23,773 INFO Top-3: -4240426… fit=0.5273  |  59068309… fit=0.5500  |  -7064218… fit=0.5508
2026-09-06 15:32:23,776 INFO Generated 9 valid novel children
2026-09-06 18:01:22,682 INFO   crossover  | C-C-C-C-C-C            | fitness=0.5566 | val_acc=0.5823 | bal_acc=0.4806 | min_recall=0.2222 | params=94
2026-09-06 18:01:22,686 INFO   crossover  | C-C-C-C-P-C-C-C-C-C    | fitness=0.6223 | val_acc=0.5696 | bal_acc=0.4624 | min_recall=0.1875 | params=188
2026-09-06 18:01:22,690 INFO   crossover  | C-C-C                  | fitness=0.6083 | val_acc=0.5443 | bal_acc=0.4547 | min_recall=0.2778 | params=68
2026-09-06 18:01:22,695 INFO   crossover  | C-C-C-C-C-C-P-C-C-C    | fitness=0.6338 | val_acc=0.5443 | bal_acc=0.4594 | min_recall=0.1875 | params=166
2026-09-06 18:01:22,699 INFO   crossover  | C-C-C-C-P-C-C-C-C-C    | fitness=0.6388 | val_acc=0.5190 | bal_acc=0.4442 | min_recall=0.1562 | params=177
2026-09-06 18:01:22,703 INFO   crossover  | C-C-C-C-P-C-C-C        | fitness=0.5685 | val_acc=0.5759 | bal_acc=0.4996 | min_recall=0.2812 | params=151
2026-09-06 18:01:22,711 INFO   mutate     | C-C-C-C-C              | fitness=0.6298 | val_acc=0.5506 | bal_acc=0.4642 | min_recall=0.2973 | params=126
2026-09-06 18:01:22,712 INFO   mutate     | C-C-C-C-C-C            | fitness=0.5669 | val_acc=0.5759 | bal_acc=0.5014 | min_recall=0.2187 | params=112
2026-09-06 18:01:22,714 INFO   mutate     | C-C-C-C-P-C-C-C-P      | fitness=0.5748 | val_acc=0.5696 | bal_acc=0.4896 | min_recall=0.1875 | params=133
2026-09-06 18:01:22,715 INFO Best so far → val_acc=0.5949  bal_acc=0.5249  min_recall=0.2187  fitness=0.5273  params=130  id=-4240426…
2026-09-06 18:01:22,715 INFO 
=== Evo step 7/10 ===
2026-09-06 18:01:22,715 INFO Top-3: -4240426… fit=0.5273  |  59068309… fit=0.5500  |  -5217962… fit=0.5685
2026-09-06 18:01:22,719 INFO Generated 9 valid novel children
2026-09-06 20:16:55,922 INFO   crossover  | C-C-C-C-C-C-C-C        | fitness=0.6074 | val_acc=0.5759 | bal_acc=0.4945 | min_recall=0.1875 | params=114
2026-09-06 20:16:55,927 INFO   crossover  | C-C-C-C-C-C-C-C        | fitness=0.5989 | val_acc=0.5570 | bal_acc=0.4782 | min_recall=0.2500 | params=136
2026-09-06 20:16:55,930 INFO   crossover  | C-C-C-C-C-C-C-C        | fitness=0.6274 | val_acc=0.5506 | bal_acc=0.4632 | min_recall=0.3125 | params=180
2026-09-06 20:16:55,935 INFO   crossover  | C-C-C-C                | fitness=0.5549 | val_acc=0.6013 | bal_acc=0.5129 | min_recall=0.3333 | params=70
2026-09-06 20:16:55,938 INFO   crossover  | C-C-C-C-C-C-C-C        | fitness=0.6222 | val_acc=0.5633 | bal_acc=0.4906 | min_recall=0.2812 | params=180
2026-09-06 20:16:55,943 INFO   crossover  | C-C-C-C-C-C-C-C        | fitness=0.5924 | val_acc=0.5886 | bal_acc=0.4816 | min_recall=0.2500 | params=136
2026-09-06 20:16:55,951 INFO   mutate     | C-C-C-P-P-C            | fitness=0.5799 | val_acc=0.5696 | bal_acc=0.4985 | min_recall=0.2187 | params=52
2026-09-06 20:16:55,955 INFO   mutate     | C-C-C-C-C              | fitness=0.6109 | val_acc=0.5506 | bal_acc=0.4490 | min_recall=0.2222 | params=90
2026-09-06 20:16:55,959 INFO   mutate     | C-C-C                  | fitness=0.6232 | val_acc=0.4937 | bal_acc=0.4262 | min_recall=0.2500 | params=76
2026-09-06 20:16:55,959 INFO Best so far → val_acc=0.5949  bal_acc=0.5249  min_recall=0.2187  fitness=0.5273  params=130  id=-4240426…
2026-09-06 20:16:55,959 INFO 
=== Evo step 8/10 ===
2026-09-06 20:16:55,959 INFO Top-3: -4240426… fit=0.5273  |  59068309… fit=0.5500  |  -7064218… fit=0.5508
2026-09-06 20:16:55,961 INFO Generated 9 valid novel children
2026-09-06 22:18:04,830 INFO   crossover  | C-C-C-C-C-C-C          | fitness=0.6053 | val_acc=0.5570 | bal_acc=0.4821 | min_recall=0.2500 | params=132
2026-09-06 22:18:04,834 INFO   crossover  | C-C-C-C-C              | fitness=0.6019 | val_acc=0.5696 | bal_acc=0.4645 | min_recall=0.2500 | params=74
2026-09-06 22:18:04,836 INFO   crossover  | C-C-C-C                | fitness=0.5761 | val_acc=0.5506 | bal_acc=0.4865 | min_recall=0.3889 | params=102
2026-09-06 22:18:04,838 INFO   crossover  | C-C-C-C                | fitness=0.5764 | val_acc=0.5633 | bal_acc=0.4821 | min_recall=0.3333 | params=58
2026-09-06 22:18:04,839 INFO   crossover  | C-C-C-C-C-C-C          | fitness=0.6107 | val_acc=0.5570 | bal_acc=0.4761 | min_recall=0.2812 | params=164
2026-09-06 22:18:04,841 INFO   crossover  | C-C-C-C-C-C-C          | fitness=0.6284 | val_acc=0.5506 | bal_acc=0.4743 | min_recall=0.3125 | params=132
2026-09-06 22:18:04,843 INFO   mutate     | C-C-C-C-C-C            | fitness=0.6625 | val_acc=0.5506 | bal_acc=0.4521 | min_recall=0.2500 | params=144
2026-09-06 22:18:04,845 INFO   mutate     | C-C-C-C-C              | fitness=0.5955 | val_acc=0.5633 | bal_acc=0.4892 | min_recall=0.3243 | params=90
2026-09-06 22:18:04,847 INFO   mutate     | C-C-C-C                | fitness=0.6227 | val_acc=0.5570 | bal_acc=0.4453 | min_recall=0.1667 | params=104
2026-09-06 22:18:04,847 INFO Best so far → val_acc=0.5949  bal_acc=0.5249  min_recall=0.2187  fitness=0.5273  params=130  id=-4240426…
2026-09-06 22:18:04,847 INFO 
=== Evo step 9/10 ===
2026-09-06 22:18:04,847 INFO Top-3: -4240426… fit=0.5273  |  59068309… fit=0.5500  |  -7116409… fit=0.6472
2026-09-06 22:18:04,850 INFO Generated 9 valid novel children
2026-09-07 01:04:57,404 INFO   crossover  | C-C-C-C-C-C-C-C-C-C    | fitness=0.5980 | val_acc=0.5759 | bal_acc=0.4992 | min_recall=0.2500 | params=210
2026-09-07 01:04:57,405 INFO   crossover  | C-C-C-C-C-C-C-C-C      | fitness=0.6325 | val_acc=0.5316 | bal_acc=0.4587 | min_recall=0.2812 | params=184
2026-09-07 01:04:57,408 INFO   crossover  | C-C-C-C-C-C-C          | fitness=0.6020 | val_acc=0.5696 | bal_acc=0.4916 | min_recall=0.3514 | params=132
2026-09-07 01:04:57,409 INFO   crossover  | C-C-C-C-C-C            | fitness=0.5927 | val_acc=0.5570 | bal_acc=0.4637 | min_recall=0.1250 | params=86
2026-09-07 01:04:57,411 INFO   crossover  | C-C-C-C-C-C-C          | fitness=0.5977 | val_acc=0.5570 | bal_acc=0.4864 | min_recall=0.2812 | params=134
2026-09-07 01:04:57,413 INFO   crossover  | C-C-C-C                | fitness=0.6011 | val_acc=0.5443 | bal_acc=0.4772 | min_recall=0.3125 | params=102
2026-09-07 01:04:57,415 INFO   mutate     | C-C-C-C-C-C-C          | fitness=0.6950 | val_acc=0.4873 | bal_acc=0.4361 | min_recall=0.1892 | params=200
2026-09-07 01:04:57,417 INFO   mutate     | C-C-C-C-C-C            | fitness=0.6146 | val_acc=0.5570 | bal_acc=0.4594 | min_recall=0.0937 | params=100
2026-09-07 01:04:57,420 INFO   mutate     | C-C-C                  | fitness=0.6109 | val_acc=0.5506 | bal_acc=0.4643 | min_recall=0.3333 | params=122
2026-09-07 01:04:57,420 INFO Best so far → val_acc=0.5949  bal_acc=0.5249  min_recall=0.2187  fitness=0.5273  params=130  id=-4240426…
2026-09-07 01:04:57,420 INFO 
=== Evo step 10/10 ===
2026-09-07 01:04:57,420 INFO Top-3: -4240426… fit=0.5273  |  59068309… fit=0.5500  |  -3370717… fit=0.5785
2026-09-07 01:04:57,428 INFO Generated 8 valid novel children
2026-09-07 05:25:25,621 INFO   crossover  | C-C-C-C-C-C-C-C        | fitness=0.5579 | val_acc=0.5823 | bal_acc=0.5063 | min_recall=0.2812 | params=144
2026-09-07 05:25:25,624 INFO   crossover  | C-C-C-C-C-C-C          | fitness=0.5689 | val_acc=0.5696 | bal_acc=0.4947 | min_recall=0.1250 | params=134
2026-09-07 05:25:25,629 INFO   crossover  | C-C-C-C-C-C-C-C-C-C    | fitness=0.6343 | val_acc=0.5633 | bal_acc=0.4771 | min_recall=0.0937 | params=210
2026-09-07 05:25:25,631 INFO   crossover  | C-C-C-C-C-C-C-C        | fitness=0.6983 | val_acc=0.5253 | bal_acc=0.4112 | min_recall=0.2222 | params=182
2026-09-07 05:25:25,633 INFO   crossover  | C-C-C-C-C-C            | fitness=0.5862 | val_acc=0.5633 | bal_acc=0.4739 | min_recall=0.2778 | params=116
2026-09-07 05:25:25,635 INFO   mutate     | C-C-C-C-C-C            | fitness=0.5571 | val_acc=0.5823 | bal_acc=0.5031 | min_recall=0.2812 | params=94
2026-09-07 05:25:25,637 INFO   mutate     | C-C-C-C-C-C            | fitness=0.5803 | val_acc=0.5949 | bal_acc=0.5211 | min_recall=0.3750 | params=127
2026-09-07 05:25:25,639 INFO   mutate     | C-C-C                  | fitness=0.5672 | val_acc=0.5570 | bal_acc=0.4829 | min_recall=0.3333 | params=54
2026-09-07 05:25:25,639 INFO Best so far → val_acc=0.5949  bal_acc=0.5249  min_recall=0.2187  fitness=0.5273  params=130  id=-4240426…
2026-09-07 05:25:25,641 INFO Memory table saved.
2026-09-07 05:25:25,641 INFO 
=== SEARCH COMPLETE ===
2026-09-07 05:25:25,641 INFO Best val_acc  : 0.5949
2026-09-07 05:25:25,641 INFO Best bal_acc  : 0.5249  (mean per-class recall)
2026-09-07 05:25:25,641 INFO Min recall    : 0.2187  (worst class)
2026-09-07 05:25:25,642 INFO Best fitness  : 0.5273
2026-09-07 05:25:25,642 INFO Params        : 130
2026-09-07 05:25:25,642 INFO Layers        : 6  (6 conv + 0 pool)
2026-09-07 05:25:25,642 INFO Circuit structure:
2026-09-07 05:25:25,642 INFO   Structure: C-C-C-C-C-C  (6 layers = 6 conv + 0 pool)
2026-09-07 05:25:25,642 INFO   Layer 0 CONV  gate=U_TTN      stride=3 step=5 offset=1 boundary=periodic
2026-09-07 05:25:25,642 INFO   Layer 1 CONV  gate=U_15       stride=6 step=2 offset=0 boundary=periodic
2026-09-07 05:25:25,642 INFO   Layer 2 CONV  gate=U_SO4      stride=3 step=2 offset=1 boundary=open
2026-09-07 05:25:25,642 INFO   Layer 3 CONV  gate=U_13       stride=6 step=1 offset=0 boundary=periodic
2026-09-07 05:25:25,642 INFO   Layer 4 CONV  gate=U_9        stride=4 step=5 offset=0 boundary=open
2026-09-07 05:25:25,642 INFO   Layer 5 CONV  gate=U_13       stride=6 step=1 offset=0 boundary=periodic
2026-09-07 05:25:25,642 INFO   Qubits surviving: 8 → [0, 1, 2, 3, 4, 5, 6, 7]  | readout wires = [0, 1]
2026-09-07 05:25:25,642 INFO 
============================================================
2026-09-07 05:25:25,642 INFO FINAL TRAINING — RetinaMNIST 4-class QCNN
2026-09-07 05:25:25,642 INFO ============================================================
2026-09-07 05:25:25,642 INFO   Structure: C-C-C-C-C-C  (6 layers = 6 conv + 0 pool)
2026-09-07 05:25:25,642 INFO   Layer 0 CONV  gate=U_TTN      stride=3 step=5 offset=1 boundary=periodic
2026-09-07 05:25:25,642 INFO   Layer 1 CONV  gate=U_15       stride=6 step=2 offset=0 boundary=periodic
2026-09-07 05:25:25,642 INFO   Layer 2 CONV  gate=U_SO4      stride=3 step=2 offset=1 boundary=open
2026-09-07 05:25:25,643 INFO   Layer 3 CONV  gate=U_13       stride=6 step=1 offset=0 boundary=periodic
2026-09-07 05:25:25,643 INFO   Layer 4 CONV  gate=U_9        stride=4 step=5 offset=0 boundary=open
2026-09-07 05:25:25,643 INFO   Layer 5 CONV  gate=U_13       stride=6 step=1 offset=0 boundary=periodic
2026-09-07 05:25:25,643 INFO   Qubits surviving: 8 → [0, 1, 2, 3, 4, 5, 6, 7]  | readout wires = [0, 1]
2026-09-07 05:25:25,644 INFO Circuit: 6 layers (6 conv + 0 pool), 130 trainable parameters.
2026-09-07 05:27:43,125 INFO Epoch    1/200 | loss=1.3625 | val_acc=0.3987 | bal_acc=0.3598 | min_recall=0.250 | lr=0.005000
2026-09-07 06:06:46,010 INFO Epoch   20/200 | loss=1.2469 | val_acc=0.5443 | bal_acc=0.4544 | min_recall=0.156 | lr=0.005000
2026-09-07 06:49:26,735 INFO Epoch   40/200 | loss=1.2261 | val_acc=0.5696 | bal_acc=0.4853 | min_recall=0.250 | lr=0.005000
2026-09-07 07:31:20,331 INFO Epoch   60/200 | loss=1.2202 | val_acc=0.5759 | bal_acc=0.4952 | min_recall=0.344 | lr=0.002500
2026-09-07 08:13:16,255 INFO Epoch   80/200 | loss=1.2161 | val_acc=0.5759 | bal_acc=0.4767 | min_recall=0.219 | lr=0.002500
2026-09-07 08:56:56,780 INFO Epoch  100/200 | loss=1.2117 | val_acc=0.5633 | bal_acc=0.4622 | min_recall=0.187 | lr=0.001250
2026-09-07 09:40:02,716 INFO Epoch  120/200 | loss=1.2070 | val_acc=0.5570 | bal_acc=0.4836 | min_recall=0.312 | lr=0.001250
2026-09-07 10:26:59,692 INFO Epoch  140/200 | loss=1.2072 | val_acc=0.5696 | bal_acc=0.4939 | min_recall=0.312 | lr=0.001250
2026-09-07 11:17:36,819 INFO Epoch  160/200 | loss=1.2047 | val_acc=0.5759 | bal_acc=0.5017 | min_recall=0.344 | lr=0.000625
2026-09-07 11:55:14,788 INFO Epoch  180/200 | loss=1.2052 | val_acc=0.5696 | bal_acc=0.4939 | min_recall=0.312 | lr=0.000625
2026-09-07 12:32:54,651 INFO Epoch  200/200 | loss=1.2046 | val_acc=0.5759 | bal_acc=0.5017 | min_recall=0.344 | lr=0.000313
2026-09-07 12:32:54,651 INFO Training log saved → experiments/pca16/sweep/lr_high_001/training_log.csv
2026-09-07 12:32:54,651 INFO Best val fitness: 0.5143
2026-09-07 12:32:54,651 INFO 
--- Test evaluation (best-val checkpoint) ---
2026-09-07 12:33:03,784 INFO Test accuracy    : 0.5656
Test bal. acc    : 0.4653  (mean per-class recall)
Per-class recall : ['0.7315', '0.1379', '0.2200', '0.7719']
Min recall       : 0.1379
Test ROC-AUC OvR : 0.6992
2026-09-07 12:33:03,787 INFO 
               precision    recall  f1-score   support

        No DR       0.83      0.73      0.78       108
    Mild NPDR       0.13      0.14      0.14        29
Moderate NPDR       0.39      0.22      0.28        50
   Severe+PDR       0.48      0.77      0.59        57

     accuracy                           0.57       244
    macro avg       0.46      0.47      0.45       244
 weighted avg       0.58      0.57      0.56       244

2026-09-07 12:33:04,047 INFO Plots saved.
2026-09-07 12:33:04,974 INFO Failed to extract font properties from /usr/share/fonts/truetype/noto/NotoColorEmoji.ttf: Can not load face (unknown file format; error code 0x2)
2026-09-07 12:33:05,960 INFO Circuit diagram saved.
2026-09-07 12:33:05,987 INFO 
Run 'lr_high' complete → {'accuracy': 0.5655737704918032, 'bal_acc': 0.4653355850577313, 'per_class_recalls': [0.7314814814137518, 0.1379310344351962, 0.219999999956, 0.7719298244259772], 'roc_auc_ovr': 0.6991985854986702}
2026-09-07 12:33:05,988 INFO 
Sweep summary saved → experiments/pca16/sweep/sweep_summary_lr_high.csv
