2026-09-10 06:03:24,806 INFO 
============================================================
2026-09-10 06:03:24,806 INFO SWEEP RUN: large_pop  (PCA-8)
2026-09-10 06:03:24,806 INFO Params: {'label': 'large_pop', 'LR_EVAL': 0.003, 'N_EPOCHS_EVAL': 60, 'INIT_POP': 20, 'MAX_EVO_STEPS': 15, 'W_CLASS': [0.187, 0.073, 0.147, 0.079, 0.188, 0.161, 0.068, 0.097]}
2026-09-10 06:03:24,806 INFO ============================================================
2026-09-10 06:03:24,806 INFO 
--- Linear classifier baseline (on 8 PCA features) ---
2026-09-10 06:03:26,170 INFO   val   | acc=0.6311 | bal_acc=0.6426 | min_recall=0.2664 | auc=0.9187
2026-09-10 06:03:26,170 INFO          per-class: ['0.603', '0.640', '0.639', '0.266', '0.802', '0.528', '0.684', '0.979']
2026-09-10 06:03:26,177 INFO   test  | acc=0.6161 | bal_acc=0.6303 | min_recall=0.2322 | auc=0.9134
2026-09-10 06:03:26,177 INFO          per-class: ['0.679', '0.601', '0.644', '0.232', '0.732', '0.498', '0.685', '0.972']
2026-09-10 06:03:26,178 INFO Linear baseline saved → experiments/pca8/sweep/large_pop_001/linear_baseline.json
2026-09-10 06:03:26,178 INFO Subsampling search training set: 19968 → 2000
2026-09-10 06:03:26,184 INFO Evaluating initial population...
2026-09-10 06:03:26,184 INFO Config: LR=0.003  epochs=60  pop=20  steps=15  W_CLASS=[0.187, 0.073, 0.147, 0.079, 0.188, 0.161, 0.068, 0.097]
2026-09-10 06:03:26,184 INFO Encoding: single (RY per qubit), 8 PCA components → 8 qubits
2026-09-10 06:03:26,184 INFO Structure: variable length 3–10 layers  | P_CONV=0.6  | min conv=1  | min pool=0  | readout qubits=3
2026-09-10 06:03:26,318 INFO Initial population: 20 valid genotypes
2026-09-10 06:08:18,862 INFO   random     | C-C-C                  | fitness=0.7952 | val_acc=0.3982 | bal_acc=0.4217 | min_recall=0.0000 | params=145
2026-09-10 06:08:18,864 INFO   random     | C-C-P-C                | fitness=0.8654 | val_acc=0.2991 | bal_acc=0.3128 | min_recall=0.0070 | params=58
2026-09-10 06:08:18,865 INFO   random     | C-C-C-C-C-C-C-C        | fitness=0.6304 | val_acc=0.4757 | bal_acc=0.4376 | min_recall=0.1161 | params=115
2026-09-10 06:08:18,866 INFO   random     | C-C-C-C-C-C            | fitness=0.6628 | val_acc=0.3666 | bal_acc=0.3747 | min_recall=0.0934 | params=109
2026-09-10 06:08:18,868 INFO   random     | P-C-P-C-C-P-C          | fitness=0.9565 | val_acc=0.3267 | bal_acc=0.2983 | min_recall=0.0083 | params=72
2026-09-10 06:08:18,869 INFO   random     | C-C-C                  | fitness=0.7254 | val_acc=0.4299 | bal_acc=0.3968 | min_recall=0.0744 | params=156
2026-09-10 06:08:18,870 INFO   random     | C-C-C-P-C              | fitness=0.7800 | val_acc=0.4117 | bal_acc=0.4156 | min_recall=0.0151 | params=94
2026-09-10 06:08:18,871 INFO   random     | C-C-C-P-C-P-C          | fitness=0.8100 | val_acc=0.4240 | bal_acc=0.4142 | min_recall=0.0138 | params=90
2026-09-10 06:08:18,873 INFO   random     | C-C-P-C-C-C-C-C        | fitness=0.7801 | val_acc=0.4733 | bal_acc=0.4617 | min_recall=0.0070 | params=146
2026-09-10 06:08:18,877 INFO   random     | C-C-C-C-C-P-C          | fitness=0.9595 | val_acc=0.3150 | bal_acc=0.2785 | min_recall=0.0165 | params=66
2026-09-10 06:08:18,878 INFO   random     | C-C-C-C-C-C-C          | fitness=0.7786 | val_acc=0.3572 | bal_acc=0.3623 | min_recall=0.0452 | params=116
2026-09-10 06:08:18,880 INFO   random     | C-C-P-P                | fitness=0.8244 | val_acc=0.3578 | bal_acc=0.3743 | min_recall=0.0070 | params=129
2026-09-10 06:08:18,881 INFO   random     | C-C-P-P-C-C            | fitness=0.8504 | val_acc=0.4792 | bal_acc=0.4281 | min_recall=0.0000 | params=152
2026-09-10 06:08:18,882 INFO   random     | C-C-C-P-C              | fitness=0.8466 | val_acc=0.2457 | bal_acc=0.2943 | min_recall=0.0214 | params=93
2026-09-10 06:08:18,884 INFO   random     | C-C-C-C-C              | fitness=0.8919 | val_acc=0.2633 | bal_acc=0.2823 | min_recall=0.0141 | params=90
2026-09-10 06:08:18,885 INFO   random     | P-C-C                  | fitness=0.8860 | val_acc=0.3261 | bal_acc=0.3179 | min_recall=0.0065 | params=46
2026-09-10 06:08:18,886 INFO   random     | C-C-C-C-P              | fitness=0.6869 | val_acc=0.4264 | bal_acc=0.4261 | min_recall=0.0563 | params=116
2026-09-10 06:08:18,887 INFO   random     | C-C-P-C-C              | fitness=0.5884 | val_acc=0.4510 | bal_acc=0.4420 | min_recall=0.1419 | params=102
2026-09-10 06:08:18,892 INFO   random     | C-C-C-C-C-P-C-C        | fitness=0.6398 | val_acc=0.4399 | bal_acc=0.4805 | min_recall=0.0415 | params=171
2026-09-10 06:08:18,893 INFO   random     | C-C-P                  | fitness=0.8342 | val_acc=0.3613 | bal_acc=0.3430 | min_recall=0.0331 | params=34
2026-09-10 06:08:18,893 INFO 
=== Evo step 1/15 ===
2026-09-10 06:08:18,893 INFO Top-3: 69290412… fit=0.5884  |  -3113065… fit=0.6304  |  98382165… fit=0.8919
2026-09-10 06:08:18,897 INFO Generated 9 valid novel children
2026-09-10 06:13:33,120 INFO   crossover  | C-C-C-C-C-C-C-C-C      | fitness=0.5904 | val_acc=0.4528 | bal_acc=0.4546 | min_recall=0.1570 | params=139
2026-09-10 06:13:33,122 INFO   crossover  | C-C-P-C-C-C            | fitness=0.6036 | val_acc=0.4663 | bal_acc=0.5101 | min_recall=0.0415 | params=158
2026-09-10 06:13:33,123 INFO   crossover  | C-C-C-C-C-C            | fitness=0.6578 | val_acc=0.4141 | bal_acc=0.4201 | min_recall=0.0761 | params=103
2026-09-10 06:13:33,124 INFO   crossover  | C-C-C-C-C-C-C-C-C-C    | fitness=0.6620 | val_acc=0.4762 | bal_acc=0.4993 | min_recall=0.0346 | params=240
2026-09-10 06:13:33,125 INFO   crossover  | C-P-C-C                | fitness=0.8767 | val_acc=0.3372 | bal_acc=0.3321 | min_recall=0.0165 | params=92
2026-09-10 06:13:33,126 INFO   crossover  | C-C-C-C-C-C-C          | fitness=0.8138 | val_acc=0.4047 | bal_acc=0.4041 | min_recall=0.0070 | params=129
2026-09-10 06:13:33,127 INFO   mutate     | C-C-C-C                | fitness=0.8942 | val_acc=0.3848 | bal_acc=0.3549 | min_recall=0.0000 | params=105
2026-09-10 06:13:33,132 INFO   mutate     | C-C-C-C-C-C-C-C        | fitness=0.9359 | val_acc=0.2510 | bal_acc=0.2482 | min_recall=0.0211 | params=115
2026-09-10 06:13:33,133 INFO   mutate     | C-C-C                  | fitness=0.9281 | val_acc=0.3425 | bal_acc=0.3146 | min_recall=0.0070 | params=129
2026-09-10 06:13:33,133 INFO Best so far → val_acc=0.4510  bal_acc=0.4420  min_recall=0.1419  fitness=0.5884  params=102  id=69290412…
2026-09-10 06:13:33,134 INFO Memory table saved.
2026-09-10 06:13:33,134 INFO 
=== Evo step 2/15 ===
2026-09-10 06:13:33,135 INFO Top-3: 69290412… fit=0.5884  |  70635929… fit=0.5904  |  -3228184… fit=0.6036
2026-09-10 06:13:33,141 INFO Generated 9 valid novel children
2026-09-10 06:18:52,570 INFO   crossover  | C-C-P-C-C-C-C-C-C      | fitness=0.5695 | val_acc=0.4545 | bal_acc=0.4804 | min_recall=0.0873 | params=175
2026-09-10 06:18:52,571 INFO   crossover  | C-C-P-C-C-C-C-P-C-C    | fitness=0.5772 | val_acc=0.4610 | bal_acc=0.4673 | min_recall=0.2975 | params=237
2026-09-10 06:18:52,572 INFO   crossover  | C-C-C-C-C-C-P-C-C      | fitness=0.6490 | val_acc=0.4000 | bal_acc=0.4301 | min_recall=0.0723 | params=154
2026-09-10 06:18:52,574 INFO   crossover  | C-C-C-C-C-C-P-C-C-C    | fitness=0.7595 | val_acc=0.4516 | bal_acc=0.4748 | min_recall=0.0000 | params=184
2026-09-10 06:18:52,575 INFO   crossover  | C-C-P-C-C-C-C          | fitness=0.7011 | val_acc=0.4886 | bal_acc=0.4929 | min_recall=0.0248 | params=212
2026-09-10 06:18:52,581 INFO   crossover  | C-C-P-C-C-C-C          | fitness=0.7010 | val_acc=0.4716 | bal_acc=0.4851 | min_recall=0.0248 | params=203
2026-09-10 06:18:52,582 INFO   mutate     | C-C-P-C                | fitness=0.6536 | val_acc=0.4481 | bal_acc=0.4598 | min_recall=0.0484 | params=90
2026-09-10 06:18:52,583 INFO   mutate     | C-C-P-C-C-C-P-C-C      | fitness=0.5871 | val_acc=0.4639 | bal_acc=0.4780 | min_recall=0.0873 | params=185
2026-09-10 06:18:52,584 INFO   mutate     | P-C-C-P-C-C-C          | fitness=0.8342 | val_acc=0.3935 | bal_acc=0.3967 | min_recall=0.0000 | params=122
2026-09-10 06:18:52,584 INFO Best so far → val_acc=0.4545  bal_acc=0.4804  min_recall=0.0873  fitness=0.5695  params=175  id=28455615…
2026-09-10 06:18:52,586 INFO Memory table saved.
2026-09-10 06:18:52,586 INFO 
=== Evo step 3/15 ===
2026-09-10 06:18:52,586 INFO Top-3: 28455615… fit=0.5695  |  -2613776… fit=0.5772  |  -8546606… fit=0.5871
2026-09-10 06:18:52,589 INFO Generated 9 valid novel children
2026-09-10 06:24:15,444 INFO   crossover  | C-C-P-C-C-C-C-C        | fitness=0.7836 | val_acc=0.5038 | bal_acc=0.4871 | min_recall=0.0000 | params=208
2026-09-10 06:24:15,445 INFO   crossover  | C-C-P-C-C-P-C-C-C-P    | fitness=0.5428 | val_acc=0.4633 | bal_acc=0.4898 | min_recall=0.1696 | params=198
2026-09-10 06:24:15,446 INFO   crossover  | C-C-P-C-C-C-C-C-C-P    | fitness=0.5149 | val_acc=0.4674 | bal_acc=0.5009 | min_recall=0.1384 | params=192
2026-09-10 06:24:15,451 INFO   crossover  | C-C-P-C-C-C-C-P-C-C    | fitness=0.5272 | val_acc=0.4874 | bal_acc=0.5045 | min_recall=0.1736 | params=156
2026-09-10 06:24:15,452 INFO   crossover  | C-C-P-C-C-C-P-C-C-C    | fitness=0.5032 | val_acc=0.5238 | bal_acc=0.5385 | min_recall=0.1211 | params=216
2026-09-10 06:24:15,454 INFO   crossover  | C-C-P-C-C-C-P-C-C-P    | fitness=0.7439 | val_acc=0.4258 | bal_acc=0.4633 | min_recall=0.0030 | params=191
2026-09-10 06:24:15,455 INFO   mutate     | C-C-P-C-C-C-C-C        | fitness=0.6680 | val_acc=0.4299 | bal_acc=0.4453 | min_recall=0.0602 | params=171
2026-09-10 06:24:15,456 INFO   mutate     | C-C-P-C-C-C-C-C-P      | fitness=0.6693 | val_acc=0.4786 | bal_acc=0.4497 | min_recall=0.0744 | params=160
2026-09-10 06:24:15,457 INFO   mutate     | C-P-C-C-C-P-C-C        | fitness=0.4968 | val_acc=0.4768 | bal_acc=0.5135 | min_recall=0.1142 | params=185
2026-09-10 06:24:15,457 INFO Best so far → val_acc=0.4768  bal_acc=0.5135  min_recall=0.1142  fitness=0.4968  params=185  id=40847204…
2026-09-10 06:24:15,459 INFO Memory table saved.
2026-09-10 06:24:15,459 INFO 
=== Evo step 4/15 ===
2026-09-10 06:24:15,459 INFO Top-3: 40847204… fit=0.4968  |  44373831… fit=0.5032  |  -7743699… fit=0.5149
2026-09-10 06:24:15,463 INFO Generated 9 valid novel children
2026-09-10 06:29:31,976 INFO   crossover  | C-C-C                  | fitness=0.8046 | val_acc=0.3754 | bal_acc=0.3587 | min_recall=0.0413 | params=93
2026-09-10 06:29:31,981 INFO   crossover  | C-P-C-C-C-C-C-C-C-C    | fitness=0.5546 | val_acc=0.4328 | bal_acc=0.4652 | min_recall=0.1557 | params=143
2026-09-10 06:29:31,982 INFO   crossover  | C-C-P-C-C-C-P-C-P-C    | fitness=0.5520 | val_acc=0.4710 | bal_acc=0.4877 | min_recall=0.1657 | params=194
2026-09-10 06:29:31,983 INFO   crossover  | C-C-P-C-C-C-C          | fitness=0.6621 | val_acc=0.4106 | bal_acc=0.3896 | min_recall=0.1097 | params=119
2026-09-10 06:29:31,985 INFO   crossover  | C-C-C-C-C-C-C-C        | fitness=0.9367 | val_acc=0.2704 | bal_acc=0.2834 | min_recall=0.0000 | params=124
2026-09-10 06:29:31,986 INFO   crossover  | C-C-C-C-P-C-C-C        | fitness=0.5333 | val_acc=0.4974 | bal_acc=0.5057 | min_recall=0.2318 | params=239
2026-09-10 06:29:31,987 INFO   mutate     | C-P-C-C-C-P-C          | fitness=0.5967 | val_acc=0.4592 | bal_acc=0.5024 | min_recall=0.0519 | params=183
2026-09-10 06:29:31,992 INFO   mutate     | C-P-C-C-C-P-C-C-C      | fitness=0.5635 | val_acc=0.4927 | bal_acc=0.4916 | min_recall=0.0969 | params=216
2026-09-10 06:29:31,993 INFO   mutate     | C-C-C-C-C-C-C          | fitness=0.9383 | val_acc=0.3255 | bal_acc=0.3152 | min_recall=0.0000 | params=120
2026-09-10 06:29:31,993 INFO Best so far → val_acc=0.4768  bal_acc=0.5135  min_recall=0.1142  fitness=0.4968  params=185  id=40847204…
2026-09-10 06:29:31,995 INFO Memory table saved.
2026-09-10 06:29:31,995 INFO 
=== Evo step 5/15 ===
2026-09-10 06:29:31,995 INFO Top-3: 40847204… fit=0.4968  |  44373831… fit=0.5032  |  -7743699… fit=0.5149
2026-09-10 06:29:31,999 INFO Generated 9 valid novel children
2026-09-10 06:35:38,954 INFO   crossover  | C-P-C-C-P-C-C-C-P-C    | fitness=0.4863 | val_acc=0.4962 | bal_acc=0.5310 | min_recall=0.1142 | params=190
2026-09-10 06:35:38,955 INFO   crossover  | C-P-C-C-C-P-C-C-P-C    | fitness=0.4900 | val_acc=0.4716 | bal_acc=0.5176 | min_recall=0.1384 | params=197
2026-09-10 06:35:38,956 INFO   crossover  | C-C-P-C-C-C-P-C-C-C    | fitness=0.5441 | val_acc=0.4774 | bal_acc=0.4952 | min_recall=0.1570 | params=273
2026-09-10 06:35:38,958 INFO   crossover  | C-C-C-C                | fitness=0.6186 | val_acc=0.4446 | bal_acc=0.4296 | min_recall=0.1127 | params=143
2026-09-10 06:35:38,959 INFO   crossover  | C-C-P-C-C-C-P-C-C      | fitness=0.5609 | val_acc=0.4909 | bal_acc=0.4999 | min_recall=0.0909 | params=184
2026-09-10 06:35:38,975 INFO   crossover  | C-C-P-C-C-C-C-P-C-C    | fitness=0.6300 | val_acc=0.4628 | bal_acc=0.4455 | min_recall=0.1901 | params=200
2026-09-10 06:35:38,976 INFO   mutate     | C-P-C-C-C-P-C          | fitness=0.5216 | val_acc=0.4938 | bal_acc=0.5097 | min_recall=0.1958 | params=179
2026-09-10 06:35:38,977 INFO   mutate     | C-P-C-C-C-C-C-C        | fitness=0.5671 | val_acc=0.4416 | bal_acc=0.4726 | min_recall=0.0843 | params=126
2026-09-10 06:35:38,978 INFO   mutate     | C-C-P-C-C-C            | fitness=0.5441 | val_acc=0.5378 | bal_acc=0.5132 | min_recall=0.0992 | params=128
2026-09-10 06:35:38,979 INFO Best so far → val_acc=0.4962  bal_acc=0.5310  min_recall=0.1142  fitness=0.4863  params=190  id=60486261…
2026-09-10 06:35:38,980 INFO Memory table saved.
2026-09-10 06:35:38,980 INFO 
=== Evo step 6/15 ===
2026-09-10 06:35:38,980 INFO Top-3: 60486261… fit=0.4863  |  -2800284… fit=0.4900  |  -4329802… fit=0.5428
2026-09-10 06:35:38,985 INFO Generated 9 valid novel children
2026-09-10 06:41:26,542 INFO   crossover  | C-P-C-C-P-C            | fitness=0.6004 | val_acc=0.4264 | bal_acc=0.4274 | min_recall=0.2681 | params=70
2026-09-10 06:41:26,544 INFO   crossover  | C-P-C-C-P-C-C-C-P-C    | fitness=0.5078 | val_acc=0.5367 | bal_acc=0.5383 | min_recall=0.1736 | params=186
2026-09-10 06:41:26,549 INFO   crossover  | C-P-C-C-C-C-C-P-C-C    | fitness=0.5327 | val_acc=0.5372 | bal_acc=0.5304 | min_recall=0.1157 | params=215
2026-09-10 06:41:26,551 INFO   crossover  | C-P-C-C-C-P-C-C-C-C    | fitness=0.5538 | val_acc=0.4493 | bal_acc=0.4720 | min_recall=0.1677 | params=205
2026-09-10 06:41:26,552 INFO   crossover  | C-C-C-C-C-C-C-C-P-C    | fitness=0.5118 | val_acc=0.5009 | bal_acc=0.5159 | min_recall=0.1142 | params=154
2026-09-10 06:41:26,553 INFO   crossover  | C-C-C-C-C-C-P-C-C-C    | fitness=0.7082 | val_acc=0.4821 | bal_acc=0.4890 | min_recall=0.0242 | params=197
2026-09-10 06:41:26,554 INFO   mutate     | C-P-C-C-P-C-C          | fitness=0.7393 | val_acc=0.3953 | bal_acc=0.4346 | min_recall=0.0151 | params=86
2026-09-10 06:41:26,556 INFO   mutate     | C-P-C-C-C-C            | fitness=0.5968 | val_acc=0.4616 | bal_acc=0.4514 | min_recall=0.1405 | params=163
2026-09-10 06:41:26,557 INFO   mutate     | C-C-C-C-C-C-C-C-C      | fitness=0.8540 | val_acc=0.4170 | bal_acc=0.4047 | min_recall=0.0000 | params=153
2026-09-10 06:41:26,557 INFO Best so far → val_acc=0.4962  bal_acc=0.5310  min_recall=0.1142  fitness=0.4863  params=190  id=60486261…
2026-09-10 06:41:26,559 INFO Memory table saved.
2026-09-10 06:41:26,559 INFO 
=== Evo step 7/15 ===
2026-09-10 06:41:26,559 INFO Top-3: 60486261… fit=0.4863  |  -2800284… fit=0.4900  |  40847204… fit=0.4968
2026-09-10 06:41:26,566 INFO Generated 9 valid novel children
2026-09-10 06:46:04,656 INFO   crossover  | C-P-C-C-P-C-C-C-P-C    | fitness=0.6137 | val_acc=0.4962 | bal_acc=0.4955 | min_recall=0.0744 | params=194
2026-09-10 06:46:04,657 INFO   crossover  | C-P-C-C-P-C-C-C-C-P    | fitness=0.4845 | val_acc=0.5232 | bal_acc=0.5442 | min_recall=0.2111 | params=186
2026-09-10 06:46:04,658 INFO   crossover  | C-P-P-C-C-C-P-C        | fitness=0.4918 | val_acc=0.4921 | bal_acc=0.5231 | min_recall=0.1557 | params=158
2026-09-10 06:46:04,660 INFO   crossover  | C-P-C-C-C-C-P-C        | fitness=0.4809 | val_acc=0.5349 | bal_acc=0.5500 | min_recall=0.1557 | params=193
2026-09-10 06:46:04,661 INFO   crossover  | C-P-C-C-P-C            | fitness=0.4713 | val_acc=0.5138 | bal_acc=0.5399 | min_recall=0.1419 | params=169
2026-09-10 06:46:04,662 INFO   crossover  | C-P-C-C-P-P-C          | fitness=0.9331 | val_acc=0.3648 | bal_acc=0.3298 | min_recall=0.0000 | params=72
2026-09-10 06:46:04,667 INFO   mutate     | C-P-C-C-P-C-C-C-C      | fitness=0.5832 | val_acc=0.4393 | bal_acc=0.4892 | min_recall=0.0633 | params=172
2026-09-10 06:46:04,668 INFO   mutate     | C-P-C-P                | fitness=0.9848 | val_acc=0.2358 | bal_acc=0.2265 | min_recall=0.0065 | params=48
2026-09-10 06:46:04,669 INFO   mutate     | C-P-C-C-C-C-C-P-C-C    | fitness=0.7890 | val_acc=0.5413 | bal_acc=0.4949 | min_recall=0.0000 | params=112
2026-09-10 06:46:04,670 INFO Best so far → val_acc=0.5138  bal_acc=0.5399  min_recall=0.1419  fitness=0.4713  params=169  id=68809495…
2026-09-10 06:46:04,672 INFO Memory table saved.
2026-09-10 06:46:04,672 INFO 
=== Evo step 8/15 ===
2026-09-10 06:46:04,672 INFO Top-3: 68809495… fit=0.4713  |  38330691… fit=0.4809  |  41266326… fit=0.4845
2026-09-10 06:46:04,676 INFO Generated 9 valid novel children
2026-09-10 06:52:09,845 INFO   crossover  | C-C-C-C-C-P-C          | fitness=0.5497 | val_acc=0.4886 | bal_acc=0.4924 | min_recall=0.2042 | params=216
2026-09-10 06:52:09,846 INFO   crossover  | C-C-C-P                | fitness=0.5463 | val_acc=0.4399 | bal_acc=0.4894 | min_recall=0.0753 | params=158
2026-09-10 06:52:09,847 INFO   crossover  | C-P-C-C-C-C-P-C-C-P    | fitness=0.5420 | val_acc=0.5103 | bal_acc=0.5176 | min_recall=0.2249 | params=293
2026-09-10 06:52:09,848 INFO   crossover  | C-P-C-C-P              | fitness=0.8730 | val_acc=0.2774 | bal_acc=0.3145 | min_recall=0.0000 | params=54
2026-09-10 06:52:09,850 INFO   crossover  | C-P-C-C-P-C-P-C        | fitness=0.7583 | val_acc=0.4393 | bal_acc=0.4191 | min_recall=0.0422 | params=90
2026-09-10 06:52:09,851 INFO   crossover  | C-P-C-C-P-C-C-C-C-P    | fitness=0.5697 | val_acc=0.4833 | bal_acc=0.4843 | min_recall=0.0994 | params=196
2026-09-10 06:52:09,856 INFO   mutate     | C-P-C-C-P-C            | fitness=0.5083 | val_acc=0.4903 | bal_acc=0.5105 | min_recall=0.2231 | params=175
2026-09-10 06:52:09,857 INFO   mutate     | C-P-C-C-C-C-C          | fitness=0.6454 | val_acc=0.3220 | bal_acc=0.3546 | min_recall=0.1145 | params=78
2026-09-10 06:52:09,858 INFO   mutate     | C-P-C-C-P-C-C-C-C-P    | fitness=0.6755 | val_acc=0.4751 | bal_acc=0.4935 | min_recall=0.0331 | params=180
2026-09-10 06:52:09,858 INFO Best so far → val_acc=0.5138  bal_acc=0.5399  min_recall=0.1419  fitness=0.4713  params=169  id=68809495…
2026-09-10 06:52:09,861 INFO Memory table saved.
2026-09-10 06:52:09,861 INFO 
=== Evo step 9/15 ===
2026-09-10 06:52:09,861 INFO Top-3: 68809495… fit=0.4713  |  38330691… fit=0.4809  |  46955940… fit=0.5968
2026-09-10 06:52:09,866 INFO Generated 9 valid novel children
2026-09-10 06:58:22,300 INFO   crossover  | C-P-C-C-C-P-C-C-C-C    | fitness=0.5496 | val_acc=0.4757 | bal_acc=0.4958 | min_recall=0.1928 | params=289
2026-09-10 06:58:22,301 INFO   crossover  | C-P-C-C-P-C-P-C-C      | fitness=0.5394 | val_acc=0.4991 | bal_acc=0.5069 | min_recall=0.1142 | params=199
2026-09-10 06:58:22,302 INFO   crossover  | C-C-C-P-C              | fitness=0.6405 | val_acc=0.4739 | bal_acc=0.4954 | min_recall=0.0413 | params=188
2026-09-10 06:58:22,304 INFO   crossover  | C-P-C-C-C-C-C-C        | fitness=0.5053 | val_acc=0.4997 | bal_acc=0.5241 | min_recall=0.2318 | params=239
2026-09-10 06:58:22,305 INFO   crossover  | C-C-C-C-C-C-P-C-C-C    | fitness=0.6389 | val_acc=0.4088 | bal_acc=0.4390 | min_recall=0.0723 | params=172
2026-09-10 06:58:22,310 INFO   crossover  | C-C-C-C-C-C-P-C        | fitness=0.7770 | val_acc=0.4739 | bal_acc=0.4674 | min_recall=0.0083 | params=212
2026-09-10 06:58:22,311 INFO   mutate     | C-P-C-P-C-P            | fitness=0.6773 | val_acc=0.3912 | bal_acc=0.3717 | min_recall=0.1032 | params=90
2026-09-10 06:58:22,312 INFO   mutate     | C-P-C-C-C-C-P-C        | fitness=0.7554 | val_acc=0.4135 | bal_acc=0.4429 | min_recall=0.0064 | params=88
2026-09-10 06:58:22,313 INFO   mutate     | C-C-C-C-C-P-C-C        | fitness=0.5803 | val_acc=0.4129 | bal_acc=0.4554 | min_recall=0.0865 | params=154
2026-09-10 06:58:22,314 INFO Best so far → val_acc=0.5138  bal_acc=0.5399  min_recall=0.1419  fitness=0.4713  params=169  id=68809495…
2026-09-10 06:58:22,316 INFO Memory table saved.
2026-09-10 06:58:22,316 INFO 
=== Evo step 10/15 ===
2026-09-10 06:58:22,316 INFO Top-3: 68809495… fit=0.4713  |  38330691… fit=0.4809  |  -2243638… fit=0.5671
2026-09-10 06:58:22,321 INFO Generated 9 valid novel children
2026-09-10 07:05:06,762 INFO   crossover  | C-P-C-C-C-P-C          | fitness=0.5189 | val_acc=0.5056 | bal_acc=0.5189 | min_recall=0.2768 | params=270
2026-09-10 07:05:06,763 INFO   crossover  | C-P-P-C-C-C-C-P        | fitness=0.5166 | val_acc=0.4833 | bal_acc=0.5029 | min_recall=0.1765 | params=154
2026-09-10 07:05:06,768 INFO   crossover  | C-P-C-C-C-C-C-C-P-C    | fitness=0.5197 | val_acc=0.5296 | bal_acc=0.5389 | min_recall=0.1240 | params=322
2026-09-10 07:05:06,769 INFO   crossover  | C-C-C-P-C-C-C-C-P      | fitness=0.6032 | val_acc=0.4487 | bal_acc=0.4796 | min_recall=0.0723 | params=213
2026-09-10 07:05:06,770 INFO   crossover  | C-P-C-C-P-C-C-C-C-C    | fitness=0.5219 | val_acc=0.5044 | bal_acc=0.5220 | min_recall=0.1958 | params=274
2026-09-10 07:05:06,771 INFO   crossover  | C-P-C-C-P-C            | fitness=0.5457 | val_acc=0.4469 | bal_acc=0.4707 | min_recall=0.1211 | params=165
2026-09-10 07:05:06,772 INFO   mutate     | C-P-C-C-P-C            | fitness=0.6694 | val_acc=0.4317 | bal_acc=0.4886 | min_recall=0.0151 | params=155
2026-09-10 07:05:06,774 INFO   mutate     | C-P-C-C-C-P-C          | fitness=0.5699 | val_acc=0.4921 | bal_acc=0.4901 | min_recall=0.0915 | params=179
2026-09-10 07:05:06,775 INFO   mutate     | C-P-C-C-P-C-C-C-P      | fitness=0.5432 | val_acc=0.4768 | bal_acc=0.4929 | min_recall=0.1114 | params=168
2026-09-10 07:05:06,775 INFO Best so far → val_acc=0.5138  bal_acc=0.5399  min_recall=0.1419  fitness=0.4713  params=169  id=68809495…
2026-09-10 07:05:06,777 INFO Memory table saved.
2026-09-10 07:05:06,777 INFO 
=== Evo step 11/15 ===
2026-09-10 07:05:06,777 INFO Top-3: 68809495… fit=0.4713  |  38330691… fit=0.4809  |  -8173119… fit=0.5420
2026-09-10 07:05:06,780 INFO Generated 9 valid novel children
2026-09-10 07:11:35,419 INFO   crossover  | C-P-C-C-C-C-C-P-C      | fitness=0.5353 | val_acc=0.5196 | bal_acc=0.5205 | min_recall=0.1488 | params=304
2026-09-10 07:11:35,420 INFO   crossover  | C-P-C-C-P-C-P-C-C-C    | fitness=0.4790 | val_acc=0.5331 | bal_acc=0.5524 | min_recall=0.1488 | params=232
2026-09-10 07:11:35,421 INFO   crossover  | C-P-C-C-P-C            | fitness=0.9302 | val_acc=0.2258 | bal_acc=0.2322 | min_recall=0.0248 | params=72
2026-09-10 07:11:35,422 INFO   crossover  | C-C-P                  | fitness=0.8811 | val_acc=0.3466 | bal_acc=0.3330 | min_recall=0.0120 | params=38
2026-09-10 07:11:35,423 INFO   crossover  | C-P-C-C-P-C-C-C-C-C    | fitness=0.5347 | val_acc=0.5226 | bal_acc=0.5487 | min_recall=0.0692 | params=194
2026-09-10 07:11:35,424 INFO   crossover  | C-P-C-C-P-C-C-C-C-C    | fitness=0.5076 | val_acc=0.5003 | bal_acc=0.5278 | min_recall=0.1596 | params=266
2026-09-10 07:11:35,426 INFO   mutate     | P-C-C-P-C              | fitness=0.6574 | val_acc=0.4745 | bal_acc=0.4787 | min_recall=0.0496 | params=151
2026-09-10 07:11:35,427 INFO   mutate     | C-P-C-C-C-C-C          | fitness=0.6857 | val_acc=0.4804 | bal_acc=0.5131 | min_recall=0.0069 | params=185
2026-09-10 07:11:35,431 INFO   mutate     | C-P-C-C-P-C-C-C-C-P    | fitness=0.6348 | val_acc=0.5009 | bal_acc=0.5254 | min_recall=0.0346 | params=226
2026-09-10 07:11:35,431 INFO Best so far → val_acc=0.5138  bal_acc=0.5399  min_recall=0.1419  fitness=0.4713  params=169  id=68809495…
2026-09-10 07:11:35,433 INFO Memory table saved.
2026-09-10 07:11:35,433 INFO 
=== Evo step 12/15 ===
2026-09-10 07:11:35,433 INFO Top-3: 68809495… fit=0.4713  |  20944918… fit=0.4790  |  -5156000… fit=0.5347
2026-09-10 07:11:35,440 INFO Generated 9 valid novel children
2026-09-10 07:18:39,542 INFO   crossover  | C-P-C-C-C-C-P-C-P-C    | fitness=0.6248 | val_acc=0.4938 | bal_acc=0.4854 | min_recall=0.0826 | params=302
2026-09-10 07:18:39,543 INFO   crossover  | C-C-P-C-C-C-C-P-C      | fitness=0.5201 | val_acc=0.5425 | bal_acc=0.5353 | min_recall=0.2149 | params=211
2026-09-10 07:18:39,544 INFO   crossover  | C-P-C-P-C-C-P-C        | fitness=0.5478 | val_acc=0.4663 | bal_acc=0.4846 | min_recall=0.1869 | params=164
2026-09-10 07:18:39,546 INFO   crossover  | C-P-C-C-P-C-C-C-C-P    | fitness=0.5160 | val_acc=0.5032 | bal_acc=0.5212 | min_recall=0.1003 | params=202
2026-09-10 07:18:39,547 INFO   crossover  | C-P-C-C-C-C-P-C-C-P    | fitness=0.6436 | val_acc=0.5044 | bal_acc=0.5084 | min_recall=0.0496 | params=204
2026-09-10 07:18:39,563 INFO   crossover  | C-P-C-C-C-C-P-C-C-C    | fitness=0.5595 | val_acc=0.4956 | bal_acc=0.4994 | min_recall=0.1983 | params=287
2026-09-10 07:18:39,565 INFO   mutate     | C-P-C-C-P-C            | fitness=0.6348 | val_acc=0.5056 | bal_acc=0.5059 | min_recall=0.0496 | params=167
2026-09-10 07:18:39,566 INFO   mutate     | C-P-C-C-P-C-P-C-C      | fitness=0.6018 | val_acc=0.4663 | bal_acc=0.5076 | min_recall=0.0519 | params=187
2026-09-10 07:18:39,567 INFO   mutate     | C-P-P-C-C-C-C-P-C      | fitness=0.5248 | val_acc=0.5255 | bal_acc=0.5224 | min_recall=0.1983 | params=143
2026-09-10 07:18:39,567 INFO Best so far → val_acc=0.5138  bal_acc=0.5399  min_recall=0.1419  fitness=0.4713  params=169  id=68809495…
2026-09-10 07:18:39,571 INFO Memory table saved.
2026-09-10 07:18:39,571 INFO 
=== Evo step 13/15 ===
2026-09-10 07:18:39,571 INFO Top-3: 68809495… fit=0.4713  |  20944918… fit=0.4790  |  -8335617… fit=0.5216
2026-09-10 07:18:39,577 INFO Generated 9 valid novel children
2026-09-10 07:23:42,516 INFO   crossover  | C-P-C-C                | fitness=0.5299 | val_acc=0.4645 | bal_acc=0.4850 | min_recall=0.1205 | params=145
2026-09-10 07:23:42,518 INFO   crossover  | C-P-C-P-C              | fitness=0.5174 | val_acc=0.4786 | bal_acc=0.4961 | min_recall=0.2113 | params=149
2026-09-10 07:23:42,519 INFO   crossover  | C-P-P-C-C-P-C          | fitness=0.7162 | val_acc=0.4358 | bal_acc=0.4634 | min_recall=0.0181 | params=146
2026-09-10 07:23:42,524 INFO   crossover  | C-P-C-C-P-C-P-C-C-C    | fitness=0.5962 | val_acc=0.4604 | bal_acc=0.5170 | min_recall=0.0422 | params=193
2026-09-10 07:23:42,525 INFO   crossover  | C-P-P-C-C-C-C-C-P-C    | fitness=0.4915 | val_acc=0.4692 | bal_acc=0.5189 | min_recall=0.1003 | params=258
2026-09-10 07:23:42,526 INFO   crossover  | C-P-P-C-C-C-P-C-C      | fitness=0.5089 | val_acc=0.5097 | bal_acc=0.5254 | min_recall=0.1349 | params=207
2026-09-10 07:23:42,528 INFO   mutate     | C-P-C-C-P-C            | fitness=0.5016 | val_acc=0.4276 | bal_acc=0.4812 | min_recall=0.2289 | params=155
2026-09-10 07:23:42,529 INFO   mutate     | C-P-C-C-P-C-P-C-C      | fitness=0.5397 | val_acc=0.4974 | bal_acc=0.5014 | min_recall=0.1730 | params=177
2026-09-10 07:23:42,530 INFO   mutate     | C-P-P-C-C-C-P-C        | fitness=0.4956 | val_acc=0.4768 | bal_acc=0.5119 | min_recall=0.1419 | params=158
2026-09-10 07:23:42,530 INFO Best so far → val_acc=0.5138  bal_acc=0.5399  min_recall=0.1419  fitness=0.4713  params=169  id=68809495…
2026-09-10 07:23:42,534 INFO Memory table saved.
2026-09-10 07:23:42,534 INFO 
=== Evo step 14/15 ===
2026-09-10 07:23:42,534 INFO Top-3: 68809495… fit=0.4713  |  20944918… fit=0.4790  |  38330691… fit=0.4809
2026-09-10 07:23:42,539 INFO Generated 9 valid novel children
2026-09-10 07:29:31,965 INFO   crossover  | C-P-C-P-C-C-C          | fitness=0.6600 | val_acc=0.4375 | bal_acc=0.4255 | min_recall=0.0826 | params=111
2026-09-10 07:29:31,966 INFO   crossover  | C-P-C-C-C-C-P-C-C      | fitness=0.4943 | val_acc=0.5050 | bal_acc=0.5304 | min_recall=0.2388 | params=205
2026-09-10 07:29:31,967 INFO   crossover  | C-P-C-C-C-C-P-C        | fitness=0.5508 | val_acc=0.4962 | bal_acc=0.5208 | min_recall=0.0796 | params=294
2026-09-10 07:29:31,969 INFO   crossover  | C-P-C-C-P-C-P-C        | fitness=0.4962 | val_acc=0.5032 | bal_acc=0.5264 | min_recall=0.1869 | params=173
2026-09-10 07:29:31,970 INFO   crossover  | C-C-P-C-C-C-C-P-C      | fitness=0.5445 | val_acc=0.5255 | bal_acc=0.5178 | min_recall=0.2066 | params=203
2026-09-10 07:29:31,971 INFO   crossover  | C-C-P-C-C-P-C-P-C-C    | fitness=0.6672 | val_acc=0.4387 | bal_acc=0.4846 | min_recall=0.0241 | params=96
2026-09-10 07:29:31,976 INFO   mutate     | C-P-C-C-P-C-C          | fitness=0.5201 | val_acc=0.5290 | bal_acc=0.5268 | min_recall=0.1157 | params=173
2026-09-10 07:29:31,977 INFO   mutate     | P-C-C-P-C-P-C-C-C      | fitness=0.5021 | val_acc=0.4985 | bal_acc=0.5247 | min_recall=0.2530 | params=214
2026-09-10 07:29:31,978 INFO   mutate     | C-C-P-C-C-C-C-C        | fitness=0.8293 | val_acc=0.3566 | bal_acc=0.3796 | min_recall=0.0060 | params=82
2026-09-10 07:29:31,978 INFO Best so far → val_acc=0.5138  bal_acc=0.5399  min_recall=0.1419  fitness=0.4713  params=169  id=68809495…
2026-09-10 07:29:31,982 INFO Memory table saved.
2026-09-10 07:29:31,982 INFO 
=== Evo step 15/15 ===
2026-09-10 07:29:31,982 INFO Top-3: 68809495… fit=0.4713  |  20944918… fit=0.4790  |  -3493805… fit=0.6186
2026-09-10 07:29:31,987 INFO Generated 9 valid novel children
2026-09-10 07:36:07,106 INFO   crossover  | C-P-C-P-C-C-C          | fitness=0.5659 | val_acc=0.4481 | bal_acc=0.4606 | min_recall=0.1315 | params=154
2026-09-10 07:36:07,111 INFO   crossover  | C-P-C-C-P-C-C-P-C-C    | fitness=0.4854 | val_acc=0.5038 | bal_acc=0.5349 | min_recall=0.1488 | params=196
2026-09-10 07:36:07,112 INFO   crossover  | C-P-C-C-P-C-P-C-C-C    | fitness=0.5322 | val_acc=0.4950 | bal_acc=0.5062 | min_recall=0.1901 | params=193
2026-09-10 07:36:07,116 INFO   crossover  | C-P-C-C-P-C-P-C-C-C    | fitness=0.5425 | val_acc=0.4979 | bal_acc=0.5056 | min_recall=0.1570 | params=196
2026-09-10 07:36:07,118 INFO   crossover  | C-C-P-C-P-C-C-P-C      | fitness=0.7493 | val_acc=0.4587 | bal_acc=0.4789 | min_recall=0.0000 | params=164
2026-09-10 07:36:07,119 INFO   crossover  | C-C-P-C-C-C-C-C-C-P    | fitness=0.5267 | val_acc=0.5196 | bal_acc=0.5290 | min_recall=0.1557 | params=322
2026-09-10 07:36:07,120 INFO   mutate     | C-P-P                  | fitness=0.9104 | val_acc=0.2317 | bal_acc=0.2319 | min_recall=0.0387 | params=38
2026-09-10 07:36:07,122 INFO   mutate     | C-C-C-P-C-P-C-C-C      | fitness=0.5480 | val_acc=0.4809 | bal_acc=0.4983 | min_recall=0.0992 | params=251
2026-09-10 07:36:07,123 INFO   mutate     | C-C-P-C-C-C-P-C        | fitness=0.4745 | val_acc=0.5038 | bal_acc=0.5364 | min_recall=0.1003 | params=189
2026-09-10 07:36:07,123 INFO Best so far → val_acc=0.5138  bal_acc=0.5399  min_recall=0.1419  fitness=0.4713  params=169  id=68809495…
2026-09-10 07:36:07,127 INFO Memory table saved.
2026-09-10 07:36:07,127 INFO 
=== SEARCH COMPLETE ===
2026-09-10 07:36:07,127 INFO Best val_acc  : 0.5138
2026-09-10 07:36:07,127 INFO Best bal_acc  : 0.5399  (mean per-class recall)
2026-09-10 07:36:07,127 INFO Min recall    : 0.1419  (worst class)
2026-09-10 07:36:07,127 INFO Best fitness  : 0.4713
2026-09-10 07:36:07,127 INFO Params        : 169
2026-09-10 07:36:07,127 INFO Layers        : 6  (4 conv + 2 pool)
2026-09-10 07:36:07,127 INFO Circuit structure:
2026-09-10 07:36:07,127 INFO   Structure: C-P-C-C-P-C  (6 layers = 4 conv + 2 pool)
2026-09-10 07:36:07,127 INFO   Layer 0 CONV  gate=U_gate     stride=1 step=4 offset=0 boundary=periodic
2026-09-10 07:36:07,127 INFO   Layer 1 POOL  gate=pool_ansatz  pattern=*1
2026-09-10 07:36:07,127 INFO   Layer 2 CONV  gate=U_6        stride=6 step=6 offset=0 boundary=periodic
2026-09-10 07:36:07,127 INFO   Layer 3 CONV  gate=U_SU4      stride=7 step=1 offset=0 boundary=periodic
2026-09-10 07:36:07,127 INFO   Layer 4 POOL  gate=pool_U       pattern=10
2026-09-10 07:36:07,127 INFO   Layer 5 CONV  gate=U_SO4      stride=1 step=6 offset=1 boundary=open
2026-09-10 07:36:07,128 INFO   Qubits surviving: 4 → [1, 3, 5, 6]  | readout wires = [1, 3, 5]
2026-09-10 07:36:07,128 INFO 
============================================================
2026-09-10 07:36:07,128 INFO FINAL TRAINING — BloodMNIST 8-class QCNN
2026-09-10 07:36:07,128 INFO ============================================================
2026-09-10 07:36:07,128 INFO   Structure: C-P-C-C-P-C  (6 layers = 4 conv + 2 pool)
2026-09-10 07:36:07,128 INFO   Layer 0 CONV  gate=U_gate     stride=1 step=4 offset=0 boundary=periodic
2026-09-10 07:36:07,128 INFO   Layer 1 POOL  gate=pool_ansatz  pattern=*1
2026-09-10 07:36:07,128 INFO   Layer 2 CONV  gate=U_6        stride=6 step=6 offset=0 boundary=periodic
2026-09-10 07:36:07,128 INFO   Layer 3 CONV  gate=U_SU4      stride=7 step=1 offset=0 boundary=periodic
2026-09-10 07:36:07,128 INFO   Layer 4 POOL  gate=pool_U       pattern=10
2026-09-10 07:36:07,128 INFO   Layer 5 CONV  gate=U_SO4      stride=1 step=6 offset=1 boundary=open
2026-09-10 07:36:07,128 INFO   Qubits surviving: 4 → [1, 3, 5, 6]  | readout wires = [1, 3, 5]
2026-09-10 07:36:07,129 INFO Circuit: 6 layers (4 conv + 2 pool), 169 trainable parameters.
2026-09-10 07:37:56,432 INFO Epoch    1/200 | loss=1.7803 | val_acc=0.4921 | bal_acc=0.4634 | min_recall=0.028 | lr=0.005000
2026-09-10 08:13:42,207 INFO Epoch   20/200 | loss=1.5404 | val_acc=0.4856 | bal_acc=0.5092 | min_recall=0.042 | lr=0.005000
2026-09-10 08:51:14,339 INFO Epoch   40/200 | loss=1.5351 | val_acc=0.4862 | bal_acc=0.5031 | min_recall=0.059 | lr=0.005000
2026-09-10 09:29:08,419 INFO Epoch   60/200 | loss=1.5212 | val_acc=0.5284 | bal_acc=0.5366 | min_recall=0.228 | lr=0.002500
2026-09-10 10:06:40,294 INFO Epoch   80/200 | loss=1.5176 | val_acc=0.5367 | bal_acc=0.5443 | min_recall=0.121 | lr=0.002500
2026-09-10 16:08:39,626 INFO 
============================================================
2026-09-10 16:08:39,626 INFO RESUMING SWEEP RUN: large_pop  (PCA-8)  → experiments/pca8/sweep/large_pop_001
2026-09-10 16:08:39,626 INFO ============================================================
2026-09-10 16:08:39,627 INFO 
--- Linear classifier baseline (on 8 PCA features) ---
2026-09-10 16:08:40,811 INFO   val   | acc=0.6311 | bal_acc=0.6426 | min_recall=0.2664 | auc=0.9187
2026-09-10 16:08:40,811 INFO          per-class: ['0.603', '0.640', '0.639', '0.266', '0.802', '0.528', '0.684', '0.979']
2026-09-10 16:08:40,818 INFO   test  | acc=0.6161 | bal_acc=0.6303 | min_recall=0.2322 | auc=0.9134
2026-09-10 16:08:40,818 INFO          per-class: ['0.679', '0.601', '0.644', '0.232', '0.732', '0.498', '0.685', '0.972']
2026-09-10 16:08:40,818 INFO Linear baseline saved → experiments/pca8/sweep/large_pop_001/linear_baseline.json
2026-09-10 16:08:40,824 INFO Subsampling search training set: 19968 → 2000
2026-09-10 16:08:40,834 INFO Resumed from checkpoint → 155 genotypes, evo_step=15/15, 155 motifs loaded from disk cache
2026-09-10 16:08:40,834 INFO 
=== SEARCH COMPLETE ===
2026-09-10 16:08:40,834 INFO Best val_acc  : 0.5138
2026-09-10 16:08:40,834 INFO Best bal_acc  : 0.5399  (mean per-class recall)
2026-09-10 16:08:40,834 INFO Min recall    : 0.1419  (worst class)
2026-09-10 16:08:40,834 INFO Best fitness  : 0.4713
2026-09-10 16:08:40,834 INFO Params        : 169
2026-09-10 16:08:40,834 INFO Layers        : 6  (4 conv + 2 pool)
2026-09-10 16:08:40,834 INFO Circuit structure:
2026-09-10 16:08:40,834 INFO   Structure: C-P-C-C-P-C  (6 layers = 4 conv + 2 pool)
2026-09-10 16:08:40,834 INFO   Layer 0 CONV  gate=U_gate     stride=1 step=4 offset=0 boundary=periodic
2026-09-10 16:08:40,834 INFO   Layer 1 POOL  gate=pool_ansatz  pattern=*1
2026-09-10 16:08:40,835 INFO   Layer 2 CONV  gate=U_6        stride=6 step=6 offset=0 boundary=periodic
2026-09-10 16:08:40,835 INFO   Layer 3 CONV  gate=U_SU4      stride=7 step=1 offset=0 boundary=periodic
2026-09-10 16:08:40,835 INFO   Layer 4 POOL  gate=pool_U       pattern=10
2026-09-10 16:08:40,835 INFO   Layer 5 CONV  gate=U_SO4      stride=1 step=6 offset=1 boundary=open
2026-09-10 16:08:40,835 INFO   Qubits surviving: 4 → [1, 3, 5, 6]  | readout wires = [1, 3, 5]
2026-09-10 16:08:40,835 INFO 
============================================================
2026-09-10 16:08:40,835 INFO FINAL TRAINING — BloodMNIST 8-class QCNN
2026-09-10 16:08:40,835 INFO ============================================================
2026-09-10 16:08:40,835 INFO   Structure: C-P-C-C-P-C  (6 layers = 4 conv + 2 pool)
2026-09-10 16:08:40,835 INFO   Layer 0 CONV  gate=U_gate     stride=1 step=4 offset=0 boundary=periodic
2026-09-10 16:08:40,835 INFO   Layer 1 POOL  gate=pool_ansatz  pattern=*1
2026-09-10 16:08:40,835 INFO   Layer 2 CONV  gate=U_6        stride=6 step=6 offset=0 boundary=periodic
2026-09-10 16:08:40,835 INFO   Layer 3 CONV  gate=U_SU4      stride=7 step=1 offset=0 boundary=periodic
2026-09-10 16:08:40,835 INFO   Layer 4 POOL  gate=pool_U       pattern=10
2026-09-10 16:08:40,835 INFO   Layer 5 CONV  gate=U_SO4      stride=1 step=6 offset=1 boundary=open
2026-09-10 16:08:40,836 INFO   Qubits surviving: 4 → [1, 3, 5, 6]  | readout wires = [1, 3, 5]
2026-09-10 16:08:40,837 INFO Circuit: 6 layers (4 conv + 2 pool), 169 trainable parameters.
2026-09-10 16:09:12,521 INFO Epoch    1/200 | loss=1.7779 | val_acc=0.4956 | bal_acc=0.4655 | min_recall=0.070 | lr=0.005000
2026-09-10 16:13:18,449 INFO 
============================================================
2026-09-10 16:13:18,449 INFO RESUMING SWEEP RUN: large_pop  (PCA-8)  → experiments/pca8/sweep/large_pop_001
2026-09-10 16:13:18,449 INFO ============================================================
2026-09-10 16:13:18,449 INFO 
--- Linear classifier baseline (on 8 PCA features) ---
2026-09-10 16:13:19,275 INFO   val   | acc=0.6311 | bal_acc=0.6426 | min_recall=0.2664 | auc=0.9187
2026-09-10 16:13:19,275 INFO          per-class: ['0.603', '0.640', '0.639', '0.266', '0.802', '0.528', '0.684', '0.979']
2026-09-10 16:13:19,280 INFO   test  | acc=0.6161 | bal_acc=0.6303 | min_recall=0.2322 | auc=0.9134
2026-09-10 16:13:19,280 INFO          per-class: ['0.679', '0.601', '0.644', '0.232', '0.732', '0.498', '0.685', '0.972']
2026-09-10 16:13:19,280 INFO Linear baseline saved → experiments/pca8/sweep/large_pop_001/linear_baseline.json
2026-09-10 16:13:19,280 INFO Subsampling search training set: 19968 → 2000
2026-09-10 16:13:19,291 INFO Resumed from checkpoint → 155 genotypes, evo_step=15/15, 155 motifs loaded from disk cache
2026-09-10 16:13:19,291 INFO 
=== SEARCH COMPLETE ===
2026-09-10 16:13:19,291 INFO Best val_acc  : 0.5138
2026-09-10 16:13:19,291 INFO Best bal_acc  : 0.5399  (mean per-class recall)
2026-09-10 16:13:19,291 INFO Min recall    : 0.1419  (worst class)
2026-09-10 16:13:19,291 INFO Best fitness  : 0.4713
2026-09-10 16:13:19,291 INFO Params        : 169
2026-09-10 16:13:19,291 INFO Layers        : 6  (4 conv + 2 pool)
2026-09-10 16:13:19,291 INFO Circuit structure:
2026-09-10 16:13:19,292 INFO   Structure: C-P-C-C-P-C  (6 layers = 4 conv + 2 pool)
2026-09-10 16:13:19,292 INFO   Layer 0 CONV  gate=U_gate     stride=1 step=4 offset=0 boundary=periodic
2026-09-10 16:13:19,292 INFO   Layer 1 POOL  gate=pool_ansatz  pattern=*1
2026-09-10 16:13:19,292 INFO   Layer 2 CONV  gate=U_6        stride=6 step=6 offset=0 boundary=periodic
2026-09-10 16:13:19,292 INFO   Layer 3 CONV  gate=U_SU4      stride=7 step=1 offset=0 boundary=periodic
2026-09-10 16:13:19,292 INFO   Layer 4 POOL  gate=pool_U       pattern=10
2026-09-10 16:13:19,292 INFO   Layer 5 CONV  gate=U_SO4      stride=1 step=6 offset=1 boundary=open
2026-09-10 16:13:19,292 INFO   Qubits surviving: 4 → [1, 3, 5, 6]  | readout wires = [1, 3, 5]
2026-09-10 16:13:19,292 INFO 
============================================================
2026-09-10 16:13:19,292 INFO FINAL TRAINING — BloodMNIST 8-class QCNN
2026-09-10 16:13:19,292 INFO ============================================================
2026-09-10 16:13:19,292 INFO   Structure: C-P-C-C-P-C  (6 layers = 4 conv + 2 pool)
2026-09-10 16:13:19,292 INFO   Layer 0 CONV  gate=U_gate     stride=1 step=4 offset=0 boundary=periodic
2026-09-10 16:13:19,292 INFO   Layer 1 POOL  gate=pool_ansatz  pattern=*1
2026-09-10 16:13:19,292 INFO   Layer 2 CONV  gate=U_6        stride=6 step=6 offset=0 boundary=periodic
2026-09-10 16:13:19,292 INFO   Layer 3 CONV  gate=U_SU4      stride=7 step=1 offset=0 boundary=periodic
2026-09-10 16:13:19,292 INFO   Layer 4 POOL  gate=pool_U       pattern=10
2026-09-10 16:13:19,292 INFO   Layer 5 CONV  gate=U_SO4      stride=1 step=6 offset=1 boundary=open
2026-09-10 16:13:19,293 INFO   Qubits surviving: 4 → [1, 3, 5, 6]  | readout wires = [1, 3, 5]
2026-09-10 16:13:19,294 INFO Circuit: 6 layers (4 conv + 2 pool), 169 trainable parameters.
2026-09-10 16:13:51,798 INFO Epoch    1/200 | loss=1.7978 | val_acc=0.4598 | bal_acc=0.4187 | min_recall=0.049 | lr=0.005000
2026-09-10 16:24:04,914 INFO Epoch   20/200 | loss=1.5634 | val_acc=0.4927 | bal_acc=0.4756 | min_recall=0.007 | lr=0.005000
2026-09-10 16:34:44,681 INFO Epoch   40/200 | loss=1.5351 | val_acc=0.5173 | bal_acc=0.5463 | min_recall=0.097 | lr=0.005000
2026-09-10 16:45:31,707 INFO Epoch   60/200 | loss=1.5021 | val_acc=0.5196 | bal_acc=0.5359 | min_recall=0.003 | lr=0.002500
2026-09-10 16:56:26,714 INFO Epoch   80/200 | loss=1.4990 | val_acc=0.5208 | bal_acc=0.5400 | min_recall=0.055 | lr=0.002500
2026-09-10 17:07:32,142 INFO Epoch  100/200 | loss=1.4980 | val_acc=0.5284 | bal_acc=0.5393 | min_recall=0.166 | lr=0.001250
2026-09-10 17:18:17,523 INFO Epoch  120/200 | loss=1.4958 | val_acc=0.5267 | bal_acc=0.5371 | min_recall=0.048 | lr=0.001250
2026-09-10 17:29:08,406 INFO Epoch  140/200 | loss=1.4953 | val_acc=0.5126 | bal_acc=0.5328 | min_recall=0.045 | lr=0.001250
2026-09-10 17:39:57,473 INFO Epoch  160/200 | loss=1.4940 | val_acc=0.5220 | bal_acc=0.5362 | min_recall=0.045 | lr=0.000625
2026-09-10 17:50:43,726 INFO Epoch  180/200 | loss=1.4938 | val_acc=0.5144 | bal_acc=0.5316 | min_recall=0.031 | lr=0.000625
2026-09-10 18:01:35,892 INFO Epoch  200/200 | loss=1.4937 | val_acc=0.5196 | bal_acc=0.5350 | min_recall=0.042 | lr=0.000313
2026-09-10 18:01:35,892 INFO Training log saved → experiments/pca8/sweep/large_pop_001/training_log.csv
2026-09-10 18:01:35,892 INFO Best val fitness: 0.4196
2026-09-10 18:01:35,892 INFO 
--- Test evaluation (best-val checkpoint) ---
2026-09-10 18:01:36,003 INFO Test accuracy    : 0.5173
Test bal. acc    : 0.5552  (mean per-class recall)
Per-class recall : ['0.4837', '0.4243', '0.5708', '0.0736', '0.7104', '0.6901', '0.5030', '0.9858']
Min recall       : 0.0736
Test ROC-AUC OvR : 0.8528
2026-09-10 18:01:36,009 INFO 
              precision    recall  f1-score   support

    basophil       0.41      0.48      0.44       184
  eosinophil       0.52      0.42      0.47       469
erythroblast       0.60      0.57      0.58       233
          ig       0.29      0.07      0.12       435
  lymphocyte       0.48      0.71      0.58       183
    monocyte       0.27      0.69      0.39       213
  neutrophil       0.56      0.50      0.53       501
    platelet       0.96      0.99      0.97       353

    accuracy                           0.52      2571
   macro avg       0.51      0.56      0.51      2571
weighted avg       0.52      0.52      0.50      2571

2026-09-10 18:01:36,351 INFO Plots saved.
2026-09-10 18:01:36,668 INFO Failed to extract font properties from /usr/share/fonts/truetype/noto/NotoColorEmoji.ttf: Can not load face (unknown file format; error code 0x2)
2026-09-10 18:01:37,466 INFO Circuit diagram saved.
2026-09-10 18:01:37,468 INFO 
Run 'large_pop' complete → {'accuracy': 0.5173084402956049, 'bal_acc': 0.5552168027554728, 'per_class_recalls': [0.4836956521476252, 0.4243070362382877, 0.5708154506192783, 0.07356321838911349, 0.7103825136223835, 0.6901408450380215, 0.5029940119660081, 0.9858356940230641], 'roc_auc_ovr': 0.8527674536357899}
2026-09-10 18:01:37,468 INFO 
>>> PCA-8 sweep run 5/11: short_circuits
