2026-09-09 23:18:25,149 INFO 
============================================================
2026-09-09 23:18:25,149 INFO SWEEP RUN: lr_low  (PCA-8)
2026-09-09 23:18:25,149 INFO Params: {'label': 'lr_low', 'LR_EVAL': 0.001, 'N_EPOCHS_EVAL': 60, 'INIT_POP': 10, 'MAX_EVO_STEPS': 10, 'W_CLASS': [0.187, 0.073, 0.147, 0.079, 0.188, 0.161, 0.068, 0.097]}
2026-09-09 23:18:25,149 INFO ============================================================
2026-09-09 23:18:25,149 INFO 
--- Linear classifier baseline (on 8 PCA features) ---
2026-09-09 23:18:26,518 INFO   val   | acc=0.6311 | bal_acc=0.6426 | min_recall=0.2664 | auc=0.9187
2026-09-09 23:18:26,518 INFO          per-class: ['0.603', '0.640', '0.639', '0.266', '0.802', '0.528', '0.684', '0.979']
2026-09-09 23:18:26,526 INFO   test  | acc=0.6161 | bal_acc=0.6303 | min_recall=0.2322 | auc=0.9134
2026-09-09 23:18:26,526 INFO          per-class: ['0.679', '0.601', '0.644', '0.232', '0.732', '0.498', '0.685', '0.972']
2026-09-09 23:18:26,526 INFO Linear baseline saved → experiments/pca8/sweep/lr_low_001/linear_baseline.json
2026-09-09 23:18:26,526 INFO Subsampling search training set: 19968 → 2000
2026-09-09 23:18:26,536 INFO Evaluating initial population...
2026-09-09 23:18:26,536 INFO Config: LR=0.001  epochs=60  pop=10  steps=10  W_CLASS=[0.187, 0.073, 0.147, 0.079, 0.188, 0.161, 0.068, 0.097]
2026-09-09 23:18:26,536 INFO Encoding: single (RY per qubit), 8 PCA components → 8 qubits
2026-09-09 23:18:26,536 INFO Structure: variable length 3–10 layers  | P_CONV=0.6  | min conv=1  | min pool=0  | readout qubits=3
2026-09-09 23:18:26,623 INFO Initial population: 10 valid genotypes
2026-09-09 23:22:13,298 INFO   random     | C-C-P-C                | fitness=0.9183 | val_acc=0.2082 | bal_acc=0.2107 | min_recall=0.0450 | params=58
2026-09-09 23:22:13,300 INFO   random     | C-C-C-P-C              | fitness=0.8740 | val_acc=0.3144 | bal_acc=0.3375 | min_recall=0.0000 | params=162
2026-09-09 23:22:13,301 INFO   random     | C-C-C                  | fitness=0.8594 | val_acc=0.3513 | bal_acc=0.3458 | min_recall=0.0070 | params=48
2026-09-09 23:22:13,302 INFO   random     | C-C-C-C                | fitness=0.9334 | val_acc=0.3877 | bal_acc=0.3355 | min_recall=0.0000 | params=52
2026-09-09 23:22:13,303 INFO   random     | C-C-C-C-C-C            | fitness=0.8390 | val_acc=0.3853 | bal_acc=0.3912 | min_recall=0.0000 | params=89
2026-09-09 23:22:13,305 INFO   random     | P-C-C-C-C-P            | fitness=0.5792 | val_acc=0.4070 | bal_acc=0.4460 | min_recall=0.0761 | params=68
2026-09-09 23:22:13,306 INFO   random     | C-P-C                  | fitness=0.9720 | val_acc=0.1144 | bal_acc=0.1324 | min_recall=0.0415 | params=36
2026-09-09 23:22:13,307 INFO   random     | P-C-C                  | fitness=0.9409 | val_acc=0.1484 | bal_acc=0.2090 | min_recall=0.0000 | params=64
2026-09-09 23:22:13,308 INFO   random     | P-C-C-P                | fitness=0.8675 | val_acc=0.3249 | bal_acc=0.3389 | min_recall=0.0000 | params=67
2026-09-09 23:22:13,310 INFO   random     | C-P-C-C                | fitness=0.9254 | val_acc=0.2974 | bal_acc=0.2942 | min_recall=0.0000 | params=83
2026-09-09 23:22:13,310 INFO 
=== Evo step 1/10 ===
2026-09-09 23:22:13,310 INFO Top-3: -2990655… fit=0.5792  |  -7395055… fit=0.8390  |  -8263794… fit=0.8594
2026-09-09 23:22:13,326 INFO Generated 7 valid novel children
2026-09-09 23:26:42,137 INFO   crossover  | C-C-C-C-C-C-C-C-P      | fitness=0.7528 | val_acc=0.4411 | bal_acc=0.4644 | min_recall=0.0035 | params=150
2026-09-09 23:26:42,138 INFO   crossover  | C-C-C-C-C-C            | fitness=0.7292 | val_acc=0.3994 | bal_acc=0.4052 | min_recall=0.0450 | params=94
2026-09-09 23:26:42,140 INFO   crossover  | C-C-C-C-C-P            | fitness=0.7845 | val_acc=0.3783 | bal_acc=0.4160 | min_recall=0.0000 | params=107
2026-09-09 23:26:42,141 INFO   crossover  | C-C-C-C                | fitness=1.0231 | val_acc=0.1754 | bal_acc=0.1717 | min_recall=0.0070 | params=50
2026-09-09 23:26:42,142 INFO   mutate     | P-C-C-C-P              | fitness=0.7103 | val_acc=0.4534 | bal_acc=0.4559 | min_recall=0.0282 | params=66
2026-09-09 23:26:42,143 INFO   mutate     | C-C-C-C-C-C            | fitness=0.7084 | val_acc=0.3848 | bal_acc=0.3762 | min_recall=0.0775 | params=84
2026-09-09 23:26:42,145 INFO   mutate     | C-C-C-C-C-C-P          | fitness=0.8591 | val_acc=0.3132 | bal_acc=0.3244 | min_recall=0.0141 | params=54
2026-09-09 23:26:42,145 INFO Best so far → val_acc=0.4070  bal_acc=0.4460  min_recall=0.0761  fitness=0.5792  params=68  id=-2990655…
2026-09-09 23:26:42,145 INFO Memory table saved.
2026-09-09 23:26:42,145 INFO 
=== Evo step 2/10 ===
2026-09-09 23:26:42,145 INFO Top-3: -2990655… fit=0.5792  |  -2488002… fit=0.7084  |  -2104788… fit=0.7103
2026-09-09 23:26:42,164 INFO Generated 8 valid novel children
2026-09-09 23:31:26,859 INFO   crossover  | P-C-C-C-P              | fitness=0.7350 | val_acc=0.4364 | bal_acc=0.4391 | min_recall=0.0241 | params=68
2026-09-09 23:31:26,861 INFO   crossover  | C-C-C-C-C-P            | fitness=0.8434 | val_acc=0.2997 | bal_acc=0.3351 | min_recall=0.0090 | params=108
2026-09-09 23:31:26,866 INFO   crossover  | C-C-C-C-C-C-C-C-P      | fitness=0.5489 | val_acc=0.4786 | bal_acc=0.4851 | min_recall=0.1315 | params=166
2026-09-09 23:31:26,867 INFO   crossover  | P-C-P                  | fitness=0.8496 | val_acc=0.4035 | bal_acc=0.3829 | min_recall=0.0000 | params=54
2026-09-09 23:31:26,868 INFO   crossover  | P-C-C-C-C              | fitness=0.7050 | val_acc=0.4387 | bal_acc=0.4473 | min_recall=0.0282 | params=66
2026-09-09 23:31:26,869 INFO   mutate     | P-C-C-C-C              | fitness=0.8101 | val_acc=0.3730 | bal_acc=0.3922 | min_recall=0.0000 | params=62
2026-09-09 23:31:26,871 INFO   mutate     | C-C-C-C-C-C            | fitness=0.7435 | val_acc=0.3918 | bal_acc=0.4039 | min_recall=0.0323 | params=87
2026-09-09 23:31:26,872 INFO   mutate     | P-C-C-C-P-C            | fitness=0.5456 | val_acc=0.4792 | bal_acc=0.4800 | min_recall=0.1761 | params=76
2026-09-09 23:31:26,872 INFO Best so far → val_acc=0.4792  bal_acc=0.4800  min_recall=0.1761  fitness=0.5456  params=76  id=39575792…
2026-09-09 23:31:26,873 INFO Memory table saved.
2026-09-09 23:31:26,873 INFO 
=== Evo step 3/10 ===
2026-09-09 23:31:26,873 INFO Top-3: 39575792… fit=0.5456  |  -7651100… fit=0.5489  |  -2990655… fit=0.5792
2026-09-09 23:31:26,882 INFO Generated 9 valid novel children
2026-09-09 23:37:17,731 INFO   crossover  | P-C-C-C-C-P            | fitness=0.5367 | val_acc=0.4123 | bal_acc=0.4484 | min_recall=0.1557 | params=72
2026-09-09 23:37:17,733 INFO   crossover  | P-C-C-C-C-C-C-C-P      | fitness=0.5252 | val_acc=0.4927 | bal_acc=0.5000 | min_recall=0.1903 | params=104
2026-09-09 23:37:17,738 INFO   crossover  | C-C-C-C-C-C-C-C-C-C    | fitness=0.6808 | val_acc=0.4059 | bal_acc=0.4421 | min_recall=0.0452 | params=197
2026-09-09 23:37:17,739 INFO   crossover  | C-C-C-C-C-C-P          | fitness=0.8012 | val_acc=0.3824 | bal_acc=0.3904 | min_recall=0.0208 | params=108
2026-09-09 23:37:17,740 INFO   crossover  | C-C-C-C-C-C-P-C        | fitness=0.8032 | val_acc=0.3777 | bal_acc=0.4052 | min_recall=0.0069 | params=156
2026-09-09 23:37:17,742 INFO   crossover  | C-C-C-C-C-C-P          | fitness=0.6741 | val_acc=0.4129 | bal_acc=0.4266 | min_recall=0.0623 | params=136
2026-09-09 23:37:17,743 INFO   mutate     | P-C-C-C-P-C            | fitness=0.5715 | val_acc=0.4264 | bal_acc=0.4420 | min_recall=0.0968 | params=76
2026-09-09 23:37:17,744 INFO   mutate     | C-C-C-C-C-C-C-P        | fitness=0.7368 | val_acc=0.3707 | bal_acc=0.4361 | min_recall=0.0000 | params=138
2026-09-09 23:37:17,745 INFO   mutate     | C-C-C-C-C-P            | fitness=0.7134 | val_acc=0.4088 | bal_acc=0.4544 | min_recall=0.0104 | params=120
2026-09-09 23:37:17,745 INFO Best so far → val_acc=0.4927  bal_acc=0.5000  min_recall=0.1903  fitness=0.5252  params=104  id=-8191732…
2026-09-09 23:37:17,746 INFO Memory table saved.
2026-09-09 23:37:17,746 INFO 
=== Evo step 4/10 ===
2026-09-09 23:37:17,747 INFO Top-3: -8191732… fit=0.5252  |  -3041761… fit=0.5367  |  -6952786… fit=0.9720
2026-09-09 23:37:17,761 INFO Generated 9 valid novel children
2026-09-09 23:40:52,616 INFO   crossover  | P-C-C-C-C-C-C-P        | fitness=0.5423 | val_acc=0.5009 | bal_acc=0.5379 | min_recall=0.0588 | params=104
2026-09-09 23:40:52,618 INFO   crossover  | P-C-C-C-C-C-C-C-C-P    | fitness=0.5915 | val_acc=0.4938 | bal_acc=0.5274 | min_recall=0.0450 | params=116
2026-09-09 23:40:52,619 INFO   crossover  | P-C-C-C-C-C-C-P        | fitness=0.6972 | val_acc=0.4287 | bal_acc=0.4584 | min_recall=0.0277 | params=92
2026-09-09 23:40:52,621 INFO   crossover  | P-C-P-C                | fitness=0.7247 | val_acc=0.4293 | bal_acc=0.4136 | min_recall=0.0493 | params=64
2026-09-09 23:40:52,622 INFO   crossover  | P-C-C-P                | fitness=0.7250 | val_acc=0.3883 | bal_acc=0.4237 | min_recall=0.0151 | params=54
2026-09-09 23:40:52,623 INFO   crossover  | P-C-C-C-C-P            | fitness=0.7048 | val_acc=0.4205 | bal_acc=0.4530 | min_recall=0.0211 | params=78
2026-09-09 23:40:52,625 INFO   mutate     | P-C-C-C-C-C-C-P        | fitness=0.4992 | val_acc=0.4774 | bal_acc=0.5133 | min_recall=0.0934 | params=102
2026-09-09 23:40:52,626 INFO   mutate     | P-C-C-C-P              | fitness=0.6404 | val_acc=0.4217 | bal_acc=0.4241 | min_recall=0.0775 | params=72
2026-09-09 23:40:52,630 INFO   mutate     | P-P-C-C-C-P-C          | fitness=0.7608 | val_acc=0.4023 | bal_acc=0.4358 | min_recall=0.0000 | params=76
2026-09-09 23:40:52,630 INFO Best so far → val_acc=0.4774  bal_acc=0.5133  min_recall=0.0934  fitness=0.4992  params=102  id=-7862852…
2026-09-09 23:40:52,632 INFO Memory table saved.
2026-09-09 23:40:52,632 INFO 
=== Evo step 5/10 ===
2026-09-09 23:40:52,632 INFO Top-3: -7862852… fit=0.4992  |  -8191732… fit=0.5252  |  -6257103… fit=0.8496
2026-09-09 23:40:52,638 INFO Generated 9 valid novel children
2026-09-09 23:45:33,995 INFO   crossover  | P-C-C-C-C-C-C-C-P      | fitness=0.5369 | val_acc=0.4974 | bal_acc=0.4959 | min_recall=0.1268 | params=102
2026-09-09 23:45:33,996 INFO   crossover  | P-C-C-C-C-C-C-C-C-P    | fitness=0.5812 | val_acc=0.5056 | bal_acc=0.5446 | min_recall=0.0381 | params=126
2026-09-09 23:45:33,997 INFO   crossover  | P-C-C-C-C-C-C-C-C-C    | fitness=0.6119 | val_acc=0.4886 | bal_acc=0.5136 | min_recall=0.0450 | params=132
2026-09-09 23:45:33,999 INFO   crossover  | P-C-C-C-C-C-C-C-P-C    | fitness=0.6178 | val_acc=0.5067 | bal_acc=0.5409 | min_recall=0.0242 | params=108
2026-09-09 23:45:34,000 INFO   crossover  | C-C-C-C-C-C-P          | fitness=0.8153 | val_acc=0.3818 | bal_acc=0.3800 | min_recall=0.0242 | params=132
2026-09-09 23:45:34,005 INFO   crossover  | C-C-C-C-C-C-C-P        | fitness=0.7693 | val_acc=0.4029 | bal_acc=0.4169 | min_recall=0.0242 | params=134
2026-09-09 23:45:34,006 INFO   mutate     | P-C-C-C-C-C-P          | fitness=0.5199 | val_acc=0.4757 | bal_acc=0.4921 | min_recall=0.1626 | params=102
2026-09-09 23:45:34,007 INFO   mutate     | P-C-C-C-C-C-C-C-P      | fitness=0.5436 | val_acc=0.4956 | bal_acc=0.5322 | min_recall=0.0657 | params=134
2026-09-09 23:45:34,009 INFO   mutate     | C-C-C-C-C-C            | fitness=0.7070 | val_acc=0.4023 | bal_acc=0.4370 | min_recall=0.0271 | params=102
2026-09-09 23:45:34,009 INFO Best so far → val_acc=0.4774  bal_acc=0.5133  min_recall=0.0934  fitness=0.4992  params=102  id=-7862852…
2026-09-09 23:45:34,010 INFO Memory table saved.
2026-09-09 23:45:34,010 INFO 
=== Evo step 6/10 ===
2026-09-09 23:45:34,010 INFO Top-3: -7862852… fit=0.4992  |  21737279… fit=0.5199  |  -8191732… fit=0.5252
2026-09-09 23:45:34,016 INFO Generated 9 valid novel children
2026-09-09 23:50:17,656 INFO   crossover  | P-C-C-C-C-C-C-P-C-C    | fitness=0.5552 | val_acc=0.5132 | bal_acc=0.5559 | min_recall=0.0450 | params=128
2026-09-09 23:50:17,657 INFO   crossover  | P-C-C-C-C-C-C-C-P      | fitness=0.5766 | val_acc=0.4938 | bal_acc=0.5363 | min_recall=0.0415 | params=114
2026-09-09 23:50:17,659 INFO   crossover  | P-C-C-C-C-C-C-C-C-C    | fitness=0.5824 | val_acc=0.4886 | bal_acc=0.5316 | min_recall=0.0450 | params=144
2026-09-09 23:50:17,664 INFO   crossover  | P-C-C-C-C-C-C-C-C-P    | fitness=0.6520 | val_acc=0.5032 | bal_acc=0.5307 | min_recall=0.0173 | params=140
2026-09-09 23:50:17,665 INFO   crossover  | P-C-C-P                | fitness=0.7534 | val_acc=0.4475 | bal_acc=0.4494 | min_recall=0.0065 | params=56
2026-09-09 23:50:17,666 INFO   crossover  | P-C-C-P                | fitness=0.8164 | val_acc=0.3924 | bal_acc=0.3983 | min_recall=0.0000 | params=66
2026-09-09 23:50:17,667 INFO   mutate     | P-C-C-C-C-C-C-C-P      | fitness=0.5680 | val_acc=0.4933 | bal_acc=0.4790 | min_recall=0.1690 | params=108
2026-09-09 23:50:17,669 INFO   mutate     | P-C-C-C-C-P            | fitness=0.6347 | val_acc=0.5073 | bal_acc=0.5266 | min_recall=0.0242 | params=102
2026-09-09 23:50:17,670 INFO   mutate     | P-C-C-C-P              | fitness=0.7531 | val_acc=0.4340 | bal_acc=0.4477 | min_recall=0.0070 | params=74
2026-09-09 23:50:17,670 INFO Best so far → val_acc=0.4774  bal_acc=0.5133  min_recall=0.0934  fitness=0.4992  params=102  id=-7862852…
2026-09-09 23:50:17,672 INFO Memory table saved.
2026-09-09 23:50:17,672 INFO 
=== Evo step 7/10 ===
2026-09-09 23:50:17,672 INFO Top-3: -7862852… fit=0.4992  |  21737279… fit=0.5199  |  75673571… fit=0.6520
2026-09-09 23:50:17,678 INFO Generated 9 valid novel children
2026-09-09 23:54:48,781 INFO   crossover  | P-C-C-C-C-C-P          | fitness=0.5641 | val_acc=0.4375 | bal_acc=0.4869 | min_recall=0.0657 | params=90
2026-09-09 23:54:48,783 INFO   crossover  | P-C-C-C-C-C-C-P-C-C    | fitness=0.6724 | val_acc=0.4798 | bal_acc=0.5243 | min_recall=0.0000 | params=120
2026-09-09 23:54:48,804 INFO   crossover  | P-C-C-C-C-C-C-C-P      | fitness=0.5062 | val_acc=0.4927 | bal_acc=0.5119 | min_recall=0.1453 | params=114
2026-09-09 23:54:48,805 INFO   crossover  | P-C-C-C-C-P            | fitness=0.7362 | val_acc=0.4680 | bal_acc=0.4638 | min_recall=0.0129 | params=78
2026-09-09 23:54:48,807 INFO   crossover  | P-C-C-C-C-C-C-C-C-C    | fitness=0.5743 | val_acc=0.5120 | bal_acc=0.5450 | min_recall=0.0450 | params=122
2026-09-09 23:54:48,808 INFO   crossover  | P-C-C-C-C-C-C-C-C-C    | fitness=0.6785 | val_acc=0.4938 | bal_acc=0.5211 | min_recall=0.0069 | params=134
2026-09-09 23:54:48,809 INFO   mutate     | P-C-C-C-C-C-C-P        | fitness=0.6939 | val_acc=0.4575 | bal_acc=0.5018 | min_recall=0.0000 | params=122
2026-09-09 23:54:48,811 INFO   mutate     | P-C-C-C-C-C-P          | fitness=0.5589 | val_acc=0.4680 | bal_acc=0.4681 | min_recall=0.1197 | params=84
2026-09-09 23:54:48,812 INFO   mutate     | P-C-C-C-C-C-C-C-P      | fitness=0.4501 | val_acc=0.5114 | bal_acc=0.5486 | min_recall=0.1176 | params=100
2026-09-09 23:54:48,812 INFO Best so far → val_acc=0.5114  bal_acc=0.5486  min_recall=0.1176  fitness=0.4501  params=100  id=27425084…
2026-09-09 23:54:48,814 INFO Memory table saved.
2026-09-09 23:54:48,814 INFO 
=== Evo step 8/10 ===
2026-09-09 23:54:48,814 INFO Top-3: 27425084… fit=0.4501  |  -7862852… fit=0.4992  |  66249229… fit=0.5062
2026-09-09 23:54:48,820 INFO Generated 9 valid novel children
2026-09-10 00:00:20,303 INFO   crossover  | P-C-C-C-C-C-C-C-C-C    | fitness=0.4980 | val_acc=0.4762 | bal_acc=0.5110 | min_recall=0.1176 | params=110
2026-09-10 00:00:20,304 INFO   crossover  | P-C-C-C-C-C-C-C-C-C    | fitness=0.5501 | val_acc=0.4809 | bal_acc=0.5224 | min_recall=0.0657 | params=134
2026-09-10 00:00:20,305 INFO   crossover  | P-C-C-C-C-C-C-C-P      | fitness=0.4857 | val_acc=0.5279 | bal_acc=0.5380 | min_recall=0.1453 | params=110
2026-09-10 00:00:20,307 INFO   crossover  | P-C-C-C-C-C-C-C-C-P    | fitness=0.6044 | val_acc=0.4680 | bal_acc=0.5096 | min_recall=0.0450 | params=138
2026-09-10 00:00:20,308 INFO   crossover  | P-C-C-C-C-C-C-C-P-C    | fitness=0.5749 | val_acc=0.4991 | bal_acc=0.5302 | min_recall=0.0519 | params=132
2026-09-10 00:00:20,309 INFO   crossover  | P-C-C-C-C-C-C-C-C-C    | fitness=0.5593 | val_acc=0.4921 | bal_acc=0.5263 | min_recall=0.0588 | params=120
2026-09-10 00:00:20,314 INFO   mutate     | P-C-C-C-C-C-C-P        | fitness=0.5405 | val_acc=0.5050 | bal_acc=0.5471 | min_recall=0.0519 | params=100
2026-09-10 00:00:20,315 INFO   mutate     | C-C-C-C-C-C-P          | fitness=0.7516 | val_acc=0.4305 | bal_acc=0.4542 | min_recall=0.0060 | params=176
2026-09-10 00:00:20,316 INFO   mutate     | P-C-C-C-C-C-C-C-P      | fitness=0.5281 | val_acc=0.4745 | bal_acc=0.4930 | min_recall=0.1687 | params=118
2026-09-10 00:00:20,316 INFO Best so far → val_acc=0.5114  bal_acc=0.5486  min_recall=0.1176  fitness=0.4501  params=100  id=27425084…
2026-09-10 00:00:20,318 INFO Memory table saved.
2026-09-10 00:00:20,318 INFO 
=== Evo step 9/10 ===
2026-09-10 00:00:20,318 INFO Top-3: 27425084… fit=0.4501  |  18182890… fit=0.4857  |  33495083… fit=0.4980
2026-09-10 00:00:20,324 INFO Generated 9 valid novel children
2026-09-10 00:04:40,165 INFO   crossover  | P-C-C-C-C-C-C-C-P-C    | fitness=0.6214 | val_acc=0.4680 | bal_acc=0.5053 | min_recall=0.0381 | params=108
2026-09-10 00:04:40,166 INFO   crossover  | P-C-C-C-C-C-P          | fitness=0.8048 | val_acc=0.4094 | bal_acc=0.4152 | min_recall=0.0000 | params=78
2026-09-10 00:04:40,168 INFO   crossover  | P-C-C-C-C-C-P          | fitness=0.5738 | val_acc=0.4123 | bal_acc=0.4681 | min_recall=0.0693 | params=98
2026-09-10 00:04:40,169 INFO   crossover  | P-C-C-C-C-C-C-C-C-C    | fitness=0.5950 | val_acc=0.4956 | bal_acc=0.5338 | min_recall=0.0381 | params=122
2026-09-10 00:04:40,170 INFO   crossover  | C-C-C-C-C-P            | fitness=0.7382 | val_acc=0.4311 | bal_acc=0.4487 | min_recall=0.0120 | params=93
2026-09-10 00:04:40,175 INFO   crossover  | C-C-C-C-C-C-C-P        | fitness=0.7669 | val_acc=0.4252 | bal_acc=0.4305 | min_recall=0.0129 | params=130
2026-09-10 00:04:40,176 INFO   mutate     | P-C-C-C-C-C-C-C-C-P    | fitness=0.5136 | val_acc=0.4463 | bal_acc=0.4896 | min_recall=0.0969 | params=115
2026-09-10 00:04:40,178 INFO   mutate     | P-C-C-C-C-C-C-C-P      | fitness=0.4891 | val_acc=0.5032 | bal_acc=0.5274 | min_recall=0.2318 | params=116
2026-09-10 00:04:40,179 INFO   mutate     | C-C-C-C-C-C-C-P        | fitness=0.6674 | val_acc=0.3408 | bal_acc=0.4042 | min_recall=0.0512 | params=98
2026-09-10 00:04:40,179 INFO Best so far → val_acc=0.5114  bal_acc=0.5486  min_recall=0.1176  fitness=0.4501  params=100  id=27425084…
2026-09-10 00:04:40,181 INFO Memory table saved.
2026-09-10 00:04:40,181 INFO 
=== Evo step 10/10 ===
2026-09-10 00:04:40,182 INFO Top-3: 27425084… fit=0.4501  |  18182890… fit=0.4857  |  35549080… fit=0.5589
2026-09-10 00:04:40,186 INFO Generated 9 valid novel children
2026-09-10 00:08:51,964 INFO   crossover  | P-C-C-C-C-P            | fitness=0.5876 | val_acc=0.4446 | bal_acc=0.4681 | min_recall=0.0710 | params=64
2026-09-10 00:08:51,966 INFO   crossover  | P-C-C-C-C-C-C-C-C-P    | fitness=0.6323 | val_acc=0.4968 | bal_acc=0.5319 | min_recall=0.0208 | params=118
2026-09-10 00:08:51,973 INFO   crossover  | P-C-C-C-C-C-C-P        | fitness=0.4977 | val_acc=0.4751 | bal_acc=0.5070 | min_recall=0.1453 | params=98
2026-09-10 00:08:51,974 INFO   crossover  | P-C-C-C-C-P            | fitness=0.7251 | val_acc=0.4639 | bal_acc=0.4530 | min_recall=0.0282 | params=86
2026-09-10 00:08:51,976 INFO   crossover  | P-C-C-P                | fitness=0.8506 | val_acc=0.3255 | bal_acc=0.3479 | min_recall=0.0000 | params=50
2026-09-10 00:08:51,977 INFO   crossover  | P-C-C-C-C-C-C-C-C-C    | fitness=0.6526 | val_acc=0.4962 | bal_acc=0.5323 | min_recall=0.0104 | params=126
2026-09-10 00:08:51,978 INFO   mutate     | P-C-C-C-C-C-C-C-P      | fitness=0.7991 | val_acc=0.3372 | bal_acc=0.3885 | min_recall=0.0000 | params=84
2026-09-10 00:08:51,980 INFO   mutate     | P-C-C-C-C-C-C-C-P      | fitness=0.5022 | val_acc=0.4340 | bal_acc=0.4851 | min_recall=0.1073 | params=108
2026-09-10 00:08:51,981 INFO   mutate     | P-C-C-C-C-C-C-C-P      | fitness=0.4821 | val_acc=0.4874 | bal_acc=0.5216 | min_recall=0.2007 | params=106
2026-09-10 00:08:51,981 INFO Best so far → val_acc=0.5114  bal_acc=0.5486  min_recall=0.1176  fitness=0.4501  params=100  id=27425084…
2026-09-10 00:08:51,983 INFO Memory table saved.
2026-09-10 00:08:51,983 INFO 
=== SEARCH COMPLETE ===
2026-09-10 00:08:51,983 INFO Best val_acc  : 0.5114
2026-09-10 00:08:51,983 INFO Best bal_acc  : 0.5486  (mean per-class recall)
2026-09-10 00:08:51,983 INFO Min recall    : 0.1176  (worst class)
2026-09-10 00:08:51,984 INFO Best fitness  : 0.4501
2026-09-10 00:08:51,984 INFO Params        : 100
2026-09-10 00:08:51,984 INFO Layers        : 9  (7 conv + 2 pool)
2026-09-10 00:08:51,984 INFO Circuit structure:
2026-09-10 00:08:51,984 INFO   Structure: P-C-C-C-C-C-C-C-P  (9 layers = 7 conv + 2 pool)
2026-09-10 00:08:51,984 INFO   Layer 0 POOL  gate=pool_U       pattern=*!
2026-09-10 00:08:51,984 INFO   Layer 1 CONV  gate=U_gate     stride=6 step=3 offset=1 boundary=open
2026-09-10 00:08:51,984 INFO   Layer 2 CONV  gate=U_15       stride=4 step=1 offset=1 boundary=periodic
2026-09-10 00:08:51,984 INFO   Layer 3 CONV  gate=U_14       stride=1 step=1 offset=0 boundary=periodic
2026-09-10 00:08:51,984 INFO   Layer 4 CONV  gate=U_9        stride=4 step=5 offset=0 boundary=open
2026-09-10 00:08:51,984 INFO   Layer 5 CONV  gate=U_gate     stride=6 step=3 offset=1 boundary=open
2026-09-10 00:08:51,984 INFO   Layer 6 CONV  gate=U_15       stride=4 step=1 offset=1 boundary=periodic
2026-09-10 00:08:51,984 INFO   Layer 7 CONV  gate=U_14       stride=1 step=1 offset=0 boundary=periodic
2026-09-10 00:08:51,984 INFO   Layer 8 POOL  gate=pool_ansatz  pattern=1*
2026-09-10 00:08:51,984 INFO   Qubits surviving: 3 → [1, 2, 3]  | readout wires = [1, 2, 3]
2026-09-10 00:08:51,984 INFO 
============================================================
2026-09-10 00:08:51,985 INFO FINAL TRAINING — BloodMNIST 8-class QCNN
2026-09-10 00:08:51,985 INFO ============================================================
2026-09-10 00:08:51,985 INFO   Structure: P-C-C-C-C-C-C-C-P  (9 layers = 7 conv + 2 pool)
2026-09-10 00:08:51,985 INFO   Layer 0 POOL  gate=pool_U       pattern=*!
2026-09-10 00:08:51,985 INFO   Layer 1 CONV  gate=U_gate     stride=6 step=3 offset=1 boundary=open
2026-09-10 00:08:51,985 INFO   Layer 2 CONV  gate=U_15       stride=4 step=1 offset=1 boundary=periodic
2026-09-10 00:08:51,985 INFO   Layer 3 CONV  gate=U_14       stride=1 step=1 offset=0 boundary=periodic
2026-09-10 00:08:51,985 INFO   Layer 4 CONV  gate=U_9        stride=4 step=5 offset=0 boundary=open
2026-09-10 00:08:51,985 INFO   Layer 5 CONV  gate=U_gate     stride=6 step=3 offset=1 boundary=open
2026-09-10 00:08:51,985 INFO   Layer 6 CONV  gate=U_15       stride=4 step=1 offset=1 boundary=periodic
2026-09-10 00:08:51,985 INFO   Layer 7 CONV  gate=U_14       stride=1 step=1 offset=0 boundary=periodic
2026-09-10 00:08:51,985 INFO   Layer 8 POOL  gate=pool_ansatz  pattern=1*
2026-09-10 00:08:51,985 INFO   Qubits surviving: 3 → [1, 2, 3]  | readout wires = [1, 2, 3]
2026-09-10 00:08:51,986 INFO Circuit: 9 layers (7 conv + 2 pool), 100 trainable parameters.
2026-09-10 00:10:47,968 INFO Epoch    1/200 | loss=1.6775 | val_acc=0.4933 | bal_acc=0.4969 | min_recall=0.093 | lr=0.005000
2026-09-10 00:47:42,469 INFO Epoch   20/200 | loss=1.5089 | val_acc=0.4751 | bal_acc=0.5231 | min_recall=0.131 | lr=0.005000
2026-09-10 01:26:24,609 INFO Epoch   40/200 | loss=1.4780 | val_acc=0.5431 | bal_acc=0.5636 | min_recall=0.083 | lr=0.005000
2026-09-10 02:04:59,209 INFO Epoch   60/200 | loss=1.4716 | val_acc=0.5337 | bal_acc=0.5576 | min_recall=0.010 | lr=0.002500
2026-09-10 02:29:38,837 INFO Epoch   80/200 | loss=1.4707 | val_acc=0.5226 | bal_acc=0.5514 | min_recall=0.007 | lr=0.002500
2026-09-10 02:59:01,162 INFO Epoch  100/200 | loss=1.4705 | val_acc=0.5331 | bal_acc=0.5588 | min_recall=0.028 | lr=0.001250
2026-09-10 03:35:33,050 INFO Epoch  120/200 | loss=1.4684 | val_acc=0.5026 | bal_acc=0.5413 | min_recall=0.055 | lr=0.001250
2026-09-10 04:12:39,288 INFO Epoch  140/200 | loss=1.4684 | val_acc=0.5261 | bal_acc=0.5613 | min_recall=0.017 | lr=0.001250
2026-09-10 04:49:28,194 INFO Epoch  160/200 | loss=1.4675 | val_acc=0.5367 | bal_acc=0.5618 | min_recall=0.028 | lr=0.000625
2026-09-10 05:26:31,662 INFO Epoch  180/200 | loss=1.4677 | val_acc=0.5326 | bal_acc=0.5612 | min_recall=0.031 | lr=0.000625
2026-09-10 06:03:22,135 INFO Epoch  200/200 | loss=1.4675 | val_acc=0.5308 | bal_acc=0.5619 | min_recall=0.000 | lr=0.000313
2026-09-10 06:03:22,136 INFO Training log saved → experiments/pca8/sweep/lr_low_001/training_log.csv
2026-09-10 06:03:22,136 INFO Best val fitness: 0.4022
2026-09-10 06:03:22,136 INFO 
--- Test evaluation (best-val checkpoint) ---
2026-09-10 06:03:23,445 INFO Test accuracy    : 0.5263
Test bal. acc    : 0.5673  (mean per-class recall)
Per-class recall : ['0.6033', '0.4883', '0.5365', '0.0000', '0.7486', '0.6526', '0.5349', '0.9745']
Min recall       : 0.0000
Test ROC-AUC OvR : 0.8679
2026-09-10 06:03:23,457 INFO 
              precision    recall  f1-score   support

    basophil       0.30      0.60      0.40       184
  eosinophil       0.56      0.49      0.52       469
erythroblast       0.58      0.54      0.56       233
          ig       0.00      0.00      0.00       435
  lymphocyte       0.45      0.75      0.56       183
    monocyte       0.28      0.65      0.39       213
  neutrophil       0.64      0.53      0.58       501
    platelet       0.96      0.97      0.96       353

    accuracy                           0.53      2571
   macro avg       0.47      0.57      0.50      2571
weighted avg       0.49      0.53      0.49      2571

2026-09-10 06:03:23,807 INFO Plots saved.
2026-09-10 06:03:24,146 INFO Failed to extract font properties from /usr/share/fonts/truetype/noto/NotoColorEmoji.ttf: Can not load face (unknown file format; error code 0x2)
2026-09-10 06:03:24,802 INFO Circuit diagram saved.
2026-09-10 06:03:24,806 INFO 
Run 'lr_low' complete → {'accuracy': 0.5262543757292882, 'bal_acc': 0.5673331132014205, 'per_class_recalls': [0.6032608695324314, 0.48827292109833104, 0.536480686672254, 0.0, 0.7486338797405118, 0.6525821595937754, 0.5349301397098817, 0.9745042492641783], 'roc_auc_ovr': 0.8678874753863992}
2026-09-10 06:03:24,806 INFO 
>>> PCA-8 sweep run 4/11: large_pop
