2026-09-15 00:32:13,138 INFO 
============================================================
2026-09-15 00:32:13,138 INFO SWEEP RUN: large_pop  (PCA-16)
2026-09-15 00:32:13,138 INFO Params: {'label': 'large_pop', 'LR_EVAL': 0.003, 'N_EPOCHS_EVAL': 60, 'INIT_POP': 20, 'MAX_EVO_STEPS': 15, 'W_CLASS': [0.187, 0.073, 0.147, 0.079, 0.188, 0.161, 0.068, 0.097]}
2026-09-15 00:32:13,138 INFO ============================================================
2026-09-15 00:32:13,138 INFO PCA-16 budget scaled down for tractability: N_EPOCHS_EVAL=20, MAX_EVO_STEPS=5, FINAL_N_EPOCHS=60, FINAL_LR_STEP=15
2026-09-15 00:32:13,139 INFO 
--- Linear classifier baseline (on 16 PCA features) ---
2026-09-15 00:32:14,444 INFO   val   | acc=0.6850 | bal_acc=0.6894 | min_recall=0.4429 | auc=0.9333
2026-09-15 00:32:14,444 INFO          per-class: ['0.603', '0.711', '0.645', '0.443', '0.810', '0.634', '0.687', '0.983']
2026-09-15 00:32:14,449 INFO   test  | acc=0.6678 | bal_acc=0.6769 | min_recall=0.3586 | auc=0.9303
2026-09-15 00:32:14,449 INFO          per-class: ['0.690', '0.706', '0.665', '0.359', '0.721', '0.620', '0.677', '0.977']
2026-09-15 00:32:14,449 INFO Linear baseline saved → experiments/pca16/sweep/large_pop_001/linear_baseline.json
2026-09-15 00:32:14,449 INFO Subsampling search training set: 19968 → 2000
2026-09-15 00:32:14,450 INFO Evaluating initial population...
2026-09-15 00:32:14,450 INFO Config: LR=0.003  epochs=20  pop=20  steps=5  W_CLASS=[0.187, 0.073, 0.147, 0.079, 0.188, 0.161, 0.068, 0.097]
2026-09-15 00:32:14,450 INFO Encoding: dense (RX + RY per qubit), 16 PCA components → 8 qubits
2026-09-15 00:32:14,450 INFO Structure: variable length 3–10 layers  | P_CONV=0.6  | min conv=1  | min pool=0  | readout qubits=3
2026-09-15 00:32:14,493 INFO Initial population: 20 valid genotypes
2026-09-15 00:33:42,361 INFO   random     | C-P-P-C-C              | fitness=0.8356 | val_acc=0.3243 | bal_acc=0.3158 | min_recall=0.0415 | params=62
2026-09-15 00:33:42,361 INFO   random     | C-C-C-C-C-C-P          | fitness=0.7110 | val_acc=0.3830 | bal_acc=0.4129 | min_recall=0.0415 | params=131
2026-09-15 00:33:42,362 INFO   random     | P-C-C-C-P-C            | fitness=0.8082 | val_acc=0.3935 | bal_acc=0.3511 | min_recall=0.0579 | params=119
2026-09-15 00:33:42,362 INFO   random     | C-C-C-C-C-C-C-C        | fitness=0.6847 | val_acc=0.4035 | bal_acc=0.4083 | min_recall=0.0761 | params=174
2026-09-15 00:33:42,362 INFO   random     | C-C-C                  | fitness=0.8249 | val_acc=0.4411 | bal_acc=0.4128 | min_recall=0.0069 | params=82
2026-09-15 00:33:42,362 INFO   random     | C-C-C                  | fitness=0.9421 | val_acc=0.3308 | bal_acc=0.3013 | min_recall=0.0000 | params=53
2026-09-15 00:33:42,362 INFO   random     | C-C-C                  | fitness=0.8624 | val_acc=0.2510 | bal_acc=0.2339 | min_recall=0.0704 | params=39
2026-09-15 00:33:42,363 INFO   random     | C-P-C-C                | fitness=1.0096 | val_acc=0.2422 | bal_acc=0.2214 | min_recall=0.0000 | params=71
2026-09-15 00:33:42,363 INFO   random     | C-C-C                  | fitness=0.8145 | val_acc=0.3724 | bal_acc=0.3466 | min_recall=0.0423 | params=50
2026-09-15 00:33:42,363 INFO   random     | C-C-C-P-C              | fitness=0.8485 | val_acc=0.3296 | bal_acc=0.3591 | min_recall=0.0000 | params=97
2026-09-15 00:33:42,363 INFO   random     | C-C-C-P-C-C-C-C-C      | fitness=0.5938 | val_acc=0.4692 | bal_acc=0.4719 | min_recall=0.0900 | params=137
2026-09-15 00:33:42,364 INFO   random     | C-C-P-P                | fitness=0.9095 | val_acc=0.3472 | bal_acc=0.3259 | min_recall=0.0000 | params=56
2026-09-15 00:33:42,364 INFO   random     | C-C-C-C                | fitness=0.8666 | val_acc=0.3015 | bal_acc=0.3131 | min_recall=0.0141 | params=50
2026-09-15 00:33:42,364 INFO   random     | C-C-P                  | fitness=0.9214 | val_acc=0.2111 | bal_acc=0.1899 | min_recall=0.0634 | params=36
2026-09-15 00:33:42,364 INFO   random     | C-C-P-C                | fitness=0.9649 | val_acc=0.2974 | bal_acc=0.2563 | min_recall=0.0248 | params=76
2026-09-15 00:33:42,365 INFO   random     | C-C-C-C-C-P            | fitness=0.8399 | val_acc=0.3507 | bal_acc=0.3733 | min_recall=0.0000 | params=70
2026-09-15 00:33:42,365 INFO   random     | C-P-C-P                | fitness=1.0350 | val_acc=0.2188 | bal_acc=0.1966 | min_recall=0.0000 | params=47
2026-09-15 00:33:42,365 INFO   random     | C-C-P-P                | fitness=0.7799 | val_acc=0.2927 | bal_acc=0.3078 | min_recall=0.0602 | params=67
2026-09-15 00:33:42,366 INFO   random     | P-C-C-C-C-C-C          | fitness=0.9260 | val_acc=0.2933 | bal_acc=0.2690 | min_recall=0.0248 | params=60
2026-09-15 00:33:42,366 INFO   random     | C-C-C-C                | fitness=0.8087 | val_acc=0.3748 | bal_acc=0.3543 | min_recall=0.0415 | params=105
2026-09-15 00:33:42,366 INFO 
=== Evo step 1/5 ===
2026-09-15 00:33:42,366 INFO Top-3: 37193261… fit=0.5938  |  -1581373… fit=0.6847  |  -1688660… fit=0.9421
2026-09-15 00:33:42,368 INFO Generated 9 valid novel children
2026-09-15 00:35:13,993 INFO   crossover  | C-C-C-C                | fitness=0.9296 | val_acc=0.3320 | bal_acc=0.3120 | min_recall=0.0070 | params=112
2026-09-15 00:35:13,994 INFO   crossover  | C-C-C-C-C-C-C-P        | fitness=0.7208 | val_acc=0.4317 | bal_acc=0.4207 | min_recall=0.0579 | params=141
2026-09-15 00:35:13,995 INFO   crossover  | C-C-C-C-C-C-P-C-C-C    | fitness=0.6095 | val_acc=0.4581 | bal_acc=0.4467 | min_recall=0.1983 | params=133
2026-09-15 00:35:13,995 INFO   crossover  | C-C-C-C-C-C-C-C-C-C    | fitness=0.7680 | val_acc=0.4739 | bal_acc=0.4656 | min_recall=0.0104 | params=171
2026-09-15 00:35:13,996 INFO   crossover  | C-C-C-P-C-C-C-C-C      | fitness=0.7899 | val_acc=0.4323 | bal_acc=0.4192 | min_recall=0.0311 | params=175
2026-09-15 00:35:13,997 INFO   crossover  | C-C-C-C-C-C            | fitness=0.7928 | val_acc=0.4510 | bal_acc=0.3965 | min_recall=0.0496 | params=109
2026-09-15 00:35:13,998 INFO   mutate     | C-C-C-P-C-C-C-C-C-C    | fitness=0.7306 | val_acc=0.4504 | bal_acc=0.4716 | min_recall=0.0138 | params=141
2026-09-15 00:35:13,998 INFO   mutate     | C-C-C-C-C-C-C          | fitness=0.7901 | val_acc=0.4551 | bal_acc=0.4464 | min_recall=0.0104 | params=162
2026-09-15 00:35:13,999 INFO   mutate     | C-C-C-C-C-P            | fitness=0.7028 | val_acc=0.4088 | bal_acc=0.4004 | min_recall=0.0704 | params=129
2026-09-15 00:35:13,999 INFO Best so far → val_acc=0.4692  bal_acc=0.4719  min_recall=0.0900  fitness=0.5938  params=137  id=37193261…
2026-09-15 00:35:14,000 INFO Memory table saved.
2026-09-15 00:35:14,000 INFO 
=== Evo step 2/5 ===
2026-09-15 00:35:14,000 INFO Top-3: 37193261… fit=0.5938  |  -4536658… fit=0.6095  |  -1581373… fit=0.6847
2026-09-15 00:35:14,004 INFO Generated 9 valid novel children
2026-09-15 00:36:42,991 INFO   crossover  | C-C-C-P-C-C-C-C        | fitness=1.0555 | val_acc=0.2639 | bal_acc=0.2217 | min_recall=0.0000 | params=115
2026-09-15 00:36:42,992 INFO   crossover  | C-C-C-P-C-C-C-C-C-C    | fitness=0.7497 | val_acc=0.4141 | bal_acc=0.3687 | min_recall=0.0839 | params=153
2026-09-15 00:36:42,992 INFO   crossover  | C-C-C-C-C-C-C-C-C-C    | fitness=0.7359 | val_acc=0.4522 | bal_acc=0.4119 | min_recall=0.0727 | params=199
2026-09-15 00:36:42,993 INFO   crossover  | C-C-C-C-C-C-C-C-C-C    | fitness=0.7660 | val_acc=0.4487 | bal_acc=0.4690 | min_recall=0.0000 | params=192
2026-09-15 00:36:42,994 INFO   crossover  | C-C-C-C-C-C-C-P-C-C    | fitness=0.6268 | val_acc=0.3918 | bal_acc=0.4043 | min_recall=0.1479 | params=137
2026-09-15 00:36:42,995 INFO   crossover  | C-C-C-C-C-C-C-C        | fitness=0.7332 | val_acc=0.4317 | bal_acc=0.4489 | min_recall=0.0242 | params=141
2026-09-15 00:36:42,996 INFO   mutate     | C-C-C-C-C-C-C-C        | fitness=0.6115 | val_acc=0.3977 | bal_acc=0.4161 | min_recall=0.1176 | params=173
2026-09-15 00:36:42,997 INFO   mutate     | C-C-C-C-C-C-C          | fitness=0.5668 | val_acc=0.4305 | bal_acc=0.4647 | min_recall=0.0865 | params=99
2026-09-15 00:36:42,998 INFO   mutate     | C-C-P-C-C-C-C-C-C      | fitness=0.5416 | val_acc=0.4000 | bal_acc=0.4508 | min_recall=0.1286 | params=132
2026-09-15 00:36:42,998 INFO Best so far → val_acc=0.4000  bal_acc=0.4508  min_recall=0.1286  fitness=0.5416  params=132  id=63257372…
2026-09-15 00:36:42,999 INFO Memory table saved.
2026-09-15 00:36:42,999 INFO 
=== Evo step 3/5 ===
2026-09-15 00:36:42,999 INFO Top-3: 63257372… fit=0.5416  |  41652282… fit=0.5668  |  37193261… fit=0.5938
2026-09-15 00:36:43,003 INFO Generated 9 valid novel children
2026-09-15 00:37:50,174 INFO   crossover  | C-C-C-C-C-C            | fitness=0.7536 | val_acc=0.3431 | bal_acc=0.3509 | min_recall=0.0623 | params=95
2026-09-15 00:37:50,174 INFO   crossover  | C-C-C-C-C-C            | fitness=0.7331 | val_acc=0.4311 | bal_acc=0.4443 | min_recall=0.0277 | params=157
2026-09-15 00:37:50,175 INFO   crossover  | C-C-C-C-C              | fitness=0.6360 | val_acc=0.3677 | bal_acc=0.4058 | min_recall=0.0753 | params=70
2026-09-15 00:37:50,176 INFO   crossover  | C-C-C-C-C-C            | fitness=0.7419 | val_acc=0.3754 | bal_acc=0.4370 | min_recall=0.0030 | params=116
2026-09-15 00:37:50,177 INFO   crossover  | C-C-C-C-C              | fitness=0.7671 | val_acc=0.4065 | bal_acc=0.4340 | min_recall=0.0083 | params=136
2026-09-15 00:37:50,178 INFO   crossover  | C-C-C-P-C-C            | fitness=0.9483 | val_acc=0.2217 | bal_acc=0.2542 | min_recall=0.0032 | params=75
2026-09-15 00:37:50,179 INFO   mutate     | C-C-P-C-C-C-C-C-C      | fitness=0.6023 | val_acc=0.4798 | bal_acc=0.4636 | min_recall=0.1730 | params=172
2026-09-15 00:37:50,180 INFO   mutate     | C-C-C-C-C-C            | fitness=0.8517 | val_acc=0.4229 | bal_acc=0.3970 | min_recall=0.0083 | params=87
2026-09-15 00:37:50,181 INFO   mutate     | C-C-C-P-C-C-C-C-C      | fitness=0.5946 | val_acc=0.4082 | bal_acc=0.4308 | min_recall=0.1073 | params=129
2026-09-15 00:37:50,181 INFO Best so far → val_acc=0.4000  bal_acc=0.4508  min_recall=0.1286  fitness=0.5416  params=132  id=63257372…
2026-09-15 00:37:50,182 INFO Memory table saved.
2026-09-15 00:37:50,182 INFO 
=== Evo step 4/5 ===
2026-09-15 00:37:50,182 INFO Top-3: 63257372… fit=0.5416  |  41652282… fit=0.5668  |  37193261… fit=0.5938
2026-09-15 00:37:50,189 INFO Generated 9 valid novel children
2026-09-15 00:39:02,722 INFO   crossover  | C-C-C-C                | fitness=0.8829 | val_acc=0.3619 | bal_acc=0.3116 | min_recall=0.0387 | params=71
2026-09-15 00:39:02,723 INFO   crossover  | C-C-P-C-C-C            | fitness=0.8721 | val_acc=0.3202 | bal_acc=0.3279 | min_recall=0.0083 | params=93
2026-09-15 00:39:02,725 INFO   crossover  | C-C-C-C-C              | fitness=0.8817 | val_acc=0.3859 | bal_acc=0.3730 | min_recall=0.0000 | params=138
2026-09-15 00:39:02,726 INFO   crossover  | C-C-C                  | fitness=0.8899 | val_acc=0.3853 | bal_acc=0.3564 | min_recall=0.0000 | params=51
2026-09-15 00:39:02,727 INFO   crossover  | C-C-C-C-C-P-C-C-C-C    | fitness=0.7622 | val_acc=0.4006 | bal_acc=0.3872 | min_recall=0.0519 | params=118
2026-09-15 00:39:02,728 INFO   crossover  | C-C-C-C-C-C-C-C-C-C    | fitness=0.6643 | val_acc=0.4827 | bal_acc=0.4831 | min_recall=0.0484 | params=138
2026-09-15 00:39:02,729 INFO   mutate     | C-C-P-C-C-C-C-C-C      | fitness=0.7629 | val_acc=0.3924 | bal_acc=0.4163 | min_recall=0.0248 | params=135
2026-09-15 00:39:02,730 INFO   mutate     | C-C-C-C-C-C-C-C        | fitness=0.7940 | val_acc=0.4141 | bal_acc=0.4099 | min_recall=0.0242 | params=108
2026-09-15 00:39:02,732 INFO   mutate     | C-C-C-C-C              | fitness=0.8644 | val_acc=0.3396 | bal_acc=0.3467 | min_recall=0.0083 | params=75
2026-09-15 00:39:02,732 INFO Best so far → val_acc=0.4000  bal_acc=0.4508  min_recall=0.1286  fitness=0.5416  params=132  id=63257372…
2026-09-15 00:39:02,734 INFO Memory table saved.
2026-09-15 00:39:02,734 INFO 
=== Evo step 5/5 ===
2026-09-15 00:39:02,734 INFO Top-3: 63257372… fit=0.5416  |  41652282… fit=0.5668  |  -5239043… fit=0.8082
2026-09-15 00:39:02,741 INFO Generated 9 valid novel children
2026-09-15 00:40:28,991 INFO   crossover  | C-C-C-C-C-C-C-C-C      | fitness=0.7846 | val_acc=0.3677 | bal_acc=0.4036 | min_recall=0.0151 | params=143
2026-09-15 00:40:28,992 INFO   crossover  | C-C-P-C-C-C-C-C        | fitness=0.7269 | val_acc=0.4135 | bal_acc=0.4269 | min_recall=0.0418 | params=136
2026-09-15 00:40:28,993 INFO   crossover  | C-C-C-C-C-P-C-C-C-C    | fitness=0.5944 | val_acc=0.4364 | bal_acc=0.4598 | min_recall=0.0865 | params=138
2026-09-15 00:40:28,994 INFO   crossover  | C-C-C-C-C-C            | fitness=0.6940 | val_acc=0.3478 | bal_acc=0.3524 | min_recall=0.0992 | params=151
2026-09-15 00:40:28,995 INFO   crossover  | C-C-C-P-C-C-C-C-C-C    | fitness=0.7163 | val_acc=0.4235 | bal_acc=0.4670 | min_recall=0.0138 | params=146
2026-09-15 00:40:28,996 INFO   crossover  | C-C-C-P-C-C-C-C        | fitness=0.8191 | val_acc=0.2950 | bal_acc=0.2805 | min_recall=0.0775 | params=110
2026-09-15 00:40:28,997 INFO   mutate     | C-C-P-C-C-C-C-C-C      | fitness=0.7132 | val_acc=0.4364 | bal_acc=0.4421 | min_recall=0.0415 | params=116
2026-09-15 00:40:28,998 INFO   mutate     | C-C-C-C-C-C-C-C        | fitness=0.8138 | val_acc=0.4129 | bal_acc=0.4207 | min_recall=0.0000 | params=107
2026-09-15 00:40:28,999 INFO   mutate     | C-C-C-P-C-C-C-C-C      | fitness=0.9741 | val_acc=0.2944 | bal_acc=0.2763 | min_recall=0.0083 | params=139
2026-09-15 00:40:28,999 INFO Best so far → val_acc=0.4000  bal_acc=0.4508  min_recall=0.1286  fitness=0.5416  params=132  id=63257372…
2026-09-15 00:40:29,001 INFO Memory table saved.
2026-09-15 00:40:29,001 INFO 
=== SEARCH COMPLETE ===
2026-09-15 00:40:29,001 INFO Best val_acc  : 0.4000
2026-09-15 00:40:29,001 INFO Best bal_acc  : 0.4508  (mean per-class recall)
2026-09-15 00:40:29,002 INFO Min recall    : 0.1286  (worst class)
2026-09-15 00:40:29,002 INFO Best fitness  : 0.5416
2026-09-15 00:40:29,002 INFO Params        : 132
2026-09-15 00:40:29,002 INFO Layers        : 9  (8 conv + 1 pool)
2026-09-15 00:40:29,002 INFO Circuit structure:
2026-09-15 00:40:29,002 INFO   Structure: C-C-P-C-C-C-C-C-C  (9 layers = 8 conv + 1 pool)
2026-09-15 00:40:29,002 INFO   Layer 0 CONV  gate=U_13       stride=7 step=2 offset=1 boundary=periodic
2026-09-15 00:40:29,002 INFO   Layer 1 CONV  gate=U_6        stride=6 step=1 offset=0 boundary=open
2026-09-15 00:40:29,002 INFO   Layer 2 POOL  gate=pool_U       pattern=10
2026-09-15 00:40:29,002 INFO   Layer 3 CONV  gate=U_TTN      stride=7 step=6 offset=1 boundary=periodic
2026-09-15 00:40:29,002 INFO   Layer 4 CONV  gate=U_14       stride=6 step=6 offset=1 boundary=periodic
2026-09-15 00:40:29,002 INFO   Layer 5 CONV  gate=U_SO4      stride=3 step=6 offset=0 boundary=periodic
2026-09-15 00:40:29,002 INFO   Layer 6 CONV  gate=U_15       stride=2 step=3 offset=0 boundary=periodic
2026-09-15 00:40:29,002 INFO   Layer 7 CONV  gate=U_5        stride=5 step=1 offset=0 boundary=periodic
2026-09-15 00:40:29,002 INFO   Layer 8 CONV  gate=U_9        stride=3 step=1 offset=0 boundary=open
2026-09-15 00:40:29,003 INFO   Qubits surviving: 4 → [1, 3, 5, 7]  | readout wires = [1, 3, 5]
2026-09-15 00:40:29,003 INFO 
============================================================
2026-09-15 00:40:29,003 INFO FINAL TRAINING — BloodMNIST 8-class QCNN
2026-09-15 00:40:29,003 INFO ============================================================
2026-09-15 00:40:29,003 INFO   Structure: C-C-P-C-C-C-C-C-C  (9 layers = 8 conv + 1 pool)
2026-09-15 00:40:29,003 INFO   Layer 0 CONV  gate=U_13       stride=7 step=2 offset=1 boundary=periodic
2026-09-15 00:40:29,003 INFO   Layer 1 CONV  gate=U_6        stride=6 step=1 offset=0 boundary=open
2026-09-15 00:40:29,003 INFO   Layer 2 POOL  gate=pool_U       pattern=10
2026-09-15 00:40:29,003 INFO   Layer 3 CONV  gate=U_TTN      stride=7 step=6 offset=1 boundary=periodic
2026-09-15 00:40:29,003 INFO   Layer 4 CONV  gate=U_14       stride=6 step=6 offset=1 boundary=periodic
2026-09-15 00:40:29,003 INFO   Layer 5 CONV  gate=U_SO4      stride=3 step=6 offset=0 boundary=periodic
2026-09-15 00:40:29,003 INFO   Layer 6 CONV  gate=U_15       stride=2 step=3 offset=0 boundary=periodic
2026-09-15 00:40:29,003 INFO   Layer 7 CONV  gate=U_5        stride=5 step=1 offset=0 boundary=periodic
2026-09-15 00:40:29,003 INFO   Layer 8 CONV  gate=U_9        stride=3 step=1 offset=0 boundary=open
2026-09-15 00:40:29,004 INFO   Qubits surviving: 4 → [1, 3, 5, 7]  | readout wires = [1, 3, 5]
2026-09-15 00:40:29,004 INFO Circuit: 9 layers (8 conv + 1 pool), 132 trainable parameters.
2026-09-15 00:41:13,599 INFO Epoch    1/60 | loss=1.8024 | val_acc=0.4469 | bal_acc=0.4690 | min_recall=0.157 | lr=0.005000
2026-09-15 00:55:57,524 INFO Epoch   20/60 | loss=1.6104 | val_acc=0.4680 | bal_acc=0.5028 | min_recall=0.204 | lr=0.002500
2026-09-15 01:09:04,264 INFO Epoch   40/60 | loss=1.6081 | val_acc=0.4997 | bal_acc=0.5182 | min_recall=0.182 | lr=0.001250
2026-09-15 01:21:58,117 INFO Epoch   60/60 | loss=1.6070 | val_acc=0.4991 | bal_acc=0.5086 | min_recall=0.083 | lr=0.000313
2026-09-15 01:21:58,117 INFO Training log saved → experiments/pca16/sweep/large_pop_001/training_log.csv
2026-09-15 01:21:58,117 INFO Best val fitness: 0.4612
2026-09-15 01:21:58,117 INFO 
--- Test evaluation (best-val checkpoint) ---
2026-09-15 01:21:58,782 INFO Test accuracy    : 0.4854
Test bal. acc    : 0.5113  (mean per-class recall)
Per-class recall : ['0.3098', '0.4563', '0.5236', '0.2069', '0.6995', '0.5869', '0.3413', '0.9660']
Min recall       : 0.2069
Test ROC-AUC OvR : 0.8230
2026-09-15 01:21:58,785 INFO 
              precision    recall  f1-score   support

    basophil       0.17      0.31      0.22       184
  eosinophil       0.54      0.46      0.49       469
erythroblast       0.48      0.52      0.50       233
          ig       0.47      0.21      0.29       435
  lymphocyte       0.40      0.70      0.51       183
    monocyte       0.26      0.59      0.36       213
  neutrophil       0.72      0.34      0.46       501
    platelet       0.95      0.97      0.96       353

    accuracy                           0.49      2571
   macro avg       0.50      0.51      0.47      2571
weighted avg       0.55      0.49      0.49      2571

2026-09-15 01:21:59,118 INFO Plots saved.
2026-09-15 01:22:00,251 INFO Failed to extract font properties from /usr/share/fonts/truetype/noto/NotoColorEmoji.ttf: Can not load face (unknown file format; error code 0x2)
2026-09-15 01:22:00,936 INFO Circuit diagram saved.
2026-09-15 01:22:00,939 INFO 
Run 'large_pop' complete → {'accuracy': 0.485414235705951, 'bal_acc': 0.5112756665196226, 'per_class_recalls': [0.30978260867881613, 0.4562899786683094, 0.52360515019212, 0.20689655171938168, 0.6994535518743468, 0.5868544600663448, 0.34131736526264833, 0.966005665695014], 'roc_auc_ovr': 0.8230494696632963}
2026-09-15 01:22:00,939 INFO 
>>> PCA-16 sweep run 5/11: short_circuits
