2026-09-04 06:53:19,260 INFO 
============================================================
2026-09-04 06:53:19,260 INFO SWEEP RUN: short_circuits  (PCA-8)
2026-09-04 06:53:19,260 INFO Params: {'label': 'short_circuits', 'LR_EVAL': 0.003, 'N_EPOCHS_EVAL': 60, 'INIT_POP': 10, 'MAX_EVO_STEPS': 10, 'MIN_LAYERS': 2, 'MAX_LAYERS': 5, 'W_CLASS': [0.7, 0.3]}
2026-09-04 06:53:19,260 INFO ============================================================
2026-09-04 06:53:19,260 INFO 
--- Linear classifier baseline (on 8 PCA features) ---
2026-09-04 06:53:19,289 INFO   val   | acc=0.7051 | bal_acc=0.7231 | min_recall=0.6842 | auc=0.8413
2026-09-04 06:53:19,289 INFO          per-class: ['0.762', '0.684']
2026-09-04 06:53:19,293 INFO   test  | acc=0.7203 | bal_acc=0.7198 | min_recall=0.7187 | auc=0.7882
2026-09-04 06:53:19,294 INFO          per-class: ['0.719', '0.721']
2026-09-04 06:53:19,294 INFO Linear baseline saved → experiments/pca8/sweep/short_circuits_001/linear_baseline.json
2026-09-04 06:53:19,294 INFO Evaluating initial population...
2026-09-04 06:53:19,294 INFO Config: LR=0.003  epochs=60  pop=10  steps=10  W_CLASS=[0.7, 0.3]
2026-09-04 06:53:19,294 INFO Encoding: single (RY per qubit), 8 PCA components → 8 qubits
2026-09-04 06:53:19,294 INFO Structure: variable length 2–5 layers  | P_CONV=0.6  | min conv=1  | min pool=0  | readout qubits=1
2026-09-04 06:53:19,317 INFO Initial population: 10 valid genotypes
2026-09-04 08:05:35,218 INFO   random     | C-P-C-P-P              | fitness=0.2966 | val_acc=0.7308 | bal_acc=0.7256 | min_recall=0.7143 | params=63
2026-09-04 08:05:35,219 INFO   random     | C-P                    | fitness=0.2725 | val_acc=0.7051 | bal_acc=0.7231 | min_recall=0.6842 | params=60
2026-09-04 08:05:35,221 INFO   random     | C-C-C-C                | fitness=0.3455 | val_acc=0.6667 | bal_acc=0.6667 | min_recall=0.6667 | params=32
2026-09-04 08:05:35,222 INFO   random     | C-C                    | fitness=0.3190 | val_acc=0.7179 | bal_acc=0.7018 | min_recall=0.6667 | params=22
2026-09-04 08:05:35,224 INFO   random     | C-P                    | fitness=0.4315 | val_acc=0.5128 | bal_acc=0.5464 | min_recall=0.4737 | params=24
2026-09-04 08:05:35,226 INFO   random     | C-P-C-C                | fitness=0.2683 | val_acc=0.6538 | bal_acc=0.7030 | min_recall=0.5965 | params=42
2026-09-04 08:05:35,228 INFO   random     | C-C-C                  | fitness=0.3261 | val_acc=0.6538 | bal_acc=0.6729 | min_recall=0.6316 | params=84
2026-09-04 08:05:35,230 INFO   random     | C-C-C-C                | fitness=0.2793 | val_acc=0.7051 | bal_acc=0.7231 | min_recall=0.6842 | params=85
2026-09-04 08:05:35,232 INFO   random     | C-C-C-C                | fitness=0.3027 | val_acc=0.6538 | bal_acc=0.6880 | min_recall=0.6140 | params=102
2026-09-04 08:05:35,233 INFO   random     | C-P-P-P                | fitness=0.2408 | val_acc=0.7308 | bal_acc=0.7556 | min_recall=0.7018 | params=87
2026-09-04 08:05:35,234 INFO 
=== Evo step 1/10 ===
2026-09-04 08:05:35,234 INFO Top-3: 31378140… fit=0.2408  |  -3727676… fit=0.2683  |  63896405… fit=0.2725
2026-09-04 08:05:35,242 INFO Generated 9 valid novel children
2026-09-04 08:53:06,108 INFO   crossover  | C-C-C                  | fitness=0.3698 | val_acc=0.6795 | bal_acc=0.6604 | min_recall=0.6190 | params=65
2026-09-04 08:53:06,110 INFO   crossover  | C-P-C-P                | fitness=0.3365 | val_acc=0.7051 | bal_acc=0.6930 | min_recall=0.6667 | params=96
2026-09-04 08:53:06,115 INFO   crossover  | C-P-P                  | fitness=0.2909 | val_acc=0.7308 | bal_acc=0.7256 | min_recall=0.7143 | params=42
2026-09-04 08:53:06,116 INFO   crossover  | C-P-C-C-P              | fitness=0.2002 | val_acc=0.7564 | bal_acc=0.7882 | min_recall=0.7193 | params=42
2026-09-04 08:53:06,118 INFO   crossover  | C-P-P-P                | fitness=0.2432 | val_acc=0.7179 | bal_acc=0.7469 | min_recall=0.6842 | params=60
2026-09-04 08:53:06,119 INFO   crossover  | C-C-P-C-C              | fitness=0.2566 | val_acc=0.6923 | bal_acc=0.7293 | min_recall=0.6491 | params=60
2026-09-04 08:53:06,120 INFO   mutate     | C-P-P-P                | fitness=0.2513 | val_acc=0.7051 | bal_acc=0.7381 | min_recall=0.6667 | params=87
2026-09-04 08:53:06,122 INFO   mutate     | C-P-C                  | fitness=0.2734 | val_acc=0.7051 | bal_acc=0.7231 | min_recall=0.6842 | params=42
2026-09-04 08:53:06,123 INFO   mutate     | C-C-C                  | fitness=0.3529 | val_acc=0.5769 | bal_acc=0.6203 | min_recall=0.5263 | params=40
2026-09-04 08:53:06,123 INFO Best so far → val_acc=0.7564  bal_acc=0.7882  min_recall=0.7193  fitness=0.2002  params=42  id=-8904378…
2026-09-04 08:53:06,124 INFO Memory table saved.
2026-09-04 08:53:06,124 INFO 
=== Evo step 2/10 ===
2026-09-04 08:53:06,124 INFO Top-3: -8904378… fit=0.2002  |  31378140… fit=0.2408  |  -5951522… fit=0.2966
2026-09-04 08:53:06,131 INFO Generated 9 valid novel children
2026-09-04 09:48:58,487 INFO   crossover  | C-P-C-C-P              | fitness=0.2563 | val_acc=0.7564 | bal_acc=0.7581 | min_recall=0.7544 | params=42
2026-09-04 09:48:58,489 INFO   crossover  | C-P-P-P-P              | fitness=0.2440 | val_acc=0.7179 | bal_acc=0.7469 | min_recall=0.6842 | params=42
2026-09-04 09:48:58,494 INFO   crossover  | C-P-P-C-P              | fitness=0.2104 | val_acc=0.7436 | bal_acc=0.7794 | min_recall=0.7018 | params=96
2026-09-04 09:48:58,496 INFO   crossover  | C-P-C-P-P              | fitness=0.2490 | val_acc=0.7179 | bal_acc=0.7469 | min_recall=0.6842 | params=96
2026-09-04 09:48:58,497 INFO   crossover  | C-C-C-P                | fitness=0.3081 | val_acc=0.7051 | bal_acc=0.7080 | min_recall=0.7018 | params=90
2026-09-04 09:48:58,499 INFO   crossover  | C-P-P-P-P              | fitness=0.3119 | val_acc=0.6923 | bal_acc=0.6992 | min_recall=0.6842 | params=60
2026-09-04 09:48:58,500 INFO   mutate     | C-P-C-P                | fitness=0.2876 | val_acc=0.7436 | bal_acc=0.7343 | min_recall=0.7143 | params=42
2026-09-04 09:48:58,501 INFO   mutate     | C-C-P-P-P              | fitness=0.2996 | val_acc=0.7308 | bal_acc=0.7256 | min_recall=0.7143 | params=93
2026-09-04 09:48:58,503 INFO   mutate     | C-P-P-P                | fitness=0.2660 | val_acc=0.7308 | bal_acc=0.7406 | min_recall=0.7193 | params=60
2026-09-04 09:48:58,503 INFO Best so far → val_acc=0.7564  bal_acc=0.7882  min_recall=0.7193  fitness=0.2002  params=42  id=-8904378…
2026-09-04 09:48:58,504 INFO Memory table saved.
2026-09-04 09:48:58,505 INFO 
=== Evo step 3/10 ===
2026-09-04 09:48:58,505 INFO Top-3: -8904378… fit=0.2002  |  66568129… fit=0.2104  |  31378140… fit=0.2408
2026-09-04 09:48:58,511 INFO Generated 9 valid novel children
2026-09-04 10:56:55,571 INFO   crossover  | C-P-C-P-C              | fitness=0.2721 | val_acc=0.7179 | bal_acc=0.7318 | min_recall=0.7018 | params=42
2026-09-04 10:56:55,577 INFO   crossover  | C-P-C-P-P              | fitness=0.2510 | val_acc=0.7692 | bal_acc=0.7669 | min_recall=0.7619 | params=42
2026-09-04 10:56:55,579 INFO   crossover  | C-C-P-C-C              | fitness=0.2770 | val_acc=0.7179 | bal_acc=0.7318 | min_recall=0.7018 | params=87
2026-09-04 10:56:55,580 INFO   crossover  | C-P-P-P-P              | fitness=0.2761 | val_acc=0.7179 | bal_acc=0.7318 | min_recall=0.7018 | params=87
2026-09-04 10:56:55,582 INFO   crossover  | C-C-P                  | fitness=0.2741 | val_acc=0.7179 | bal_acc=0.7318 | min_recall=0.7018 | params=105
2026-09-04 10:56:55,583 INFO   crossover  | C-P                    | fitness=0.2596 | val_acc=0.7436 | bal_acc=0.7494 | min_recall=0.7368 | params=87
2026-09-04 10:56:55,585 INFO   mutate     | C-P                    | fitness=0.2847 | val_acc=0.6795 | bal_acc=0.7055 | min_recall=0.6491 | params=70
2026-09-04 10:56:55,586 INFO   mutate     | C-P-P-C-P              | fitness=0.2666 | val_acc=0.7436 | bal_acc=0.7494 | min_recall=0.7368 | params=96
2026-09-04 10:56:55,588 INFO   mutate     | C-P-P-P                | fitness=0.2408 | val_acc=0.7308 | bal_acc=0.7556 | min_recall=0.7018 | params=87
2026-09-04 10:56:55,588 INFO Best so far → val_acc=0.7564  bal_acc=0.7882  min_recall=0.7193  fitness=0.2002  params=42  id=-8904378…
2026-09-04 10:56:55,590 INFO Memory table saved.
2026-09-04 10:56:55,590 INFO 
=== Evo step 4/10 ===
2026-09-04 10:56:55,590 INFO Top-3: -8904378… fit=0.2002  |  66568129… fit=0.2104  |  -5423021… fit=0.2563
2026-09-04 10:56:55,603 INFO Generated 9 valid novel children
2026-09-04 12:17:35,837 INFO   crossover  | C-P-P-C-P              | fitness=0.2759 | val_acc=0.7179 | bal_acc=0.7318 | min_recall=0.7018 | params=79
2026-09-04 12:17:35,842 INFO   crossover  | C-P-P-P                | fitness=0.2034 | val_acc=0.7436 | bal_acc=0.7794 | min_recall=0.7018 | params=42
2026-09-04 12:17:35,844 INFO   crossover  | C-P-P-C-P              | fitness=0.2995 | val_acc=0.7308 | bal_acc=0.7256 | min_recall=0.7143 | params=92
2026-09-04 12:17:35,845 INFO   crossover  | C-C-P-P-P              | fitness=0.2476 | val_acc=0.7308 | bal_acc=0.7556 | min_recall=0.7018 | params=132
2026-09-04 12:17:35,847 INFO   crossover  | C-P-P-C-P              | fitness=0.2657 | val_acc=0.7436 | bal_acc=0.7494 | min_recall=0.7368 | params=87
2026-09-04 12:17:35,848 INFO   crossover  | C-P-P-P-C              | fitness=0.2711 | val_acc=0.7308 | bal_acc=0.7406 | min_recall=0.7193 | params=90
2026-09-04 12:17:35,850 INFO   mutate     | C-C-P-C-C              | fitness=0.3549 | val_acc=0.6538 | bal_acc=0.6579 | min_recall=0.6491 | params=44
2026-09-04 12:17:35,851 INFO   mutate     | C-P-C                  | fitness=0.2601 | val_acc=0.7436 | bal_acc=0.7494 | min_recall=0.7368 | params=75
2026-09-04 12:17:35,854 INFO   mutate     | C-P-P-P                | fitness=0.3734 | val_acc=0.6795 | bal_acc=0.6604 | min_recall=0.6190 | params=81
2026-09-04 12:17:35,854 INFO Best so far → val_acc=0.7564  bal_acc=0.7882  min_recall=0.7193  fitness=0.2002  params=42  id=-8904378…
2026-09-04 12:17:35,856 INFO Memory table saved.
2026-09-04 12:17:35,856 INFO 
=== Evo step 5/10 ===
2026-09-04 12:17:35,856 INFO Top-3: -8904378… fit=0.2002  |  -4519487… fit=0.2034  |  -2095589… fit=0.2660
2026-09-04 12:17:35,866 INFO Generated 9 valid novel children
2026-09-04 12:57:44,955 INFO   crossover  | C-P-C-P-P              | fitness=0.2335 | val_acc=0.7436 | bal_acc=0.7644 | min_recall=0.7193 | params=42
2026-09-04 12:57:44,956 INFO   crossover  | C-P-C-C-P              | fitness=0.2440 | val_acc=0.7179 | bal_acc=0.7469 | min_recall=0.6842 | params=42
2026-09-04 12:57:44,958 INFO   crossover  | C-P-P-P-C              | fitness=0.2335 | val_acc=0.7436 | bal_acc=0.7644 | min_recall=0.7193 | params=42
2026-09-04 12:57:44,959 INFO   crossover  | C-P-P-P-P              | fitness=0.2177 | val_acc=0.7821 | bal_acc=0.7907 | min_recall=0.7719 | params=42
2026-09-04 12:57:44,961 INFO   crossover  | C-P-P                  | fitness=0.2359 | val_acc=0.7308 | bal_acc=0.7556 | min_recall=0.7018 | params=60
2026-09-04 12:57:44,962 INFO   crossover  | C-P-P-P-P              | fitness=0.1996 | val_acc=0.6923 | bal_acc=0.7594 | min_recall=0.6140 | params=60
2026-09-04 12:57:44,963 INFO   mutate     | C-P-C-C-P              | fitness=0.2896 | val_acc=0.7436 | bal_acc=0.7343 | min_recall=0.7143 | params=42
2026-09-04 12:57:44,965 INFO   mutate     | C-P-P-P-P              | fitness=0.3002 | val_acc=0.7179 | bal_acc=0.7168 | min_recall=0.7143 | params=42
2026-09-04 12:57:44,970 INFO   mutate     | C-P-P                  | fitness=0.2482 | val_acc=0.7692 | bal_acc=0.7669 | min_recall=0.7619 | params=60
2026-09-04 12:57:44,970 INFO Best so far → val_acc=0.6923  bal_acc=0.7594  min_recall=0.6140  fitness=0.1996  params=60  id=72557244…
2026-09-04 12:57:44,973 INFO Memory table saved.
2026-09-04 12:57:44,973 INFO 
=== Evo step 6/10 ===
2026-09-04 12:57:44,973 INFO Top-3: 72557244… fit=0.1996  |  -8904378… fit=0.2002  |  -4519487… fit=0.2034
2026-09-04 12:57:44,980 INFO Generated 9 valid novel children
2026-09-04 13:40:04,010 INFO   crossover  | C-P-P-P                | fitness=0.2362 | val_acc=0.6667 | bal_acc=0.7268 | min_recall=0.5965 | params=60
2026-09-04 13:40:04,012 INFO   crossover  | C-P                    | fitness=0.3489 | val_acc=0.5769 | bal_acc=0.6203 | min_recall=0.5263 | params=24
2026-09-04 13:40:04,013 INFO   crossover  | C-P                    | fitness=0.2645 | val_acc=0.7179 | bal_acc=0.7318 | min_recall=0.7018 | params=34
2026-09-04 13:40:04,015 INFO   crossover  | C-P-C-P-P              | fitness=0.2563 | val_acc=0.7564 | bal_acc=0.7581 | min_recall=0.7544 | params=42
2026-09-04 13:40:04,016 INFO   crossover  | C-P-P-P-P              | fitness=0.2388 | val_acc=0.7308 | bal_acc=0.7556 | min_recall=0.7018 | params=42
2026-09-04 13:40:04,017 INFO   crossover  | C-P                    | fitness=0.3022 | val_acc=0.7051 | bal_acc=0.7080 | min_recall=0.7018 | params=70
2026-09-04 13:40:04,019 INFO   mutate     | C-P-P-P-P              | fitness=0.2452 | val_acc=0.7179 | bal_acc=0.7469 | min_recall=0.6842 | params=60
2026-09-04 13:40:04,020 INFO   mutate     | C-P-C-C-P              | fitness=0.2616 | val_acc=0.7436 | bal_acc=0.7494 | min_recall=0.7368 | params=42
2026-09-04 13:40:04,025 INFO   mutate     | C-P-P-P-P              | fitness=0.3440 | val_acc=0.6795 | bal_acc=0.6754 | min_recall=0.6667 | params=42
2026-09-04 13:40:04,025 INFO Best so far → val_acc=0.6923  bal_acc=0.7594  min_recall=0.6140  fitness=0.1996  params=60  id=72557244…
2026-09-04 13:40:04,028 INFO Memory table saved.
2026-09-04 13:40:04,028 INFO 
=== Evo step 7/10 ===
2026-09-04 13:40:04,028 INFO Top-3: 72557244… fit=0.1996  |  -8904378… fit=0.2002  |  -8136197… fit=0.2741
2026-09-04 13:40:04,037 INFO Generated 9 valid novel children
2026-09-04 14:16:12,266 INFO   crossover  | C-P-P-P-P              | fitness=0.2505 | val_acc=0.7051 | bal_acc=0.7381 | min_recall=0.6667 | params=60
2026-09-04 14:16:12,267 INFO   crossover  | C-P-P-P-P              | fitness=0.2891 | val_acc=0.6795 | bal_acc=0.7055 | min_recall=0.6491 | params=60
2026-09-04 14:16:12,269 INFO   crossover  | C-P-P-P-P              | fitness=0.2668 | val_acc=0.7308 | bal_acc=0.7406 | min_recall=0.7193 | params=42
2026-09-04 14:16:12,270 INFO   crossover  | C-P-C-P-P              | fitness=0.2107 | val_acc=0.7308 | bal_acc=0.7707 | min_recall=0.6842 | params=42
2026-09-04 14:16:12,272 INFO   crossover  | C-P-C-P-P              | fitness=0.2335 | val_acc=0.7436 | bal_acc=0.7644 | min_recall=0.7193 | params=42
2026-09-04 14:16:12,273 INFO   crossover  | C-P-P-P-C              | fitness=0.3282 | val_acc=0.7179 | bal_acc=0.7018 | min_recall=0.6667 | params=42
2026-09-04 14:16:12,278 INFO   mutate     | C-P-P-P-P              | fitness=0.3619 | val_acc=0.7051 | bal_acc=0.6779 | min_recall=0.6190 | params=52
2026-09-04 14:16:12,279 INFO   mutate     | C-P-C-C-P              | fitness=0.2493 | val_acc=0.7051 | bal_acc=0.7381 | min_recall=0.6667 | params=42
2026-09-04 14:16:12,281 INFO   mutate     | C-P-P                  | fitness=0.2399 | val_acc=0.7179 | bal_acc=0.7469 | min_recall=0.6842 | params=46
2026-09-04 14:16:12,281 INFO Best so far → val_acc=0.6923  bal_acc=0.7594  min_recall=0.6140  fitness=0.1996  params=60  id=72557244…
2026-09-04 14:16:12,284 INFO Memory table saved.
2026-09-04 14:16:12,284 INFO 
=== Evo step 8/10 ===
2026-09-04 14:16:12,284 INFO Top-3: 72557244… fit=0.1996  |  -8904378… fit=0.2002  |  -4519487… fit=0.2034
2026-09-04 14:16:12,295 INFO Generated 9 valid novel children
2026-09-04 15:00:29,665 INFO   crossover  | C-C-P-C-C              | fitness=0.1917 | val_acc=0.7821 | bal_acc=0.8058 | min_recall=0.7544 | params=60
2026-09-04 15:00:29,666 INFO   crossover  | C-C-P-P-P              | fitness=0.2285 | val_acc=0.6923 | bal_acc=0.7444 | min_recall=0.6316 | params=60
2026-09-04 15:00:29,668 INFO   crossover  | C-P-P-P-P              | fitness=0.2844 | val_acc=0.7564 | bal_acc=0.7431 | min_recall=0.7143 | params=42
2026-09-04 15:00:29,669 INFO   crossover  | C-C-P-P-P              | fitness=0.1933 | val_acc=0.7821 | bal_acc=0.8058 | min_recall=0.7544 | params=70
2026-09-04 15:00:29,675 INFO   crossover  | C-P-P-P-P              | fitness=0.3282 | val_acc=0.7179 | bal_acc=0.7018 | min_recall=0.6667 | params=42
2026-09-04 15:00:29,676 INFO   crossover  | C-P-P-C-P              | fitness=0.3054 | val_acc=0.7051 | bal_acc=0.7080 | min_recall=0.7018 | params=42
2026-09-04 15:00:29,678 INFO   mutate     | C-P-P-P                | fitness=0.2607 | val_acc=0.7436 | bal_acc=0.7494 | min_recall=0.7368 | params=60
2026-09-04 15:00:29,679 INFO   mutate     | C-P-C-P                | fitness=0.3034 | val_acc=0.7051 | bal_acc=0.7080 | min_recall=0.7018 | params=42
2026-09-04 15:00:29,680 INFO   mutate     | C-P-P-P                | fitness=0.2608 | val_acc=0.6667 | bal_acc=0.7118 | min_recall=0.6140 | params=26
2026-09-04 15:00:29,681 INFO Best so far → val_acc=0.7821  bal_acc=0.8058  min_recall=0.7544  fitness=0.1917  params=60  id=-1901950…
2026-09-04 15:00:29,684 INFO Memory table saved.
2026-09-04 15:00:29,684 INFO 
=== Evo step 9/10 ===
2026-09-04 15:00:29,684 INFO Top-3: -1901950… fit=0.1917  |  -8449807… fit=0.1933  |  -8170760… fit=0.2335
2026-09-04 15:00:29,696 INFO Generated 9 valid novel children
2026-09-04 15:52:26,880 INFO   crossover  | C-C-C-P-P              | fitness=0.2726 | val_acc=0.7308 | bal_acc=0.7406 | min_recall=0.7193 | params=88
2026-09-04 15:52:26,881 INFO   crossover  | C-C-P-P-P              | fitness=0.2671 | val_acc=0.6667 | bal_acc=0.7118 | min_recall=0.6140 | params=60
2026-09-04 15:52:26,882 INFO   crossover  | C-C                    | fitness=0.2606 | val_acc=0.7308 | bal_acc=0.7406 | min_recall=0.7193 | params=46
2026-09-04 15:52:26,884 INFO   crossover  | C-P-P                  | fitness=0.2948 | val_acc=0.6538 | bal_acc=0.6880 | min_recall=0.6140 | params=46
2026-09-04 15:52:26,885 INFO   crossover  | C-C-C                  | fitness=0.2940 | val_acc=0.6538 | bal_acc=0.6880 | min_recall=0.6140 | params=48
2026-09-04 15:52:26,887 INFO   crossover  | C-P-P-P-P              | fitness=0.2347 | val_acc=0.7436 | bal_acc=0.7644 | min_recall=0.7193 | params=60
2026-09-04 15:52:26,891 INFO   mutate     | C-C-P-C-C              | fitness=0.3022 | val_acc=0.7179 | bal_acc=0.7168 | min_recall=0.7143 | params=60
2026-09-04 15:52:26,893 INFO   mutate     | C-C-P-P                | fitness=0.2281 | val_acc=0.6923 | bal_acc=0.7444 | min_recall=0.6316 | params=74
2026-09-04 15:52:26,894 INFO   mutate     | C-P-P-P                | fitness=0.2099 | val_acc=0.7308 | bal_acc=0.7707 | min_recall=0.6842 | params=60
2026-09-04 15:52:26,894 INFO Best so far → val_acc=0.7821  bal_acc=0.8058  min_recall=0.7544  fitness=0.1917  params=60  id=-1901950…
2026-09-04 15:52:26,898 INFO Memory table saved.
2026-09-04 15:52:26,898 INFO 
=== Evo step 10/10 ===
2026-09-04 15:52:26,898 INFO Top-3: -1901950… fit=0.1917  |  -8449807… fit=0.1933  |  72557244… fit=0.1996
2026-09-04 15:52:26,904 INFO Generated 9 valid novel children
2026-09-04 16:29:45,011 INFO   crossover  | C-C-P-C-P              | fitness=0.3127 | val_acc=0.6923 | bal_acc=0.6992 | min_recall=0.6842 | params=60
2026-09-04 16:29:45,012 INFO   crossover  | C-C-P-P                | fitness=0.2590 | val_acc=0.6795 | bal_acc=0.7206 | min_recall=0.6316 | params=58
2026-09-04 16:29:45,014 INFO   crossover  | C-C-P-C                | fitness=0.1843 | val_acc=0.7308 | bal_acc=0.7857 | min_recall=0.6667 | params=70
2026-09-04 16:29:45,015 INFO   crossover  | C-C-P-C-P              | fitness=0.2986 | val_acc=0.7308 | bal_acc=0.7256 | min_recall=0.7143 | params=70
2026-09-04 16:29:45,016 INFO   crossover  | C-P-P-C                | fitness=0.2631 | val_acc=0.7436 | bal_acc=0.7494 | min_recall=0.7368 | params=84
2026-09-04 16:29:45,021 INFO   crossover  | C-C-P-P-P              | fitness=0.2945 | val_acc=0.7436 | bal_acc=0.7343 | min_recall=0.7143 | params=87
2026-09-04 16:29:45,022 INFO   mutate     | C-C-C-C                | fitness=0.2558 | val_acc=0.6923 | bal_acc=0.7293 | min_recall=0.6491 | params=76
2026-09-04 16:29:45,024 INFO   mutate     | C-C-P-P-P              | fitness=0.3167 | val_acc=0.6795 | bal_acc=0.6905 | min_recall=0.6667 | params=48
2026-09-04 16:29:45,025 INFO   mutate     | C-P-P-P-P              | fitness=0.2550 | val_acc=0.7692 | bal_acc=0.7669 | min_recall=0.7619 | params=87
2026-09-04 16:29:45,025 INFO Best so far → val_acc=0.7308  bal_acc=0.7857  min_recall=0.6667  fitness=0.1843  params=70  id=-5598813…
2026-09-04 16:29:45,029 INFO Memory table saved.
2026-09-04 16:29:45,029 INFO 
=== SEARCH COMPLETE ===
2026-09-04 16:29:45,030 INFO Best val_acc  : 0.7308
2026-09-04 16:29:45,030 INFO Best bal_acc  : 0.7857  (mean per-class recall)
2026-09-04 16:29:45,030 INFO Min recall    : 0.6667  (worst class)
2026-09-04 16:29:45,030 INFO Best fitness  : 0.1843
2026-09-04 16:29:45,030 INFO Params        : 70
2026-09-04 16:29:45,030 INFO Layers        : 4  (3 conv + 1 pool)
2026-09-04 16:29:45,030 INFO Circuit structure:
2026-09-04 16:29:45,030 INFO   Structure: C-C-P-C  (4 layers = 3 conv + 1 pool)
2026-09-04 16:29:45,030 INFO   Layer 0 CONV  gate=U_15       stride=1 step=1 offset=1 boundary=periodic
2026-09-04 16:29:45,030 INFO   Layer 1 CONV  gate=U_15       stride=1 step=1 offset=1 boundary=periodic
2026-09-04 16:29:45,030 INFO   Layer 2 POOL  gate=pool_ansatz  pattern=!0!
2026-09-04 16:29:45,030 INFO   Layer 3 CONV  gate=U_gate     stride=4 step=7 offset=0 boundary=periodic
2026-09-04 16:29:45,030 INFO   Qubits surviving: 1 → [4]  | readout wires = [4]
2026-09-04 16:29:45,031 INFO 
============================================================
2026-09-04 16:29:45,031 INFO FINAL TRAINING — BreastMNIST binary QCNN
2026-09-04 16:29:45,031 INFO ============================================================
2026-09-04 16:29:45,031 INFO   Structure: C-C-P-C  (4 layers = 3 conv + 1 pool)
2026-09-04 16:29:45,031 INFO   Layer 0 CONV  gate=U_15       stride=1 step=1 offset=1 boundary=periodic
2026-09-04 16:29:45,031 INFO   Layer 1 CONV  gate=U_15       stride=1 step=1 offset=1 boundary=periodic
2026-09-04 16:29:45,031 INFO   Layer 2 POOL  gate=pool_ansatz  pattern=!0!
2026-09-04 16:29:45,031 INFO   Layer 3 CONV  gate=U_gate     stride=4 step=7 offset=0 boundary=periodic
2026-09-04 16:29:45,031 INFO   Qubits surviving: 1 → [4]  | readout wires = [4]
2026-09-04 16:29:45,032 INFO Circuit: 4 layers (3 conv + 1 pool), 70 trainable parameters.
2026-09-04 16:30:16,614 INFO Epoch    1/200 | loss=0.6679 | val_acc=0.7308 | bal_acc=0.7256 | min_recall=0.714 | lr=0.005000
2026-09-04 16:39:42,163 INFO Epoch   20/200 | loss=0.5920 | val_acc=0.7436 | bal_acc=0.7644 | min_recall=0.719 | lr=0.005000
2026-09-04 16:50:40,392 INFO Epoch   40/200 | loss=0.5883 | val_acc=0.7436 | bal_acc=0.7644 | min_recall=0.719 | lr=0.005000
2026-09-04 17:01:02,738 INFO Epoch   60/200 | loss=0.5884 | val_acc=0.7436 | bal_acc=0.7644 | min_recall=0.719 | lr=0.002500
2026-09-04 17:12:58,371 INFO Epoch   80/200 | loss=0.5812 | val_acc=0.7436 | bal_acc=0.7494 | min_recall=0.737 | lr=0.002500
2026-09-04 17:23:43,594 INFO Epoch  100/200 | loss=0.5823 | val_acc=0.7564 | bal_acc=0.7581 | min_recall=0.754 | lr=0.001250
2026-09-04 17:34:00,660 INFO Epoch  120/200 | loss=0.5818 | val_acc=0.7436 | bal_acc=0.7644 | min_recall=0.719 | lr=0.001250
2026-09-04 17:43:44,761 INFO Epoch  140/200 | loss=0.5820 | val_acc=0.7436 | bal_acc=0.7494 | min_recall=0.737 | lr=0.001250
2026-09-04 17:53:15,817 INFO Epoch  160/200 | loss=0.5865 | val_acc=0.7308 | bal_acc=0.7406 | min_recall=0.719 | lr=0.000625
2026-09-04 18:04:01,627 INFO Epoch  180/200 | loss=0.5743 | val_acc=0.7436 | bal_acc=0.7644 | min_recall=0.719 | lr=0.000625
2026-09-04 18:15:12,538 INFO Epoch  200/200 | loss=0.5786 | val_acc=0.7308 | bal_acc=0.7406 | min_recall=0.719 | lr=0.000313
2026-09-04 18:15:12,538 INFO Training log saved → experiments/pca8/sweep/short_circuits_001/training_log.csv
2026-09-04 18:15:12,538 INFO Best val fitness: 0.1842
2026-09-04 18:15:12,538 INFO 
--- Test evaluation (best-val checkpoint) ---
2026-09-04 18:15:15,897 INFO Test accuracy    : 0.6864
Test bal. acc    : 0.6966  (mean per-class recall)
Per-class recall : ['0.7187', '0.6744']
Min recall       : 0.6744
Test ROC-AUC OvR : 0.7707
2026-09-04 18:15:15,902 INFO 
               precision    recall  f1-score   support

    Malignant       0.45      0.72      0.55        32
Normal/Benign       0.87      0.67      0.76        86

     accuracy                           0.69       118
    macro avg       0.66      0.70      0.66       118
 weighted avg       0.75      0.69      0.70       118

2026-09-04 18:15:16,349 INFO Plots saved.
2026-09-04 18:15:16,663 INFO Failed to extract font properties from /usr/share/fonts/truetype/noto/NotoColorEmoji.ttf: Non-scalable fonts are not supported
2026-09-04 18:15:17,945 INFO Circuit diagram saved.
2026-09-04 18:15:17,954 INFO 
Run 'short_circuits' complete → {'accuracy': 0.6864406779661016, 'bal_acc': 0.6965843021740663, 'per_class_recalls': [0.7187499997753906, 0.674418604572742], 'roc_auc_ovr': 0.7707122093023255}
2026-09-04 18:15:17,954 INFO 
>>> PCA-8 sweep run 6/11: deep_circuits
