2026-09-08 03:30:07,323 INFO 
============================================================
2026-09-08 03:30:07,323 INFO SWEEP RUN: conv_heavy  (PCA-16)
2026-09-08 03:30:07,323 INFO Params: {'label': 'conv_heavy', 'LR_EVAL': 0.003, 'N_EPOCHS_EVAL': 60, 'INIT_POP': 10, 'MAX_EVO_STEPS': 10, 'P_CONV': 0.85, 'W_CLASS': [0.08, 0.14, 0.125, 0.125, 0.28, 0.125, 0.125]}
2026-09-08 03:30:07,323 INFO ============================================================
2026-09-08 03:30:07,323 INFO 
--- Linear classifier baseline (on 16 PCA features) ---
2026-09-08 03:30:10,648 INFO   val   | acc=0.4529 | bal_acc=0.4023 | min_recall=0.1818 | auc=0.7940
2026-09-08 03:30:10,648 INFO          per-class: ['0.562', '0.510', '0.394', '0.182', '0.414', '0.467', '0.286']
2026-09-08 03:30:10,655 INFO   test  | acc=0.4380 | bal_acc=0.3478 | min_recall=0.2727 | auc=0.7673
2026-09-08 03:30:10,655 INFO          per-class: ['0.300', '0.385', '0.289', '0.278', '0.429', '0.482', '0.273']
2026-09-08 03:30:10,655 INFO Linear baseline saved → experiments/pca16/sweep/conv_heavy_001/linear_baseline.json
2026-09-08 03:30:10,655 INFO Subsampling search training set: 35196 → 2000
2026-09-08 03:30:10,656 INFO Evaluating initial population...
2026-09-08 03:30:10,656 INFO Config: LR=0.003  epochs=60  pop=10  steps=10  W_CLASS=[0.08, 0.14, 0.125, 0.125, 0.28, 0.125, 0.125]
2026-09-08 03:30:10,656 INFO Encoding: dense (RX + RY per qubit), 16 PCA components → 8 qubits
2026-09-08 03:30:10,656 INFO Structure: variable length 6–14 layers  | P_CONV=0.85  | min conv=1  | min pool=0  | readout qubits=3
2026-09-08 03:30:10,702 INFO Initial population: 10 valid genotypes
2026-09-08 03:35:10,957 INFO   random     | C-C-C-C-C-C-C-C-C-C    | fitness=0.8434 | val_acc=0.4289 | bal_acc=0.2694 | min_recall=0.0625 | params=136
2026-09-08 03:35:10,959 INFO   random     | C-C-C-C-C-C-C          | fitness=0.9767 | val_acc=0.3958 | bal_acc=0.2775 | min_recall=0.0000 | params=168
2026-09-08 03:35:10,961 INFO   random     | C-C-C-C-C-C-C-C-C      | fitness=0.7079 | val_acc=0.4719 | bal_acc=0.3458 | min_recall=0.0909 | params=128
2026-09-08 03:35:10,963 INFO   random     | C-C-C-C-C-C-C-C-C      | fitness=0.9276 | val_acc=0.3447 | bal_acc=0.2917 | min_recall=0.0000 | params=127
2026-09-08 03:35:10,965 INFO   random     | C-C-C-C-C-C-C-C-C-C-P-C-C | fitness=0.9242 | val_acc=0.4439 | bal_acc=0.3142 | min_recall=0.0000 | params=180
2026-09-08 03:35:10,967 INFO   random     | C-C-C-C-C-C-C          | fitness=1.0663 | val_acc=0.0922 | bal_acc=0.1731 | min_recall=0.0000 | params=96
2026-09-08 03:35:10,969 INFO   random     | C-C-C-C-C-C-C-C        | fitness=0.8881 | val_acc=0.1453 | bal_acc=0.2216 | min_recall=0.0721 | params=102
2026-09-08 03:35:10,972 INFO   random     | C-C-C-C-C-C-C-C-C      | fitness=0.7305 | val_acc=0.4289 | bal_acc=0.3187 | min_recall=0.0909 | params=186
2026-09-08 03:35:10,981 INFO   random     | C-C-C-C-C-C-C-C-C-C-C  | fitness=0.6947 | val_acc=0.4900 | bal_acc=0.3784 | min_recall=0.0909 | params=218
2026-09-08 03:35:10,985 INFO   random     | C-C-C-C-C-C-C          | fitness=0.7543 | val_acc=0.2525 | bal_acc=0.2882 | min_recall=0.1818 | params=156
2026-09-08 03:35:10,985 INFO 
=== Evo step 1/10 ===
2026-09-08 03:35:10,985 INFO Top-3: -6610082… fit=0.6947  |  69027916… fit=0.7079  |  -7887400… fit=0.7305
2026-09-08 03:35:10,993 INFO Generated 9 valid novel children
2026-09-08 03:42:32,977 INFO   crossover  | C-C-C-C-C-C-C-C-C-C-C-C-C | fitness=0.8245 | val_acc=0.4279 | bal_acc=0.2886 | min_recall=0.0714 | params=192
2026-09-08 03:42:32,981 INFO   crossover  | C-C-C-C-C-C-C-C        | fitness=0.7011 | val_acc=0.3828 | bal_acc=0.3346 | min_recall=0.1429 | params=174
2026-09-08 03:42:32,983 INFO   crossover  | C-C-C-C-C-C-C-C-C-C-C-C-C-C | fitness=0.7984 | val_acc=0.4329 | bal_acc=0.3028 | min_recall=0.0714 | params=266
2026-09-08 03:42:32,985 INFO   crossover  | C-C-C-C-C-C-C-C-C-C-C  | fitness=0.7059 | val_acc=0.4369 | bal_acc=0.3627 | min_recall=0.1441 | params=172
2026-09-08 03:42:32,987 INFO   crossover  | C-C-C-C-C-C-C-C-C-C-C-C-C-C | fitness=0.9879 | val_acc=0.3587 | bal_acc=0.2747 | min_recall=0.0000 | params=250
2026-09-08 03:42:32,993 INFO   crossover  | C-C-C-C-C-C-C-C-C-C-C-C-C-C | fitness=0.7653 | val_acc=0.4068 | bal_acc=0.3220 | min_recall=0.0909 | params=214
2026-09-08 03:42:32,995 INFO   mutate     | C-C-C-C-C-C-C-C-C-C-C  | fitness=0.7006 | val_acc=0.4669 | bal_acc=0.3405 | min_recall=0.1429 | params=182
2026-09-08 03:42:32,999 INFO   mutate     | C-C-C-C-C-C-C-C-C      | fitness=0.7451 | val_acc=0.2956 | bal_acc=0.3151 | min_recall=0.1818 | params=128
2026-09-08 03:42:33,003 INFO   mutate     | C-C-C-C-C-C-C-C-C-C-C-C | fitness=0.8171 | val_acc=0.4068 | bal_acc=0.3015 | min_recall=0.0714 | params=200
2026-09-08 03:42:33,003 INFO Best so far → val_acc=0.4900  bal_acc=0.3784  min_recall=0.0909  fitness=0.6947  params=218  id=-6610082…
2026-09-08 03:42:33,004 INFO Memory table saved.
2026-09-08 03:42:33,004 INFO 
=== Evo step 2/10 ===
2026-09-08 03:42:33,004 INFO Top-3: -6610082… fit=0.6947  |  -5499638… fit=0.7006  |  -1832051… fit=0.7011
2026-09-08 03:42:33,008 INFO Generated 9 valid novel children
2026-09-08 03:48:21,712 INFO   crossover  | C-C-C-C-C-C            | fitness=0.7556 | val_acc=0.4519 | bal_acc=0.3412 | min_recall=0.0714 | params=128
2026-09-08 03:48:21,715 INFO   crossover  | C-C-C-C-C-C-C-C-C      | fitness=0.9581 | val_acc=0.4118 | bal_acc=0.2912 | min_recall=0.0000 | params=174
2026-09-08 03:48:21,716 INFO   crossover  | C-C-C-C-C-C-C          | fitness=0.7730 | val_acc=0.4529 | bal_acc=0.2877 | min_recall=0.0909 | params=114
2026-09-08 03:48:21,722 INFO   crossover  | C-C-C-C-C-C-C-C-C-C-C-C-C-C | fitness=0.9378 | val_acc=0.4108 | bal_acc=0.3158 | min_recall=0.0000 | params=232
2026-09-08 03:48:21,724 INFO   crossover  | C-C-C-C-C-C-C-C-C      | fitness=0.7487 | val_acc=0.3166 | bal_acc=0.3120 | min_recall=0.1712 | params=138
2026-09-08 03:48:21,726 INFO   crossover  | C-C-C-C-C-C-C-C-C-C-C-C-C-C | fitness=0.7892 | val_acc=0.3948 | bal_acc=0.2961 | min_recall=0.0909 | params=244
2026-09-08 03:48:21,731 INFO   mutate     | C-C-C-C-C-C-C-C-C-C-C-C | fitness=0.7417 | val_acc=0.4900 | bal_acc=0.3570 | min_recall=0.0714 | params=228
2026-09-08 03:48:21,735 INFO   mutate     | C-C-C-C-C-C-C-C-C-C    | fitness=0.9054 | val_acc=0.3527 | bal_acc=0.3178 | min_recall=0.0000 | params=122
2026-09-08 03:48:21,739 INFO   mutate     | C-C-C-C-C-C-C-C-C      | fitness=0.9772 | val_acc=0.4198 | bal_acc=0.2905 | min_recall=0.0000 | params=134
2026-09-08 03:48:21,739 INFO Best so far → val_acc=0.4900  bal_acc=0.3784  min_recall=0.0909  fitness=0.6947  params=218  id=-6610082…
2026-09-08 03:48:21,740 INFO Memory table saved.
2026-09-08 03:48:21,740 INFO 
=== Evo step 3/10 ===
2026-09-08 03:48:21,740 INFO Top-3: -6610082… fit=0.6947  |  -5499638… fit=0.7006  |  -1832051… fit=0.7011
2026-09-08 03:48:21,744 INFO Generated 9 valid novel children
2026-09-08 03:54:56,744 INFO   crossover  | C-C-C-C-C-C-C-C-C-C-C-C-C-C | fitness=0.9215 | val_acc=0.4519 | bal_acc=0.3316 | min_recall=0.0000 | params=292
2026-09-08 03:54:56,753 INFO   crossover  | C-C-C-C-C-C-C-C-C-C    | fitness=0.6930 | val_acc=0.4699 | bal_acc=0.3495 | min_recall=0.1429 | params=202
2026-09-08 03:54:56,757 INFO   crossover  | C-C-C-C-C-C-C-C-C-C    | fitness=0.9265 | val_acc=0.4649 | bal_acc=0.3314 | min_recall=0.0000 | params=210
2026-09-08 03:54:56,761 INFO   crossover  | C-C-C-C-C-C-C-C        | fitness=0.7113 | val_acc=0.4980 | bal_acc=0.3529 | min_recall=0.0937 | params=168
2026-09-08 03:54:56,765 INFO   crossover  | C-C-C-C-C-C-C-C-C-C-C-C-C-C | fitness=0.7531 | val_acc=0.3858 | bal_acc=0.3472 | min_recall=0.0909 | params=326
2026-09-08 03:54:56,769 INFO   crossover  | C-C-C-C-C-C-C-C-C-C-C-C | fitness=0.9127 | val_acc=0.4689 | bal_acc=0.3478 | min_recall=0.0000 | params=190
2026-09-08 03:54:56,773 INFO   mutate     | C-C-C-C-C-C-C-C-C-C    | fitness=0.9080 | val_acc=0.4379 | bal_acc=0.3432 | min_recall=0.0000 | params=210
2026-09-08 03:54:56,778 INFO   mutate     | C-C-C-C-C-C-C-C-C-C-C-C | fitness=0.9326 | val_acc=0.3717 | bal_acc=0.3110 | min_recall=0.0000 | params=186
2026-09-08 03:54:56,781 INFO   mutate     | C-C-C-C-C-C-C-C-C      | fitness=0.6993 | val_acc=0.4248 | bal_acc=0.3523 | min_recall=0.2523 | params=180
2026-09-08 03:54:56,781 INFO Best so far → val_acc=0.4699  bal_acc=0.3495  min_recall=0.1429  fitness=0.6930  params=202  id=61254122…
2026-09-08 03:54:56,782 INFO Memory table saved.
2026-09-08 03:54:56,782 INFO 
=== Evo step 4/10 ===
2026-09-08 03:54:56,782 INFO Top-3: 61254122… fit=0.6930  |  -6610082… fit=0.6947  |  -7807652… fit=0.6993
2026-09-08 03:54:56,786 INFO Generated 9 valid novel children
2026-09-08 03:59:48,504 INFO   crossover  | C-C-C-C-C-C-C-C-C-C-C-C-C-C | fitness=0.9452 | val_acc=0.4248 | bal_acc=0.3371 | min_recall=0.0000 | params=254
2026-09-08 03:59:48,508 INFO   crossover  | C-C-C-C-C-C            | fitness=0.6949 | val_acc=0.4499 | bal_acc=0.3786 | min_recall=0.0909 | params=148
2026-09-08 03:59:48,513 INFO   crossover  | C-C-C-C-C-C-C-C-C-C-C-C | fitness=0.9293 | val_acc=0.4780 | bal_acc=0.3373 | min_recall=0.0000 | params=238
2026-09-08 03:59:48,516 INFO   crossover  | C-C-C-C-C-C-C-C-C-C-C-C-C-C | fitness=0.7992 | val_acc=0.4689 | bal_acc=0.3201 | min_recall=0.0714 | params=304
2026-09-08 03:59:48,521 INFO   crossover  | C-C-C-C-C-C-C-C-C-C    | fitness=0.7493 | val_acc=0.4709 | bal_acc=0.3327 | min_recall=0.0714 | params=182
2026-09-08 03:59:48,524 INFO   crossover  | C-C-C-C-C-C-C-C-C-C-C  | fitness=0.9661 | val_acc=0.4289 | bal_acc=0.2983 | min_recall=0.0000 | params=242
2026-09-08 03:59:48,529 INFO   mutate     | C-C-C-C-C-C-C-C-C-C    | fitness=0.7141 | val_acc=0.4439 | bal_acc=0.3360 | min_recall=0.0937 | params=200
2026-09-08 03:59:48,537 INFO   mutate     | C-C-C-C-C-C-C-C-C-C-C  | fitness=0.6835 | val_acc=0.4379 | bal_acc=0.3915 | min_recall=0.1818 | params=218
2026-09-08 03:59:48,541 INFO   mutate     | C-C-C-C-C-C-C-C        | fitness=0.7848 | val_acc=0.4830 | bal_acc=0.3239 | min_recall=0.0714 | params=180
2026-09-08 03:59:48,541 INFO Best so far → val_acc=0.4379  bal_acc=0.3915  min_recall=0.1818  fitness=0.6835  params=218  id=-7971099…
2026-09-08 03:59:48,543 INFO Memory table saved.
2026-09-08 03:59:48,543 INFO 
=== Evo step 5/10 ===
2026-09-08 03:59:48,543 INFO Top-3: -7971099… fit=0.6835  |  61254122… fit=0.6930  |  -9196374… fit=1.0663
2026-09-08 03:59:48,547 INFO Generated 9 valid novel children
2026-09-08 04:06:39,614 INFO   crossover  | C-C-C-C-C-C-C-C-C-C-C-C-C | fitness=0.6932 | val_acc=0.4138 | bal_acc=0.3743 | min_recall=0.1429 | params=290
2026-09-08 04:06:39,616 INFO   crossover  | C-C-C-C-C-C-C-C        | fitness=0.7431 | val_acc=0.4419 | bal_acc=0.3262 | min_recall=0.0909 | params=122
2026-09-08 04:06:39,618 INFO   crossover  | C-C-C-C-C-C-C-C        | fitness=0.7206 | val_acc=0.4309 | bal_acc=0.3373 | min_recall=0.0909 | params=124
2026-09-08 04:06:39,620 INFO   crossover  | C-C-C-C-C-C-C-C-C-C-C-C-C | fitness=0.7720 | val_acc=0.4739 | bal_acc=0.3326 | min_recall=0.0714 | params=264
2026-09-08 04:06:39,622 INFO   crossover  | C-C-C-C-C-C-C-C-C      | fitness=0.6861 | val_acc=0.4589 | bal_acc=0.3496 | min_recall=0.1429 | params=182
2026-09-08 04:06:39,628 INFO   crossover  | C-C-C-C-C-C-C-C-C-C-C-C-C-C | fitness=0.6793 | val_acc=0.4519 | bal_acc=0.3658 | min_recall=0.1429 | params=284
2026-09-08 04:06:39,630 INFO   mutate     | C-C-C-C-C-C-C-C-C-C-C-C-P | fitness=0.7140 | val_acc=0.4449 | bal_acc=0.3438 | min_recall=0.1818 | params=208
2026-09-08 04:06:39,632 INFO   mutate     | C-C-C-C-C-C-C-C-C-C    | fitness=0.9043 | val_acc=0.4218 | bal_acc=0.3375 | min_recall=0.0000 | params=206
2026-09-08 04:06:39,634 INFO   mutate     | C-C-C-C-C-C-C-C-C-C-C  | fitness=0.7134 | val_acc=0.4729 | bal_acc=0.3731 | min_recall=0.0909 | params=214
2026-09-08 04:06:39,634 INFO Best so far → val_acc=0.4519  bal_acc=0.3658  min_recall=0.1429  fitness=0.6793  params=284  id=-3698641…
2026-09-08 04:06:39,635 INFO Memory table saved.
2026-09-08 04:06:39,635 INFO 
=== Evo step 6/10 ===
2026-09-08 04:06:39,635 INFO Top-3: -3698641… fit=0.6793  |  -7971099… fit=0.6835  |  40894324… fit=0.9772
2026-09-08 04:06:39,640 INFO Generated 9 valid novel children
2026-09-08 04:15:02,437 INFO   crossover  | C-C-C-C-C-C-C-C-C-C-C-C-C-C | fitness=0.6636 | val_acc=0.4659 | bal_acc=0.3940 | min_recall=0.2727 | params=284
2026-09-08 04:15:02,441 INFO   crossover  | C-C-C-C-C-C-C-C-C-C-C-C-C-C | fitness=0.7293 | val_acc=0.4389 | bal_acc=0.3542 | min_recall=0.0909 | params=244
2026-09-08 04:15:02,450 INFO   crossover  | C-C-C-C-C-C-C-C-C-C-C-C-C-C | fitness=0.9346 | val_acc=0.4138 | bal_acc=0.3210 | min_recall=0.0000 | params=252
2026-09-08 04:15:02,454 INFO   crossover  | C-C-C-C-C-C-C-C-C-C-C-C-C-C | fitness=0.9427 | val_acc=0.4248 | bal_acc=0.3400 | min_recall=0.0000 | params=248
2026-09-08 04:15:02,458 INFO   crossover  | C-C-C-C-C-C-C-C-C-C-C-C-C-C | fitness=0.6819 | val_acc=0.4549 | bal_acc=0.3844 | min_recall=0.2727 | params=248
2026-09-08 04:15:02,463 INFO   crossover  | C-C-C-C-C-C-C-C-C-C-C-C-C | fitness=0.8089 | val_acc=0.4419 | bal_acc=0.3205 | min_recall=0.0714 | params=290
2026-09-08 04:15:02,467 INFO   mutate     | C-C-C-C-C-C-C-C-C-C-C-C-C-C | fitness=0.7078 | val_acc=0.4539 | bal_acc=0.3709 | min_recall=0.1818 | params=341
2026-09-08 04:15:02,472 INFO   mutate     | C-C-C-C-C-C-C-C-C-C    | fitness=0.9231 | val_acc=0.4309 | bal_acc=0.3263 | min_recall=0.0000 | params=206
2026-09-08 04:15:02,480 INFO   mutate     | C-C-C-C-C-C-C-C-C-C-C-C-C | fitness=0.9157 | val_acc=0.4539 | bal_acc=0.3403 | min_recall=0.0000 | params=202
2026-09-08 04:15:02,480 INFO Best so far → val_acc=0.4659  bal_acc=0.3940  min_recall=0.2727  fitness=0.6636  params=284  id=-6773699…
2026-09-08 04:15:02,482 INFO Memory table saved.
2026-09-08 04:15:02,482 INFO 
=== Evo step 7/10 ===
2026-09-08 04:15:02,482 INFO Top-3: -6773699… fit=0.6636  |  -3698641… fit=0.6793  |  51696096… fit=0.7653
2026-09-08 04:15:02,489 INFO Generated 9 valid novel children
2026-09-08 04:21:18,846 INFO   crossover  | C-C-C-C-C-C-C-C-C-C-C-C-C-C | fitness=0.7711 | val_acc=0.4148 | bal_acc=0.3198 | min_recall=0.0909 | params=284
2026-09-08 04:21:18,850 INFO   crossover  | C-C-C-C-C-C-C-C-C-C-C-C-C-C | fitness=0.9606 | val_acc=0.4499 | bal_acc=0.3093 | min_recall=0.0000 | params=290
2026-09-08 04:21:18,855 INFO   crossover  | C-C-C-C-C-C-C-C-C-C-C-C-C-C | fitness=0.7313 | val_acc=0.4028 | bal_acc=0.3426 | min_recall=0.0909 | params=222
2026-09-08 04:21:18,859 INFO   crossover  | C-C-C-C-C-C-C-C-C-C-C-C-C-C | fitness=0.6881 | val_acc=0.4168 | bal_acc=0.3685 | min_recall=0.1429 | params=214
2026-09-08 04:21:18,863 INFO   crossover  | C-C-C-C-C-C-C          | fitness=0.6714 | val_acc=0.4579 | bal_acc=0.3618 | min_recall=0.1818 | params=138
2026-09-08 04:21:18,868 INFO   crossover  | C-C-C-C-C-C-C-C-C-C    | fitness=0.7035 | val_acc=0.4008 | bal_acc=0.3222 | min_recall=0.1429 | params=180
2026-09-08 04:21:18,877 INFO   mutate     | C-C-C-C-C-C-C-C-C-C-C-C-C-C | fitness=0.7312 | val_acc=0.4729 | bal_acc=0.3370 | min_recall=0.1429 | params=285
2026-09-08 04:21:18,882 INFO   mutate     | C-C-C-C-C-C-C-C-C-C-C-C-C-C | fitness=0.7036 | val_acc=0.4289 | bal_acc=0.3617 | min_recall=0.2187 | params=262
2026-09-08 04:21:18,886 INFO   mutate     | C-C-C-C-C-C-C-C-C-C    | fitness=0.6959 | val_acc=0.4379 | bal_acc=0.3535 | min_recall=0.2187 | params=206
2026-09-08 04:21:18,886 INFO Best so far → val_acc=0.4659  bal_acc=0.3940  min_recall=0.2727  fitness=0.6636  params=284  id=-6773699…
2026-09-08 04:21:18,888 INFO Memory table saved.
2026-09-08 04:21:18,888 INFO 
=== Evo step 8/10 ===
2026-09-08 04:21:18,888 INFO Top-3: -6773699… fit=0.6636  |  48539991… fit=0.6714  |  61254122… fit=0.6930
2026-09-08 04:21:18,895 INFO Generated 9 valid novel children
2026-09-08 04:27:33,676 INFO   crossover  | C-C-C-C-C-C-C          | fitness=0.7184 | val_acc=0.4389 | bal_acc=0.3720 | min_recall=0.0714 | params=196
2026-09-08 04:27:33,680 INFO   crossover  | C-C-C-C-C-C-C-C-C-C    | fitness=0.7057 | val_acc=0.4449 | bal_acc=0.3308 | min_recall=0.1429 | params=248
2026-09-08 04:27:33,684 INFO   crossover  | C-C-C-C-C-C-C-C        | fitness=0.7237 | val_acc=0.3186 | bal_acc=0.3034 | min_recall=0.1429 | params=146
2026-09-08 04:27:33,688 INFO   crossover  | C-C-C-C-C-C-C-C-C-C-C-C-C | fitness=0.7297 | val_acc=0.4279 | bal_acc=0.3307 | min_recall=0.0909 | params=276
2026-09-08 04:27:33,695 INFO   crossover  | C-C-C-C-C-C-C-C-C-C-C-C-C-C | fitness=0.7914 | val_acc=0.4128 | bal_acc=0.3303 | min_recall=0.0714 | params=282
2026-09-08 04:27:33,697 INFO   crossover  | C-C-C-C-C-C-C-C-C-C-C  | fitness=0.7945 | val_acc=0.3377 | bal_acc=0.3000 | min_recall=0.0714 | params=240
2026-09-08 04:27:33,699 INFO   mutate     | C-C-C-C-C-C-C-C-C-C-C-C-C-C | fitness=0.7056 | val_acc=0.4609 | bal_acc=0.3421 | min_recall=0.1250 | params=252
2026-09-08 04:27:33,701 INFO   mutate     | C-C-C-C-C-C-C-C-C-C-C  | fitness=0.6869 | val_acc=0.4479 | bal_acc=0.3599 | min_recall=0.1429 | params=203
2026-09-08 04:27:33,703 INFO   mutate     | C-C-C-C-C-P-C-C-P-C-C  | fitness=0.9179 | val_acc=0.4269 | bal_acc=0.3412 | min_recall=0.0000 | params=194
2026-09-08 04:27:33,703 INFO Best so far → val_acc=0.4659  bal_acc=0.3940  min_recall=0.2727  fitness=0.6636  params=284  id=-6773699…
2026-09-08 04:27:33,705 INFO Memory table saved.
2026-09-08 04:27:33,705 INFO 
=== Evo step 9/10 ===
2026-09-08 04:27:33,705 INFO Top-3: -6773699… fit=0.6636  |  48539991… fit=0.6714  |  28390983… fit=0.9293
2026-09-08 04:27:33,709 INFO Generated 9 valid novel children
2026-09-08 04:34:04,310 INFO   crossover  | C-C-C-C-C-C-C-C-C-C-C-C | fitness=0.7108 | val_acc=0.4449 | bal_acc=0.3408 | min_recall=0.1818 | params=254
2026-09-08 04:34:04,318 INFO   crossover  | C-C-C-C-C-C-C-C-C-C-C-C-C-C | fitness=0.8166 | val_acc=0.4449 | bal_acc=0.3124 | min_recall=0.0714 | params=224
2026-09-08 04:34:04,323 INFO   crossover  | C-C-C-C-C-C-C-C-C-C-C-C-C-C | fitness=0.8790 | val_acc=0.4489 | bal_acc=0.3082 | min_recall=0.0312 | params=210
2026-09-08 04:34:04,326 INFO   crossover  | C-C-C-C-C-C-C-C-C-C-C-C-C-C | fitness=0.7622 | val_acc=0.4369 | bal_acc=0.3753 | min_recall=0.0714 | params=248
2026-09-08 04:34:04,331 INFO   crossover  | C-C-C-C-C-C-C-C-C-C-C-C-C-C | fitness=0.7143 | val_acc=0.4509 | bal_acc=0.3627 | min_recall=0.2162 | params=248
2026-09-08 04:34:04,334 INFO   crossover  | C-C-C-C-C-C-C-C-C      | fitness=0.7664 | val_acc=0.4609 | bal_acc=0.3296 | min_recall=0.0714 | params=172
2026-09-08 04:34:04,339 INFO   mutate     | C-C-C-C-C-C-C-C-C-C-C-C-C-C | fitness=0.7699 | val_acc=0.4369 | bal_acc=0.3079 | min_recall=0.0909 | params=251
2026-09-08 04:34:04,342 INFO   mutate     | C-C-C-C-C-C            | fitness=0.7246 | val_acc=0.3086 | bal_acc=0.3050 | min_recall=0.1875 | params=132
2026-09-08 04:34:04,351 INFO   mutate     | C-C-C-C-C-C-C-C-C      | fitness=0.9641 | val_acc=0.4679 | bal_acc=0.2967 | min_recall=0.0000 | params=110
2026-09-08 04:34:04,351 INFO Best so far → val_acc=0.4659  bal_acc=0.3940  min_recall=0.2727  fitness=0.6636  params=284  id=-6773699…
2026-09-08 04:34:04,353 INFO Memory table saved.
2026-09-08 04:34:04,353 INFO 
=== Evo step 10/10 ===
2026-09-08 04:34:04,353 INFO Top-3: -6773699… fit=0.6636  |  48539991… fit=0.6714  |  -3698641… fit=0.6793
2026-09-08 04:34:04,358 INFO Generated 9 valid novel children
2026-09-08 04:40:34,602 INFO   crossover  | C-C-C-C-C-C-C-C-C-C-C-C-C-C | fitness=0.7622 | val_acc=0.3417 | bal_acc=0.3110 | min_recall=0.0909 | params=208
2026-09-08 04:40:34,604 INFO   crossover  | C-C-C-C-C-C-C-C-C-C-C-C-C-C | fitness=0.7834 | val_acc=0.4619 | bal_acc=0.3255 | min_recall=0.0714 | params=254
2026-09-08 04:40:34,606 INFO   crossover  | C-C-C-C-C-C-C-C-C-C-C-C-C | fitness=0.7030 | val_acc=0.3597 | bal_acc=0.3566 | min_recall=0.1429 | params=196
2026-09-08 04:40:34,608 INFO   crossover  | C-C-C-C-C-C-C-C-C-C-C-C-C-C | fitness=0.9474 | val_acc=0.4539 | bal_acc=0.3094 | min_recall=0.0000 | params=176
2026-09-08 04:40:34,610 INFO   crossover  | C-C-C-C-C-C-C-C-C-C-C-C-C | fitness=0.7445 | val_acc=0.4479 | bal_acc=0.3414 | min_recall=0.0909 | params=276
2026-09-08 04:40:34,616 INFO   crossover  | C-C-C-C-C-C-C-C-C      | fitness=0.7013 | val_acc=0.3978 | bal_acc=0.3346 | min_recall=0.1429 | params=232
2026-09-08 04:40:34,620 INFO   mutate     | C-C-C-C-C-C-C-C-C-C    | fitness=0.8104 | val_acc=0.4369 | bal_acc=0.2987 | min_recall=0.0714 | params=199
2026-09-08 04:40:34,624 INFO   mutate     | C-C-C-C-C-C-C          | fitness=0.9152 | val_acc=0.4289 | bal_acc=0.2984 | min_recall=0.0000 | params=130
2026-09-08 04:40:34,628 INFO   mutate     | C-C-C-C-C-C-C-C-C-C-C-C-C-C | fitness=0.9232 | val_acc=0.4309 | bal_acc=0.3143 | min_recall=0.0000 | params=227
2026-09-08 04:40:34,628 INFO Best so far → val_acc=0.4659  bal_acc=0.3940  min_recall=0.2727  fitness=0.6636  params=284  id=-6773699…
2026-09-08 04:40:34,631 INFO Memory table saved.
2026-09-08 04:40:34,631 INFO 
=== SEARCH COMPLETE ===
2026-09-08 04:40:34,631 INFO Best val_acc  : 0.4659
2026-09-08 04:40:34,631 INFO Best bal_acc  : 0.3940  (mean per-class recall)
2026-09-08 04:40:34,631 INFO Min recall    : 0.2727  (worst class)
2026-09-08 04:40:34,631 INFO Best fitness  : 0.6636
2026-09-08 04:40:34,631 INFO Params        : 284
2026-09-08 04:40:34,631 INFO Layers        : 14  (14 conv + 0 pool)
2026-09-08 04:40:34,631 INFO Circuit structure:
2026-09-08 04:40:34,631 INFO   Structure: C-C-C-C-C-C-C-C-C-C-C-C-C-C  (14 layers = 14 conv + 0 pool)
2026-09-08 04:40:34,631 INFO   Layer 0 CONV  gate=U_5        stride=1 step=6 offset=0 boundary=open
2026-09-08 04:40:34,631 INFO   Layer 1 CONV  gate=U_15       stride=2 step=3 offset=0 boundary=open
2026-09-08 04:40:34,631 INFO   Layer 2 CONV  gate=U_SO4      stride=5 step=6 offset=0 boundary=open
2026-09-08 04:40:34,631 INFO   Layer 3 CONV  gate=U_SU4      stride=1 step=4 offset=0 boundary=open
2026-09-08 04:40:34,631 INFO   Layer 4 CONV  gate=U_6        stride=2 step=1 offset=0 boundary=open
2026-09-08 04:40:34,631 INFO   Layer 5 CONV  gate=U_14       stride=6 step=6 offset=0 boundary=periodic
2026-09-08 04:40:34,631 INFO   Layer 6 CONV  gate=U_13       stride=2 step=3 offset=1 boundary=open
2026-09-08 04:40:34,631 INFO   Layer 7 CONV  gate=U_TTN      stride=1 step=2 offset=0 boundary=open
2026-09-08 04:40:34,631 INFO   Layer 8 CONV  gate=U_9        stride=2 step=4 offset=1 boundary=periodic
2026-09-08 04:40:34,631 INFO   Layer 9 CONV  gate=U_5        stride=1 step=6 offset=0 boundary=open
2026-09-08 04:40:34,631 INFO   Layer 10 CONV  gate=U_15       stride=2 step=3 offset=0 boundary=open
2026-09-08 04:40:34,632 INFO   Layer 11 CONV  gate=U_SO4      stride=7 step=7 offset=0 boundary=open
2026-09-08 04:40:34,632 INFO   Layer 12 CONV  gate=U_SU4      stride=1 step=4 offset=0 boundary=open
2026-09-08 04:40:34,632 INFO   Layer 13 CONV  gate=U_6        stride=2 step=1 offset=0 boundary=open
2026-09-08 04:40:34,632 INFO   Qubits surviving: 8 → [0, 1, 2, 3, 4, 5, 6, 7]  | readout wires = [0, 1, 2]
2026-09-08 04:40:34,632 INFO 
============================================================
2026-09-08 04:40:34,632 INFO FINAL TRAINING — DermaMNIST 7-class QCNN
2026-09-08 04:40:34,632 INFO ============================================================
2026-09-08 04:40:34,632 INFO   Structure: C-C-C-C-C-C-C-C-C-C-C-C-C-C  (14 layers = 14 conv + 0 pool)
2026-09-08 04:40:34,632 INFO   Layer 0 CONV  gate=U_5        stride=1 step=6 offset=0 boundary=open
2026-09-08 04:40:34,632 INFO   Layer 1 CONV  gate=U_15       stride=2 step=3 offset=0 boundary=open
2026-09-08 04:40:34,632 INFO   Layer 2 CONV  gate=U_SO4      stride=5 step=6 offset=0 boundary=open
2026-09-08 04:40:34,633 INFO   Layer 3 CONV  gate=U_SU4      stride=1 step=4 offset=0 boundary=open
2026-09-08 04:40:34,633 INFO   Layer 4 CONV  gate=U_6        stride=2 step=1 offset=0 boundary=open
2026-09-08 04:40:34,633 INFO   Layer 5 CONV  gate=U_14       stride=6 step=6 offset=0 boundary=periodic
2026-09-08 04:40:34,633 INFO   Layer 6 CONV  gate=U_13       stride=2 step=3 offset=1 boundary=open
2026-09-08 04:40:34,633 INFO   Layer 7 CONV  gate=U_TTN      stride=1 step=2 offset=0 boundary=open
2026-09-08 04:40:34,633 INFO   Layer 8 CONV  gate=U_9        stride=2 step=4 offset=1 boundary=periodic
2026-09-08 04:40:34,633 INFO   Layer 9 CONV  gate=U_5        stride=1 step=6 offset=0 boundary=open
2026-09-08 04:40:34,633 INFO   Layer 10 CONV  gate=U_15       stride=2 step=3 offset=0 boundary=open
2026-09-08 04:40:34,633 INFO   Layer 11 CONV  gate=U_SO4      stride=7 step=7 offset=0 boundary=open
2026-09-08 04:40:34,633 INFO   Layer 12 CONV  gate=U_SU4      stride=1 step=4 offset=0 boundary=open
2026-09-08 04:40:34,633 INFO   Layer 13 CONV  gate=U_6        stride=2 step=1 offset=0 boundary=open
2026-09-08 04:40:34,633 INFO   Qubits surviving: 8 → [0, 1, 2, 3, 4, 5, 6, 7]  | readout wires = [0, 1, 2]
2026-09-08 04:40:34,634 INFO Circuit: 14 layers (14 conv + 0 pool), 284 trainable parameters.
2026-09-08 04:42:42,376 INFO Epoch    1/100 | loss=1.7721 | val_acc=0.5100 | bal_acc=0.3572 | min_recall=0.000 | lr=0.005000
2026-09-08 05:27:45,904 INFO Epoch   20/100 | loss=1.7028 | val_acc=0.4629 | bal_acc=0.3718 | min_recall=0.125 | lr=0.005000
2026-09-08 06:41:43,392 INFO Epoch   40/100 | loss=1.7002 | val_acc=0.5050 | bal_acc=0.4064 | min_recall=0.091 | lr=0.005000
2026-09-08 07:55:33,622 INFO Epoch   60/100 | loss=1.6937 | val_acc=0.5060 | bal_acc=0.3890 | min_recall=0.243 | lr=0.002500
2026-09-08 08:56:56,201 INFO Epoch   80/100 | loss=1.6935 | val_acc=0.4669 | bal_acc=0.3536 | min_recall=0.125 | lr=0.002500
2026-09-08 09:47:10,254 INFO Epoch  100/100 | loss=1.6932 | val_acc=0.4850 | bal_acc=0.3703 | min_recall=0.091 | lr=0.001250
2026-09-08 09:47:10,254 INFO Training log saved → experiments/pca16/sweep/conv_heavy_001/training_log.csv
2026-09-08 09:47:10,254 INFO Best val fitness: 0.5631
2026-09-08 09:47:10,254 INFO 
--- Test evaluation (best-val checkpoint) ---
2026-09-08 09:47:11,303 INFO Test accuracy    : 0.4367
Test bal. acc    : 0.3603  (mean per-class recall)
Per-class recall : ['0.4400', '0.3590', '0.3193', '0.1111', '0.5714', '0.4489', '0.2727']
Min recall       : 0.1111
Test ROC-AUC OvR : 0.7466
2026-09-08 09:47:11,306 INFO 
              precision    recall  f1-score   support

       akiec       0.14      0.44      0.21        50
         bcc       0.20      0.36      0.26        78
         bkl       0.35      0.32      0.33       166
          df       0.05      0.11      0.07        18
         mel       0.24      0.57      0.34       168
          nv       0.95      0.45      0.61      1007
        vasc       0.04      0.27      0.07        22

    accuracy                           0.44      1509
   macro avg       0.28      0.36      0.27      1509
weighted avg       0.72      0.44      0.50      1509

2026-09-08 09:47:11,645 INFO Plots saved.
2026-09-08 09:47:12,764 INFO Failed to extract font properties from /usr/share/fonts/truetype/noto/NotoColorEmoji.ttf: Can not load face (unknown file format; error code 0x2)
2026-09-08 09:47:14,075 INFO Circuit diagram saved.
2026-09-08 09:47:14,080 INFO 
Run 'conv_heavy' complete → {'accuracy': 0.4367130550033135, 'bal_acc': 0.36033948804847643, 'per_class_recalls': [0.439999999912, 0.3589743589283366, 0.31927710841450135, 0.1111111110493827, 0.5714285713945578, 0.4488579940372507, 0.27272727260330576], 'roc_auc_ovr': 0.7466462238855576}
2026-09-08 09:47:14,080 INFO 
>>> PCA-16 sweep run 8/11: pool_required
