2026-09-07 01:36:21,275 INFO 
============================================================
2026-09-07 01:36:21,275 INFO SWEEP RUN: baseline  (PCA-16)
2026-09-07 01:36:21,275 INFO Params: {'label': 'baseline', 'LR_EVAL': 0.003, 'N_EPOCHS_EVAL': 60, 'INIT_POP': 10, 'MAX_EVO_STEPS': 10, 'W_CLASS': [0.08, 0.14, 0.125, 0.125, 0.28, 0.125, 0.125]}
2026-09-07 01:36:21,275 INFO ============================================================
2026-09-07 01:36:21,275 INFO 
--- Linear classifier baseline (on 16 PCA features) ---
2026-09-07 01:36:23,769 INFO   val   | acc=0.4529 | bal_acc=0.4023 | min_recall=0.1818 | auc=0.7940
2026-09-07 01:36:23,769 INFO          per-class: ['0.562', '0.510', '0.394', '0.182', '0.414', '0.467', '0.286']
2026-09-07 01:36:23,775 INFO   test  | acc=0.4380 | bal_acc=0.3478 | min_recall=0.2727 | auc=0.7673
2026-09-07 01:36:23,775 INFO          per-class: ['0.300', '0.385', '0.289', '0.278', '0.429', '0.482', '0.273']
2026-09-07 01:36:23,775 INFO Linear baseline saved → experiments/pca16/sweep/baseline_001/linear_baseline.json
2026-09-07 01:36:23,776 INFO Subsampling search training set: 35196 → 2000
2026-09-07 01:36:23,776 INFO Evaluating initial population...
2026-09-07 01:36:23,776 INFO Config: LR=0.003  epochs=60  pop=10  steps=10  W_CLASS=[0.08, 0.14, 0.125, 0.125, 0.28, 0.125, 0.125]
2026-09-07 01:36:23,776 INFO Encoding: dense (RX + RY per qubit), 16 PCA components → 8 qubits
2026-09-07 01:36:23,776 INFO Structure: variable length 3–10 layers  | P_CONV=0.6  | min conv=1  | min pool=0  | readout qubits=3
2026-09-07 01:36:23,910 INFO Initial population: 10 valid genotypes
2026-09-07 01:39:39,948 INFO   random     | C-P-C-C                | fitness=0.9114 | val_acc=0.1713 | bal_acc=0.1476 | min_recall=0.0714 | params=54
2026-09-07 01:39:39,950 INFO   random     | C-C-C                  | fitness=0.9011 | val_acc=0.4138 | bal_acc=0.2915 | min_recall=0.0000 | params=44
2026-09-07 01:39:39,952 INFO   random     | C-C-P                  | fitness=1.0500 | val_acc=0.1383 | bal_acc=0.1826 | min_recall=0.0000 | params=40
2026-09-07 01:39:39,954 INFO   random     | C-C-C-C-C-C-C-C-P      | fitness=0.7163 | val_acc=0.4559 | bal_acc=0.3432 | min_recall=0.0909 | params=135
2026-09-07 01:39:39,956 INFO   random     | C-C-C                  | fitness=1.0297 | val_acc=0.0721 | bal_acc=0.1879 | min_recall=0.0000 | params=41
2026-09-07 01:39:39,958 INFO   random     | C-C-C-C                | fitness=1.0157 | val_acc=0.1673 | bal_acc=0.2027 | min_recall=0.0000 | params=72
2026-09-07 01:39:39,960 INFO   random     | C-C-P-C-C              | fitness=0.9405 | val_acc=0.4299 | bal_acc=0.2546 | min_recall=0.0000 | params=121
2026-09-07 01:39:39,962 INFO   random     | C-C-C-P                | fitness=0.9896 | val_acc=0.3307 | bal_acc=0.2117 | min_recall=0.0000 | params=82
2026-09-07 01:39:39,964 INFO   random     | C-C-C-P                | fitness=0.7229 | val_acc=0.3337 | bal_acc=0.3182 | min_recall=0.1818 | params=110
2026-09-07 01:39:39,966 INFO   random     | C-P-C-C-C              | fitness=0.9069 | val_acc=0.4389 | bal_acc=0.3062 | min_recall=0.0000 | params=86
2026-09-07 01:39:39,966 INFO 
=== Evo step 1/10 ===
2026-09-07 01:39:39,966 INFO Top-3: 64241235… fit=0.7163  |  -7250064… fit=0.7229  |  77574644… fit=0.9011
2026-09-07 01:39:39,973 INFO Generated 9 valid novel children
2026-09-07 01:44:01,459 INFO   crossover  | C-C-C-C-C-C-P          | fitness=0.6961 | val_acc=0.4950 | bal_acc=0.3630 | min_recall=0.1712 | params=166
2026-09-07 01:44:01,460 INFO   crossover  | C-C-C-C-P-C-C          | fitness=0.9346 | val_acc=0.3257 | bal_acc=0.2930 | min_recall=0.0000 | params=106
2026-09-07 01:44:01,463 INFO   crossover  | C-C-C-P-C-C-C-C-P      | fitness=0.7330 | val_acc=0.4299 | bal_acc=0.3219 | min_recall=0.0909 | params=153
2026-09-07 01:44:01,464 INFO   crossover  | C-C-C-C                | fitness=0.7089 | val_acc=0.4629 | bal_acc=0.3277 | min_recall=0.1818 | params=136
2026-09-07 01:44:01,467 INFO   crossover  | C-P-C-C-P              | fitness=1.0103 | val_acc=0.0862 | bal_acc=0.1977 | min_recall=0.0000 | params=56
2026-09-07 01:44:01,468 INFO   crossover  | C-P-C-C-P              | fitness=1.0578 | val_acc=0.0511 | bal_acc=0.1516 | min_recall=0.0000 | params=58
2026-09-07 01:44:01,470 INFO   mutate     | C-C-C-C-C-C-C-C-C      | fitness=0.7850 | val_acc=0.2846 | bal_acc=0.2767 | min_recall=0.0714 | params=135
2026-09-07 01:44:01,472 INFO   mutate     | C-C-C-P                | fitness=1.0224 | val_acc=0.0601 | bal_acc=0.1664 | min_recall=0.0000 | params=50
2026-09-07 01:44:01,474 INFO   mutate     | C-C-P-C-C              | fitness=1.0049 | val_acc=0.4078 | bal_acc=0.2032 | min_recall=0.0000 | params=66
2026-09-07 01:44:01,474 INFO Best so far → val_acc=0.4950  bal_acc=0.3630  min_recall=0.1712  fitness=0.6961  params=166  id=44919666…
2026-09-07 01:44:01,475 INFO Memory table saved.
2026-09-07 01:44:01,475 INFO 
=== Evo step 2/10 ===
2026-09-07 01:44:01,475 INFO Top-3: 44919666… fit=0.6961  |  79115234… fit=0.7089  |  28059202… fit=1.0224
2026-09-07 01:44:01,479 INFO Generated 9 valid novel children
2026-09-07 01:51:21,993 INFO   crossover  | C-C-C-C-C-C-P-C-C-C    | fitness=0.6551 | val_acc=0.4599 | bal_acc=0.3954 | min_recall=0.2187 | params=264
2026-09-07 01:51:21,997 INFO   crossover  | C-C-C-C-C-C-P-C-P-C    | fitness=0.6660 | val_acc=0.4820 | bal_acc=0.3898 | min_recall=0.2661 | params=223
2026-09-07 01:51:22,001 INFO   crossover  | C-C-C-C-C-C-C-C-P      | fitness=0.9489 | val_acc=0.4138 | bal_acc=0.3153 | min_recall=0.0000 | params=244
2026-09-07 01:51:22,005 INFO   crossover  | C-C-C-C-C              | fitness=0.9541 | val_acc=0.4018 | bal_acc=0.2711 | min_recall=0.0000 | params=140
2026-09-07 01:51:22,009 INFO   crossover  | C-P-C-P                | fitness=0.9210 | val_acc=0.3457 | bal_acc=0.2691 | min_recall=0.0270 | params=78
2026-09-07 01:51:22,013 INFO   crossover  | C-P-C-C-C-C-C          | fitness=0.7708 | val_acc=0.4659 | bal_acc=0.3379 | min_recall=0.0625 | params=140
2026-09-07 01:51:22,017 INFO   mutate     | C-C-C-C-C-C-C-P        | fitness=0.8491 | val_acc=0.3858 | bal_acc=0.3105 | min_recall=0.0312 | params=172
2026-09-07 01:51:22,025 INFO   mutate     | C-C-C-C-P-C            | fitness=0.9378 | val_acc=0.4028 | bal_acc=0.2657 | min_recall=0.0000 | params=169
2026-09-07 01:51:22,027 INFO   mutate     | C-C-C-C                | fitness=0.6732 | val_acc=0.4068 | bal_acc=0.3411 | min_recall=0.0937 | params=112
2026-09-07 01:51:22,027 INFO Best so far → val_acc=0.4599  bal_acc=0.3954  min_recall=0.2187  fitness=0.6551  params=264  id=62896020…
2026-09-07 01:51:22,028 INFO Memory table saved.
2026-09-07 01:51:22,028 INFO 
=== Evo step 3/10 ===
2026-09-07 01:51:22,028 INFO Top-3: 62896020… fit=0.6551  |  50296277… fit=0.6660  |  -6061909… fit=0.9069
2026-09-07 01:51:22,035 INFO Generated 9 valid novel children
2026-09-07 01:59:12,838 INFO   crossover  | C-C-C-C-C-C-C-C-P-C    | fitness=0.6927 | val_acc=0.5040 | bal_acc=0.3729 | min_recall=0.0937 | params=309
2026-09-07 01:59:12,843 INFO   crossover  | C-C-C-C-C-C-P-C-C-P    | fitness=0.8821 | val_acc=0.4900 | bal_acc=0.3731 | min_recall=0.0000 | params=239
2026-09-07 01:59:12,847 INFO   crossover  | C-C-C-C-C              | fitness=0.9089 | val_acc=0.3517 | bal_acc=0.2970 | min_recall=0.0000 | params=104
2026-09-07 01:59:12,851 INFO   crossover  | C-C-C-C-C-C-C-P        | fitness=0.7700 | val_acc=0.3567 | bal_acc=0.3471 | min_recall=0.0625 | params=184
2026-09-07 01:59:12,854 INFO   crossover  | C-C-C-C-C-C-C-C-C-C    | fitness=0.7678 | val_acc=0.4539 | bal_acc=0.3416 | min_recall=0.0714 | params=274
2026-09-07 01:59:12,856 INFO   crossover  | C-C-C-C-C-C-C-C-C-P    | fitness=0.7508 | val_acc=0.4719 | bal_acc=0.3494 | min_recall=0.0625 | params=210
2026-09-07 01:59:12,862 INFO   mutate     | C-C-C-C-P-C            | fitness=0.9442 | val_acc=0.2475 | bal_acc=0.2536 | min_recall=0.0000 | params=72
2026-09-07 01:59:12,864 INFO   mutate     | C-C-C-C-C-P-C-P-C      | fitness=0.7281 | val_acc=0.4259 | bal_acc=0.3320 | min_recall=0.1261 | params=143
2026-09-07 01:59:12,866 INFO   mutate     | C-C-C-C-C-C-C-P        | fitness=0.8991 | val_acc=0.4890 | bal_acc=0.3556 | min_recall=0.0000 | params=178
2026-09-07 01:59:12,866 INFO Best so far → val_acc=0.4599  bal_acc=0.3954  min_recall=0.2187  fitness=0.6551  params=264  id=62896020…
2026-09-07 01:59:12,867 INFO Memory table saved.
2026-09-07 01:59:12,868 INFO 
=== Evo step 4/10 ===
2026-09-07 01:59:12,868 INFO Top-3: 62896020… fit=0.6551  |  50296277… fit=0.6660  |  57270773… fit=0.6732
2026-09-07 01:59:12,872 INFO Generated 9 valid novel children
2026-09-07 02:06:34,527 INFO   crossover  | C-C-C-C-C-C-P-C-C-C    | fitness=0.6931 | val_acc=0.4178 | bal_acc=0.3571 | min_recall=0.1562 | params=279
2026-09-07 02:06:34,531 INFO   crossover  | C-C-C-C-C-C-P-C-C-P    | fitness=0.7786 | val_acc=0.4810 | bal_acc=0.3392 | min_recall=0.0625 | params=236
2026-09-07 02:06:34,535 INFO   crossover  | C-C-C-C-C-C-P-P-C-C    | fitness=0.7430 | val_acc=0.4459 | bal_acc=0.3221 | min_recall=0.0909 | params=214
2026-09-07 02:06:34,540 INFO   crossover  | C-C-C-C-P              | fitness=1.0282 | val_acc=0.0571 | bal_acc=0.1833 | min_recall=0.0000 | params=66
2026-09-07 02:06:34,546 INFO   crossover  | C-C-C-C-C-C-C-P-C-C    | fitness=0.7101 | val_acc=0.3477 | bal_acc=0.3193 | min_recall=0.1562 | params=236
2026-09-07 02:06:34,548 INFO   crossover  | C-C-C-C-C-P-C-P-C      | fitness=0.7211 | val_acc=0.3727 | bal_acc=0.3358 | min_recall=0.0937 | params=187
2026-09-07 02:06:34,550 INFO   mutate     | C-C-C-C-C-C-C-C-C      | fitness=0.7375 | val_acc=0.4619 | bal_acc=0.3268 | min_recall=0.1429 | params=290
2026-09-07 02:06:34,551 INFO   mutate     | C-C-C-C-C-C-C-P        | fitness=0.9177 | val_acc=0.4920 | bal_acc=0.3103 | min_recall=0.0000 | params=184
2026-09-07 02:06:34,554 INFO   mutate     | C-C-C-C-C-P            | fitness=0.7548 | val_acc=0.3006 | bal_acc=0.3127 | min_recall=0.0714 | params=99
2026-09-07 02:06:34,554 INFO Best so far → val_acc=0.4599  bal_acc=0.3954  min_recall=0.2187  fitness=0.6551  params=264  id=62896020…
2026-09-07 02:06:34,555 INFO Memory table saved.
2026-09-07 02:06:34,555 INFO 
=== Evo step 5/10 ===
2026-09-07 02:06:34,555 INFO Top-3: 62896020… fit=0.6551  |  50296277… fit=0.6660  |  -6061909… fit=0.9069
2026-09-07 02:06:34,557 INFO Generated 9 valid novel children
2026-09-07 02:14:09,305 INFO   crossover  | C-C-C-C-C-C-C-C-C-P    | fitness=0.8371 | val_acc=0.4048 | bal_acc=0.3399 | min_recall=0.0312 | params=272
2026-09-07 02:14:09,310 INFO   crossover  | C-C-C-C                | fitness=0.9637 | val_acc=0.1273 | bal_acc=0.2318 | min_recall=0.0000 | params=59
2026-09-07 02:14:09,314 INFO   crossover  | C-C-C-C-C-C-P-C-C-C    | fitness=0.8879 | val_acc=0.5010 | bal_acc=0.3362 | min_recall=0.0000 | params=224
2026-09-07 02:14:09,322 INFO   crossover  | C-C-C-C-C-C-C          | fitness=0.7312 | val_acc=0.4739 | bal_acc=0.3760 | min_recall=0.0625 | params=189
2026-09-07 02:14:09,326 INFO   crossover  | C-C-C-C-C-C-C-P-C-C    | fitness=0.6995 | val_acc=0.4108 | bal_acc=0.3473 | min_recall=0.1250 | params=237
2026-09-07 02:14:09,330 INFO   crossover  | C-C-C                  | fitness=1.0848 | val_acc=0.0140 | bal_acc=0.1435 | min_recall=0.0000 | params=30
2026-09-07 02:14:09,334 INFO   mutate     | C-C-C                  | fitness=0.9668 | val_acc=0.0721 | bal_acc=0.2167 | min_recall=0.0000 | params=42
2026-09-07 02:14:09,338 INFO   mutate     | C-C-C-C-C-C-P-C-P-C    | fitness=0.6860 | val_acc=0.3427 | bal_acc=0.3927 | min_recall=0.1441 | params=217
2026-09-07 02:14:09,342 INFO   mutate     | C-C-C-C-C-C            | fitness=0.9247 | val_acc=0.3226 | bal_acc=0.2829 | min_recall=0.0000 | params=74
2026-09-07 02:14:09,342 INFO Best so far → val_acc=0.4599  bal_acc=0.3954  min_recall=0.2187  fitness=0.6551  params=264  id=62896020…
2026-09-07 02:14:09,344 INFO Memory table saved.
2026-09-07 02:14:09,344 INFO 
=== Evo step 6/10 ===
2026-09-07 02:14:09,344 INFO Top-3: 62896020… fit=0.6551  |  50296277… fit=0.6660  |  57270773… fit=0.6732
2026-09-07 02:14:09,350 INFO Generated 9 valid novel children
2026-09-07 02:21:26,555 INFO   crossover  | C-C-C-C-C-C            | fitness=0.7515 | val_acc=0.3647 | bal_acc=0.3140 | min_recall=0.0909 | params=160
2026-09-07 02:21:26,559 INFO   crossover  | C-C-C                  | fitness=1.0144 | val_acc=0.0361 | bal_acc=0.2087 | min_recall=0.0000 | params=54
2026-09-07 02:21:26,561 INFO   crossover  | C-C-C-C-C-C            | fitness=0.9276 | val_acc=0.3437 | bal_acc=0.2944 | min_recall=0.0000 | params=184
2026-09-07 02:21:26,563 INFO   crossover  | C-C-C-C-C-C-C-C-C      | fitness=0.7379 | val_acc=0.4429 | bal_acc=0.3158 | min_recall=0.0909 | params=256
2026-09-07 02:21:26,569 INFO   crossover  | C-C-C-C-C-C-C-P-C-C    | fitness=0.7812 | val_acc=0.4579 | bal_acc=0.3343 | min_recall=0.0625 | params=294
2026-09-07 02:21:26,574 INFO   crossover  | C-C-C-C-C-C-P-C-P-C    | fitness=0.7383 | val_acc=0.4760 | bal_acc=0.3789 | min_recall=0.0714 | params=265
2026-09-07 02:21:26,578 INFO   mutate     | C-C-C                  | fitness=0.9723 | val_acc=0.0721 | bal_acc=0.2061 | min_recall=0.0000 | params=50
2026-09-07 02:21:26,582 INFO   mutate     | C-C-C-C-C-P-C-P-C      | fitness=0.9378 | val_acc=0.4739 | bal_acc=0.3326 | min_recall=0.0000 | params=205
2026-09-07 02:21:26,586 INFO   mutate     | C-C-C                  | fitness=0.9185 | val_acc=0.3547 | bal_acc=0.2622 | min_recall=0.0360 | params=96
2026-09-07 02:21:26,586 INFO Best so far → val_acc=0.4599  bal_acc=0.3954  min_recall=0.2187  fitness=0.6551  params=264  id=62896020…
2026-09-07 02:21:26,588 INFO Memory table saved.
2026-09-07 02:21:26,588 INFO 
=== Evo step 7/10 ===
2026-09-07 02:21:26,588 INFO Top-3: 62896020… fit=0.6551  |  50296277… fit=0.6660  |  -2087617… fit=0.9089
2026-09-07 02:21:26,592 INFO Generated 9 valid novel children
2026-09-07 02:28:05,078 INFO   crossover  | C-C-C-C                | fitness=0.8861 | val_acc=0.1743 | bal_acc=0.2464 | min_recall=0.0312 | params=72
2026-09-07 02:28:05,080 INFO   crossover  | C-C-C-P-C-C            | fitness=0.6776 | val_acc=0.4549 | bal_acc=0.3866 | min_recall=0.0909 | params=151
2026-09-07 02:28:05,082 INFO   crossover  | C-C-C-C-C-C-P-C-C-C    | fitness=0.7525 | val_acc=0.5000 | bal_acc=0.3468 | min_recall=0.0714 | params=249
2026-09-07 02:28:05,088 INFO   crossover  | C-C-C-C-C-C            | fitness=0.9162 | val_acc=0.4148 | bal_acc=0.3016 | min_recall=0.0000 | params=150
2026-09-07 02:28:05,090 INFO   crossover  | C-C-P-C-C-P-C-C-C      | fitness=0.7536 | val_acc=0.4739 | bal_acc=0.3457 | min_recall=0.0625 | params=167
2026-09-07 02:28:05,092 INFO   crossover  | C-C-C-C-C-P-C-P-C      | fitness=0.7541 | val_acc=0.3307 | bal_acc=0.2872 | min_recall=0.1875 | params=280
2026-09-07 02:28:05,094 INFO   mutate     | C-C-C-C-C-C-P-C-C      | fitness=0.8054 | val_acc=0.4128 | bal_acc=0.3119 | min_recall=0.0714 | params=234
2026-09-07 02:28:05,096 INFO   mutate     | C-C-C                  | fitness=1.0812 | val_acc=0.0140 | bal_acc=0.1456 | min_recall=0.0000 | params=44
2026-09-07 02:28:05,098 INFO   mutate     | C-C-P-C-C              | fitness=0.9213 | val_acc=0.3607 | bal_acc=0.2354 | min_recall=0.0312 | params=121
2026-09-07 02:28:05,098 INFO Best so far → val_acc=0.4599  bal_acc=0.3954  min_recall=0.2187  fitness=0.6551  params=264  id=62896020…
2026-09-07 02:28:05,100 INFO Memory table saved.
2026-09-07 02:28:05,100 INFO 
=== Evo step 8/10 ===
2026-09-07 02:28:05,100 INFO Top-3: 62896020… fit=0.6551  |  50296277… fit=0.6660  |  -7445964… fit=0.7330
2026-09-07 02:28:05,105 INFO Generated 9 valid novel children
2026-09-07 02:35:06,580 INFO   crossover  | C-C-C-C-C-C-P-C-C-C    | fitness=0.6677 | val_acc=0.4739 | bal_acc=0.3745 | min_recall=0.0937 | params=239
2026-09-07 02:35:06,584 INFO   crossover  | C-C-C-C-C              | fitness=0.9521 | val_acc=0.2034 | bal_acc=0.2835 | min_recall=0.0090 | params=90
2026-09-07 02:35:06,593 INFO   crossover  | C-C-C-C-C-P-C-C-C      | fitness=0.7504 | val_acc=0.2395 | bal_acc=0.3002 | min_recall=0.1731 | params=246
2026-09-07 02:35:06,597 INFO   crossover  | C-C-C-C-C-C-P-C-C-C    | fitness=0.6933 | val_acc=0.4269 | bal_acc=0.3633 | min_recall=0.0937 | params=268
2026-09-07 02:35:06,601 INFO   crossover  | C-C-C-C-P-C-C-C        | fitness=0.7126 | val_acc=0.4559 | bal_acc=0.3368 | min_recall=0.1818 | params=268
2026-09-07 02:35:06,605 INFO   crossover  | C-C-C-C-C-P-C          | fitness=0.7789 | val_acc=0.3707 | bal_acc=0.3075 | min_recall=0.0714 | params=188
2026-09-07 02:35:06,609 INFO   mutate     | C-C-C-C-C-P-C          | fitness=0.9346 | val_acc=0.4078 | bal_acc=0.2835 | min_recall=0.0000 | params=121
2026-09-07 02:35:06,613 INFO   mutate     | C-C-C-C-C-C-P-P-C      | fitness=0.9419 | val_acc=0.4990 | bal_acc=0.2575 | min_recall=0.0312 | params=178
2026-09-07 02:35:06,617 INFO   mutate     | C-C-C-C                | fitness=0.6647 | val_acc=0.5170 | bal_acc=0.3619 | min_recall=0.1429 | params=114
2026-09-07 02:35:06,617 INFO Best so far → val_acc=0.4599  bal_acc=0.3954  min_recall=0.2187  fitness=0.6551  params=264  id=62896020…
2026-09-07 02:35:06,619 INFO Memory table saved.
2026-09-07 02:35:06,619 INFO 
=== Evo step 9/10 ===
2026-09-07 02:35:06,619 INFO Top-3: 62896020… fit=0.6551  |  57936592… fit=0.6647  |  50296277… fit=0.6660
2026-09-07 02:35:06,624 INFO Generated 9 valid novel children
2026-09-07 02:41:59,436 INFO   crossover  | C-C-C-C-C-C-P-C-C-C    | fitness=0.8660 | val_acc=0.5140 | bal_acc=0.3208 | min_recall=0.0312 | params=246
2026-09-07 02:41:59,440 INFO   crossover  | C-C-C-C-C-C-P-C-C-C    | fitness=0.7330 | val_acc=0.3968 | bal_acc=0.3324 | min_recall=0.0909 | params=207
2026-09-07 02:41:59,444 INFO   crossover  | C-C-C-C-C-C-C-C-C-P    | fitness=0.6853 | val_acc=0.4319 | bal_acc=0.3676 | min_recall=0.1875 | params=262
2026-09-07 02:41:59,448 INFO   crossover  | C-C-C-P-C-P-C          | fitness=0.7600 | val_acc=0.4870 | bal_acc=0.3428 | min_recall=0.0714 | params=219
2026-09-07 02:41:59,452 INFO   crossover  | C-C-C-C-C-C-P-C-C-C    | fitness=0.6422 | val_acc=0.4469 | bal_acc=0.3915 | min_recall=0.1250 | params=275
2026-09-07 02:41:59,456 INFO   crossover  | C-C-C-C-C-C-C          | fitness=0.9301 | val_acc=0.4980 | bal_acc=0.3219 | min_recall=0.0000 | params=192
2026-09-07 02:41:59,460 INFO   mutate     | C-C-C-C-C-C-P-C        | fitness=0.7294 | val_acc=0.3397 | bal_acc=0.3158 | min_recall=0.0909 | params=184
2026-09-07 02:41:59,464 INFO   mutate     | C-C-C-C                | fitness=0.8348 | val_acc=0.4329 | bal_acc=0.3080 | min_recall=0.0312 | params=94
2026-09-07 02:41:59,473 INFO   mutate     | C-C-C-C-C-P-C-P-C      | fitness=0.7518 | val_acc=0.4719 | bal_acc=0.3121 | min_recall=0.0937 | params=205
2026-09-07 02:41:59,473 INFO Best so far → val_acc=0.4469  bal_acc=0.3915  min_recall=0.1250  fitness=0.6422  params=275  id=-5561239…
2026-09-07 02:41:59,475 INFO Memory table saved.
2026-09-07 02:41:59,475 INFO 
=== Evo step 10/10 ===
2026-09-07 02:41:59,475 INFO Top-3: -5561239… fit=0.6422  |  62896020… fit=0.6551  |  -4499417… fit=0.7515
2026-09-07 02:41:59,478 INFO Generated 9 valid novel children
2026-09-07 02:50:02,202 INFO   crossover  | C-C-C-C-C-C-P-C-C-C    | fitness=0.6641 | val_acc=0.4790 | bal_acc=0.3800 | min_recall=0.2143 | params=279
2026-09-07 02:50:02,206 INFO   crossover  | C-C-C-C-C              | fitness=0.7258 | val_acc=0.4178 | bal_acc=0.3264 | min_recall=0.0937 | params=94
2026-09-07 02:50:02,210 INFO   crossover  | C-C-C-C-C-C-C-C-C      | fitness=0.9359 | val_acc=0.4910 | bal_acc=0.2838 | min_recall=0.0000 | params=310
2026-09-07 02:50:02,214 INFO   crossover  | C-C-C-C-C-C-P-C-C-C    | fitness=0.7567 | val_acc=0.4148 | bal_acc=0.3218 | min_recall=0.0909 | params=246
2026-09-07 02:50:02,218 INFO   crossover  | C-C-C-C-C-C-P-C-C-C    | fitness=0.8133 | val_acc=0.4810 | bal_acc=0.3301 | min_recall=0.0714 | params=303
2026-09-07 02:50:02,222 INFO   crossover  | C-C-C-C-C-C-C-P-C-C    | fitness=0.6919 | val_acc=0.5180 | bal_acc=0.3783 | min_recall=0.2143 | params=292
2026-09-07 02:50:02,231 INFO   mutate     | C-C-C-C                | fitness=1.0580 | val_acc=0.2445 | bal_acc=0.1777 | min_recall=0.0000 | params=58
2026-09-07 02:50:02,235 INFO   mutate     | C-C-C-C-C-C-P-C-C-C    | fitness=0.7744 | val_acc=0.3868 | bal_acc=0.3085 | min_recall=0.0714 | params=240
2026-09-07 02:50:02,239 INFO   mutate     | C-C-C                  | fitness=0.8393 | val_acc=0.4820 | bal_acc=0.3263 | min_recall=0.0196 | params=88
2026-09-07 02:50:02,239 INFO Best so far → val_acc=0.4469  bal_acc=0.3915  min_recall=0.1250  fitness=0.6422  params=275  id=-5561239…
2026-09-07 02:50:02,242 INFO Memory table saved.
2026-09-07 02:50:02,242 INFO 
=== SEARCH COMPLETE ===
2026-09-07 02:50:02,242 INFO Best val_acc  : 0.4469
2026-09-07 02:50:02,242 INFO Best bal_acc  : 0.3915  (mean per-class recall)
2026-09-07 02:50:02,242 INFO Min recall    : 0.1250  (worst class)
2026-09-07 02:50:02,242 INFO Best fitness  : 0.6422
2026-09-07 02:50:02,242 INFO Params        : 275
2026-09-07 02:50:02,242 INFO Layers        : 10  (9 conv + 1 pool)
2026-09-07 02:50:02,242 INFO Circuit structure:
2026-09-07 02:50:02,242 INFO   Structure: C-C-C-C-C-C-P-C-C-C  (10 layers = 9 conv + 1 pool)
2026-09-07 02:50:02,242 INFO   Layer 0 CONV  gate=U_SO4      stride=2 step=3 offset=0 boundary=periodic
2026-09-07 02:50:02,242 INFO   Layer 1 CONV  gate=U_6        stride=6 step=5 offset=0 boundary=periodic
2026-09-07 02:50:02,242 INFO   Layer 2 CONV  gate=U_gate     stride=1 step=6 offset=0 boundary=open
2026-09-07 02:50:02,242 INFO   Layer 3 CONV  gate=U_15       stride=6 step=6 offset=1 boundary=periodic
2026-09-07 02:50:02,242 INFO   Layer 4 CONV  gate=U_5        stride=5 step=1 offset=0 boundary=periodic
2026-09-07 02:50:02,242 INFO   Layer 5 CONV  gate=U_gate     stride=5 step=2 offset=0 boundary=open
2026-09-07 02:50:02,242 INFO   Layer 6 POOL  gate=pool_ansatz  pattern=010
2026-09-07 02:50:02,242 INFO   Layer 7 CONV  gate=U_SU4      stride=1 step=2 offset=1 boundary=periodic
2026-09-07 02:50:02,242 INFO   Layer 8 CONV  gate=U_15       stride=6 step=6 offset=1 boundary=periodic
2026-09-07 02:50:02,242 INFO   Layer 9 CONV  gate=U_5        stride=5 step=1 offset=0 boundary=periodic
2026-09-07 02:50:02,243 INFO   Qubits surviving: 6 → [0, 2, 3, 5, 6, 7]  | readout wires = [0, 2, 3]
2026-09-07 02:50:02,243 INFO 
============================================================
2026-09-07 02:50:02,243 INFO FINAL TRAINING — DermaMNIST 7-class QCNN
2026-09-07 02:50:02,243 INFO ============================================================
2026-09-07 02:50:02,243 INFO   Structure: C-C-C-C-C-C-P-C-C-C  (10 layers = 9 conv + 1 pool)
2026-09-07 02:50:02,243 INFO   Layer 0 CONV  gate=U_SO4      stride=2 step=3 offset=0 boundary=periodic
2026-09-07 02:50:02,243 INFO   Layer 1 CONV  gate=U_6        stride=6 step=5 offset=0 boundary=periodic
2026-09-07 02:50:02,243 INFO   Layer 2 CONV  gate=U_gate     stride=1 step=6 offset=0 boundary=open
2026-09-07 02:50:02,243 INFO   Layer 3 CONV  gate=U_15       stride=6 step=6 offset=1 boundary=periodic
2026-09-07 02:50:02,243 INFO   Layer 4 CONV  gate=U_5        stride=5 step=1 offset=0 boundary=periodic
2026-09-07 02:50:02,243 INFO   Layer 5 CONV  gate=U_gate     stride=5 step=2 offset=0 boundary=open
2026-09-07 02:50:02,243 INFO   Layer 6 POOL  gate=pool_ansatz  pattern=010
2026-09-07 02:50:02,243 INFO   Layer 7 CONV  gate=U_SU4      stride=1 step=2 offset=1 boundary=periodic
2026-09-07 02:50:02,243 INFO   Layer 8 CONV  gate=U_15       stride=6 step=6 offset=1 boundary=periodic
2026-09-07 02:50:02,243 INFO   Layer 9 CONV  gate=U_5        stride=5 step=1 offset=0 boundary=periodic
2026-09-07 02:50:02,244 INFO   Qubits surviving: 6 → [0, 2, 3, 5, 6, 7]  | readout wires = [0, 2, 3]
2026-09-07 02:50:02,245 INFO Circuit: 10 layers (9 conv + 1 pool), 275 trainable parameters.
2026-09-07 02:54:00,064 INFO Epoch    1/100 | loss=1.7929 | val_acc=0.4679 | bal_acc=0.3066 | min_recall=0.062 | lr=0.005000
2026-09-07 04:03:03,269 INFO Epoch   20/100 | loss=1.7256 | val_acc=0.4008 | bal_acc=0.3533 | min_recall=0.235 | lr=0.005000
2026-09-07 04:57:53,679 INFO Epoch   40/100 | loss=1.7239 | val_acc=0.4429 | bal_acc=0.3868 | min_recall=0.182 | lr=0.005000
2026-09-07 05:43:42,985 INFO Epoch   60/100 | loss=1.7187 | val_acc=0.4259 | bal_acc=0.3744 | min_recall=0.273 | lr=0.002500
2026-09-07 06:29:25,762 INFO Epoch   80/100 | loss=1.7169 | val_acc=0.4188 | bal_acc=0.3876 | min_recall=0.273 | lr=0.002500
2026-09-07 07:15:13,944 INFO Epoch  100/100 | loss=1.7161 | val_acc=0.4659 | bal_acc=0.3989 | min_recall=0.273 | lr=0.001250
2026-09-07 07:15:13,944 INFO Training log saved → experiments/pca16/sweep/baseline_001/training_log.csv
2026-09-07 07:15:13,944 INFO Best val fitness: 0.5712
2026-09-07 07:15:13,944 INFO 
--- Test evaluation (best-val checkpoint) ---
2026-09-07 07:15:14,813 INFO Test accuracy    : 0.4195
Test bal. acc    : 0.3286  (mean per-class recall)
Per-class recall : ['0.3200', '0.4359', '0.3253', '0.0000', '0.5655', '0.4260', '0.2273']
Min recall       : 0.0000
Test ROC-AUC OvR : 0.7204
2026-09-07 07:15:14,816 INFO 
              precision    recall  f1-score   support

       akiec       0.12      0.32      0.17        50
         bcc       0.17      0.44      0.25        78
         bkl       0.36      0.33      0.34       166
          df       0.00      0.00      0.00        18
         mel       0.23      0.57      0.33       168
          nv       0.95      0.43      0.59      1007
        vasc       0.06      0.23      0.10        22

    accuracy                           0.42      1509
   macro avg       0.27      0.33      0.25      1509
weighted avg       0.71      0.42      0.49      1509

2026-09-07 07:15:15,146 INFO Plots saved.
2026-09-07 07:15:16,214 INFO Failed to extract font properties from /usr/share/fonts/truetype/noto/NotoColorEmoji.ttf: Can not load face (unknown file format; error code 0x2)
2026-09-07 07:15:17,596 INFO Circuit diagram saved.
2026-09-07 07:15:17,603 INFO 
Run 'baseline' complete → {'accuracy': 0.4194831013916501, 'bal_acc': 0.32856649043726044, 'per_class_recalls': [0.319999999936, 0.43589743584155166, 0.3253012047996806, 0.0, 0.5654761904425312, 0.42601787487163834, 0.22727272716942148], 'roc_auc_ovr': 0.7203514273908759}
2026-09-07 07:15:17,603 INFO 
>>> PCA-16 sweep run 2/11: lr_high
