2026-08-27 11:10:39,003 INFO 
============================================================
2026-08-27 11:10:39,003 INFO SWEEP RUN: lr_high  (PCA-8)
2026-08-27 11:10:39,003 INFO Params: {'label': 'lr_high', 'LR_EVAL': 0.01, 'N_EPOCHS_EVAL': 60, 'INIT_POP': 10, 'MAX_EVO_STEPS': 10, 'W_CLASS': [0.7, 0.3]}
2026-08-27 11:10:39,003 INFO ============================================================
2026-08-27 11:10:39,003 INFO 
--- Linear classifier baseline (on 8 PCA features) ---
2026-08-27 11:10:39,011 INFO   val   | acc=0.7051 | bal_acc=0.7231 | min_recall=0.6842 | auc=0.8413
2026-08-27 11:10:39,011 INFO          per-class: ['0.762', '0.684']
2026-08-27 11:10:39,013 INFO   test  | acc=0.7203 | bal_acc=0.7198 | min_recall=0.7187 | auc=0.7882
2026-08-27 11:10:39,013 INFO          per-class: ['0.719', '0.721']
2026-08-27 11:10:39,014 INFO Linear baseline saved → experiments/pca8/sweep/lr_high_001/linear_baseline.json
2026-08-27 11:10:39,014 INFO Evaluating initial population...
2026-08-27 11:10:39,014 INFO Config: LR=0.01  epochs=60  pop=10  steps=10  W_CLASS=[0.7, 0.3]
2026-08-27 11:10:39,014 INFO Encoding: single (RY per qubit), 8 PCA components → 8 qubits
2026-08-27 11:10:39,014 INFO Structure: variable length 3–10 layers  | P_CONV=0.6  | min conv=1  | min pool=0  | readout qubits=1
2026-08-27 11:10:39,063 INFO Initial population: 10 valid genotypes
2026-08-27 12:54:48,963 INFO   random     | P-P-C-C-P-C            | fitness=0.2644 | val_acc=0.7436 | bal_acc=0.7494 | min_recall=0.7368 | params=54
2026-08-27 12:54:48,964 INFO   random     | C-C-C-P                | fitness=0.2217 | val_acc=0.7051 | bal_acc=0.7531 | min_recall=0.6491 | params=64
2026-08-27 12:54:48,966 INFO   random     | C-P-P-P                | fitness=0.2660 | val_acc=0.7308 | bal_acc=0.7406 | min_recall=0.7193 | params=60
2026-08-27 12:54:48,967 INFO   random     | C-C-P-P-P-C            | fitness=0.3064 | val_acc=0.7436 | bal_acc=0.7343 | min_recall=0.7143 | params=178
2026-08-27 12:54:48,968 INFO   random     | C-P-C-P                | fitness=0.3606 | val_acc=0.6410 | bal_acc=0.6491 | min_recall=0.6316 | params=75
2026-08-27 12:54:48,970 INFO   random     | C-P-P-P-P-P            | fitness=0.2561 | val_acc=0.6923 | bal_acc=0.7293 | min_recall=0.6491 | params=44
2026-08-27 12:54:48,971 INFO   random     | C-P-C-C-P-C            | fitness=0.2765 | val_acc=0.7436 | bal_acc=0.7494 | min_recall=0.7368 | params=168
2026-08-27 12:54:48,972 INFO   random     | P-C-P                  | fitness=0.3301 | val_acc=0.6282 | bal_acc=0.6554 | min_recall=0.5965 | params=20
2026-08-27 12:54:48,977 INFO   random     | C-C-C-P                | fitness=0.2213 | val_acc=0.7179 | bal_acc=0.7619 | min_recall=0.6667 | params=112
2026-08-27 12:54:48,978 INFO   random     | C-C-C-P-P              | fitness=0.2482 | val_acc=0.7179 | bal_acc=0.7469 | min_recall=0.6842 | params=84
2026-08-27 12:54:48,978 INFO 
=== Evo step 1/10 ===
2026-08-27 12:54:48,979 INFO Top-3: 62620723… fit=0.2213  |  18523219… fit=0.2217  |  27079009… fit=0.3606
2026-08-27 12:54:48,985 INFO Generated 9 valid novel children
2026-08-27 14:14:26,502 INFO   crossover  | C-C-C-C-C-P            | fitness=0.2569 | val_acc=0.7179 | bal_acc=0.7469 | min_recall=0.6842 | params=140
2026-08-27 14:14:26,503 INFO   crossover  | C-C-C-P-P-P            | fitness=0.2752 | val_acc=0.6667 | bal_acc=0.7118 | min_recall=0.6140 | params=118
2026-08-27 14:14:26,504 INFO   crossover  | C-C-C-P-P              | fitness=0.2079 | val_acc=0.7436 | bal_acc=0.7794 | min_recall=0.7018 | params=64
2026-08-27 14:14:26,506 INFO   crossover  | C-C-C-P-P              | fitness=0.2769 | val_acc=0.6538 | bal_acc=0.7030 | min_recall=0.5965 | params=104
2026-08-27 14:14:26,507 INFO   crossover  | C-C-C-C-P              | fitness=0.2502 | val_acc=0.6538 | bal_acc=0.7180 | min_recall=0.5789 | params=116
2026-08-27 14:14:26,508 INFO   crossover  | C-C-C-P                | fitness=0.2967 | val_acc=0.6538 | bal_acc=0.6880 | min_recall=0.6140 | params=44
2026-08-27 14:14:26,513 INFO   mutate     | C-C-C-P                | fitness=0.2798 | val_acc=0.7051 | bal_acc=0.7231 | min_recall=0.6842 | params=84
2026-08-27 14:14:26,514 INFO   mutate     | C-C-C-P                | fitness=0.2633 | val_acc=0.6667 | bal_acc=0.7118 | min_recall=0.6140 | params=44
2026-08-27 14:14:26,516 INFO   mutate     | C-C-C-C                | fitness=0.2371 | val_acc=0.6795 | bal_acc=0.7356 | min_recall=0.6140 | params=114
2026-08-27 14:14:26,516 INFO Best so far → val_acc=0.7436  bal_acc=0.7794  min_recall=0.7018  fitness=0.2079  params=64  id=87767231…
2026-08-27 14:14:26,516 INFO 
=== Evo step 2/10 ===
2026-08-27 14:14:26,516 INFO Top-3: 87767231… fit=0.2079  |  62620723… fit=0.2213  |  31696363… fit=0.2644
2026-08-27 14:14:26,520 INFO Generated 9 valid novel children
2026-08-27 15:45:33,334 INFO   crossover  | C-C-C-P-C-P            | fitness=0.2362 | val_acc=0.6795 | bal_acc=0.7356 | min_recall=0.6140 | params=64
2026-08-27 15:45:33,335 INFO   crossover  | C-C-C-P-P-P            | fitness=0.2643 | val_acc=0.6795 | bal_acc=0.7206 | min_recall=0.6316 | params=64
2026-08-27 15:45:33,337 INFO   crossover  | C-C-C-C-C-P-P          | fitness=0.2802 | val_acc=0.7308 | bal_acc=0.7406 | min_recall=0.7193 | params=124
2026-08-27 15:45:33,338 INFO   crossover  | C-C-C-C-P              | fitness=0.2636 | val_acc=0.6795 | bal_acc=0.7206 | min_recall=0.6316 | params=74
2026-08-27 15:45:33,340 INFO   crossover  | C-C-C-C-P-P            | fitness=0.2368 | val_acc=0.6795 | bal_acc=0.7356 | min_recall=0.6140 | params=68
2026-08-27 15:45:33,341 INFO   crossover  | C-C-C-C-P              | fitness=0.2372 | val_acc=0.6795 | bal_acc=0.7356 | min_recall=0.6140 | params=94
2026-08-27 15:45:33,346 INFO   mutate     | C-C-C-P-P              | fitness=0.2144 | val_acc=0.7308 | bal_acc=0.7707 | min_recall=0.6842 | params=78
2026-08-27 15:45:33,347 INFO   mutate     | C-C-C                  | fitness=0.3279 | val_acc=0.4487 | bal_acc=0.5777 | min_recall=0.2982 | params=100
2026-08-27 15:45:33,349 INFO   mutate     | C-C-P                  | fitness=0.2486 | val_acc=0.6923 | bal_acc=0.7293 | min_recall=0.6491 | params=26
2026-08-27 15:45:33,349 INFO Best so far → val_acc=0.7436  bal_acc=0.7794  min_recall=0.7018  fitness=0.2079  params=64  id=87767231…
2026-08-27 15:45:33,349 INFO 
=== Evo step 3/10 ===
2026-08-27 15:45:33,349 INFO Top-3: 87767231… fit=0.2079  |  -4609762… fit=0.2144  |  -6074976… fit=0.3279
2026-08-27 15:45:33,355 INFO Generated 9 valid novel children
2026-08-27 18:02:03,376 INFO   crossover  | C-C-C-C-C-P-P          | fitness=0.2224 | val_acc=0.7308 | bal_acc=0.7707 | min_recall=0.6842 | params=110
2026-08-27 18:02:03,377 INFO   crossover  | C-C-C-C-C-C-P          | fitness=0.3019 | val_acc=0.7564 | bal_acc=0.7431 | min_recall=0.7143 | params=162
2026-08-27 18:02:03,379 INFO   crossover  | C-C-C-P-C-C-C-P-P      | fitness=0.2142 | val_acc=0.7564 | bal_acc=0.7882 | min_recall=0.7193 | params=96
2026-08-27 18:02:03,380 INFO   crossover  | C-C-C-P                | fitness=0.2412 | val_acc=0.7308 | bal_acc=0.7556 | min_recall=0.7018 | params=84
2026-08-27 18:02:03,381 INFO   crossover  | C-C-P-P                | fitness=0.2547 | val_acc=0.6923 | bal_acc=0.7293 | min_recall=0.6491 | params=62
2026-08-27 18:02:03,383 INFO   crossover  | C-C-P-P                | fitness=0.1963 | val_acc=0.7692 | bal_acc=0.7970 | min_recall=0.7368 | params=76
2026-08-27 18:02:03,387 INFO   mutate     | C-C-C-P-P-C-P          | fitness=0.2557 | val_acc=0.7051 | bal_acc=0.7381 | min_recall=0.6667 | params=64
2026-08-27 18:02:03,389 INFO   mutate     | C-C-C-C-C-C-C          | fitness=0.2687 | val_acc=0.7179 | bal_acc=0.7469 | min_recall=0.6842 | params=229
2026-08-27 18:02:03,390 INFO   mutate     | C-P-P-C                | fitness=0.2448 | val_acc=0.7179 | bal_acc=0.7469 | min_recall=0.6842 | params=72
2026-08-27 18:02:03,390 INFO Best so far → val_acc=0.7692  bal_acc=0.7970  min_recall=0.7368  fitness=0.1963  params=76  id=16406424…
2026-08-27 18:02:03,390 INFO 
=== Evo step 4/10 ===
2026-08-27 18:02:03,390 INFO Top-3: 16406424… fit=0.1963  |  87767231… fit=0.2079  |  57520521… fit=0.2142
2026-08-27 18:02:03,396 INFO Generated 9 valid novel children
2026-08-27 19:10:37,003 INFO   crossover  | C-C-C-P-P              | fitness=0.3033 | val_acc=0.7179 | bal_acc=0.7168 | min_recall=0.7143 | params=70
2026-08-27 19:10:37,004 INFO   crossover  | C-P-P                  | fitness=0.2786 | val_acc=0.6923 | bal_acc=0.7143 | min_recall=0.6667 | params=44
2026-08-27 19:10:37,005 INFO   crossover  | C-C-C-P                | fitness=0.2213 | val_acc=0.7051 | bal_acc=0.7531 | min_recall=0.6491 | params=62
2026-08-27 19:10:37,007 INFO   crossover  | C-C-C-C-P-C-C-C-P-P    | fitness=0.2507 | val_acc=0.6795 | bal_acc=0.7356 | min_recall=0.6140 | params=120
2026-08-27 19:10:37,011 INFO   crossover  | C-C-C-P-C-C-C-P-P-P    | fitness=0.2162 | val_acc=0.7564 | bal_acc=0.7882 | min_recall=0.7193 | params=96
2026-08-27 19:10:37,013 INFO   crossover  | C-C-C-P-C-C-P-P        | fitness=0.2273 | val_acc=0.7179 | bal_acc=0.7619 | min_recall=0.6667 | params=90
2026-08-27 19:10:37,014 INFO   mutate     | C-C-P-C                | fitness=0.2555 | val_acc=0.7564 | bal_acc=0.7581 | min_recall=0.7544 | params=56
2026-08-27 19:10:37,015 INFO   mutate     | C-C-C-P-C-P-C-P-P-P    | fitness=0.2319 | val_acc=0.7179 | bal_acc=0.7619 | min_recall=0.6667 | params=96
2026-08-27 19:10:37,017 INFO   mutate     | C-C-C-P-C-C-C-P-P      | fitness=0.2072 | val_acc=0.7051 | bal_acc=0.7682 | min_recall=0.6316 | params=96
2026-08-27 19:10:37,017 INFO Best so far → val_acc=0.7692  bal_acc=0.7970  min_recall=0.7368  fitness=0.1963  params=76  id=16406424…
2026-08-27 19:10:37,017 INFO 
=== Evo step 5/10 ===
2026-08-27 19:10:37,017 INFO Top-3: 16406424… fit=0.1963  |  -4851083… fit=0.2072  |  87767231… fit=0.2079
2026-08-27 19:10:37,021 INFO Generated 9 valid novel children
2026-08-27 20:33:22,599 INFO   crossover  | C-C-C-P-P              | fitness=0.2560 | val_acc=0.6282 | bal_acc=0.7005 | min_recall=0.5439 | params=70
2026-08-27 20:33:22,601 INFO   crossover  | C-C-C-C-P-P            | fitness=0.2253 | val_acc=0.7179 | bal_acc=0.7619 | min_recall=0.6667 | params=108
2026-08-27 20:33:22,607 INFO   crossover  | C-P-P                  | fitness=0.2282 | val_acc=0.6795 | bal_acc=0.7356 | min_recall=0.6140 | params=52
2026-08-27 20:33:22,609 INFO   crossover  | C-C-C-P-C-C-C-P-P-P    | fitness=0.2092 | val_acc=0.7051 | bal_acc=0.7682 | min_recall=0.6316 | params=96
2026-08-27 20:33:22,610 INFO   crossover  | C-C-C-P-P              | fitness=0.3451 | val_acc=0.6923 | bal_acc=0.6842 | min_recall=0.6667 | params=100
2026-08-27 20:33:22,611 INFO   crossover  | C-C-C-C-C-P-C-C-C-P    | fitness=0.3043 | val_acc=0.7564 | bal_acc=0.7431 | min_recall=0.7143 | params=128
2026-08-27 20:33:22,613 INFO   mutate     | C-P-C                  | fitness=0.2419 | val_acc=0.7179 | bal_acc=0.7469 | min_recall=0.6842 | params=62
2026-08-27 20:33:22,614 INFO   mutate     | C-C-C-P-C-C-C-P        | fitness=0.2367 | val_acc=0.6282 | bal_acc=0.7155 | min_recall=0.5263 | params=96
2026-08-27 20:33:22,616 INFO   mutate     | C-C-C-C-C-C-P-P        | fitness=0.2319 | val_acc=0.7179 | bal_acc=0.7619 | min_recall=0.6667 | params=130
2026-08-27 20:33:22,616 INFO Best so far → val_acc=0.7692  bal_acc=0.7970  min_recall=0.7368  fitness=0.1963  params=76  id=16406424…
2026-08-27 20:33:22,618 INFO Memory table saved.
2026-08-27 20:33:22,618 INFO 
=== Evo step 6/10 ===
2026-08-27 20:33:22,618 INFO Top-3: 16406424… fit=0.1963  |  -4851083… fit=0.2072  |  -3263957… fit=0.2162
2026-08-27 20:33:22,627 INFO Generated 9 valid novel children
2026-08-27 22:44:00,105 INFO   crossover  | C-C-P-C-C-C-P-P        | fitness=0.2505 | val_acc=0.7308 | bal_acc=0.7556 | min_recall=0.7018 | params=94
2026-08-27 22:44:00,107 INFO   crossover  | C-C-P-P                | fitness=0.2578 | val_acc=0.7564 | bal_acc=0.7581 | min_recall=0.7544 | params=78
2026-08-27 22:44:00,108 INFO   crossover  | C-C-C-P-C-C-C-P-P-P    | fitness=0.2548 | val_acc=0.7308 | bal_acc=0.7556 | min_recall=0.7018 | params=96
2026-08-27 22:44:00,110 INFO   crossover  | C-C-C-C-C-C-P-P-C-P    | fitness=0.2801 | val_acc=0.7436 | bal_acc=0.7494 | min_recall=0.7368 | params=114
2026-08-27 22:44:00,111 INFO   crossover  | C-C-C-P-P-C-P          | fitness=0.2505 | val_acc=0.7179 | bal_acc=0.7469 | min_recall=0.6842 | params=64
2026-08-27 22:44:00,113 INFO   crossover  | C-C-C-C-C-P-C-C-C-P    | fitness=0.2650 | val_acc=0.7821 | bal_acc=0.7757 | min_recall=0.7619 | params=122
2026-08-27 22:44:00,118 INFO   mutate     | C-C-C-P-P              | fitness=0.2376 | val_acc=0.7436 | bal_acc=0.7644 | min_recall=0.7193 | params=82
2026-08-27 22:44:00,119 INFO   mutate     | C-C-C-P-C-C-C-C-P      | fitness=0.2521 | val_acc=0.7436 | bal_acc=0.7644 | min_recall=0.7193 | params=141
2026-08-27 22:44:00,121 INFO   mutate     | C-C-C-P-P-P-P-C-P      | fitness=0.2720 | val_acc=0.7436 | bal_acc=0.7494 | min_recall=0.7368 | params=64
2026-08-27 22:44:00,121 INFO Best so far → val_acc=0.7692  bal_acc=0.7970  min_recall=0.7368  fitness=0.1963  params=76  id=16406424…
2026-08-27 22:44:00,121 INFO 
=== Evo step 7/10 ===
2026-08-27 22:44:00,121 INFO Top-3: 16406424… fit=0.1963  |  -4851083… fit=0.2072  |  -8880835… fit=0.2798
2026-08-27 22:44:00,129 INFO Generated 9 valid novel children
2026-08-28 00:06:04,562 INFO   crossover  | C-C-P-C-P-P            | fitness=0.2066 | val_acc=0.7564 | bal_acc=0.7882 | min_recall=0.7193 | params=84
2026-08-28 00:06:04,564 INFO   crossover  | C-C-P-P-P              | fitness=0.2214 | val_acc=0.7821 | bal_acc=0.7907 | min_recall=0.7719 | params=78
2026-08-28 00:06:04,565 INFO   crossover  | C-C-C-P-C-C-P-P        | fitness=0.2172 | val_acc=0.7436 | bal_acc=0.7794 | min_recall=0.7018 | params=96
2026-08-28 00:06:04,570 INFO   crossover  | C-C-C-P-P-P            | fitness=0.3290 | val_acc=0.7308 | bal_acc=0.7105 | min_recall=0.6667 | params=80
2026-08-28 00:06:04,571 INFO   crossover  | C-P-C-P-P              | fitness=0.2650 | val_acc=0.6667 | bal_acc=0.7118 | min_recall=0.6140 | params=44
2026-08-28 00:06:04,573 INFO   crossover  | C-P-P                  | fitness=0.3014 | val_acc=0.7051 | bal_acc=0.7080 | min_recall=0.7018 | params=44
2026-08-28 00:06:04,574 INFO   mutate     | C-C-P-P-P              | fitness=0.2702 | val_acc=0.7308 | bal_acc=0.7406 | min_recall=0.7193 | params=76
2026-08-28 00:06:04,575 INFO   mutate     | C-C-C-C-C-C-P-P        | fitness=0.3323 | val_acc=0.7436 | bal_acc=0.7193 | min_recall=0.6667 | params=114
2026-08-28 00:06:04,577 INFO   mutate     | C-P-P                  | fitness=0.2558 | val_acc=0.6795 | bal_acc=0.7206 | min_recall=0.6316 | params=44
2026-08-28 00:06:04,577 INFO Best so far → val_acc=0.7692  bal_acc=0.7970  min_recall=0.7368  fitness=0.1963  params=76  id=16406424…
2026-08-28 00:06:04,577 INFO 
=== Evo step 8/10 ===
2026-08-28 00:06:04,577 INFO Top-3: 16406424… fit=0.1963  |  -4196471… fit=0.2066  |  -4851083… fit=0.2072
2026-08-28 00:06:04,582 INFO Generated 9 valid novel children
2026-08-28 01:35:33,444 INFO   crossover  | C-C-C-C-P-C-P-P        | fitness=0.2041 | val_acc=0.7179 | bal_acc=0.7769 | min_recall=0.6491 | params=132
2026-08-28 01:35:33,445 INFO   crossover  | C-C-P-P-C-C-P-P        | fitness=0.2615 | val_acc=0.7692 | bal_acc=0.7669 | min_recall=0.7619 | params=84
2026-08-28 01:35:33,450 INFO   crossover  | C-C-P-P-P              | fitness=0.2044 | val_acc=0.7564 | bal_acc=0.7882 | min_recall=0.7193 | params=84
2026-08-28 01:35:33,452 INFO   crossover  | C-C-P-P                | fitness=0.2652 | val_acc=0.6667 | bal_acc=0.7118 | min_recall=0.6140 | params=62
2026-08-28 01:35:33,453 INFO   crossover  | C-C-C-P-C-C-C-P-P      | fitness=0.2357 | val_acc=0.7051 | bal_acc=0.7531 | min_recall=0.6491 | params=102
2026-08-28 01:35:33,454 INFO   crossover  | C-C-C-P-C-C-P          | fitness=0.2591 | val_acc=0.7051 | bal_acc=0.7381 | min_recall=0.6667 | params=96
2026-08-28 01:35:33,456 INFO   mutate     | C-C-P                  | fitness=0.3015 | val_acc=0.6410 | bal_acc=0.6792 | min_recall=0.5965 | params=60
2026-08-28 01:35:33,457 INFO   mutate     | C-P-C-P-C-P-P          | fitness=0.2974 | val_acc=0.7436 | bal_acc=0.7343 | min_recall=0.7143 | params=80
2026-08-28 01:35:33,459 INFO   mutate     | C-C-C-P-C-C-C-P-P      | fitness=0.2655 | val_acc=0.7051 | bal_acc=0.7381 | min_recall=0.6667 | params=118
2026-08-28 01:35:33,459 INFO Best so far → val_acc=0.7692  bal_acc=0.7970  min_recall=0.7368  fitness=0.1963  params=76  id=16406424…
2026-08-28 01:35:33,459 INFO 
=== Evo step 9/10 ===
2026-08-28 01:35:33,459 INFO Top-3: 16406424… fit=0.1963  |  24091817… fit=0.2041  |  93889351… fit=0.2650
2026-08-28 01:35:33,465 INFO Generated 9 valid novel children
2026-08-28 03:28:06,857 INFO   crossover  | C-C-C-P-C-P-P          | fitness=0.2546 | val_acc=0.7179 | bal_acc=0.7469 | min_recall=0.6842 | params=102
2026-08-28 03:28:06,859 INFO   crossover  | C-C-C-P-P-P            | fitness=0.2629 | val_acc=0.6923 | bal_acc=0.7293 | min_recall=0.6491 | params=102
2026-08-28 03:28:06,860 INFO   crossover  | C-C-C-C-P-C-C-P-P      | fitness=0.2372 | val_acc=0.7821 | bal_acc=0.7907 | min_recall=0.7719 | params=144
2026-08-28 03:28:06,862 INFO   crossover  | C-C-C-C-P-C-C-C-P-P    | fitness=0.2897 | val_acc=0.7308 | bal_acc=0.7406 | min_recall=0.7193 | params=156
2026-08-28 03:28:06,863 INFO   crossover  | C-C-P-P-P-P            | fitness=0.2176 | val_acc=0.7308 | bal_acc=0.7707 | min_recall=0.6842 | params=90
2026-08-28 03:28:06,864 INFO   crossover  | C-C-P-P-P-P            | fitness=0.2295 | val_acc=0.7692 | bal_acc=0.7820 | min_recall=0.7544 | params=86
2026-08-28 03:28:06,866 INFO   mutate     | C-P-P                  | fitness=0.2974 | val_acc=0.7179 | bal_acc=0.7168 | min_recall=0.7143 | params=58
2026-08-28 03:28:06,870 INFO   mutate     | C-C-C-C-C-P            | fitness=0.2364 | val_acc=0.7692 | bal_acc=0.7820 | min_recall=0.7544 | params=144
2026-08-28 03:28:06,872 INFO   mutate     | C-C-C-P-P-P            | fitness=0.2411 | val_acc=0.7436 | bal_acc=0.7644 | min_recall=0.7193 | params=96
2026-08-28 03:28:06,872 INFO Best so far → val_acc=0.7692  bal_acc=0.7970  min_recall=0.7368  fitness=0.1963  params=76  id=16406424…
2026-08-28 03:28:06,872 INFO 
=== Evo step 10/10 ===
2026-08-28 03:28:06,872 INFO Top-3: 16406424… fit=0.1963  |  24091817… fit=0.2041  |  -8880835… fit=0.2798
2026-08-28 03:28:06,877 INFO Generated 9 valid novel children
2026-08-28 06:32:36,836 INFO   crossover  | C-C-P-P-P-C-P-P        | fitness=0.2664 | val_acc=0.7564 | bal_acc=0.7581 | min_recall=0.7544 | params=82
2026-08-28 06:32:36,838 INFO   crossover  | C-C-P-P-C-P            | fitness=0.2789 | val_acc=0.7179 | bal_acc=0.7318 | min_recall=0.7018 | params=88
2026-08-28 06:32:36,839 INFO   crossover  | C-C-C-C-P-P            | fitness=0.2394 | val_acc=0.7564 | bal_acc=0.7732 | min_recall=0.7368 | params=124
2026-08-28 06:32:36,840 INFO   crossover  | C-C-P                  | fitness=0.2866 | val_acc=0.6795 | bal_acc=0.7055 | min_recall=0.6491 | params=72
2026-08-28 06:32:36,842 INFO   crossover  | C-C-C-C-C-P-C-P-P      | fitness=0.2709 | val_acc=0.7051 | bal_acc=0.7381 | min_recall=0.6667 | params=162
2026-08-28 06:32:36,847 INFO   crossover  | C-C-C-C-C-C-C-C-P-C    | fitness=0.2574 | val_acc=0.6923 | bal_acc=0.7444 | min_recall=0.6316 | params=222
2026-08-28 06:32:36,848 INFO   mutate     | C-C-P-P-P              | fitness=0.2747 | val_acc=0.7179 | bal_acc=0.7318 | min_recall=0.7018 | params=68
2026-08-28 06:32:36,849 INFO   mutate     | C-C-C-C-P-C-C          | fitness=0.2917 | val_acc=0.7051 | bal_acc=0.7231 | min_recall=0.6842 | params=135
2026-08-28 06:32:36,851 INFO   mutate     | C-C-C-P-C-C-P          | fitness=0.3142 | val_acc=0.7179 | bal_acc=0.7168 | min_recall=0.7143 | params=132
2026-08-28 06:32:36,851 INFO Best so far → val_acc=0.7692  bal_acc=0.7970  min_recall=0.7368  fitness=0.1963  params=76  id=16406424…
2026-08-28 06:32:36,854 INFO Memory table saved.
2026-08-28 06:32:36,854 INFO 
=== SEARCH COMPLETE ===
2026-08-28 06:32:36,854 INFO Best val_acc  : 0.7692
2026-08-28 06:32:36,855 INFO Best bal_acc  : 0.7970  (mean per-class recall)
2026-08-28 06:32:36,855 INFO Min recall    : 0.7368  (worst class)
2026-08-28 06:32:36,855 INFO Best fitness  : 0.1963
2026-08-28 06:32:36,855 INFO Params        : 76
2026-08-28 06:32:36,855 INFO Layers        : 4  (2 conv + 2 pool)
2026-08-28 06:32:36,855 INFO Circuit structure:
2026-08-28 06:32:36,855 INFO   Structure: C-C-P-P  (4 layers = 2 conv + 2 pool)
2026-08-28 06:32:36,855 INFO   Layer 0 CONV  gate=U_13       stride=2 step=1 offset=1 boundary=open
2026-08-28 06:32:36,855 INFO   Layer 1 CONV  gate=U_13       stride=3 step=3 offset=1 boundary=periodic
2026-08-28 06:32:36,855 INFO   Layer 2 POOL  gate=pool_U       pattern=101
2026-08-28 06:32:36,855 INFO   Layer 3 POOL  gate=pool_ansatz  pattern=0!0
2026-08-28 06:32:36,855 INFO   Qubits surviving: 2 → [1, 7]  | readout wires = [1]
2026-08-28 06:32:36,856 INFO 
============================================================
2026-08-28 06:32:36,856 INFO FINAL TRAINING — BreastMNIST binary QCNN
2026-08-28 06:32:36,856 INFO ============================================================
2026-08-28 06:32:36,856 INFO   Structure: C-C-P-P  (4 layers = 2 conv + 2 pool)
2026-08-28 06:32:36,856 INFO   Layer 0 CONV  gate=U_13       stride=2 step=1 offset=1 boundary=open
2026-08-28 06:32:36,856 INFO   Layer 1 CONV  gate=U_13       stride=3 step=3 offset=1 boundary=periodic
2026-08-28 06:32:36,856 INFO   Layer 2 POOL  gate=pool_U       pattern=101
2026-08-28 06:32:36,856 INFO   Layer 3 POOL  gate=pool_ansatz  pattern=0!0
2026-08-28 06:32:36,856 INFO   Qubits surviving: 2 → [1, 7]  | readout wires = [1]
2026-08-28 06:32:36,857 INFO Circuit: 4 layers (2 conv + 2 pool), 76 trainable parameters.
2026-08-28 06:33:17,064 INFO Epoch    1/200 | loss=0.7167 | val_acc=0.6154 | bal_acc=0.5714 | min_recall=0.476 | lr=0.005000
2026-08-28 06:45:06,905 INFO Epoch   20/200 | loss=0.5932 | val_acc=0.7564 | bal_acc=0.7732 | min_recall=0.737 | lr=0.005000
2026-08-28 06:58:05,298 INFO Epoch   40/200 | loss=0.5892 | val_acc=0.7308 | bal_acc=0.7406 | min_recall=0.719 | lr=0.005000
2026-08-28 07:10:09,751 INFO Epoch   60/200 | loss=0.5892 | val_acc=0.7436 | bal_acc=0.7494 | min_recall=0.737 | lr=0.002500
2026-08-28 07:23:46,993 INFO Epoch   80/200 | loss=0.5890 | val_acc=0.7564 | bal_acc=0.7581 | min_recall=0.754 | lr=0.002500
2026-08-28 07:40:02,015 INFO Epoch  100/200 | loss=0.5917 | val_acc=0.7564 | bal_acc=0.7581 | min_recall=0.754 | lr=0.001250
2026-08-28 07:56:39,380 INFO Epoch  120/200 | loss=0.5860 | val_acc=0.7308 | bal_acc=0.7406 | min_recall=0.719 | lr=0.001250
2026-08-28 08:12:54,780 INFO Epoch  140/200 | loss=0.5917 | val_acc=0.7308 | bal_acc=0.7406 | min_recall=0.719 | lr=0.001250
2026-08-28 08:29:57,016 INFO Epoch  160/200 | loss=0.5841 | val_acc=0.7436 | bal_acc=0.7494 | min_recall=0.737 | lr=0.000625
2026-08-28 08:44:00,238 INFO Epoch  180/200 | loss=0.5824 | val_acc=0.7564 | bal_acc=0.7581 | min_recall=0.754 | lr=0.000625
2026-08-28 08:57:47,656 INFO Epoch  200/200 | loss=0.5864 | val_acc=0.7564 | bal_acc=0.7581 | min_recall=0.754 | lr=0.000313
2026-08-28 08:57:47,656 INFO Training log saved → experiments/pca8/sweep/lr_high_001/training_log.csv
2026-08-28 08:57:47,656 INFO Best val fitness: 0.2070
2026-08-28 08:57:47,656 INFO 
--- Test evaluation (best-val checkpoint) ---
2026-08-28 08:57:52,732 INFO Test accuracy    : 0.7288
Test bal. acc    : 0.7158  (mean per-class recall)
Per-class recall : ['0.6875', '0.7442']
Min recall       : 0.6875
Test ROC-AUC OvR : 0.7885
2026-08-28 08:57:52,740 INFO 
               precision    recall  f1-score   support

    Malignant       0.50      0.69      0.58        32
Normal/Benign       0.86      0.74      0.80        86

     accuracy                           0.73       118
    macro avg       0.68      0.72      0.69       118
 weighted avg       0.77      0.73      0.74       118

2026-08-28 08:57:53,406 INFO Plots saved.
2026-08-28 08:57:53,985 INFO Failed to extract font properties from /usr/share/fonts/truetype/noto/NotoColorEmoji.ttf: Can not load face (unknown file format; error code 0x2)
2026-08-28 08:57:54,611 INFO Circuit diagram saved.
2026-08-28 08:57:54,619 INFO 
Run 'lr_high' complete → {'accuracy': 0.7288135593220338, 'bal_acc': 0.7158430231051254, 'per_class_recalls': [0.6874999997851562, 0.7441860464250947], 'roc_auc_ovr': 0.788517441860465}
2026-08-28 08:57:54,619 INFO 
>>> PCA-8 sweep run 3/11: lr_low
