2026-09-07 13:11:10,382 INFO 
============================================================
2026-09-07 13:11:10,382 INFO SWEEP RUN: large_pop  (PCA-16)
2026-09-07 13:11:10,382 INFO Params: {'label': 'large_pop', 'LR_EVAL': 0.003, 'N_EPOCHS_EVAL': 60, 'INIT_POP': 20, 'MAX_EVO_STEPS': 15, 'W_CLASS': [0.08, 0.14, 0.125, 0.125, 0.28, 0.125, 0.125]}
2026-09-07 13:11:10,382 INFO ============================================================
2026-09-07 13:11:10,382 INFO 
--- Linear classifier baseline (on 16 PCA features) ---
2026-09-07 13:11:13,184 INFO   val   | acc=0.4529 | bal_acc=0.4023 | min_recall=0.1818 | auc=0.7940
2026-09-07 13:11:13,185 INFO          per-class: ['0.562', '0.510', '0.394', '0.182', '0.414', '0.467', '0.286']
2026-09-07 13:11:13,190 INFO   test  | acc=0.4380 | bal_acc=0.3478 | min_recall=0.2727 | auc=0.7673
2026-09-07 13:11:13,191 INFO          per-class: ['0.300', '0.385', '0.289', '0.278', '0.429', '0.482', '0.273']
2026-09-07 13:11:13,191 INFO Linear baseline saved → experiments/pca16/sweep/large_pop_001/linear_baseline.json
2026-09-07 13:11:13,191 INFO Subsampling search training set: 35196 → 2000
2026-09-07 13:11:13,191 INFO Evaluating initial population...
2026-09-07 13:11:13,192 INFO Config: LR=0.003  epochs=60  pop=20  steps=15  W_CLASS=[0.08, 0.14, 0.125, 0.125, 0.28, 0.125, 0.125]
2026-09-07 13:11:13,192 INFO Encoding: dense (RX + RY per qubit), 16 PCA components → 8 qubits
2026-09-07 13:11:13,192 INFO Structure: variable length 3–10 layers  | P_CONV=0.6  | min conv=1  | min pool=0  | readout qubits=3
2026-09-07 13:11:13,289 INFO Initial population: 20 valid genotypes
2026-09-07 13:15:37,078 INFO   random     | C-C-P-C-C-P            | fitness=0.9066 | val_acc=0.3938 | bal_acc=0.3146 | min_recall=0.0000 | params=83
2026-09-07 13:15:37,081 INFO   random     | C-C-C-C                | fitness=1.0162 | val_acc=0.1042 | bal_acc=0.2096 | min_recall=0.0000 | params=38
2026-09-07 13:15:37,082 INFO   random     | C-C-P-C-P-C-C          | fitness=0.6897 | val_acc=0.4128 | bal_acc=0.3138 | min_recall=0.1429 | params=145
2026-09-07 13:15:37,085 INFO   random     | C-P-C                  | fitness=1.0028 | val_acc=0.2525 | bal_acc=0.1713 | min_recall=0.0000 | params=57
2026-09-07 13:15:37,087 INFO   random     | C-C-C-C-P-P-C-C        | fitness=0.9412 | val_acc=0.4158 | bal_acc=0.2688 | min_recall=0.0000 | params=134
2026-09-07 13:15:37,089 INFO   random     | C-P-C-C                | fitness=0.9069 | val_acc=0.0792 | bal_acc=0.2363 | min_recall=0.0448 | params=30
2026-09-07 13:15:37,090 INFO   random     | P-P-C                  | fitness=1.1112 | val_acc=0.0822 | bal_acc=0.0932 | min_recall=0.0000 | params=14
2026-09-07 13:15:37,093 INFO   random     | C-C-C-C-C              | fitness=1.0055 | val_acc=0.1022 | bal_acc=0.1986 | min_recall=0.0000 | params=87
2026-09-07 13:15:37,094 INFO   random     | C-C-C-C                | fitness=2.0000 | val_acc=0.0000 | bal_acc=0.0000 | min_recall=0.0000 | params=43
2026-09-07 13:15:37,100 INFO   random     | P-C-C-C-C-C-C-P-C      | fitness=0.6640 | val_acc=0.4659 | bal_acc=0.3710 | min_recall=0.1429 | params=121
2026-09-07 13:15:37,102 INFO   random     | P-C-C-P                | fitness=1.0912 | val_acc=0.0962 | bal_acc=0.1365 | min_recall=0.0000 | params=30
2026-09-07 13:15:37,104 INFO   random     | C-C-C                  | fitness=1.1239 | val_acc=0.2265 | bal_acc=0.0881 | min_recall=0.0000 | params=28
2026-09-07 13:15:37,106 INFO   random     | P-C-P                  | fitness=1.0839 | val_acc=0.0110 | bal_acc=0.1429 | min_recall=0.0000 | params=18
2026-09-07 13:15:37,107 INFO   random     | C-C-C-P-C              | fitness=0.9356 | val_acc=0.3577 | bal_acc=0.2537 | min_recall=0.0000 | params=73
2026-09-07 13:15:37,111 INFO   random     | C-P-C-C                | fitness=0.9100 | val_acc=0.1423 | bal_acc=0.2664 | min_recall=0.0183 | params=87
2026-09-07 13:15:37,113 INFO   random     | C-C-C-P-P-C-C          | fitness=0.8565 | val_acc=0.4820 | bal_acc=0.3499 | min_recall=0.0000 | params=108
2026-09-07 13:15:37,115 INFO   random     | C-P-C-C-C-C-C-P        | fitness=0.7884 | val_acc=0.2325 | bal_acc=0.2865 | min_recall=0.0714 | params=130
2026-09-07 13:15:37,116 INFO   random     | C-C-C-P                | fitness=0.9663 | val_acc=0.1513 | bal_acc=0.2200 | min_recall=0.0000 | params=52
2026-09-07 13:15:37,122 INFO   random     | C-C-C-C-C-C-C-C        | fitness=0.7581 | val_acc=0.3758 | bal_acc=0.2880 | min_recall=0.0714 | params=137
2026-09-07 13:15:37,125 INFO   random     | C-P-C-C-C-P-P-C-P      | fitness=0.7949 | val_acc=0.4549 | bal_acc=0.2840 | min_recall=0.0714 | params=161
2026-09-07 13:15:37,125 INFO 
=== Evo step 1/15 ===
2026-09-07 13:15:37,125 INFO Top-3: 80758275… fit=0.6640  |  -9117028… fit=0.6897  |  -7494600… fit=0.7581
2026-09-07 13:15:37,148 INFO Generated 9 valid novel children
2026-09-07 13:20:51,616 INFO   crossover  | P-C-C-C-C-C-C-P-C-C    | fitness=0.6812 | val_acc=0.2455 | bal_acc=0.3515 | min_recall=0.0909 | params=173
2026-09-07 13:20:51,621 INFO   crossover  | P-C-C-C-C-C-C-C-P      | fitness=0.6763 | val_acc=0.3888 | bal_acc=0.3409 | min_recall=0.1818 | params=111
2026-09-07 13:20:51,625 INFO   crossover  | C-C-C-C-C-C-C-C-P-C    | fitness=0.6807 | val_acc=0.4609 | bal_acc=0.3567 | min_recall=0.1429 | params=230
2026-09-07 13:20:51,629 INFO   crossover  | C-C-P-C-C-C-P          | fitness=0.9460 | val_acc=0.3928 | bal_acc=0.2565 | min_recall=0.0000 | params=169
2026-09-07 13:20:51,638 INFO   crossover  | C-C-C-P-C-C-C-C-C-C    | fitness=0.6438 | val_acc=0.4719 | bal_acc=0.3716 | min_recall=0.2143 | params=141
2026-09-07 13:20:51,642 INFO   crossover  | C-C-C-C-C-P-C-P-C-C    | fitness=0.6787 | val_acc=0.4629 | bal_acc=0.3537 | min_recall=0.1818 | params=189
2026-09-07 13:20:51,646 INFO   mutate     | P-C-C-C-C-C-C-P-C-P    | fitness=0.6821 | val_acc=0.2705 | bal_acc=0.3451 | min_recall=0.0937 | params=96
2026-09-07 13:20:51,650 INFO   mutate     | C-P-C-P-C-C            | fitness=0.9359 | val_acc=0.3367 | bal_acc=0.2878 | min_recall=0.0000 | params=137
2026-09-07 13:20:51,654 INFO   mutate     | C-C-C-P                | fitness=0.8942 | val_acc=0.1012 | bal_acc=0.2042 | min_recall=0.0392 | params=94
2026-09-07 13:20:51,654 INFO Best so far → val_acc=0.4719  bal_acc=0.3716  min_recall=0.2143  fitness=0.6438  params=141  id=30868993…
2026-09-07 13:20:51,655 INFO Memory table saved.
2026-09-07 13:20:51,655 INFO 
=== Evo step 2/15 ===
2026-09-07 13:20:51,656 INFO Top-3: 30868993… fit=0.6438  |  80758275… fit=0.6640  |  17332509… fit=0.6763
2026-09-07 13:20:51,661 INFO Generated 9 valid novel children
2026-09-07 13:24:58,756 INFO   crossover  | C-C-C-P-C-C-C          | fitness=0.7452 | val_acc=0.4399 | bal_acc=0.3361 | min_recall=0.0714 | params=95
2026-09-07 13:24:58,765 INFO   crossover  | C-C-C-P-C-C-C-C-C-C    | fitness=0.8006 | val_acc=0.3627 | bal_acc=0.2787 | min_recall=0.0625 | params=115
2026-09-07 13:24:58,769 INFO   crossover  | P-C-C-C-C-C-C-P-C-P    | fitness=0.7099 | val_acc=0.4238 | bal_acc=0.3443 | min_recall=0.0714 | params=119
2026-09-07 13:24:58,774 INFO   crossover  | P-C-C-C-C-C-C-C-C-C    | fitness=0.8756 | val_acc=0.4068 | bal_acc=0.3446 | min_recall=0.0000 | params=140
2026-09-07 13:24:58,778 INFO   crossover  | P-C-C-C                | fitness=0.7732 | val_acc=0.3437 | bal_acc=0.2695 | min_recall=0.0826 | params=69
2026-09-07 13:24:58,782 INFO   crossover  | P-C-C-C-C-C-C-C-C-C    | fitness=0.6677 | val_acc=0.4499 | bal_acc=0.3445 | min_recall=0.1284 | params=140
2026-09-07 13:24:58,787 INFO   mutate     | C-C-C-P-C-C-C-C-C      | fitness=0.7404 | val_acc=0.3988 | bal_acc=0.3507 | min_recall=0.0714 | params=137
2026-09-07 13:24:58,791 INFO   mutate     | P-C-C-C-C-C-P-C        | fitness=0.8470 | val_acc=0.3667 | bal_acc=0.2748 | min_recall=0.0312 | params=103
2026-09-07 13:24:58,800 INFO   mutate     | P-C-C-C-C-C-C-P-C      | fitness=0.7410 | val_acc=0.4008 | bal_acc=0.3276 | min_recall=0.0909 | params=78
2026-09-07 13:24:58,800 INFO Best so far → val_acc=0.4719  bal_acc=0.3716  min_recall=0.2143  fitness=0.6438  params=141  id=30868993…
2026-09-07 13:24:58,801 INFO Memory table saved.
2026-09-07 13:24:58,801 INFO 
=== Evo step 3/15 ===
2026-09-07 13:24:58,801 INFO Top-3: 30868993… fit=0.6438  |  80758275… fit=0.6640  |  -6199912… fit=0.6677
2026-09-07 13:24:58,808 INFO Generated 9 valid novel children
2026-09-07 13:29:15,731 INFO   crossover  | C-C-C-P-C-C-C-C-C-P    | fitness=0.6880 | val_acc=0.4218 | bal_acc=0.3421 | min_recall=0.1651 | params=123
2026-09-07 13:29:15,736 INFO   crossover  | C-C-C-P-C-C-C-C        | fitness=0.9533 | val_acc=0.4509 | bal_acc=0.2784 | min_recall=0.0000 | params=115
2026-09-07 13:29:15,739 INFO   crossover  | P-C-C-C-C-C-C-C-C      | fitness=0.8985 | val_acc=0.4559 | bal_acc=0.3048 | min_recall=0.0000 | params=115
2026-09-07 13:29:15,741 INFO   crossover  | P-C-C-C-C-C-C-C-C      | fitness=0.6828 | val_acc=0.3637 | bal_acc=0.3270 | min_recall=0.2187 | params=120
2026-09-07 13:29:15,743 INFO   crossover  | C-C-P-C-C-C-C-C-C      | fitness=0.7695 | val_acc=0.4118 | bal_acc=0.3084 | min_recall=0.0625 | params=127
2026-09-07 13:29:15,749 INFO   crossover  | C-C-C-C-C-C-C-C-C-P    | fitness=0.6953 | val_acc=0.3858 | bal_acc=0.3127 | min_recall=0.1284 | params=152
2026-09-07 13:29:15,752 INFO   mutate     | C-C-C-P-C-C-C-C-C-C    | fitness=0.6949 | val_acc=0.4369 | bal_acc=0.3365 | min_recall=0.0937 | params=149
2026-09-07 13:29:15,757 INFO   mutate     | P-C-C-C-C-C-C-C        | fitness=0.7253 | val_acc=0.4018 | bal_acc=0.3190 | min_recall=0.0642 | params=125
2026-09-07 13:29:15,761 INFO   mutate     | C-C-C-C-C-C-C-C        | fitness=0.8087 | val_acc=0.2014 | bal_acc=0.2538 | min_recall=0.0714 | params=133
2026-09-07 13:29:15,761 INFO Best so far → val_acc=0.4719  bal_acc=0.3716  min_recall=0.2143  fitness=0.6438  params=141  id=30868993…
2026-09-07 13:29:15,762 INFO Memory table saved.
2026-09-07 13:29:15,763 INFO 
=== Evo step 4/15 ===
2026-09-07 13:29:15,763 INFO Top-3: 30868993… fit=0.6438  |  80758275… fit=0.6640  |  -9016899… fit=0.7452
2026-09-07 13:29:15,769 INFO Generated 9 valid novel children
2026-09-07 13:33:03,550 INFO   crossover  | C-C-C-C-C-C-P-C        | fitness=0.7522 | val_acc=0.3758 | bal_acc=0.3005 | min_recall=0.0784 | params=117
2026-09-07 13:33:03,555 INFO   crossover  | C-C-C-P-C-C-C-C-C      | fitness=0.6954 | val_acc=0.3798 | bal_acc=0.3129 | min_recall=0.1284 | params=139
2026-09-07 13:33:03,564 INFO   crossover  | P-C-C-C-C-C-C-C-C-P    | fitness=0.7641 | val_acc=0.4679 | bal_acc=0.3343 | min_recall=0.0714 | params=129
2026-09-07 13:33:03,568 INFO   crossover  | P-C-C-C-C-C            | fitness=0.6819 | val_acc=0.4218 | bal_acc=0.3418 | min_recall=0.1875 | params=95
2026-09-07 13:33:03,572 INFO   crossover  | C-P-C-C-C-C            | fitness=1.0878 | val_acc=0.0251 | bal_acc=0.1488 | min_recall=0.0000 | params=73
2026-09-07 13:33:03,576 INFO   crossover  | C-P-C-C-C-C-C-C-P-C    | fitness=0.8713 | val_acc=0.4950 | bal_acc=0.3406 | min_recall=0.0000 | params=130
2026-09-07 13:33:03,583 INFO   mutate     | C-C-C-P-C-C            | fitness=0.6954 | val_acc=0.3096 | bal_acc=0.3061 | min_recall=0.1562 | params=80
2026-09-07 13:33:03,587 INFO   mutate     | C-C-C-C-C-C-P-C        | fitness=0.7009 | val_acc=0.2285 | bal_acc=0.2933 | min_recall=0.1376 | params=117
2026-09-07 13:33:03,591 INFO   mutate     | C-P-C                  | fitness=0.7778 | val_acc=0.2796 | bal_acc=0.2654 | min_recall=0.0909 | params=57
2026-09-07 13:33:03,591 INFO Best so far → val_acc=0.4719  bal_acc=0.3716  min_recall=0.2143  fitness=0.6438  params=141  id=30868993…
2026-09-07 13:33:03,593 INFO Memory table saved.
2026-09-07 13:33:03,593 INFO 
=== Evo step 5/15 ===
2026-09-07 13:33:03,593 INFO Top-3: 30868993… fit=0.6438  |  80758275… fit=0.6640  |  -6199912… fit=0.6677
2026-09-07 13:33:03,602 INFO Generated 9 valid novel children
2026-09-07 13:36:45,601 INFO   crossover  | C-C-C-C-P-C            | fitness=0.7681 | val_acc=0.3848 | bal_acc=0.3118 | min_recall=0.0588 | params=92
2026-09-07 13:36:45,605 INFO   crossover  | C-C-C-P-C-C-C-C-C-P    | fitness=0.8641 | val_acc=0.3327 | bal_acc=0.2610 | min_recall=0.0392 | params=113
2026-09-07 13:36:45,614 INFO   crossover  | P-C-C-C-C-C-C-C-C-C    | fitness=0.6346 | val_acc=0.4399 | bal_acc=0.3585 | min_recall=0.1651 | params=141
2026-09-07 13:36:45,618 INFO   crossover  | P-C-C-C-C-C-C-P-C-C    | fitness=0.6888 | val_acc=0.4609 | bal_acc=0.3384 | min_recall=0.1818 | params=127
2026-09-07 13:36:45,622 INFO   crossover  | C-P-C-C-C-C            | fitness=0.8392 | val_acc=0.1904 | bal_acc=0.2220 | min_recall=0.0784 | params=66
2026-09-07 13:36:45,626 INFO   crossover  | C-P-C-C-C-C-C-P-C      | fitness=0.6548 | val_acc=0.4629 | bal_acc=0.3720 | min_recall=0.1429 | params=102
2026-09-07 13:36:45,630 INFO   mutate     | C-C-P-C-C-C-C-C-C      | fitness=0.6696 | val_acc=0.4248 | bal_acc=0.3455 | min_recall=0.2143 | params=123
2026-09-07 13:36:45,634 INFO   mutate     | P-C-C-C-C-C-P-C        | fitness=0.6816 | val_acc=0.4449 | bal_acc=0.3439 | min_recall=0.1429 | params=117
2026-09-07 13:36:45,638 INFO   mutate     | P-C-C                  | fitness=1.0373 | val_acc=0.0661 | bal_acc=0.1593 | min_recall=0.0000 | params=20
2026-09-07 13:36:45,638 INFO Best so far → val_acc=0.4399  bal_acc=0.3585  min_recall=0.1651  fitness=0.6346  params=141  id=-2370737…
2026-09-07 13:36:45,639 INFO Memory table saved.
2026-09-07 13:36:45,639 INFO 
=== Evo step 6/15 ===
2026-09-07 13:36:45,640 INFO Top-3: -2370737… fit=0.6346  |  30868993… fit=0.6438  |  60210736… fit=0.8641
2026-09-07 13:36:45,647 INFO Generated 9 valid novel children
2026-09-07 13:40:33,731 INFO   crossover  | P-C-C-C-C-C-C-C-C      | fitness=0.8934 | val_acc=0.4389 | bal_acc=0.2689 | min_recall=0.0392 | params=122
2026-09-07 13:40:33,732 INFO   crossover  | P-C-C-C-P-C-C-C-C-C    | fitness=0.7514 | val_acc=0.3647 | bal_acc=0.2972 | min_recall=0.0909 | params=102
2026-09-07 13:40:33,735 INFO   crossover  | C-C-C-P-C-C-C-C-C-C    | fitness=0.9205 | val_acc=0.3587 | bal_acc=0.2723 | min_recall=0.0000 | params=137
2026-09-07 13:40:33,736 INFO   crossover  | C-C-C-P-C-C-C          | fitness=0.8938 | val_acc=0.3948 | bal_acc=0.3183 | min_recall=0.0000 | params=112
2026-09-07 13:40:33,738 INFO   crossover  | C-C-P-C-C-C-C-C-C      | fitness=0.7405 | val_acc=0.3367 | bal_acc=0.3160 | min_recall=0.0734 | params=143
2026-09-07 13:40:33,740 INFO   crossover  | C-C-P-C-C-C-C-C-C-C    | fitness=0.9016 | val_acc=0.4429 | bal_acc=0.3158 | min_recall=0.0000 | params=123
2026-09-07 13:40:33,746 INFO   mutate     | P-C-C-C-C-P            | fitness=0.6826 | val_acc=0.3617 | bal_acc=0.3607 | min_recall=0.1429 | params=142
2026-09-07 13:40:33,748 INFO   mutate     | C-C-C-P-C-C-C-C-C      | fitness=0.7634 | val_acc=0.3768 | bal_acc=0.3153 | min_recall=0.0901 | params=131
2026-09-07 13:40:33,750 INFO   mutate     | C-C-P-C-C-C-C-C-C-C    | fitness=0.7559 | val_acc=0.4609 | bal_acc=0.3264 | min_recall=0.0714 | params=139
2026-09-07 13:40:33,750 INFO Best so far → val_acc=0.4399  bal_acc=0.3585  min_recall=0.1651  fitness=0.6346  params=141  id=-2370737…
2026-09-07 13:40:33,752 INFO Memory table saved.
2026-09-07 13:40:33,752 INFO 
=== Evo step 7/15 ===
2026-09-07 13:40:33,752 INFO Top-3: -2370737… fit=0.6346  |  30868993… fit=0.6438  |  72582961… fit=0.6548
2026-09-07 13:40:33,756 INFO Generated 9 valid novel children
2026-09-07 13:44:11,011 INFO   crossover  | P-C-C-C-C-C-C          | fitness=0.7032 | val_acc=0.3246 | bal_acc=0.2926 | min_recall=0.1250 | params=97
2026-09-07 13:44:11,015 INFO   crossover  | P-C-C-C-C-C-C-C-C-P    | fitness=0.6876 | val_acc=0.3537 | bal_acc=0.3628 | min_recall=0.2523 | params=145
2026-09-07 13:44:11,019 INFO   crossover  | C-C-C-P-C-C-C-C-C-C    | fitness=0.7169 | val_acc=0.2756 | bal_acc=0.2904 | min_recall=0.0937 | params=126
2026-09-07 13:44:11,027 INFO   crossover  | C-C-C-P-C-C-C-C-C-P    | fitness=0.7735 | val_acc=0.3788 | bal_acc=0.2705 | min_recall=0.1250 | params=126
2026-09-07 13:44:11,031 INFO   crossover  | C-C-C-C-C-C-C-C-C      | fitness=0.8923 | val_acc=0.4108 | bal_acc=0.2927 | min_recall=0.0000 | params=129
2026-09-07 13:44:11,035 INFO   crossover  | C-P-C-C-C-C-C-C-C-P    | fitness=0.6941 | val_acc=0.4279 | bal_acc=0.3394 | min_recall=0.1429 | params=110
2026-09-07 13:44:11,040 INFO   mutate     | P-C-C-C-C-C-C-C-C      | fitness=0.6633 | val_acc=0.4609 | bal_acc=0.3466 | min_recall=0.1250 | params=133
2026-09-07 13:44:11,043 INFO   mutate     | C-C-C-P-C-C-C-C-C-C    | fitness=0.6878 | val_acc=0.4519 | bal_acc=0.3285 | min_recall=0.1429 | params=123
2026-09-07 13:44:11,046 INFO   mutate     | C-P-C-C-C-C-C-P-C-P    | fitness=0.7771 | val_acc=0.4108 | bal_acc=0.3035 | min_recall=0.0625 | params=114
2026-09-07 13:44:11,046 INFO Best so far → val_acc=0.4399  bal_acc=0.3585  min_recall=0.1651  fitness=0.6346  params=141  id=-2370737…
2026-09-07 13:44:11,048 INFO Memory table saved.
2026-09-07 13:44:11,048 INFO 
=== Evo step 8/15 ===
2026-09-07 13:44:11,048 INFO Top-3: -2370737… fit=0.6346  |  30868993… fit=0.6438  |  72582961… fit=0.6548
2026-09-07 13:44:11,052 INFO Generated 9 valid novel children
2026-09-07 13:49:42,163 INFO   crossover  | P-C-C-C-C-C-C-C-C-C    | fitness=0.6861 | val_acc=0.4489 | bal_acc=0.3438 | min_recall=0.1250 | params=163
2026-09-07 13:49:42,171 INFO   crossover  | P-C-C-C-C-C-C-C-C-C    | fitness=0.6512 | val_acc=0.4669 | bal_acc=0.3774 | min_recall=0.1429 | params=151
2026-09-07 13:49:42,173 INFO   crossover  | C-C-C-C-C-C            | fitness=0.7726 | val_acc=0.2866 | bal_acc=0.2552 | min_recall=0.0909 | params=110
2026-09-07 13:49:42,175 INFO   crossover  | C-C-C-P-C-C-C-C-P-C    | fitness=0.6808 | val_acc=0.4549 | bal_acc=0.3948 | min_recall=0.0714 | params=199
2026-09-07 13:49:42,177 INFO   crossover  | C-C-C-C-C-P-C-P-C-C    | fitness=0.6535 | val_acc=0.4138 | bal_acc=0.3743 | min_recall=0.2661 | params=195
2026-09-07 13:49:42,179 INFO   crossover  | C-C-C-C-C-P-C-P-C-C    | fitness=0.6863 | val_acc=0.4760 | bal_acc=0.3449 | min_recall=0.0937 | params=202
2026-09-07 13:49:42,181 INFO   mutate     | P-C-C-C-C-C-C-C-C-P    | fitness=0.6853 | val_acc=0.4589 | bal_acc=0.3270 | min_recall=0.1250 | params=145
2026-09-07 13:49:42,183 INFO   mutate     | C-C-C-P-C-C-C-C-C      | fitness=0.7161 | val_acc=0.3968 | bal_acc=0.3006 | min_recall=0.0937 | params=126
2026-09-07 13:49:42,194 INFO   mutate     | C-C-C-C-C-P-C-P-C-C    | fitness=0.7099 | val_acc=0.4639 | bal_acc=0.3469 | min_recall=0.1818 | params=211
2026-09-07 13:49:42,194 INFO Best so far → val_acc=0.4399  bal_acc=0.3585  min_recall=0.1651  fitness=0.6346  params=141  id=-2370737…
2026-09-07 13:49:42,196 INFO Memory table saved.
2026-09-07 13:49:42,196 INFO 
=== Evo step 9/15 ===
2026-09-07 13:49:42,196 INFO Top-3: -2370737… fit=0.6346  |  30868993… fit=0.6438  |  26257033… fit=0.6512
2026-09-07 13:49:42,202 INFO Generated 9 valid novel children
2026-09-07 13:53:44,161 INFO   crossover  | P-C-C                  | fitness=0.8707 | val_acc=0.1743 | bal_acc=0.2011 | min_recall=0.0550 | params=54
2026-09-07 13:53:44,166 INFO   crossover  | P-C-C-C-C-C-C-C-C-C    | fitness=0.7569 | val_acc=0.4309 | bal_acc=0.3206 | min_recall=0.0625 | params=133
2026-09-07 13:53:44,170 INFO   crossover  | C-C-C-P-C-C-C-C-C-C    | fitness=0.6678 | val_acc=0.4629 | bal_acc=0.3403 | min_recall=0.1818 | params=130
2026-09-07 13:53:44,172 INFO   crossover  | C-C-C-P-C-C-C-C-C-C    | fitness=0.7702 | val_acc=0.1703 | bal_acc=0.2524 | min_recall=0.0826 | params=130
2026-09-07 13:53:44,174 INFO   crossover  | P-C-C-C-C-C-C-C        | fitness=0.7156 | val_acc=0.4128 | bal_acc=0.3148 | min_recall=0.0909 | params=105
2026-09-07 13:53:44,180 INFO   crossover  | P-C-C-C-C-C-C-C-C-C    | fitness=0.6384 | val_acc=0.4840 | bal_acc=0.3781 | min_recall=0.2187 | params=145
2026-09-07 13:53:44,183 INFO   mutate     | P-C-P-C                | fitness=0.8817 | val_acc=0.2936 | bal_acc=0.2456 | min_recall=0.0275 | params=36
2026-09-07 13:53:44,185 INFO   mutate     | C-C-C-P-C-C-C-C-C      | fitness=0.8904 | val_acc=0.1112 | bal_acc=0.2347 | min_recall=0.0403 | params=111
2026-09-07 13:53:44,189 INFO   mutate     | P-C-C-C-C-C-C-C-C      | fitness=0.7600 | val_acc=0.1533 | bal_acc=0.2965 | min_recall=0.0627 | params=121
2026-09-07 13:53:44,189 INFO Best so far → val_acc=0.4399  bal_acc=0.3585  min_recall=0.1651  fitness=0.6346  params=141  id=-2370737…
2026-09-07 13:53:44,191 INFO Memory table saved.
2026-09-07 13:53:44,191 INFO 
=== Evo step 10/15 ===
2026-09-07 13:53:44,191 INFO Top-3: -2370737… fit=0.6346  |  55229651… fit=0.6384  |  77425932… fit=0.6807
2026-09-07 13:53:44,196 INFO Generated 9 valid novel children
2026-09-07 13:57:32,978 INFO   crossover  | P-C-C-C-C-C-C-C-C-C    | fitness=0.7554 | val_acc=0.4198 | bal_acc=0.3289 | min_recall=0.0714 | params=129
2026-09-07 13:57:32,982 INFO   crossover  | P-C-C-C-C-C-C          | fitness=0.9673 | val_acc=0.1894 | bal_acc=0.2399 | min_recall=0.0196 | params=89
2026-09-07 13:57:32,986 INFO   crossover  | P-C-C-C-C-C-C-C-C-C    | fitness=0.8914 | val_acc=0.4409 | bal_acc=0.3100 | min_recall=0.0000 | params=134
2026-09-07 13:57:32,990 INFO   crossover  | P-C-C-C                | fitness=1.0398 | val_acc=0.0561 | bal_acc=0.1783 | min_recall=0.0000 | params=46
2026-09-07 13:57:33,002 INFO   crossover  | C-P-C-C-C-C-C-C-C-C    | fitness=0.6969 | val_acc=0.4559 | bal_acc=0.3355 | min_recall=0.0937 | params=151
2026-09-07 13:57:33,006 INFO   crossover  | C-C-P-C-C-C-C-C-C-C    | fitness=0.7064 | val_acc=0.3397 | bal_acc=0.3092 | min_recall=0.1818 | params=131
2026-09-07 13:57:33,011 INFO   mutate     | P-C-C-C-C-C-C-P-C      | fitness=0.7215 | val_acc=0.2224 | bal_acc=0.2860 | min_recall=0.1376 | params=112
2026-09-07 13:57:33,014 INFO   mutate     | P-C-C-C-C-C-C-C-C-C    | fitness=0.6534 | val_acc=0.4719 | bal_acc=0.3742 | min_recall=0.0937 | params=136
2026-09-07 13:57:33,018 INFO   mutate     | C-C-P-C-C-C-C-C-C-C    | fitness=0.6107 | val_acc=0.4920 | bal_acc=0.4065 | min_recall=0.1927 | params=120
2026-09-07 13:57:33,019 INFO Best so far → val_acc=0.4920  bal_acc=0.4065  min_recall=0.1927  fitness=0.6107  params=120  id=-5048407…
2026-09-07 13:57:33,021 INFO Memory table saved.
2026-09-07 13:57:33,021 INFO 
=== Evo step 11/15 ===
2026-09-07 13:57:33,021 INFO Top-3: -5048407… fit=0.6107  |  -2370737… fit=0.6346  |  55229651… fit=0.6384
2026-09-07 13:57:33,025 INFO Generated 9 valid novel children
2026-09-07 14:01:20,751 INFO   crossover  | C-C-P-C-C-C-C-C-C-C    | fitness=0.7492 | val_acc=0.2956 | bal_acc=0.2993 | min_recall=0.0937 | params=130
2026-09-07 14:01:20,757 INFO   crossover  | C-C-C-C-C-C-C          | fitness=0.6776 | val_acc=0.2876 | bal_acc=0.3272 | min_recall=0.1101 | params=126
2026-09-07 14:01:20,759 INFO   crossover  | P-C-C-C-C              | fitness=1.0167 | val_acc=0.0421 | bal_acc=0.1979 | min_recall=0.0000 | params=65
2026-09-07 14:01:20,761 INFO   crossover  | P-C-C-C-C-C            | fitness=0.9374 | val_acc=0.1333 | bal_acc=0.2170 | min_recall=0.0000 | params=83
2026-09-07 14:01:20,763 INFO   crossover  | P-C-C-C-C-C-C-C-C      | fitness=0.7031 | val_acc=0.3988 | bal_acc=0.3166 | min_recall=0.1468 | params=107
2026-09-07 14:01:20,765 INFO   crossover  | P-C-C-C-C-C-C-C-C-C    | fitness=0.7735 | val_acc=0.1633 | bal_acc=0.2854 | min_recall=0.0746 | params=140
2026-09-07 14:01:20,767 INFO   mutate     | C-C-P-C-C-C-C-C-C      | fitness=0.6980 | val_acc=0.4379 | bal_acc=0.3597 | min_recall=0.0909 | params=102
2026-09-07 14:01:20,769 INFO   mutate     | P-C-C-C-C-C-C-C-C      | fitness=0.9010 | val_acc=0.4649 | bal_acc=0.3245 | min_recall=0.0000 | params=123
2026-09-07 14:01:20,775 INFO   mutate     | P-C-C-C-C-C-C-C-C      | fitness=0.7988 | val_acc=0.1904 | bal_acc=0.2441 | min_recall=0.0734 | params=115
2026-09-07 14:01:20,775 INFO Best so far → val_acc=0.4920  bal_acc=0.4065  min_recall=0.1927  fitness=0.6107  params=120  id=-5048407…
2026-09-07 14:01:20,777 INFO Memory table saved.
2026-09-07 14:01:20,777 INFO 
=== Evo step 12/15 ===
2026-09-07 14:01:20,777 INFO Top-3: -5048407… fit=0.6107  |  -2370737… fit=0.6346  |  55229651… fit=0.6384
2026-09-07 14:01:20,781 INFO Generated 9 valid novel children
2026-09-07 14:06:10,736 INFO   crossover  | C-C-C-C-C-C-C-C-C      | fitness=0.8659 | val_acc=0.4529 | bal_acc=0.3258 | min_recall=0.0000 | params=134
2026-09-07 14:06:10,740 INFO   crossover  | C-C-P-C-C-C-C-C-C-C    | fitness=0.8109 | val_acc=0.3106 | bal_acc=0.2740 | min_recall=0.0625 | params=119
2026-09-07 14:06:10,744 INFO   crossover  | P-C-C-C-C-C-C-C-C      | fitness=0.7044 | val_acc=0.2395 | bal_acc=0.3083 | min_recall=0.1806 | params=123
2026-09-07 14:06:10,748 INFO   crossover  | P-C-C-C-C-C-C-C-C-C    | fitness=0.6842 | val_acc=0.4840 | bal_acc=0.3373 | min_recall=0.1250 | params=145
2026-09-07 14:06:10,752 INFO   crossover  | P-C-C-C-P-C-C-C-C-C    | fitness=0.8638 | val_acc=0.3898 | bal_acc=0.3349 | min_recall=0.0000 | params=87
2026-09-07 14:06:10,761 INFO   crossover  | P-C-C-C-C-C-C-C-C-C    | fitness=0.9062 | val_acc=0.4309 | bal_acc=0.3156 | min_recall=0.0000 | params=133
2026-09-07 14:06:10,765 INFO   mutate     | C-C-P-C-C-C-C-C-C-C    | fitness=0.7261 | val_acc=0.2154 | bal_acc=0.2733 | min_recall=0.1193 | params=120
2026-09-07 14:06:10,769 INFO   mutate     | P-C-C-C-C-C-C-C-C-C    | fitness=0.7159 | val_acc=0.4208 | bal_acc=0.3400 | min_recall=0.0826 | params=157
2026-09-07 14:06:10,773 INFO   mutate     | P-C-C-C-C-C-C-C-C-C    | fitness=0.6728 | val_acc=0.3778 | bal_acc=0.3385 | min_recall=0.1562 | params=127
2026-09-07 14:06:10,773 INFO Best so far → val_acc=0.4920  bal_acc=0.4065  min_recall=0.1927  fitness=0.6107  params=120  id=-5048407…
2026-09-07 14:06:10,776 INFO Memory table saved.
2026-09-07 14:06:10,776 INFO 
=== Evo step 13/15 ===
2026-09-07 14:06:10,776 INFO Top-3: -5048407… fit=0.6107  |  -2370737… fit=0.6346  |  -2504603… fit=0.7634
2026-09-07 14:06:10,781 INFO Generated 9 valid novel children
2026-09-07 14:10:37,397 INFO   crossover  | C-C-C-C-C-C-C-C        | fitness=0.7245 | val_acc=0.4800 | bal_acc=0.3255 | min_recall=0.0714 | params=124
2026-09-07 14:10:37,401 INFO   crossover  | C-C-P-C-C-C-C-C-C-C    | fitness=0.6753 | val_acc=0.4098 | bal_acc=0.3314 | min_recall=0.1250 | params=128
2026-09-07 14:10:37,405 INFO   crossover  | P-C-C-C-C-C-C-C-C      | fitness=0.7180 | val_acc=0.2635 | bal_acc=0.2918 | min_recall=0.0937 | params=123
2026-09-07 14:10:37,414 INFO   crossover  | P-C-C-C-C-C-C-C        | fitness=0.7200 | val_acc=0.3377 | bal_acc=0.2917 | min_recall=0.1250 | params=111
2026-09-07 14:10:37,418 INFO   crossover  | P-C-C-C-C-C-C-C-C-C    | fitness=0.6586 | val_acc=0.4479 | bal_acc=0.3537 | min_recall=0.1009 | params=123
2026-09-07 14:10:37,422 INFO   crossover  | P-C-C-P-C-C-C-C-C-C    | fitness=0.7100 | val_acc=0.3808 | bal_acc=0.3063 | min_recall=0.1562 | params=110
2026-09-07 14:10:37,426 INFO   mutate     | C-C-P-C-C-C-C-C-C-C    | fitness=0.7690 | val_acc=0.4760 | bal_acc=0.3143 | min_recall=0.0625 | params=152
2026-09-07 14:10:37,431 INFO   mutate     | P-C-C-C-C-C-C-C-C      | fitness=0.6642 | val_acc=0.3918 | bal_acc=0.3721 | min_recall=0.1818 | params=137
2026-09-07 14:10:37,437 INFO   mutate     | P-C-C-C-C-C-C-C-C-C    | fitness=0.6827 | val_acc=0.4579 | bal_acc=0.3203 | min_recall=0.1250 | params=145
2026-09-07 14:10:37,438 INFO Best so far → val_acc=0.4920  bal_acc=0.4065  min_recall=0.1927  fitness=0.6107  params=120  id=-5048407…
2026-09-07 14:10:37,441 INFO Memory table saved.
2026-09-07 14:10:37,441 INFO 
=== Evo step 14/15 ===
2026-09-07 14:10:37,441 INFO Top-3: -5048407… fit=0.6107  |  -2370737… fit=0.6346  |  86619389… fit=0.7261
2026-09-07 14:10:37,449 INFO Generated 9 valid novel children
2026-09-07 14:15:03,467 INFO   crossover  | C-C-P-C-C-C            | fitness=0.6834 | val_acc=0.3236 | bal_acc=0.3611 | min_recall=0.2072 | params=80
2026-09-07 14:15:03,471 INFO   crossover  | C-C-P-C-C-C-C-C        | fitness=0.6984 | val_acc=0.4800 | bal_acc=0.3295 | min_recall=0.1429 | params=120
2026-09-07 14:15:03,475 INFO   crossover  | P-C-C-C                | fitness=1.0138 | val_acc=0.0451 | bal_acc=0.1900 | min_recall=0.0000 | params=47
2026-09-07 14:15:03,479 INFO   crossover  | P-C-C-C-C-C-C          | fitness=0.7249 | val_acc=0.4669 | bal_acc=0.3123 | min_recall=0.1429 | params=116
2026-09-07 14:15:03,483 INFO   crossover  | P-C-C-C-C-C-C-C-C-C    | fitness=0.6858 | val_acc=0.4228 | bal_acc=0.3436 | min_recall=0.2143 | params=113
2026-09-07 14:15:03,487 INFO   crossover  | P-C-C-C-C-C-C-P-C-C    | fitness=0.7569 | val_acc=0.4008 | bal_acc=0.3271 | min_recall=0.0625 | params=124
2026-09-07 14:15:03,491 INFO   mutate     | C-P-C-C-C-C-C-C-C      | fitness=1.0085 | val_acc=0.2745 | bal_acc=0.2467 | min_recall=0.0000 | params=102
2026-09-07 14:15:03,495 INFO   mutate     | C-C-C-C-C-C-C-C-C      | fitness=0.6753 | val_acc=0.4309 | bal_acc=0.3539 | min_recall=0.0909 | params=137
2026-09-07 14:15:03,506 INFO   mutate     | C-C-C-C-C-C-C-C-C      | fitness=0.6641 | val_acc=0.3858 | bal_acc=0.3466 | min_recall=0.1818 | params=143
2026-09-07 14:15:03,506 INFO Best so far → val_acc=0.4920  bal_acc=0.4065  min_recall=0.1927  fitness=0.6107  params=120  id=-5048407…
2026-09-07 14:15:03,510 INFO Memory table saved.
2026-09-07 14:15:03,510 INFO 
=== Evo step 15/15 ===
2026-09-07 14:15:03,510 INFO Top-3: -5048407… fit=0.6107  |  -2370737… fit=0.6346  |  55229651… fit=0.6384
2026-09-07 14:15:03,515 INFO Generated 9 valid novel children
2026-09-07 14:19:04,168 INFO   crossover  | C-C-P-C-C-C-C-C-C-C    | fitness=0.7111 | val_acc=0.4359 | bal_acc=0.3484 | min_recall=0.0714 | params=130
2026-09-07 14:19:04,171 INFO   crossover  | C-C-P-C-C-C-C-C-C-C    | fitness=0.5799 | val_acc=0.4860 | bal_acc=0.4254 | min_recall=0.2661 | params=128
2026-09-07 14:19:04,172 INFO   crossover  | P-C-C-C-C-C-C-C-C-C    | fitness=0.7034 | val_acc=0.4770 | bal_acc=0.3304 | min_recall=0.1429 | params=137
2026-09-07 14:19:04,174 INFO   crossover  | P-C-C-C-C-C-C-C        | fitness=0.6568 | val_acc=0.4339 | bal_acc=0.3421 | min_recall=0.1429 | params=112
2026-09-07 14:19:04,176 INFO   crossover  | P-C-C-C-C-C-C-C-C      | fitness=0.6663 | val_acc=0.4048 | bal_acc=0.3295 | min_recall=0.1429 | params=108
2026-09-07 14:19:04,178 INFO   crossover  | P-C-C-C-C-C-C-C-C      | fitness=0.7595 | val_acc=0.2495 | bal_acc=0.3078 | min_recall=0.0937 | params=111
2026-09-07 14:19:04,184 INFO   mutate     | C-C-P-C-C-C-C-C-C-C    | fitness=0.7970 | val_acc=0.1523 | bal_acc=0.2884 | min_recall=0.0567 | params=120
2026-09-07 14:19:04,186 INFO   mutate     | P-C-C-C-C-C-C-C-C-C    | fitness=0.6400 | val_acc=0.4800 | bal_acc=0.3513 | min_recall=0.1429 | params=132
2026-09-07 14:19:04,190 INFO   mutate     | P-C-C-C-C-C-C-C-C-C    | fitness=0.6320 | val_acc=0.4259 | bal_acc=0.3768 | min_recall=0.2143 | params=136
2026-09-07 14:19:04,190 INFO Best so far → val_acc=0.4860  bal_acc=0.4254  min_recall=0.2661  fitness=0.5799  params=128  id=-3957098…
2026-09-07 14:19:04,194 INFO Memory table saved.
2026-09-07 14:19:04,194 INFO 
=== SEARCH COMPLETE ===
2026-09-07 14:19:04,194 INFO Best val_acc  : 0.4860
2026-09-07 14:19:04,194 INFO Best bal_acc  : 0.4254  (mean per-class recall)
2026-09-07 14:19:04,194 INFO Min recall    : 0.2661  (worst class)
2026-09-07 14:19:04,194 INFO Best fitness  : 0.5799
2026-09-07 14:19:04,194 INFO Params        : 128
2026-09-07 14:19:04,194 INFO Layers        : 10  (9 conv + 1 pool)
2026-09-07 14:19:04,194 INFO Circuit structure:
2026-09-07 14:19:04,194 INFO   Structure: C-C-P-C-C-C-C-C-C-C  (10 layers = 9 conv + 1 pool)
2026-09-07 14:19:04,195 INFO   Layer 0 CONV  gate=U_gate     stride=2 step=5 offset=0 boundary=open
2026-09-07 14:19:04,195 INFO   Layer 1 CONV  gate=U_13       stride=1 step=5 offset=0 boundary=open
2026-09-07 14:19:04,195 INFO   Layer 2 POOL  gate=pool_U       pattern=*1*
2026-09-07 14:19:04,195 INFO   Layer 3 CONV  gate=U_SO4      stride=3 step=3 offset=0 boundary=periodic
2026-09-07 14:19:04,195 INFO   Layer 4 CONV  gate=U_14       stride=5 step=1 offset=0 boundary=open
2026-09-07 14:19:04,195 INFO   Layer 5 CONV  gate=U_5        stride=4 step=5 offset=0 boundary=open
2026-09-07 14:19:04,195 INFO   Layer 6 CONV  gate=U_9        stride=3 step=2 offset=1 boundary=open
2026-09-07 14:19:04,195 INFO   Layer 7 CONV  gate=U_9        stride=3 step=2 offset=1 boundary=open
2026-09-07 14:19:04,195 INFO   Layer 8 CONV  gate=U_TTN      stride=6 step=1 offset=0 boundary=periodic
2026-09-07 14:19:04,195 INFO   Layer 9 CONV  gate=U_6        stride=5 step=3 offset=0 boundary=periodic
2026-09-07 14:19:04,195 INFO   Qubits surviving: 7 → [0, 1, 2, 3, 5, 6, 7]  | readout wires = [0, 1, 2]
2026-09-07 14:19:04,195 INFO 
============================================================
2026-09-07 14:19:04,196 INFO FINAL TRAINING — DermaMNIST 7-class QCNN
2026-09-07 14:19:04,196 INFO ============================================================
2026-09-07 14:19:04,196 INFO   Structure: C-C-P-C-C-C-C-C-C-C  (10 layers = 9 conv + 1 pool)
2026-09-07 14:19:04,196 INFO   Layer 0 CONV  gate=U_gate     stride=2 step=5 offset=0 boundary=open
2026-09-07 14:19:04,196 INFO   Layer 1 CONV  gate=U_13       stride=1 step=5 offset=0 boundary=open
2026-09-07 14:19:04,196 INFO   Layer 2 POOL  gate=pool_U       pattern=*1*
2026-09-07 14:19:04,196 INFO   Layer 3 CONV  gate=U_SO4      stride=3 step=3 offset=0 boundary=periodic
2026-09-07 14:19:04,196 INFO   Layer 4 CONV  gate=U_14       stride=5 step=1 offset=0 boundary=open
2026-09-07 14:19:04,196 INFO   Layer 5 CONV  gate=U_5        stride=4 step=5 offset=0 boundary=open
2026-09-07 14:19:04,196 INFO   Layer 6 CONV  gate=U_9        stride=3 step=2 offset=1 boundary=open
2026-09-07 14:19:04,196 INFO   Layer 7 CONV  gate=U_9        stride=3 step=2 offset=1 boundary=open
2026-09-07 14:19:04,196 INFO   Layer 8 CONV  gate=U_TTN      stride=6 step=1 offset=0 boundary=periodic
2026-09-07 14:19:04,196 INFO   Layer 9 CONV  gate=U_6        stride=5 step=3 offset=0 boundary=periodic
2026-09-07 14:19:04,196 INFO   Qubits surviving: 7 → [0, 1, 2, 3, 5, 6, 7]  | readout wires = [0, 1, 2]
2026-09-07 14:19:04,197 INFO Circuit: 10 layers (9 conv + 1 pool), 128 trainable parameters.
2026-09-07 14:20:54,665 INFO Epoch    1/100 | loss=1.8216 | val_acc=0.4238 | bal_acc=0.3125 | min_recall=0.031 | lr=0.005000
2026-09-07 14:50:30,062 INFO Epoch   20/100 | loss=1.7335 | val_acc=0.4599 | bal_acc=0.3016 | min_recall=0.000 | lr=0.005000
2026-09-07 15:18:05,284 INFO Epoch   40/100 | loss=1.7319 | val_acc=0.3868 | bal_acc=0.3141 | min_recall=0.000 | lr=0.005000
2026-09-07 15:40:59,377 INFO Epoch   60/100 | loss=1.7289 | val_acc=0.4339 | bal_acc=0.3193 | min_recall=0.000 | lr=0.002500
2026-09-07 16:08:34,295 INFO Epoch   80/100 | loss=1.7289 | val_acc=0.4359 | bal_acc=0.3050 | min_recall=0.000 | lr=0.002500
2026-09-07 16:51:47,129 INFO Epoch  100/100 | loss=1.7288 | val_acc=0.4198 | bal_acc=0.3076 | min_recall=0.071 | lr=0.001250
2026-09-07 16:51:47,129 INFO Training log saved → experiments/pca16/sweep/large_pop_001/training_log.csv
2026-09-07 16:51:47,129 INFO Best val fitness: 0.6083
2026-09-07 16:51:47,129 INFO 
--- Test evaluation (best-val checkpoint) ---
2026-09-07 16:51:47,937 INFO Test accuracy    : 0.3910
Test bal. acc    : 0.2846  (mean per-class recall)
Per-class recall : ['0.2400', '0.4359', '0.2651', '0.0556', '0.3869', '0.4270', '0.1818']
Min recall       : 0.0556
Test ROC-AUC OvR : 0.7201
2026-09-07 16:51:47,942 INFO 
              precision    recall  f1-score   support

       akiec       0.19      0.24      0.21        50
         bcc       0.16      0.44      0.23        78
         bkl       0.29      0.27      0.28       166
          df       0.01      0.06      0.02        18
         mel       0.25      0.39      0.31       168
          nv       0.90      0.43      0.58      1007
        vasc       0.02      0.18      0.03        22

    accuracy                           0.39      1509
   macro avg       0.26      0.28      0.24      1509
weighted avg       0.67      0.39      0.47      1509

2026-09-07 16:51:48,501 INFO Plots saved.
2026-09-07 16:51:49,925 INFO Failed to extract font properties from /usr/share/fonts/truetype/noto/NotoColorEmoji.ttf: Can not load face (unknown file format; error code 0x2)
2026-09-07 16:51:51,454 INFO Circuit diagram saved.
2026-09-07 16:51:51,458 INFO 
Run 'large_pop' complete → {'accuracy': 0.390987408880053, 'bal_acc': 0.28460672848777324, 'per_class_recalls': [0.239999999952, 0.43589743584155166, 0.26506024094788794, 0.05555555552469135, 0.38690476188173184, 0.4270109235310128, 0.18181818173553718], 'roc_auc_ovr': 0.7200751926689222}
2026-09-07 16:51:51,458 INFO 
>>> PCA-16 sweep run 5/11: short_circuits
